[2026-08-12T04:32:01.103+0000] {processor.py:186} INFO - Started process (PID=93) to work on /home/airflow/.local/lib/python3.12/site-packages/airflow/example_dags/example_sensors.py
[2026-08-12T04:32:01.104+0000] {processor.py:914} INFO - Processing file /home/airflow/.local/lib/python3.12/site-packages/airflow/example_dags/example_sensors.py for tasks to queue
[2026-08-12T04:32:01.107+0000] {logging_mixin.py:190} INFO - [2026-08-12T04:32:01.107+0000] {dagbag.py:587} INFO - Filling up the DagBag from /home/airflow/.local/lib/python3.12/site-packages/airflow/example_dags/example_sensors.py
[2026-08-12T04:32:01.120+0000] {processor.py:925} INFO - DAG(s) 'example_sensors' retrieved from /home/airflow/.local/lib/python3.12/site-packages/airflow/example_dags/example_sensors.py
[2026-08-12T04:32:01.247+0000] {logging_mixin.py:190} INFO - [2026-08-12T04:32:01.246+0000] {override.py:1858} INFO - Created Permission View: can read on DAG:example_sensors
[2026-08-12T04:32:01.262+0000] {logging_mixin.py:190} INFO - [2026-08-12T04:32:01.261+0000] {override.py:1858} INFO - Created Permission View: can delete on DAG:example_sensors
[2026-08-12T04:32:01.272+0000] {logging_mixin.py:190} INFO - [2026-08-12T04:32:01.271+0000] {override.py:1858} INFO - Created Permission View: can edit on DAG:example_sensors
[2026-08-12T04:32:01.274+0000] {logging_mixin.py:190} INFO - [2026-08-12T04:32:01.273+0000] {dag.py:3211} INFO - Sync 1 DAGs
[2026-08-12T04:32:01.290+0000] {logging_mixin.py:190} INFO - [2026-08-12T04:32:01.290+0000] {dag.py:3234} INFO - Creating ORM DAG for example_sensors
[2026-08-12T04:32:01.292+0000] {logging_mixin.py:190} INFO - [2026-08-12T04:32:01.292+0000] {dag.py:4138} INFO - Setting next_dagrun for example_sensors to None, run_after=None
[2026-08-12T04:32:01.312+0000] {processor.py:208} INFO - Processing /home/airflow/.local/lib/python3.12/site-packages/airflow/example_dags/example_sensors.py took 0.216 seconds
[2026-08-12T04:32:31.867+0000] {processor.py:186} INFO - Started process (PID=155) to work on /home/airflow/.local/lib/python3.12/site-packages/airflow/example_dags/example_sensors.py
[2026-08-12T04:32:31.868+0000] {processor.py:914} INFO - Processing file /home/airflow/.local/lib/python3.12/site-packages/airflow/example_dags/example_sensors.py for tasks to queue
[2026-08-12T04:32:31.871+0000] {logging_mixin.py:190} INFO - [2026-08-12T04:32:31.870+0000] {dagbag.py:587} INFO - Filling up the DagBag from /home/airflow/.local/lib/python3.12/site-packages/airflow/example_dags/example_sensors.py
[2026-08-12T04:32:31.881+0000] {processor.py:925} INFO - DAG(s) 'example_sensors' retrieved from /home/airflow/.local/lib/python3.12/site-packages/airflow/example_dags/example_sensors.py
[2026-08-12T04:32:31.904+0000] {logging_mixin.py:190} INFO - [2026-08-12T04:32:31.904+0000] {dag.py:3211} INFO - Sync 1 DAGs
[2026-08-12T04:32:31.917+0000] {logging_mixin.py:190} INFO - [2026-08-12T04:32:31.917+0000] {dag.py:4138} INFO - Setting next_dagrun for example_sensors to None, run_after=None
[2026-08-12T04:32:31.936+0000] {processor.py:208} INFO - Processing /home/airflow/.local/lib/python3.12/site-packages/airflow/example_dags/example_sensors.py took 0.076 seconds
[2026-08-12T04:33:02.945+0000] {processor.py:186} INFO - Started process (PID=217) to work on /home/airflow/.local/lib/python3.12/site-packages/airflow/example_dags/example_sensors.py
[2026-08-12T04:33:02.946+0000] {processor.py:914} INFO - Processing file /home/airflow/.local/lib/python3.12/site-packages/airflow/example_dags/example_sensors.py for tasks to queue
[2026-08-12T04:33:02.950+0000] {logging_mixin.py:190} INFO - [2026-08-12T04:33:02.950+0000] {dagbag.py:587} INFO - Filling up the DagBag from /home/airflow/.local/lib/python3.12/site-packages/airflow/example_dags/example_sensors.py
[2026-08-12T04:33:02.968+0000] {processor.py:925} INFO - DAG(s) 'example_sensors' retrieved from /home/airflow/.local/lib/python3.12/site-packages/airflow/example_dags/example_sensors.py
[2026-08-12T04:33:03.007+0000] {logging_mixin.py:190} INFO - [2026-08-12T04:33:03.006+0000] {dag.py:3211} INFO - Sync 1 DAGs
[2026-08-12T04:33:03.030+0000] {logging_mixin.py:190} INFO - [2026-08-12T04:33:03.030+0000] {dag.py:4138} INFO - Setting next_dagrun for example_sensors to None, run_after=None
[2026-08-12T04:33:03.059+0000] {processor.py:208} INFO - Processing /home/airflow/.local/lib/python3.12/site-packages/airflow/example_dags/example_sensors.py took 0.123 seconds
[2026-08-12T04:33:34.271+0000] {processor.py:186} INFO - Started process (PID=279) to work on /home/airflow/.local/lib/python3.12/site-packages/airflow/example_dags/example_sensors.py
[2026-08-12T04:33:34.273+0000] {processor.py:914} INFO - Processing file /home/airflow/.local/lib/python3.12/site-packages/airflow/example_dags/example_sensors.py for tasks to queue
[2026-08-12T04:33:34.276+0000] {logging_mixin.py:190} INFO - [2026-08-12T04:33:34.276+0000] {dagbag.py:587} INFO - Filling up the DagBag from /home/airflow/.local/lib/python3.12/site-packages/airflow/example_dags/example_sensors.py
[2026-08-12T04:33:34.291+0000] {processor.py:925} INFO - DAG(s) 'example_sensors' retrieved from /home/airflow/.local/lib/python3.12/site-packages/airflow/example_dags/example_sensors.py
[2026-08-12T04:33:34.329+0000] {logging_mixin.py:190} INFO - [2026-08-12T04:33:34.329+0000] {dag.py:3211} INFO - Sync 1 DAGs
[2026-08-12T04:33:34.349+0000] {logging_mixin.py:190} INFO - [2026-08-12T04:33:34.349+0000] {dag.py:4138} INFO - Setting next_dagrun for example_sensors to None, run_after=None
[2026-08-12T04:33:34.374+0000] {processor.py:208} INFO - Processing /home/airflow/.local/lib/python3.12/site-packages/airflow/example_dags/example_sensors.py took 0.111 seconds
[2026-08-12T04:34:04.820+0000] {processor.py:186} INFO - Started process (PID=341) to work on /home/airflow/.local/lib/python3.12/site-packages/airflow/example_dags/example_sensors.py
[2026-08-12T04:34:04.821+0000] {processor.py:914} INFO - Processing file /home/airflow/.local/lib/python3.12/site-packages/airflow/example_dags/example_sensors.py for tasks to queue
[2026-08-12T04:34:04.823+0000] {logging_mixin.py:190} INFO - [2026-08-12T04:34:04.823+0000] {dagbag.py:587} INFO - Filling up the DagBag from /home/airflow/.local/lib/python3.12/site-packages/airflow/example_dags/example_sensors.py
[2026-08-12T04:34:04.834+0000] {processor.py:925} INFO - DAG(s) 'example_sensors' retrieved from /home/airflow/.local/lib/python3.12/site-packages/airflow/example_dags/example_sensors.py
[2026-08-12T04:34:04.857+0000] {logging_mixin.py:190} INFO - [2026-08-12T04:34:04.857+0000] {dag.py:3211} INFO - Sync 1 DAGs
[2026-08-12T04:34:04.870+0000] {logging_mixin.py:190} INFO - [2026-08-12T04:34:04.869+0000] {dag.py:4138} INFO - Setting next_dagrun for example_sensors to None, run_after=None
[2026-08-12T04:34:04.893+0000] {processor.py:208} INFO - Processing /home/airflow/.local/lib/python3.12/site-packages/airflow/example_dags/example_sensors.py took 0.079 seconds
[2026-08-12T04:34:35.398+0000] {processor.py:186} INFO - Started process (PID=403) to work on /home/airflow/.local/lib/python3.12/site-packages/airflow/example_dags/example_sensors.py
[2026-08-12T04:34:35.400+0000] {processor.py:914} INFO - Processing file /home/airflow/.local/lib/python3.12/site-packages/airflow/example_dags/example_sensors.py for tasks to queue
[2026-08-12T04:34:35.403+0000] {logging_mixin.py:190} INFO - [2026-08-12T04:34:35.403+0000] {dagbag.py:587} INFO - Filling up the DagBag from /home/airflow/.local/lib/python3.12/site-packages/airflow/example_dags/example_sensors.py
[2026-08-12T04:34:35.416+0000] {processor.py:925} INFO - DAG(s) 'example_sensors' retrieved from /home/airflow/.local/lib/python3.12/site-packages/airflow/example_dags/example_sensors.py
[2026-08-12T04:34:35.446+0000] {logging_mixin.py:190} INFO - [2026-08-12T04:34:35.445+0000] {dag.py:3211} INFO - Sync 1 DAGs
[2026-08-12T04:34:35.461+0000] {logging_mixin.py:190} INFO - [2026-08-12T04:34:35.461+0000] {dag.py:4138} INFO - Setting next_dagrun for example_sensors to None, run_after=None
[2026-08-12T04:34:35.483+0000] {processor.py:208} INFO - Processing /home/airflow/.local/lib/python3.12/site-packages/airflow/example_dags/example_sensors.py took 0.091 seconds
[2026-08-12T04:35:05.883+0000] {processor.py:186} INFO - Started process (PID=465) to work on /home/airflow/.local/lib/python3.12/site-packages/airflow/example_dags/example_sensors.py
[2026-08-12T04:35:05.884+0000] {processor.py:914} INFO - Processing file /home/airflow/.local/lib/python3.12/site-packages/airflow/example_dags/example_sensors.py for tasks to queue
[2026-08-12T04:35:05.887+0000] {logging_mixin.py:190} INFO - [2026-08-12T04:35:05.887+0000] {dagbag.py:587} INFO - Filling up the DagBag from /home/airflow/.local/lib/python3.12/site-packages/airflow/example_dags/example_sensors.py
[2026-08-12T04:35:05.897+0000] {processor.py:925} INFO - DAG(s) 'example_sensors' retrieved from /home/airflow/.local/lib/python3.12/site-packages/airflow/example_dags/example_sensors.py
[2026-08-12T04:35:05.919+0000] {logging_mixin.py:190} INFO - [2026-08-12T04:35:05.919+0000] {dag.py:3211} INFO - Sync 1 DAGs
[2026-08-12T04:35:05.932+0000] {logging_mixin.py:190} INFO - [2026-08-12T04:35:05.932+0000] {dag.py:4138} INFO - Setting next_dagrun for example_sensors to None, run_after=None
[2026-08-12T04:35:05.962+0000] {processor.py:208} INFO - Processing /home/airflow/.local/lib/python3.12/site-packages/airflow/example_dags/example_sensors.py took 0.084 seconds
[2026-08-12T04:35:36.355+0000] {processor.py:186} INFO - Started process (PID=527) to work on /home/airflow/.local/lib/python3.12/site-packages/airflow/example_dags/example_sensors.py
[2026-08-12T04:35:36.357+0000] {processor.py:914} INFO - Processing file /home/airflow/.local/lib/python3.12/site-packages/airflow/example_dags/example_sensors.py for tasks to queue
[2026-08-12T04:35:36.361+0000] {logging_mixin.py:190} INFO - [2026-08-12T04:35:36.360+0000] {dagbag.py:587} INFO - Filling up the DagBag from /home/airflow/.local/lib/python3.12/site-packages/airflow/example_dags/example_sensors.py
[2026-08-12T04:35:36.373+0000] {processor.py:925} INFO - DAG(s) 'example_sensors' retrieved from /home/airflow/.local/lib/python3.12/site-packages/airflow/example_dags/example_sensors.py
[2026-08-12T04:35:36.402+0000] {logging_mixin.py:190} INFO - [2026-08-12T04:35:36.402+0000] {dag.py:3211} INFO - Sync 1 DAGs
[2026-08-12T04:35:36.418+0000] {logging_mixin.py:190} INFO - [2026-08-12T04:35:36.417+0000] {dag.py:4138} INFO - Setting next_dagrun for example_sensors to None, run_after=None
[2026-08-12T04:35:36.438+0000] {processor.py:208} INFO - Processing /home/airflow/.local/lib/python3.12/site-packages/airflow/example_dags/example_sensors.py took 0.090 seconds
[2026-08-12T04:36:06.665+0000] {processor.py:186} INFO - Started process (PID=589) to work on /home/airflow/.local/lib/python3.12/site-packages/airflow/example_dags/example_sensors.py
[2026-08-12T04:36:06.666+0000] {processor.py:914} INFO - Processing file /home/airflow/.local/lib/python3.12/site-packages/airflow/example_dags/example_sensors.py for tasks to queue
[2026-08-12T04:36:06.670+0000] {logging_mixin.py:190} INFO - [2026-08-12T04:36:06.669+0000] {dagbag.py:587} INFO - Filling up the DagBag from /home/airflow/.local/lib/python3.12/site-packages/airflow/example_dags/example_sensors.py
[2026-08-12T04:36:06.682+0000] {processor.py:925} INFO - DAG(s) 'example_sensors' retrieved from /home/airflow/.local/lib/python3.12/site-packages/airflow/example_dags/example_sensors.py
[2026-08-12T04:36:06.726+0000] {logging_mixin.py:190} INFO - [2026-08-12T04:36:06.725+0000] {dag.py:3211} INFO - Sync 1 DAGs
[2026-08-12T04:36:06.739+0000] {logging_mixin.py:190} INFO - [2026-08-12T04:36:06.739+0000] {dag.py:4138} INFO - Setting next_dagrun for example_sensors to None, run_after=None
[2026-08-12T04:36:06.757+0000] {processor.py:208} INFO - Processing /home/airflow/.local/lib/python3.12/site-packages/airflow/example_dags/example_sensors.py took 0.099 seconds
[2026-08-12T04:36:37.182+0000] {processor.py:186} INFO - Started process (PID=651) to work on /home/airflow/.local/lib/python3.12/site-packages/airflow/example_dags/example_sensors.py
[2026-08-12T04:36:37.184+0000] {processor.py:914} INFO - Processing file /home/airflow/.local/lib/python3.12/site-packages/airflow/example_dags/example_sensors.py for tasks to queue
[2026-08-12T04:36:37.187+0000] {logging_mixin.py:190} INFO - [2026-08-12T04:36:37.186+0000] {dagbag.py:587} INFO - Filling up the DagBag from /home/airflow/.local/lib/python3.12/site-packages/airflow/example_dags/example_sensors.py
[2026-08-12T04:36:37.197+0000] {processor.py:925} INFO - DAG(s) 'example_sensors' retrieved from /home/airflow/.local/lib/python3.12/site-packages/airflow/example_dags/example_sensors.py
[2026-08-12T04:36:37.223+0000] {logging_mixin.py:190} INFO - [2026-08-12T04:36:37.223+0000] {dag.py:3211} INFO - Sync 1 DAGs
[2026-08-12T04:36:37.238+0000] {logging_mixin.py:190} INFO - [2026-08-12T04:36:37.238+0000] {dag.py:4138} INFO - Setting next_dagrun for example_sensors to None, run_after=None
[2026-08-12T04:36:37.259+0000] {processor.py:208} INFO - Processing /home/airflow/.local/lib/python3.12/site-packages/airflow/example_dags/example_sensors.py took 0.082 seconds
[2026-08-12T04:37:08.047+0000] {processor.py:186} INFO - Started process (PID=713) to work on /home/airflow/.local/lib/python3.12/site-packages/airflow/example_dags/example_sensors.py
[2026-08-12T04:37:08.049+0000] {processor.py:914} INFO - Processing file /home/airflow/.local/lib/python3.12/site-packages/airflow/example_dags/example_sensors.py for tasks to queue
[2026-08-12T04:37:08.052+0000] {logging_mixin.py:190} INFO - [2026-08-12T04:37:08.052+0000] {dagbag.py:587} INFO - Filling up the DagBag from /home/airflow/.local/lib/python3.12/site-packages/airflow/example_dags/example_sensors.py
[2026-08-12T04:37:08.064+0000] {processor.py:925} INFO - DAG(s) 'example_sensors' retrieved from /home/airflow/.local/lib/python3.12/site-packages/airflow/example_dags/example_sensors.py
[2026-08-12T04:37:08.092+0000] {logging_mixin.py:190} INFO - [2026-08-12T04:37:08.091+0000] {dag.py:3211} INFO - Sync 1 DAGs
[2026-08-12T04:37:08.107+0000] {logging_mixin.py:190} INFO - [2026-08-12T04:37:08.106+0000] {dag.py:4138} INFO - Setting next_dagrun for example_sensors to None, run_after=None
[2026-08-12T04:37:08.127+0000] {processor.py:208} INFO - Processing /home/airflow/.local/lib/python3.12/site-packages/airflow/example_dags/example_sensors.py took 0.086 seconds
[2026-08-12T04:37:38.285+0000] {processor.py:186} INFO - Started process (PID=775) to work on /home/airflow/.local/lib/python3.12/site-packages/airflow/example_dags/example_sensors.py
[2026-08-12T04:37:38.287+0000] {processor.py:914} INFO - Processing file /home/airflow/.local/lib/python3.12/site-packages/airflow/example_dags/example_sensors.py for tasks to queue
[2026-08-12T04:37:38.291+0000] {logging_mixin.py:190} INFO - [2026-08-12T04:37:38.290+0000] {dagbag.py:587} INFO - Filling up the DagBag from /home/airflow/.local/lib/python3.12/site-packages/airflow/example_dags/example_sensors.py
[2026-08-12T04:37:38.306+0000] {processor.py:925} INFO - DAG(s) 'example_sensors' retrieved from /home/airflow/.local/lib/python3.12/site-packages/airflow/example_dags/example_sensors.py
[2026-08-12T04:37:38.337+0000] {logging_mixin.py:190} INFO - [2026-08-12T04:37:38.337+0000] {dag.py:3211} INFO - Sync 1 DAGs
[2026-08-12T04:37:38.355+0000] {logging_mixin.py:190} INFO - [2026-08-12T04:37:38.354+0000] {dag.py:4138} INFO - Setting next_dagrun for example_sensors to None, run_after=None
[2026-08-12T04:37:38.379+0000] {processor.py:208} INFO - Processing /home/airflow/.local/lib/python3.12/site-packages/airflow/example_dags/example_sensors.py took 0.103 seconds
[2026-08-12T04:38:09.123+0000] {processor.py:186} INFO - Started process (PID=837) to work on /home/airflow/.local/lib/python3.12/site-packages/airflow/example_dags/example_sensors.py
[2026-08-12T04:38:09.125+0000] {processor.py:914} INFO - Processing file /home/airflow/.local/lib/python3.12/site-packages/airflow/example_dags/example_sensors.py for tasks to queue
[2026-08-12T04:38:09.128+0000] {logging_mixin.py:190} INFO - [2026-08-12T04:38:09.128+0000] {dagbag.py:587} INFO - Filling up the DagBag from /home/airflow/.local/lib/python3.12/site-packages/airflow/example_dags/example_sensors.py
[2026-08-12T04:38:09.144+0000] {processor.py:925} INFO - DAG(s) 'example_sensors' retrieved from /home/airflow/.local/lib/python3.12/site-packages/airflow/example_dags/example_sensors.py
[2026-08-12T04:38:09.174+0000] {logging_mixin.py:190} INFO - [2026-08-12T04:38:09.173+0000] {dag.py:3211} INFO - Sync 1 DAGs
[2026-08-12T04:38:09.188+0000] {logging_mixin.py:190} INFO - [2026-08-12T04:38:09.188+0000] {dag.py:4138} INFO - Setting next_dagrun for example_sensors to None, run_after=None
[2026-08-12T04:38:09.213+0000] {processor.py:208} INFO - Processing /home/airflow/.local/lib/python3.12/site-packages/airflow/example_dags/example_sensors.py took 0.098 seconds
[2026-08-12T04:38:39.789+0000] {processor.py:186} INFO - Started process (PID=899) to work on /home/airflow/.local/lib/python3.12/site-packages/airflow/example_dags/example_sensors.py
[2026-08-12T04:38:39.791+0000] {processor.py:914} INFO - Processing file /home/airflow/.local/lib/python3.12/site-packages/airflow/example_dags/example_sensors.py for tasks to queue
[2026-08-12T04:38:39.794+0000] {logging_mixin.py:190} INFO - [2026-08-12T04:38:39.794+0000] {dagbag.py:587} INFO - Filling up the DagBag from /home/airflow/.local/lib/python3.12/site-packages/airflow/example_dags/example_sensors.py
[2026-08-12T04:38:39.808+0000] {processor.py:925} INFO - DAG(s) 'example_sensors' retrieved from /home/airflow/.local/lib/python3.12/site-packages/airflow/example_dags/example_sensors.py
[2026-08-12T04:38:39.832+0000] {logging_mixin.py:190} INFO - [2026-08-12T04:38:39.832+0000] {dag.py:3211} INFO - Sync 1 DAGs
[2026-08-12T04:38:39.847+0000] {logging_mixin.py:190} INFO - [2026-08-12T04:38:39.847+0000] {dag.py:4138} INFO - Setting next_dagrun for example_sensors to None, run_after=None
[2026-08-12T04:38:39.881+0000] {processor.py:208} INFO - Processing /home/airflow/.local/lib/python3.12/site-packages/airflow/example_dags/example_sensors.py took 0.099 seconds
[2026-08-12T04:39:10.729+0000] {processor.py:186} INFO - Started process (PID=961) to work on /home/airflow/.local/lib/python3.12/site-packages/airflow/example_dags/example_sensors.py
[2026-08-12T04:39:10.731+0000] {processor.py:914} INFO - Processing file /home/airflow/.local/lib/python3.12/site-packages/airflow/example_dags/example_sensors.py for tasks to queue
[2026-08-12T04:39:10.735+0000] {logging_mixin.py:190} INFO - [2026-08-12T04:39:10.735+0000] {dagbag.py:587} INFO - Filling up the DagBag from /home/airflow/.local/lib/python3.12/site-packages/airflow/example_dags/example_sensors.py
[2026-08-12T04:39:10.748+0000] {processor.py:925} INFO - DAG(s) 'example_sensors' retrieved from /home/airflow/.local/lib/python3.12/site-packages/airflow/example_dags/example_sensors.py
[2026-08-12T04:39:10.779+0000] {logging_mixin.py:190} INFO - [2026-08-12T04:39:10.779+0000] {dag.py:3211} INFO - Sync 1 DAGs
[2026-08-12T04:39:10.794+0000] {logging_mixin.py:190} INFO - [2026-08-12T04:39:10.794+0000] {dag.py:4138} INFO - Setting next_dagrun for example_sensors to None, run_after=None
[2026-08-12T04:39:10.818+0000] {processor.py:208} INFO - Processing /home/airflow/.local/lib/python3.12/site-packages/airflow/example_dags/example_sensors.py took 0.096 seconds
[2026-08-12T04:39:41.788+0000] {processor.py:186} INFO - Started process (PID=1023) to work on /home/airflow/.local/lib/python3.12/site-packages/airflow/example_dags/example_sensors.py
[2026-08-12T04:39:41.791+0000] {processor.py:914} INFO - Processing file /home/airflow/.local/lib/python3.12/site-packages/airflow/example_dags/example_sensors.py for tasks to queue
[2026-08-12T04:39:41.794+0000] {logging_mixin.py:190} INFO - [2026-08-12T04:39:41.794+0000] {dagbag.py:587} INFO - Filling up the DagBag from /home/airflow/.local/lib/python3.12/site-packages/airflow/example_dags/example_sensors.py
[2026-08-12T04:39:41.807+0000] {processor.py:925} INFO - DAG(s) 'example_sensors' retrieved from /home/airflow/.local/lib/python3.12/site-packages/airflow/example_dags/example_sensors.py
[2026-08-12T04:39:41.839+0000] {logging_mixin.py:190} INFO - [2026-08-12T04:39:41.838+0000] {dag.py:3211} INFO - Sync 1 DAGs
[2026-08-12T04:39:41.856+0000] {logging_mixin.py:190} INFO - [2026-08-12T04:39:41.856+0000] {dag.py:4138} INFO - Setting next_dagrun for example_sensors to None, run_after=None
[2026-08-12T04:39:41.882+0000] {processor.py:208} INFO - Processing /home/airflow/.local/lib/python3.12/site-packages/airflow/example_dags/example_sensors.py took 0.100 seconds
[2026-08-12T04:40:12.149+0000] {processor.py:186} INFO - Started process (PID=1085) to work on /home/airflow/.local/lib/python3.12/site-packages/airflow/example_dags/example_sensors.py
[2026-08-12T04:40:12.151+0000] {processor.py:914} INFO - Processing file /home/airflow/.local/lib/python3.12/site-packages/airflow/example_dags/example_sensors.py for tasks to queue
[2026-08-12T04:40:12.157+0000] {logging_mixin.py:190} INFO - [2026-08-12T04:40:12.157+0000] {dagbag.py:587} INFO - Filling up the DagBag from /home/airflow/.local/lib/python3.12/site-packages/airflow/example_dags/example_sensors.py
[2026-08-12T04:40:12.174+0000] {processor.py:925} INFO - DAG(s) 'example_sensors' retrieved from /home/airflow/.local/lib/python3.12/site-packages/airflow/example_dags/example_sensors.py
[2026-08-12T04:40:12.203+0000] {logging_mixin.py:190} INFO - [2026-08-12T04:40:12.203+0000] {dag.py:3211} INFO - Sync 1 DAGs
[2026-08-12T04:40:12.221+0000] {logging_mixin.py:190} INFO - [2026-08-12T04:40:12.221+0000] {dag.py:4138} INFO - Setting next_dagrun for example_sensors to None, run_after=None
[2026-08-12T04:40:12.243+0000] {processor.py:208} INFO - Processing /home/airflow/.local/lib/python3.12/site-packages/airflow/example_dags/example_sensors.py took 0.104 seconds
[2026-08-12T04:40:42.965+0000] {processor.py:186} INFO - Started process (PID=1147) to work on /home/airflow/.local/lib/python3.12/site-packages/airflow/example_dags/example_sensors.py
[2026-08-12T04:40:42.966+0000] {processor.py:914} INFO - Processing file /home/airflow/.local/lib/python3.12/site-packages/airflow/example_dags/example_sensors.py for tasks to queue
[2026-08-12T04:40:42.970+0000] {logging_mixin.py:190} INFO - [2026-08-12T04:40:42.969+0000] {dagbag.py:587} INFO - Filling up the DagBag from /home/airflow/.local/lib/python3.12/site-packages/airflow/example_dags/example_sensors.py
[2026-08-12T04:40:42.982+0000] {processor.py:925} INFO - DAG(s) 'example_sensors' retrieved from /home/airflow/.local/lib/python3.12/site-packages/airflow/example_dags/example_sensors.py
[2026-08-12T04:40:43.017+0000] {logging_mixin.py:190} INFO - [2026-08-12T04:40:43.016+0000] {dag.py:3211} INFO - Sync 1 DAGs
[2026-08-12T04:40:43.032+0000] {logging_mixin.py:190} INFO - [2026-08-12T04:40:43.032+0000] {dag.py:4138} INFO - Setting next_dagrun for example_sensors to None, run_after=None
[2026-08-12T04:40:43.054+0000] {processor.py:208} INFO - Processing /home/airflow/.local/lib/python3.12/site-packages/airflow/example_dags/example_sensors.py took 0.097 seconds
[2026-08-12T04:41:13.145+0000] {processor.py:186} INFO - Started process (PID=1209) to work on /home/airflow/.local/lib/python3.12/site-packages/airflow/example_dags/example_sensors.py
[2026-08-12T04:41:13.146+0000] {processor.py:914} INFO - Processing file /home/airflow/.local/lib/python3.12/site-packages/airflow/example_dags/example_sensors.py for tasks to queue
[2026-08-12T04:41:13.149+0000] {logging_mixin.py:190} INFO - [2026-08-12T04:41:13.149+0000] {dagbag.py:587} INFO - Filling up the DagBag from /home/airflow/.local/lib/python3.12/site-packages/airflow/example_dags/example_sensors.py
[2026-08-12T04:41:13.160+0000] {processor.py:925} INFO - DAG(s) 'example_sensors' retrieved from /home/airflow/.local/lib/python3.12/site-packages/airflow/example_dags/example_sensors.py
[2026-08-12T04:41:13.185+0000] {logging_mixin.py:190} INFO - [2026-08-12T04:41:13.185+0000] {dag.py:3211} INFO - Sync 1 DAGs
[2026-08-12T04:41:13.198+0000] {logging_mixin.py:190} INFO - [2026-08-12T04:41:13.198+0000] {dag.py:4138} INFO - Setting next_dagrun for example_sensors to None, run_after=None
[2026-08-12T04:41:13.219+0000] {processor.py:208} INFO - Processing /home/airflow/.local/lib/python3.12/site-packages/airflow/example_dags/example_sensors.py took 0.080 seconds
[2026-08-12T04:41:44.032+0000] {processor.py:186} INFO - Started process (PID=1271) to work on /home/airflow/.local/lib/python3.12/site-packages/airflow/example_dags/example_sensors.py
[2026-08-12T04:41:44.034+0000] {processor.py:914} INFO - Processing file /home/airflow/.local/lib/python3.12/site-packages/airflow/example_dags/example_sensors.py for tasks to queue
[2026-08-12T04:41:44.037+0000] {logging_mixin.py:190} INFO - [2026-08-12T04:41:44.037+0000] {dagbag.py:587} INFO - Filling up the DagBag from /home/airflow/.local/lib/python3.12/site-packages/airflow/example_dags/example_sensors.py
[2026-08-12T04:41:44.051+0000] {processor.py:925} INFO - DAG(s) 'example_sensors' retrieved from /home/airflow/.local/lib/python3.12/site-packages/airflow/example_dags/example_sensors.py
[2026-08-12T04:41:44.107+0000] {logging_mixin.py:190} INFO - [2026-08-12T04:41:44.106+0000] {dag.py:3211} INFO - Sync 1 DAGs
[2026-08-12T04:41:44.138+0000] {logging_mixin.py:190} INFO - [2026-08-12T04:41:44.137+0000] {dag.py:4138} INFO - Setting next_dagrun for example_sensors to None, run_after=None
[2026-08-12T04:41:44.188+0000] {processor.py:208} INFO - Processing /home/airflow/.local/lib/python3.12/site-packages/airflow/example_dags/example_sensors.py took 0.165 seconds
[2026-08-12T04:42:14.583+0000] {processor.py:186} INFO - Started process (PID=1333) to work on /home/airflow/.local/lib/python3.12/site-packages/airflow/example_dags/example_sensors.py
[2026-08-12T04:42:14.584+0000] {processor.py:914} INFO - Processing file /home/airflow/.local/lib/python3.12/site-packages/airflow/example_dags/example_sensors.py for tasks to queue
[2026-08-12T04:42:14.587+0000] {logging_mixin.py:190} INFO - [2026-08-12T04:42:14.587+0000] {dagbag.py:587} INFO - Filling up the DagBag from /home/airflow/.local/lib/python3.12/site-packages/airflow/example_dags/example_sensors.py
[2026-08-12T04:42:14.598+0000] {processor.py:925} INFO - DAG(s) 'example_sensors' retrieved from /home/airflow/.local/lib/python3.12/site-packages/airflow/example_dags/example_sensors.py
[2026-08-12T04:42:14.625+0000] {logging_mixin.py:190} INFO - [2026-08-12T04:42:14.625+0000] {dag.py:3211} INFO - Sync 1 DAGs
[2026-08-12T04:42:14.640+0000] {logging_mixin.py:190} INFO - [2026-08-12T04:42:14.639+0000] {dag.py:4138} INFO - Setting next_dagrun for example_sensors to None, run_after=None
[2026-08-12T04:42:14.660+0000] {processor.py:208} INFO - Processing /home/airflow/.local/lib/python3.12/site-packages/airflow/example_dags/example_sensors.py took 0.083 seconds
[2026-08-12T04:42:45.372+0000] {processor.py:186} INFO - Started process (PID=1395) to work on /home/airflow/.local/lib/python3.12/site-packages/airflow/example_dags/example_sensors.py
[2026-08-12T04:42:45.373+0000] {processor.py:914} INFO - Processing file /home/airflow/.local/lib/python3.12/site-packages/airflow/example_dags/example_sensors.py for tasks to queue
[2026-08-12T04:42:45.376+0000] {logging_mixin.py:190} INFO - [2026-08-12T04:42:45.376+0000] {dagbag.py:587} INFO - Filling up the DagBag from /home/airflow/.local/lib/python3.12/site-packages/airflow/example_dags/example_sensors.py
[2026-08-12T04:42:45.388+0000] {processor.py:925} INFO - DAG(s) 'example_sensors' retrieved from /home/airflow/.local/lib/python3.12/site-packages/airflow/example_dags/example_sensors.py
[2026-08-12T04:42:45.415+0000] {logging_mixin.py:190} INFO - [2026-08-12T04:42:45.415+0000] {dag.py:3211} INFO - Sync 1 DAGs
[2026-08-12T04:42:45.429+0000] {logging_mixin.py:190} INFO - [2026-08-12T04:42:45.429+0000] {dag.py:4138} INFO - Setting next_dagrun for example_sensors to None, run_after=None
[2026-08-12T04:42:45.449+0000] {processor.py:208} INFO - Processing /home/airflow/.local/lib/python3.12/site-packages/airflow/example_dags/example_sensors.py took 0.084 seconds
[2026-08-12T04:43:15.569+0000] {processor.py:186} INFO - Started process (PID=1457) to work on /home/airflow/.local/lib/python3.12/site-packages/airflow/example_dags/example_sensors.py
[2026-08-12T04:43:15.571+0000] {processor.py:914} INFO - Processing file /home/airflow/.local/lib/python3.12/site-packages/airflow/example_dags/example_sensors.py for tasks to queue
[2026-08-12T04:43:15.575+0000] {logging_mixin.py:190} INFO - [2026-08-12T04:43:15.575+0000] {dagbag.py:587} INFO - Filling up the DagBag from /home/airflow/.local/lib/python3.12/site-packages/airflow/example_dags/example_sensors.py
[2026-08-12T04:43:15.588+0000] {processor.py:925} INFO - DAG(s) 'example_sensors' retrieved from /home/airflow/.local/lib/python3.12/site-packages/airflow/example_dags/example_sensors.py
[2026-08-12T04:43:15.623+0000] {logging_mixin.py:190} INFO - [2026-08-12T04:43:15.623+0000] {dag.py:3211} INFO - Sync 1 DAGs
[2026-08-12T04:43:15.641+0000] {logging_mixin.py:190} INFO - [2026-08-12T04:43:15.641+0000] {dag.py:4138} INFO - Setting next_dagrun for example_sensors to None, run_after=None
[2026-08-12T04:43:15.675+0000] {processor.py:208} INFO - Processing /home/airflow/.local/lib/python3.12/site-packages/airflow/example_dags/example_sensors.py took 0.114 seconds
[2026-08-12T04:43:46.288+0000] {processor.py:186} INFO - Started process (PID=1519) to work on /home/airflow/.local/lib/python3.12/site-packages/airflow/example_dags/example_sensors.py
[2026-08-12T04:43:46.291+0000] {processor.py:914} INFO - Processing file /home/airflow/.local/lib/python3.12/site-packages/airflow/example_dags/example_sensors.py for tasks to queue
[2026-08-12T04:43:46.294+0000] {logging_mixin.py:190} INFO - [2026-08-12T04:43:46.294+0000] {dagbag.py:587} INFO - Filling up the DagBag from /home/airflow/.local/lib/python3.12/site-packages/airflow/example_dags/example_sensors.py
[2026-08-12T04:43:46.306+0000] {processor.py:925} INFO - DAG(s) 'example_sensors' retrieved from /home/airflow/.local/lib/python3.12/site-packages/airflow/example_dags/example_sensors.py
[2026-08-12T04:43:46.336+0000] {logging_mixin.py:190} INFO - [2026-08-12T04:43:46.336+0000] {dag.py:3211} INFO - Sync 1 DAGs
[2026-08-12T04:43:46.352+0000] {logging_mixin.py:190} INFO - [2026-08-12T04:43:46.351+0000] {dag.py:4138} INFO - Setting next_dagrun for example_sensors to None, run_after=None
[2026-08-12T04:43:46.377+0000] {processor.py:208} INFO - Processing /home/airflow/.local/lib/python3.12/site-packages/airflow/example_dags/example_sensors.py took 0.096 seconds
[2026-08-12T04:44:16.647+0000] {processor.py:186} INFO - Started process (PID=1581) to work on /home/airflow/.local/lib/python3.12/site-packages/airflow/example_dags/example_sensors.py
[2026-08-12T04:44:16.649+0000] {processor.py:914} INFO - Processing file /home/airflow/.local/lib/python3.12/site-packages/airflow/example_dags/example_sensors.py for tasks to queue
[2026-08-12T04:44:16.652+0000] {logging_mixin.py:190} INFO - [2026-08-12T04:44:16.651+0000] {dagbag.py:587} INFO - Filling up the DagBag from /home/airflow/.local/lib/python3.12/site-packages/airflow/example_dags/example_sensors.py
[2026-08-12T04:44:16.663+0000] {processor.py:925} INFO - DAG(s) 'example_sensors' retrieved from /home/airflow/.local/lib/python3.12/site-packages/airflow/example_dags/example_sensors.py
[2026-08-12T04:44:16.694+0000] {logging_mixin.py:190} INFO - [2026-08-12T04:44:16.694+0000] {dag.py:3211} INFO - Sync 1 DAGs
[2026-08-12T04:44:16.718+0000] {logging_mixin.py:190} INFO - [2026-08-12T04:44:16.717+0000] {dag.py:4138} INFO - Setting next_dagrun for example_sensors to None, run_after=None
[2026-08-12T04:44:16.746+0000] {processor.py:208} INFO - Processing /home/airflow/.local/lib/python3.12/site-packages/airflow/example_dags/example_sensors.py took 0.105 seconds
[2026-08-12T04:44:47.008+0000] {processor.py:186} INFO - Started process (PID=1643) to work on /home/airflow/.local/lib/python3.12/site-packages/airflow/example_dags/example_sensors.py
[2026-08-12T04:44:47.010+0000] {processor.py:914} INFO - Processing file /home/airflow/.local/lib/python3.12/site-packages/airflow/example_dags/example_sensors.py for tasks to queue
[2026-08-12T04:44:47.013+0000] {logging_mixin.py:190} INFO - [2026-08-12T04:44:47.012+0000] {dagbag.py:587} INFO - Filling up the DagBag from /home/airflow/.local/lib/python3.12/site-packages/airflow/example_dags/example_sensors.py
[2026-08-12T04:44:47.024+0000] {processor.py:925} INFO - DAG(s) 'example_sensors' retrieved from /home/airflow/.local/lib/python3.12/site-packages/airflow/example_dags/example_sensors.py
[2026-08-12T04:44:47.052+0000] {logging_mixin.py:190} INFO - [2026-08-12T04:44:47.052+0000] {dag.py:3211} INFO - Sync 1 DAGs
[2026-08-12T04:44:47.068+0000] {logging_mixin.py:190} INFO - [2026-08-12T04:44:47.068+0000] {dag.py:4138} INFO - Setting next_dagrun for example_sensors to None, run_after=None
[2026-08-12T04:44:47.090+0000] {processor.py:208} INFO - Processing /home/airflow/.local/lib/python3.12/site-packages/airflow/example_dags/example_sensors.py took 0.088 seconds
[2026-08-12T04:45:17.495+0000] {processor.py:186} INFO - Started process (PID=1705) to work on /home/airflow/.local/lib/python3.12/site-packages/airflow/example_dags/example_sensors.py
[2026-08-12T04:45:17.497+0000] {processor.py:914} INFO - Processing file /home/airflow/.local/lib/python3.12/site-packages/airflow/example_dags/example_sensors.py for tasks to queue
[2026-08-12T04:45:17.501+0000] {logging_mixin.py:190} INFO - [2026-08-12T04:45:17.501+0000] {dagbag.py:587} INFO - Filling up the DagBag from /home/airflow/.local/lib/python3.12/site-packages/airflow/example_dags/example_sensors.py
[2026-08-12T04:45:17.518+0000] {processor.py:925} INFO - DAG(s) 'example_sensors' retrieved from /home/airflow/.local/lib/python3.12/site-packages/airflow/example_dags/example_sensors.py
[2026-08-12T04:45:17.566+0000] {logging_mixin.py:190} INFO - [2026-08-12T04:45:17.566+0000] {dag.py:3211} INFO - Sync 1 DAGs
[2026-08-12T04:45:17.584+0000] {logging_mixin.py:190} INFO - [2026-08-12T04:45:17.583+0000] {dag.py:4138} INFO - Setting next_dagrun for example_sensors to None, run_after=None
[2026-08-12T04:45:17.615+0000] {processor.py:208} INFO - Processing /home/airflow/.local/lib/python3.12/site-packages/airflow/example_dags/example_sensors.py took 0.130 seconds
[2026-08-12T04:45:48.562+0000] {processor.py:186} INFO - Started process (PID=1767) to work on /home/airflow/.local/lib/python3.12/site-packages/airflow/example_dags/example_sensors.py
[2026-08-12T04:45:48.563+0000] {processor.py:914} INFO - Processing file /home/airflow/.local/lib/python3.12/site-packages/airflow/example_dags/example_sensors.py for tasks to queue
[2026-08-12T04:45:48.566+0000] {logging_mixin.py:190} INFO - [2026-08-12T04:45:48.566+0000] {dagbag.py:587} INFO - Filling up the DagBag from /home/airflow/.local/lib/python3.12/site-packages/airflow/example_dags/example_sensors.py
[2026-08-12T04:45:48.591+0000] {processor.py:925} INFO - DAG(s) 'example_sensors' retrieved from /home/airflow/.local/lib/python3.12/site-packages/airflow/example_dags/example_sensors.py
[2026-08-12T04:45:48.620+0000] {logging_mixin.py:190} INFO - [2026-08-12T04:45:48.620+0000] {dag.py:3211} INFO - Sync 1 DAGs
[2026-08-12T04:45:48.641+0000] {logging_mixin.py:190} INFO - [2026-08-12T04:45:48.641+0000] {dag.py:4138} INFO - Setting next_dagrun for example_sensors to None, run_after=None
[2026-08-12T04:45:48.664+0000] {processor.py:208} INFO - Processing /home/airflow/.local/lib/python3.12/site-packages/airflow/example_dags/example_sensors.py took 0.107 seconds
[2026-08-12T04:46:19.218+0000] {processor.py:186} INFO - Started process (PID=1829) to work on /home/airflow/.local/lib/python3.12/site-packages/airflow/example_dags/example_sensors.py
[2026-08-12T04:46:19.220+0000] {processor.py:914} INFO - Processing file /home/airflow/.local/lib/python3.12/site-packages/airflow/example_dags/example_sensors.py for tasks to queue
[2026-08-12T04:46:19.223+0000] {logging_mixin.py:190} INFO - [2026-08-12T04:46:19.222+0000] {dagbag.py:587} INFO - Filling up the DagBag from /home/airflow/.local/lib/python3.12/site-packages/airflow/example_dags/example_sensors.py
[2026-08-12T04:46:19.233+0000] {processor.py:925} INFO - DAG(s) 'example_sensors' retrieved from /home/airflow/.local/lib/python3.12/site-packages/airflow/example_dags/example_sensors.py
[2026-08-12T04:46:19.277+0000] {logging_mixin.py:190} INFO - [2026-08-12T04:46:19.276+0000] {dag.py:3211} INFO - Sync 1 DAGs
[2026-08-12T04:46:19.297+0000] {logging_mixin.py:190} INFO - [2026-08-12T04:46:19.296+0000] {dag.py:4138} INFO - Setting next_dagrun for example_sensors to None, run_after=None
[2026-08-12T04:46:19.319+0000] {processor.py:208} INFO - Processing /home/airflow/.local/lib/python3.12/site-packages/airflow/example_dags/example_sensors.py took 0.107 seconds
[2026-08-12T04:46:49.491+0000] {processor.py:186} INFO - Started process (PID=1891) to work on /home/airflow/.local/lib/python3.12/site-packages/airflow/example_dags/example_sensors.py
[2026-08-12T04:46:49.493+0000] {processor.py:914} INFO - Processing file /home/airflow/.local/lib/python3.12/site-packages/airflow/example_dags/example_sensors.py for tasks to queue
[2026-08-12T04:46:49.498+0000] {logging_mixin.py:190} INFO - [2026-08-12T04:46:49.498+0000] {dagbag.py:587} INFO - Filling up the DagBag from /home/airflow/.local/lib/python3.12/site-packages/airflow/example_dags/example_sensors.py
[2026-08-12T04:46:49.512+0000] {processor.py:925} INFO - DAG(s) 'example_sensors' retrieved from /home/airflow/.local/lib/python3.12/site-packages/airflow/example_dags/example_sensors.py
[2026-08-12T04:46:49.538+0000] {logging_mixin.py:190} INFO - [2026-08-12T04:46:49.538+0000] {dag.py:3211} INFO - Sync 1 DAGs
[2026-08-12T04:46:49.556+0000] {logging_mixin.py:190} INFO - [2026-08-12T04:46:49.556+0000] {dag.py:4138} INFO - Setting next_dagrun for example_sensors to None, run_after=None
[2026-08-12T04:46:49.576+0000] {processor.py:208} INFO - Processing /home/airflow/.local/lib/python3.12/site-packages/airflow/example_dags/example_sensors.py took 0.093 seconds
[2026-08-12T04:47:20.134+0000] {processor.py:186} INFO - Started process (PID=1953) to work on /home/airflow/.local/lib/python3.12/site-packages/airflow/example_dags/example_sensors.py
[2026-08-12T04:47:20.136+0000] {processor.py:914} INFO - Processing file /home/airflow/.local/lib/python3.12/site-packages/airflow/example_dags/example_sensors.py for tasks to queue
[2026-08-12T04:47:20.139+0000] {logging_mixin.py:190} INFO - [2026-08-12T04:47:20.138+0000] {dagbag.py:587} INFO - Filling up the DagBag from /home/airflow/.local/lib/python3.12/site-packages/airflow/example_dags/example_sensors.py
[2026-08-12T04:47:20.150+0000] {processor.py:925} INFO - DAG(s) 'example_sensors' retrieved from /home/airflow/.local/lib/python3.12/site-packages/airflow/example_dags/example_sensors.py
[2026-08-12T04:47:20.174+0000] {logging_mixin.py:190} INFO - [2026-08-12T04:47:20.173+0000] {dag.py:3211} INFO - Sync 1 DAGs
[2026-08-12T04:47:20.187+0000] {logging_mixin.py:190} INFO - [2026-08-12T04:47:20.187+0000] {dag.py:4138} INFO - Setting next_dagrun for example_sensors to None, run_after=None
[2026-08-12T04:47:20.209+0000] {processor.py:208} INFO - Processing /home/airflow/.local/lib/python3.12/site-packages/airflow/example_dags/example_sensors.py took 0.081 seconds
[2026-08-12T04:47:50.893+0000] {processor.py:186} INFO - Started process (PID=2015) to work on /home/airflow/.local/lib/python3.12/site-packages/airflow/example_dags/example_sensors.py
[2026-08-12T04:47:50.895+0000] {processor.py:914} INFO - Processing file /home/airflow/.local/lib/python3.12/site-packages/airflow/example_dags/example_sensors.py for tasks to queue
[2026-08-12T04:47:50.898+0000] {logging_mixin.py:190} INFO - [2026-08-12T04:47:50.897+0000] {dagbag.py:587} INFO - Filling up the DagBag from /home/airflow/.local/lib/python3.12/site-packages/airflow/example_dags/example_sensors.py
[2026-08-12T04:47:50.908+0000] {processor.py:925} INFO - DAG(s) 'example_sensors' retrieved from /home/airflow/.local/lib/python3.12/site-packages/airflow/example_dags/example_sensors.py
[2026-08-12T04:47:50.938+0000] {logging_mixin.py:190} INFO - [2026-08-12T04:47:50.938+0000] {dag.py:3211} INFO - Sync 1 DAGs
[2026-08-12T04:47:50.954+0000] {logging_mixin.py:190} INFO - [2026-08-12T04:47:50.954+0000] {dag.py:4138} INFO - Setting next_dagrun for example_sensors to None, run_after=None
[2026-08-12T04:47:50.977+0000] {processor.py:208} INFO - Processing /home/airflow/.local/lib/python3.12/site-packages/airflow/example_dags/example_sensors.py took 0.089 seconds
[2026-08-12T04:48:21.389+0000] {processor.py:186} INFO - Started process (PID=2077) to work on /home/airflow/.local/lib/python3.12/site-packages/airflow/example_dags/example_sensors.py
[2026-08-12T04:48:21.390+0000] {processor.py:914} INFO - Processing file /home/airflow/.local/lib/python3.12/site-packages/airflow/example_dags/example_sensors.py for tasks to queue
[2026-08-12T04:48:21.394+0000] {logging_mixin.py:190} INFO - [2026-08-12T04:48:21.393+0000] {dagbag.py:587} INFO - Filling up the DagBag from /home/airflow/.local/lib/python3.12/site-packages/airflow/example_dags/example_sensors.py
[2026-08-12T04:48:21.406+0000] {processor.py:925} INFO - DAG(s) 'example_sensors' retrieved from /home/airflow/.local/lib/python3.12/site-packages/airflow/example_dags/example_sensors.py
[2026-08-12T04:48:21.438+0000] {logging_mixin.py:190} INFO - [2026-08-12T04:48:21.437+0000] {dag.py:3211} INFO - Sync 1 DAGs
[2026-08-12T04:48:21.452+0000] {logging_mixin.py:190} INFO - [2026-08-12T04:48:21.452+0000] {dag.py:4138} INFO - Setting next_dagrun for example_sensors to None, run_after=None
[2026-08-12T04:48:21.472+0000] {processor.py:208} INFO - Processing /home/airflow/.local/lib/python3.12/site-packages/airflow/example_dags/example_sensors.py took 0.092 seconds
