[2026-08-12T04:31:59.041+0000] {processor.py:186} INFO - Started process (PID=81) to work on /home/airflow/.local/lib/python3.12/site-packages/airflow/example_dags/example_branch_datetime_operator.py
[2026-08-12T04:31:59.043+0000] {processor.py:914} INFO - Processing file /home/airflow/.local/lib/python3.12/site-packages/airflow/example_dags/example_branch_datetime_operator.py for tasks to queue
[2026-08-12T04:31:59.047+0000] {logging_mixin.py:190} INFO - [2026-08-12T04:31:59.046+0000] {dagbag.py:587} INFO - Filling up the DagBag from /home/airflow/.local/lib/python3.12/site-packages/airflow/example_dags/example_branch_datetime_operator.py
[2026-08-12T04:31:59.063+0000] {processor.py:925} INFO - DAG(s) 'example_branch_datetime_operator', 'example_branch_datetime_operator_3', 'example_branch_datetime_operator_2' retrieved from /home/airflow/.local/lib/python3.12/site-packages/airflow/example_dags/example_branch_datetime_operator.py
[2026-08-12T04:31:59.208+0000] {logging_mixin.py:190} INFO - [2026-08-12T04:31:59.207+0000] {override.py:1858} INFO - Created Permission View: can read on DAG:example_branch_datetime_operator
[2026-08-12T04:31:59.220+0000] {logging_mixin.py:190} INFO - [2026-08-12T04:31:59.220+0000] {override.py:1858} INFO - Created Permission View: can delete on DAG:example_branch_datetime_operator
[2026-08-12T04:31:59.229+0000] {logging_mixin.py:190} INFO - [2026-08-12T04:31:59.228+0000] {override.py:1858} INFO - Created Permission View: can edit on DAG:example_branch_datetime_operator
[2026-08-12T04:31:59.249+0000] {logging_mixin.py:190} INFO - [2026-08-12T04:31:59.248+0000] {override.py:1858} INFO - Created Permission View: can read on DAG:example_branch_datetime_operator_3
[2026-08-12T04:31:59.260+0000] {logging_mixin.py:190} INFO - [2026-08-12T04:31:59.259+0000] {override.py:1858} INFO - Created Permission View: can delete on DAG:example_branch_datetime_operator_3
[2026-08-12T04:31:59.271+0000] {logging_mixin.py:190} INFO - [2026-08-12T04:31:59.271+0000] {override.py:1858} INFO - Created Permission View: can edit on DAG:example_branch_datetime_operator_3
[2026-08-12T04:31:59.293+0000] {logging_mixin.py:190} INFO - [2026-08-12T04:31:59.293+0000] {override.py:1858} INFO - Created Permission View: can read on DAG:example_branch_datetime_operator_2
[2026-08-12T04:31:59.307+0000] {logging_mixin.py:190} INFO - [2026-08-12T04:31:59.307+0000] {override.py:1858} INFO - Created Permission View: can delete on DAG:example_branch_datetime_operator_2
[2026-08-12T04:31:59.320+0000] {logging_mixin.py:190} INFO - [2026-08-12T04:31:59.319+0000] {override.py:1858} INFO - Created Permission View: can edit on DAG:example_branch_datetime_operator_2
[2026-08-12T04:31:59.325+0000] {logging_mixin.py:190} INFO - [2026-08-12T04:31:59.324+0000] {dag.py:3211} INFO - Sync 3 DAGs
[2026-08-12T04:31:59.343+0000] {logging_mixin.py:190} INFO - [2026-08-12T04:31:59.343+0000] {dag.py:3234} INFO - Creating ORM DAG for example_branch_datetime_operator_2
[2026-08-12T04:31:59.345+0000] {logging_mixin.py:190} INFO - [2026-08-12T04:31:59.345+0000] {dag.py:3234} INFO - Creating ORM DAG for example_branch_datetime_operator_3
[2026-08-12T04:31:59.347+0000] {logging_mixin.py:190} INFO - [2026-08-12T04:31:59.346+0000] {dag.py:3234} INFO - Creating ORM DAG for example_branch_datetime_operator
[2026-08-12T04:31:59.365+0000] {logging_mixin.py:190} INFO - [2026-08-12T04:31:59.364+0000] {dag.py:4138} INFO - Setting next_dagrun for example_branch_datetime_operator to 2026-08-11 00:00:00+00:00, run_after=2026-08-12 00:00:00+00:00
[2026-08-12T04:31:59.369+0000] {logging_mixin.py:190} INFO - [2026-08-12T04:31:59.368+0000] {dag.py:4138} INFO - Setting next_dagrun for example_branch_datetime_operator_2 to 2026-08-11 00:00:00+00:00, run_after=2026-08-12 00:00:00+00:00
[2026-08-12T04:31:59.371+0000] {logging_mixin.py:190} INFO - [2026-08-12T04:31:59.371+0000] {dag.py:4138} INFO - Setting next_dagrun for example_branch_datetime_operator_3 to 2026-08-11 00:00:00+00:00, run_after=2026-08-12 00:00:00+00:00
[2026-08-12T04:31:59.396+0000] {processor.py:208} INFO - Processing /home/airflow/.local/lib/python3.12/site-packages/airflow/example_dags/example_branch_datetime_operator.py took 0.365 seconds
[2026-08-12T04:32:29.739+0000] {processor.py:186} INFO - Started process (PID=143) to work on /home/airflow/.local/lib/python3.12/site-packages/airflow/example_dags/example_branch_datetime_operator.py
[2026-08-12T04:32:29.741+0000] {processor.py:914} INFO - Processing file /home/airflow/.local/lib/python3.12/site-packages/airflow/example_dags/example_branch_datetime_operator.py for tasks to queue
[2026-08-12T04:32:29.744+0000] {logging_mixin.py:190} INFO - [2026-08-12T04:32:29.744+0000] {dagbag.py:587} INFO - Filling up the DagBag from /home/airflow/.local/lib/python3.12/site-packages/airflow/example_dags/example_branch_datetime_operator.py
[2026-08-12T04:32:29.760+0000] {processor.py:925} INFO - DAG(s) 'example_branch_datetime_operator_2', 'example_branch_datetime_operator', 'example_branch_datetime_operator_3' retrieved from /home/airflow/.local/lib/python3.12/site-packages/airflow/example_dags/example_branch_datetime_operator.py
[2026-08-12T04:32:29.800+0000] {logging_mixin.py:190} INFO - [2026-08-12T04:32:29.799+0000] {dag.py:3211} INFO - Sync 3 DAGs
[2026-08-12T04:32:29.830+0000] {logging_mixin.py:190} INFO - [2026-08-12T04:32:29.830+0000] {dag.py:4138} INFO - Setting next_dagrun for example_branch_datetime_operator to 2026-08-11 00:00:00+00:00, run_after=2026-08-12 00:00:00+00:00
[2026-08-12T04:32:29.836+0000] {logging_mixin.py:190} INFO - [2026-08-12T04:32:29.836+0000] {dag.py:4138} INFO - Setting next_dagrun for example_branch_datetime_operator_2 to 2026-08-11 00:00:00+00:00, run_after=2026-08-12 00:00:00+00:00
[2026-08-12T04:32:29.839+0000] {logging_mixin.py:190} INFO - [2026-08-12T04:32:29.839+0000] {dag.py:4138} INFO - Setting next_dagrun for example_branch_datetime_operator_3 to 2026-08-11 00:00:00+00:00, run_after=2026-08-12 00:00:00+00:00
[2026-08-12T04:32:29.859+0000] {processor.py:208} INFO - Processing /home/airflow/.local/lib/python3.12/site-packages/airflow/example_dags/example_branch_datetime_operator.py took 0.128 seconds
[2026-08-12T04:33:00.700+0000] {processor.py:186} INFO - Started process (PID=205) to work on /home/airflow/.local/lib/python3.12/site-packages/airflow/example_dags/example_branch_datetime_operator.py
[2026-08-12T04:33:00.702+0000] {processor.py:914} INFO - Processing file /home/airflow/.local/lib/python3.12/site-packages/airflow/example_dags/example_branch_datetime_operator.py for tasks to queue
[2026-08-12T04:33:00.706+0000] {logging_mixin.py:190} INFO - [2026-08-12T04:33:00.705+0000] {dagbag.py:587} INFO - Filling up the DagBag from /home/airflow/.local/lib/python3.12/site-packages/airflow/example_dags/example_branch_datetime_operator.py
[2026-08-12T04:33:00.718+0000] {processor.py:925} INFO - DAG(s) 'example_branch_datetime_operator_3', 'example_branch_datetime_operator_2', 'example_branch_datetime_operator' retrieved from /home/airflow/.local/lib/python3.12/site-packages/airflow/example_dags/example_branch_datetime_operator.py
[2026-08-12T04:33:00.766+0000] {logging_mixin.py:190} INFO - [2026-08-12T04:33:00.765+0000] {dag.py:3211} INFO - Sync 3 DAGs
[2026-08-12T04:33:00.800+0000] {logging_mixin.py:190} INFO - [2026-08-12T04:33:00.800+0000] {dag.py:4138} INFO - Setting next_dagrun for example_branch_datetime_operator to 2026-08-11 00:00:00+00:00, run_after=2026-08-12 00:00:00+00:00
[2026-08-12T04:33:00.808+0000] {logging_mixin.py:190} INFO - [2026-08-12T04:33:00.808+0000] {dag.py:4138} INFO - Setting next_dagrun for example_branch_datetime_operator_2 to 2026-08-11 00:00:00+00:00, run_after=2026-08-12 00:00:00+00:00
[2026-08-12T04:33:00.812+0000] {logging_mixin.py:190} INFO - [2026-08-12T04:33:00.812+0000] {dag.py:4138} INFO - Setting next_dagrun for example_branch_datetime_operator_3 to 2026-08-11 00:00:00+00:00, run_after=2026-08-12 00:00:00+00:00
[2026-08-12T04:33:00.853+0000] {processor.py:208} INFO - Processing /home/airflow/.local/lib/python3.12/site-packages/airflow/example_dags/example_branch_datetime_operator.py took 0.161 seconds
[2026-08-12T04:33:30.973+0000] {processor.py:186} INFO - Started process (PID=267) to work on /home/airflow/.local/lib/python3.12/site-packages/airflow/example_dags/example_branch_datetime_operator.py
[2026-08-12T04:33:30.974+0000] {processor.py:914} INFO - Processing file /home/airflow/.local/lib/python3.12/site-packages/airflow/example_dags/example_branch_datetime_operator.py for tasks to queue
[2026-08-12T04:33:30.977+0000] {logging_mixin.py:190} INFO - [2026-08-12T04:33:30.977+0000] {dagbag.py:587} INFO - Filling up the DagBag from /home/airflow/.local/lib/python3.12/site-packages/airflow/example_dags/example_branch_datetime_operator.py
[2026-08-12T04:33:30.993+0000] {processor.py:925} INFO - DAG(s) 'example_branch_datetime_operator_2', 'example_branch_datetime_operator_3', 'example_branch_datetime_operator' retrieved from /home/airflow/.local/lib/python3.12/site-packages/airflow/example_dags/example_branch_datetime_operator.py
[2026-08-12T04:33:31.020+0000] {logging_mixin.py:190} INFO - [2026-08-12T04:33:31.020+0000] {dag.py:3211} INFO - Sync 3 DAGs
[2026-08-12T04:33:31.047+0000] {logging_mixin.py:190} INFO - [2026-08-12T04:33:31.047+0000] {dag.py:4138} INFO - Setting next_dagrun for example_branch_datetime_operator to 2026-08-11 00:00:00+00:00, run_after=2026-08-12 00:00:00+00:00
[2026-08-12T04:33:31.054+0000] {logging_mixin.py:190} INFO - [2026-08-12T04:33:31.054+0000] {dag.py:4138} INFO - Setting next_dagrun for example_branch_datetime_operator_2 to 2026-08-11 00:00:00+00:00, run_after=2026-08-12 00:00:00+00:00
[2026-08-12T04:33:31.057+0000] {logging_mixin.py:190} INFO - [2026-08-12T04:33:31.056+0000] {dag.py:4138} INFO - Setting next_dagrun for example_branch_datetime_operator_3 to 2026-08-11 00:00:00+00:00, run_after=2026-08-12 00:00:00+00:00
[2026-08-12T04:33:31.076+0000] {processor.py:208} INFO - Processing /home/airflow/.local/lib/python3.12/site-packages/airflow/example_dags/example_branch_datetime_operator.py took 0.109 seconds
[2026-08-12T04:34:01.663+0000] {processor.py:186} INFO - Started process (PID=329) to work on /home/airflow/.local/lib/python3.12/site-packages/airflow/example_dags/example_branch_datetime_operator.py
[2026-08-12T04:34:01.667+0000] {processor.py:914} INFO - Processing file /home/airflow/.local/lib/python3.12/site-packages/airflow/example_dags/example_branch_datetime_operator.py for tasks to queue
[2026-08-12T04:34:01.671+0000] {logging_mixin.py:190} INFO - [2026-08-12T04:34:01.671+0000] {dagbag.py:587} INFO - Filling up the DagBag from /home/airflow/.local/lib/python3.12/site-packages/airflow/example_dags/example_branch_datetime_operator.py
[2026-08-12T04:34:01.693+0000] {processor.py:925} INFO - DAG(s) 'example_branch_datetime_operator', 'example_branch_datetime_operator_2', 'example_branch_datetime_operator_3' retrieved from /home/airflow/.local/lib/python3.12/site-packages/airflow/example_dags/example_branch_datetime_operator.py
[2026-08-12T04:34:01.741+0000] {logging_mixin.py:190} INFO - [2026-08-12T04:34:01.741+0000] {dag.py:3211} INFO - Sync 3 DAGs
[2026-08-12T04:34:01.777+0000] {logging_mixin.py:190} INFO - [2026-08-12T04:34:01.776+0000] {dag.py:4138} INFO - Setting next_dagrun for example_branch_datetime_operator to 2026-08-11 00:00:00+00:00, run_after=2026-08-12 00:00:00+00:00
[2026-08-12T04:34:01.784+0000] {logging_mixin.py:190} INFO - [2026-08-12T04:34:01.784+0000] {dag.py:4138} INFO - Setting next_dagrun for example_branch_datetime_operator_2 to 2026-08-11 00:00:00+00:00, run_after=2026-08-12 00:00:00+00:00
[2026-08-12T04:34:01.790+0000] {logging_mixin.py:190} INFO - [2026-08-12T04:34:01.790+0000] {dag.py:4138} INFO - Setting next_dagrun for example_branch_datetime_operator_3 to 2026-08-11 00:00:00+00:00, run_after=2026-08-12 00:00:00+00:00
[2026-08-12T04:34:01.818+0000] {processor.py:208} INFO - Processing /home/airflow/.local/lib/python3.12/site-packages/airflow/example_dags/example_branch_datetime_operator.py took 0.165 seconds
[2026-08-12T04:34:32.457+0000] {processor.py:186} INFO - Started process (PID=391) to work on /home/airflow/.local/lib/python3.12/site-packages/airflow/example_dags/example_branch_datetime_operator.py
[2026-08-12T04:34:32.459+0000] {processor.py:914} INFO - Processing file /home/airflow/.local/lib/python3.12/site-packages/airflow/example_dags/example_branch_datetime_operator.py for tasks to queue
[2026-08-12T04:34:32.462+0000] {logging_mixin.py:190} INFO - [2026-08-12T04:34:32.462+0000] {dagbag.py:587} INFO - Filling up the DagBag from /home/airflow/.local/lib/python3.12/site-packages/airflow/example_dags/example_branch_datetime_operator.py
[2026-08-12T04:34:32.475+0000] {processor.py:925} INFO - DAG(s) 'example_branch_datetime_operator', 'example_branch_datetime_operator_3', 'example_branch_datetime_operator_2' retrieved from /home/airflow/.local/lib/python3.12/site-packages/airflow/example_dags/example_branch_datetime_operator.py
[2026-08-12T04:34:32.504+0000] {logging_mixin.py:190} INFO - [2026-08-12T04:34:32.504+0000] {dag.py:3211} INFO - Sync 3 DAGs
[2026-08-12T04:34:32.531+0000] {logging_mixin.py:190} INFO - [2026-08-12T04:34:32.530+0000] {dag.py:4138} INFO - Setting next_dagrun for example_branch_datetime_operator to 2026-08-11 00:00:00+00:00, run_after=2026-08-12 00:00:00+00:00
[2026-08-12T04:34:32.537+0000] {logging_mixin.py:190} INFO - [2026-08-12T04:34:32.537+0000] {dag.py:4138} INFO - Setting next_dagrun for example_branch_datetime_operator_2 to 2026-08-11 00:00:00+00:00, run_after=2026-08-12 00:00:00+00:00
[2026-08-12T04:34:32.540+0000] {logging_mixin.py:190} INFO - [2026-08-12T04:34:32.540+0000] {dag.py:4138} INFO - Setting next_dagrun for example_branch_datetime_operator_3 to 2026-08-11 00:00:00+00:00, run_after=2026-08-12 00:00:00+00:00
[2026-08-12T04:34:32.559+0000] {processor.py:208} INFO - Processing /home/airflow/.local/lib/python3.12/site-packages/airflow/example_dags/example_branch_datetime_operator.py took 0.110 seconds
[2026-08-12T04:35:02.825+0000] {processor.py:186} INFO - Started process (PID=453) to work on /home/airflow/.local/lib/python3.12/site-packages/airflow/example_dags/example_branch_datetime_operator.py
[2026-08-12T04:35:02.827+0000] {processor.py:914} INFO - Processing file /home/airflow/.local/lib/python3.12/site-packages/airflow/example_dags/example_branch_datetime_operator.py for tasks to queue
[2026-08-12T04:35:02.831+0000] {logging_mixin.py:190} INFO - [2026-08-12T04:35:02.830+0000] {dagbag.py:587} INFO - Filling up the DagBag from /home/airflow/.local/lib/python3.12/site-packages/airflow/example_dags/example_branch_datetime_operator.py
[2026-08-12T04:35:02.848+0000] {processor.py:925} INFO - DAG(s) 'example_branch_datetime_operator_3', 'example_branch_datetime_operator', 'example_branch_datetime_operator_2' retrieved from /home/airflow/.local/lib/python3.12/site-packages/airflow/example_dags/example_branch_datetime_operator.py
[2026-08-12T04:35:02.880+0000] {logging_mixin.py:190} INFO - [2026-08-12T04:35:02.879+0000] {dag.py:3211} INFO - Sync 3 DAGs
[2026-08-12T04:35:02.912+0000] {logging_mixin.py:190} INFO - [2026-08-12T04:35:02.912+0000] {dag.py:4138} INFO - Setting next_dagrun for example_branch_datetime_operator to 2026-08-11 00:00:00+00:00, run_after=2026-08-12 00:00:00+00:00
[2026-08-12T04:35:02.918+0000] {logging_mixin.py:190} INFO - [2026-08-12T04:35:02.918+0000] {dag.py:4138} INFO - Setting next_dagrun for example_branch_datetime_operator_2 to 2026-08-11 00:00:00+00:00, run_after=2026-08-12 00:00:00+00:00
[2026-08-12T04:35:02.921+0000] {logging_mixin.py:190} INFO - [2026-08-12T04:35:02.921+0000] {dag.py:4138} INFO - Setting next_dagrun for example_branch_datetime_operator_3 to 2026-08-11 00:00:00+00:00, run_after=2026-08-12 00:00:00+00:00
[2026-08-12T04:35:02.940+0000] {processor.py:208} INFO - Processing /home/airflow/.local/lib/python3.12/site-packages/airflow/example_dags/example_branch_datetime_operator.py took 0.123 seconds
[2026-08-12T04:35:33.201+0000] {processor.py:186} INFO - Started process (PID=515) to work on /home/airflow/.local/lib/python3.12/site-packages/airflow/example_dags/example_branch_datetime_operator.py
[2026-08-12T04:35:33.202+0000] {processor.py:914} INFO - Processing file /home/airflow/.local/lib/python3.12/site-packages/airflow/example_dags/example_branch_datetime_operator.py for tasks to queue
[2026-08-12T04:35:33.205+0000] {logging_mixin.py:190} INFO - [2026-08-12T04:35:33.204+0000] {dagbag.py:587} INFO - Filling up the DagBag from /home/airflow/.local/lib/python3.12/site-packages/airflow/example_dags/example_branch_datetime_operator.py
[2026-08-12T04:35:33.217+0000] {processor.py:925} INFO - DAG(s) 'example_branch_datetime_operator', 'example_branch_datetime_operator_2', 'example_branch_datetime_operator_3' retrieved from /home/airflow/.local/lib/python3.12/site-packages/airflow/example_dags/example_branch_datetime_operator.py
[2026-08-12T04:35:33.246+0000] {logging_mixin.py:190} INFO - [2026-08-12T04:35:33.245+0000] {dag.py:3211} INFO - Sync 3 DAGs
[2026-08-12T04:35:33.273+0000] {logging_mixin.py:190} INFO - [2026-08-12T04:35:33.272+0000] {dag.py:4138} INFO - Setting next_dagrun for example_branch_datetime_operator to 2026-08-11 00:00:00+00:00, run_after=2026-08-12 00:00:00+00:00
[2026-08-12T04:35:33.277+0000] {logging_mixin.py:190} INFO - [2026-08-12T04:35:33.277+0000] {dag.py:4138} INFO - Setting next_dagrun for example_branch_datetime_operator_2 to 2026-08-11 00:00:00+00:00, run_after=2026-08-12 00:00:00+00:00
[2026-08-12T04:35:33.281+0000] {logging_mixin.py:190} INFO - [2026-08-12T04:35:33.281+0000] {dag.py:4138} INFO - Setting next_dagrun for example_branch_datetime_operator_3 to 2026-08-11 00:00:00+00:00, run_after=2026-08-12 00:00:00+00:00
[2026-08-12T04:35:33.299+0000] {processor.py:208} INFO - Processing /home/airflow/.local/lib/python3.12/site-packages/airflow/example_dags/example_branch_datetime_operator.py took 0.104 seconds
[2026-08-12T04:36:03.502+0000] {processor.py:186} INFO - Started process (PID=577) to work on /home/airflow/.local/lib/python3.12/site-packages/airflow/example_dags/example_branch_datetime_operator.py
[2026-08-12T04:36:03.503+0000] {processor.py:914} INFO - Processing file /home/airflow/.local/lib/python3.12/site-packages/airflow/example_dags/example_branch_datetime_operator.py for tasks to queue
[2026-08-12T04:36:03.506+0000] {logging_mixin.py:190} INFO - [2026-08-12T04:36:03.506+0000] {dagbag.py:587} INFO - Filling up the DagBag from /home/airflow/.local/lib/python3.12/site-packages/airflow/example_dags/example_branch_datetime_operator.py
[2026-08-12T04:36:03.518+0000] {processor.py:925} INFO - DAG(s) 'example_branch_datetime_operator', 'example_branch_datetime_operator_3', 'example_branch_datetime_operator_2' retrieved from /home/airflow/.local/lib/python3.12/site-packages/airflow/example_dags/example_branch_datetime_operator.py
[2026-08-12T04:36:03.548+0000] {logging_mixin.py:190} INFO - [2026-08-12T04:36:03.547+0000] {dag.py:3211} INFO - Sync 3 DAGs
[2026-08-12T04:36:03.576+0000] {logging_mixin.py:190} INFO - [2026-08-12T04:36:03.576+0000] {dag.py:4138} INFO - Setting next_dagrun for example_branch_datetime_operator to 2026-08-11 00:00:00+00:00, run_after=2026-08-12 00:00:00+00:00
[2026-08-12T04:36:03.582+0000] {logging_mixin.py:190} INFO - [2026-08-12T04:36:03.581+0000] {dag.py:4138} INFO - Setting next_dagrun for example_branch_datetime_operator_2 to 2026-08-11 00:00:00+00:00, run_after=2026-08-12 00:00:00+00:00
[2026-08-12T04:36:03.585+0000] {logging_mixin.py:190} INFO - [2026-08-12T04:36:03.585+0000] {dag.py:4138} INFO - Setting next_dagrun for example_branch_datetime_operator_3 to 2026-08-11 00:00:00+00:00, run_after=2026-08-12 00:00:00+00:00
[2026-08-12T04:36:03.603+0000] {processor.py:208} INFO - Processing /home/airflow/.local/lib/python3.12/site-packages/airflow/example_dags/example_branch_datetime_operator.py took 0.107 seconds
[2026-08-12T04:36:34.245+0000] {processor.py:186} INFO - Started process (PID=639) to work on /home/airflow/.local/lib/python3.12/site-packages/airflow/example_dags/example_branch_datetime_operator.py
[2026-08-12T04:36:34.247+0000] {processor.py:914} INFO - Processing file /home/airflow/.local/lib/python3.12/site-packages/airflow/example_dags/example_branch_datetime_operator.py for tasks to queue
[2026-08-12T04:36:34.249+0000] {logging_mixin.py:190} INFO - [2026-08-12T04:36:34.249+0000] {dagbag.py:587} INFO - Filling up the DagBag from /home/airflow/.local/lib/python3.12/site-packages/airflow/example_dags/example_branch_datetime_operator.py
[2026-08-12T04:36:34.261+0000] {processor.py:925} INFO - DAG(s) 'example_branch_datetime_operator', 'example_branch_datetime_operator_2', 'example_branch_datetime_operator_3' retrieved from /home/airflow/.local/lib/python3.12/site-packages/airflow/example_dags/example_branch_datetime_operator.py
[2026-08-12T04:36:34.288+0000] {logging_mixin.py:190} INFO - [2026-08-12T04:36:34.288+0000] {dag.py:3211} INFO - Sync 3 DAGs
[2026-08-12T04:36:34.316+0000] {logging_mixin.py:190} INFO - [2026-08-12T04:36:34.315+0000] {dag.py:4138} INFO - Setting next_dagrun for example_branch_datetime_operator to 2026-08-11 00:00:00+00:00, run_after=2026-08-12 00:00:00+00:00
[2026-08-12T04:36:34.322+0000] {logging_mixin.py:190} INFO - [2026-08-12T04:36:34.321+0000] {dag.py:4138} INFO - Setting next_dagrun for example_branch_datetime_operator_2 to 2026-08-11 00:00:00+00:00, run_after=2026-08-12 00:00:00+00:00
[2026-08-12T04:36:34.325+0000] {logging_mixin.py:190} INFO - [2026-08-12T04:36:34.325+0000] {dag.py:4138} INFO - Setting next_dagrun for example_branch_datetime_operator_3 to 2026-08-11 00:00:00+00:00, run_after=2026-08-12 00:00:00+00:00
[2026-08-12T04:36:34.344+0000] {processor.py:208} INFO - Processing /home/airflow/.local/lib/python3.12/site-packages/airflow/example_dags/example_branch_datetime_operator.py took 0.106 seconds
[2026-08-12T04:37:04.826+0000] {processor.py:186} INFO - Started process (PID=701) to work on /home/airflow/.local/lib/python3.12/site-packages/airflow/example_dags/example_branch_datetime_operator.py
[2026-08-12T04:37:04.828+0000] {processor.py:914} INFO - Processing file /home/airflow/.local/lib/python3.12/site-packages/airflow/example_dags/example_branch_datetime_operator.py for tasks to queue
[2026-08-12T04:37:04.832+0000] {logging_mixin.py:190} INFO - [2026-08-12T04:37:04.831+0000] {dagbag.py:587} INFO - Filling up the DagBag from /home/airflow/.local/lib/python3.12/site-packages/airflow/example_dags/example_branch_datetime_operator.py
[2026-08-12T04:37:04.847+0000] {processor.py:925} INFO - DAG(s) 'example_branch_datetime_operator_2', 'example_branch_datetime_operator', 'example_branch_datetime_operator_3' retrieved from /home/airflow/.local/lib/python3.12/site-packages/airflow/example_dags/example_branch_datetime_operator.py
[2026-08-12T04:37:04.893+0000] {logging_mixin.py:190} INFO - [2026-08-12T04:37:04.893+0000] {dag.py:3211} INFO - Sync 3 DAGs
[2026-08-12T04:37:04.922+0000] {logging_mixin.py:190} INFO - [2026-08-12T04:37:04.922+0000] {dag.py:4138} INFO - Setting next_dagrun for example_branch_datetime_operator to 2026-08-11 00:00:00+00:00, run_after=2026-08-12 00:00:00+00:00
[2026-08-12T04:37:04.928+0000] {logging_mixin.py:190} INFO - [2026-08-12T04:37:04.927+0000] {dag.py:4138} INFO - Setting next_dagrun for example_branch_datetime_operator_2 to 2026-08-11 00:00:00+00:00, run_after=2026-08-12 00:00:00+00:00
[2026-08-12T04:37:04.931+0000] {logging_mixin.py:190} INFO - [2026-08-12T04:37:04.931+0000] {dag.py:4138} INFO - Setting next_dagrun for example_branch_datetime_operator_3 to 2026-08-11 00:00:00+00:00, run_after=2026-08-12 00:00:00+00:00
[2026-08-12T04:37:04.953+0000] {processor.py:208} INFO - Processing /home/airflow/.local/lib/python3.12/site-packages/airflow/example_dags/example_branch_datetime_operator.py took 0.133 seconds
[2026-08-12T04:37:35.107+0000] {processor.py:186} INFO - Started process (PID=763) to work on /home/airflow/.local/lib/python3.12/site-packages/airflow/example_dags/example_branch_datetime_operator.py
[2026-08-12T04:37:35.110+0000] {processor.py:914} INFO - Processing file /home/airflow/.local/lib/python3.12/site-packages/airflow/example_dags/example_branch_datetime_operator.py for tasks to queue
[2026-08-12T04:37:35.114+0000] {logging_mixin.py:190} INFO - [2026-08-12T04:37:35.113+0000] {dagbag.py:587} INFO - Filling up the DagBag from /home/airflow/.local/lib/python3.12/site-packages/airflow/example_dags/example_branch_datetime_operator.py
[2026-08-12T04:37:35.133+0000] {processor.py:925} INFO - DAG(s) 'example_branch_datetime_operator_3', 'example_branch_datetime_operator_2', 'example_branch_datetime_operator' retrieved from /home/airflow/.local/lib/python3.12/site-packages/airflow/example_dags/example_branch_datetime_operator.py
[2026-08-12T04:37:35.181+0000] {logging_mixin.py:190} INFO - [2026-08-12T04:37:35.180+0000] {dag.py:3211} INFO - Sync 3 DAGs
[2026-08-12T04:37:35.210+0000] {logging_mixin.py:190} INFO - [2026-08-12T04:37:35.209+0000] {dag.py:4138} INFO - Setting next_dagrun for example_branch_datetime_operator to 2026-08-11 00:00:00+00:00, run_after=2026-08-12 00:00:00+00:00
[2026-08-12T04:37:35.218+0000] {logging_mixin.py:190} INFO - [2026-08-12T04:37:35.217+0000] {dag.py:4138} INFO - Setting next_dagrun for example_branch_datetime_operator_2 to 2026-08-11 00:00:00+00:00, run_after=2026-08-12 00:00:00+00:00
[2026-08-12T04:37:35.221+0000] {logging_mixin.py:190} INFO - [2026-08-12T04:37:35.221+0000] {dag.py:4138} INFO - Setting next_dagrun for example_branch_datetime_operator_3 to 2026-08-11 00:00:00+00:00, run_after=2026-08-12 00:00:00+00:00
[2026-08-12T04:37:35.256+0000] {processor.py:208} INFO - Processing /home/airflow/.local/lib/python3.12/site-packages/airflow/example_dags/example_branch_datetime_operator.py took 0.157 seconds
[2026-08-12T04:38:05.903+0000] {processor.py:186} INFO - Started process (PID=825) to work on /home/airflow/.local/lib/python3.12/site-packages/airflow/example_dags/example_branch_datetime_operator.py
[2026-08-12T04:38:05.912+0000] {processor.py:914} INFO - Processing file /home/airflow/.local/lib/python3.12/site-packages/airflow/example_dags/example_branch_datetime_operator.py for tasks to queue
[2026-08-12T04:38:05.921+0000] {logging_mixin.py:190} INFO - [2026-08-12T04:38:05.921+0000] {dagbag.py:587} INFO - Filling up the DagBag from /home/airflow/.local/lib/python3.12/site-packages/airflow/example_dags/example_branch_datetime_operator.py
[2026-08-12T04:38:05.936+0000] {processor.py:925} INFO - DAG(s) 'example_branch_datetime_operator_2', 'example_branch_datetime_operator', 'example_branch_datetime_operator_3' retrieved from /home/airflow/.local/lib/python3.12/site-packages/airflow/example_dags/example_branch_datetime_operator.py
[2026-08-12T04:38:05.970+0000] {logging_mixin.py:190} INFO - [2026-08-12T04:38:05.969+0000] {dag.py:3211} INFO - Sync 3 DAGs
[2026-08-12T04:38:06.011+0000] {logging_mixin.py:190} INFO - [2026-08-12T04:38:06.011+0000] {dag.py:4138} INFO - Setting next_dagrun for example_branch_datetime_operator to 2026-08-11 00:00:00+00:00, run_after=2026-08-12 00:00:00+00:00
[2026-08-12T04:38:06.017+0000] {logging_mixin.py:190} INFO - [2026-08-12T04:38:06.017+0000] {dag.py:4138} INFO - Setting next_dagrun for example_branch_datetime_operator_2 to 2026-08-11 00:00:00+00:00, run_after=2026-08-12 00:00:00+00:00
[2026-08-12T04:38:06.020+0000] {logging_mixin.py:190} INFO - [2026-08-12T04:38:06.020+0000] {dag.py:4138} INFO - Setting next_dagrun for example_branch_datetime_operator_3 to 2026-08-11 00:00:00+00:00, run_after=2026-08-12 00:00:00+00:00
[2026-08-12T04:38:06.043+0000] {processor.py:208} INFO - Processing /home/airflow/.local/lib/python3.12/site-packages/airflow/example_dags/example_branch_datetime_operator.py took 0.146 seconds
[2026-08-12T04:38:36.762+0000] {processor.py:186} INFO - Started process (PID=887) to work on /home/airflow/.local/lib/python3.12/site-packages/airflow/example_dags/example_branch_datetime_operator.py
[2026-08-12T04:38:36.763+0000] {processor.py:914} INFO - Processing file /home/airflow/.local/lib/python3.12/site-packages/airflow/example_dags/example_branch_datetime_operator.py for tasks to queue
[2026-08-12T04:38:36.767+0000] {logging_mixin.py:190} INFO - [2026-08-12T04:38:36.767+0000] {dagbag.py:587} INFO - Filling up the DagBag from /home/airflow/.local/lib/python3.12/site-packages/airflow/example_dags/example_branch_datetime_operator.py
[2026-08-12T04:38:36.779+0000] {processor.py:925} INFO - DAG(s) 'example_branch_datetime_operator_2', 'example_branch_datetime_operator_3', 'example_branch_datetime_operator' retrieved from /home/airflow/.local/lib/python3.12/site-packages/airflow/example_dags/example_branch_datetime_operator.py
[2026-08-12T04:38:36.809+0000] {logging_mixin.py:190} INFO - [2026-08-12T04:38:36.809+0000] {dag.py:3211} INFO - Sync 3 DAGs
[2026-08-12T04:38:36.852+0000] {logging_mixin.py:190} INFO - [2026-08-12T04:38:36.852+0000] {dag.py:4138} INFO - Setting next_dagrun for example_branch_datetime_operator to 2026-08-11 00:00:00+00:00, run_after=2026-08-12 00:00:00+00:00
[2026-08-12T04:38:36.858+0000] {logging_mixin.py:190} INFO - [2026-08-12T04:38:36.858+0000] {dag.py:4138} INFO - Setting next_dagrun for example_branch_datetime_operator_2 to 2026-08-11 00:00:00+00:00, run_after=2026-08-12 00:00:00+00:00
[2026-08-12T04:38:36.861+0000] {logging_mixin.py:190} INFO - [2026-08-12T04:38:36.860+0000] {dag.py:4138} INFO - Setting next_dagrun for example_branch_datetime_operator_3 to 2026-08-11 00:00:00+00:00, run_after=2026-08-12 00:00:00+00:00
[2026-08-12T04:38:36.879+0000] {processor.py:208} INFO - Processing /home/airflow/.local/lib/python3.12/site-packages/airflow/example_dags/example_branch_datetime_operator.py took 0.123 seconds
[2026-08-12T04:39:07.626+0000] {processor.py:186} INFO - Started process (PID=949) to work on /home/airflow/.local/lib/python3.12/site-packages/airflow/example_dags/example_branch_datetime_operator.py
[2026-08-12T04:39:07.628+0000] {processor.py:914} INFO - Processing file /home/airflow/.local/lib/python3.12/site-packages/airflow/example_dags/example_branch_datetime_operator.py for tasks to queue
[2026-08-12T04:39:07.637+0000] {logging_mixin.py:190} INFO - [2026-08-12T04:39:07.636+0000] {dagbag.py:587} INFO - Filling up the DagBag from /home/airflow/.local/lib/python3.12/site-packages/airflow/example_dags/example_branch_datetime_operator.py
[2026-08-12T04:39:07.666+0000] {processor.py:925} INFO - DAG(s) 'example_branch_datetime_operator_3', 'example_branch_datetime_operator_2', 'example_branch_datetime_operator' retrieved from /home/airflow/.local/lib/python3.12/site-packages/airflow/example_dags/example_branch_datetime_operator.py
[2026-08-12T04:39:07.710+0000] {logging_mixin.py:190} INFO - [2026-08-12T04:39:07.710+0000] {dag.py:3211} INFO - Sync 3 DAGs
[2026-08-12T04:39:07.739+0000] {logging_mixin.py:190} INFO - [2026-08-12T04:39:07.739+0000] {dag.py:4138} INFO - Setting next_dagrun for example_branch_datetime_operator to 2026-08-11 00:00:00+00:00, run_after=2026-08-12 00:00:00+00:00
[2026-08-12T04:39:07.746+0000] {logging_mixin.py:190} INFO - [2026-08-12T04:39:07.745+0000] {dag.py:4138} INFO - Setting next_dagrun for example_branch_datetime_operator_2 to 2026-08-11 00:00:00+00:00, run_after=2026-08-12 00:00:00+00:00
[2026-08-12T04:39:07.750+0000] {logging_mixin.py:190} INFO - [2026-08-12T04:39:07.749+0000] {dag.py:4138} INFO - Setting next_dagrun for example_branch_datetime_operator_3 to 2026-08-11 00:00:00+00:00, run_after=2026-08-12 00:00:00+00:00
[2026-08-12T04:39:07.783+0000] {processor.py:208} INFO - Processing /home/airflow/.local/lib/python3.12/site-packages/airflow/example_dags/example_branch_datetime_operator.py took 0.164 seconds
[2026-08-12T04:39:38.596+0000] {processor.py:186} INFO - Started process (PID=1011) to work on /home/airflow/.local/lib/python3.12/site-packages/airflow/example_dags/example_branch_datetime_operator.py
[2026-08-12T04:39:38.597+0000] {processor.py:914} INFO - Processing file /home/airflow/.local/lib/python3.12/site-packages/airflow/example_dags/example_branch_datetime_operator.py for tasks to queue
[2026-08-12T04:39:38.635+0000] {logging_mixin.py:190} INFO - [2026-08-12T04:39:38.634+0000] {dagbag.py:587} INFO - Filling up the DagBag from /home/airflow/.local/lib/python3.12/site-packages/airflow/example_dags/example_branch_datetime_operator.py
[2026-08-12T04:39:38.664+0000] {processor.py:925} INFO - DAG(s) 'example_branch_datetime_operator_2', 'example_branch_datetime_operator_3', 'example_branch_datetime_operator' retrieved from /home/airflow/.local/lib/python3.12/site-packages/airflow/example_dags/example_branch_datetime_operator.py
[2026-08-12T04:39:38.709+0000] {logging_mixin.py:190} INFO - [2026-08-12T04:39:38.709+0000] {dag.py:3211} INFO - Sync 3 DAGs
[2026-08-12T04:39:38.738+0000] {logging_mixin.py:190} INFO - [2026-08-12T04:39:38.738+0000] {dag.py:4138} INFO - Setting next_dagrun for example_branch_datetime_operator to 2026-08-11 00:00:00+00:00, run_after=2026-08-12 00:00:00+00:00
[2026-08-12T04:39:38.745+0000] {logging_mixin.py:190} INFO - [2026-08-12T04:39:38.744+0000] {dag.py:4138} INFO - Setting next_dagrun for example_branch_datetime_operator_2 to 2026-08-11 00:00:00+00:00, run_after=2026-08-12 00:00:00+00:00
[2026-08-12T04:39:38.748+0000] {logging_mixin.py:190} INFO - [2026-08-12T04:39:38.747+0000] {dag.py:4138} INFO - Setting next_dagrun for example_branch_datetime_operator_3 to 2026-08-11 00:00:00+00:00, run_after=2026-08-12 00:00:00+00:00
[2026-08-12T04:39:38.766+0000] {processor.py:208} INFO - Processing /home/airflow/.local/lib/python3.12/site-packages/airflow/example_dags/example_branch_datetime_operator.py took 0.180 seconds
[2026-08-12T04:40:08.895+0000] {processor.py:186} INFO - Started process (PID=1073) to work on /home/airflow/.local/lib/python3.12/site-packages/airflow/example_dags/example_branch_datetime_operator.py
[2026-08-12T04:40:08.897+0000] {processor.py:914} INFO - Processing file /home/airflow/.local/lib/python3.12/site-packages/airflow/example_dags/example_branch_datetime_operator.py for tasks to queue
[2026-08-12T04:40:08.901+0000] {logging_mixin.py:190} INFO - [2026-08-12T04:40:08.901+0000] {dagbag.py:587} INFO - Filling up the DagBag from /home/airflow/.local/lib/python3.12/site-packages/airflow/example_dags/example_branch_datetime_operator.py
[2026-08-12T04:40:08.916+0000] {processor.py:925} INFO - DAG(s) 'example_branch_datetime_operator_2', 'example_branch_datetime_operator_3', 'example_branch_datetime_operator' retrieved from /home/airflow/.local/lib/python3.12/site-packages/airflow/example_dags/example_branch_datetime_operator.py
[2026-08-12T04:40:08.964+0000] {logging_mixin.py:190} INFO - [2026-08-12T04:40:08.963+0000] {dag.py:3211} INFO - Sync 3 DAGs
[2026-08-12T04:40:09.008+0000] {logging_mixin.py:190} INFO - [2026-08-12T04:40:09.007+0000] {dag.py:4138} INFO - Setting next_dagrun for example_branch_datetime_operator to 2026-08-11 00:00:00+00:00, run_after=2026-08-12 00:00:00+00:00
[2026-08-12T04:40:09.013+0000] {logging_mixin.py:190} INFO - [2026-08-12T04:40:09.013+0000] {dag.py:4138} INFO - Setting next_dagrun for example_branch_datetime_operator_2 to 2026-08-11 00:00:00+00:00, run_after=2026-08-12 00:00:00+00:00
[2026-08-12T04:40:09.017+0000] {logging_mixin.py:190} INFO - [2026-08-12T04:40:09.016+0000] {dag.py:4138} INFO - Setting next_dagrun for example_branch_datetime_operator_3 to 2026-08-11 00:00:00+00:00, run_after=2026-08-12 00:00:00+00:00
[2026-08-12T04:40:09.049+0000] {processor.py:208} INFO - Processing /home/airflow/.local/lib/python3.12/site-packages/airflow/example_dags/example_branch_datetime_operator.py took 0.162 seconds
[2026-08-12T04:40:39.857+0000] {processor.py:186} INFO - Started process (PID=1135) to work on /home/airflow/.local/lib/python3.12/site-packages/airflow/example_dags/example_branch_datetime_operator.py
[2026-08-12T04:40:39.859+0000] {processor.py:914} INFO - Processing file /home/airflow/.local/lib/python3.12/site-packages/airflow/example_dags/example_branch_datetime_operator.py for tasks to queue
[2026-08-12T04:40:39.861+0000] {logging_mixin.py:190} INFO - [2026-08-12T04:40:39.861+0000] {dagbag.py:587} INFO - Filling up the DagBag from /home/airflow/.local/lib/python3.12/site-packages/airflow/example_dags/example_branch_datetime_operator.py
[2026-08-12T04:40:39.874+0000] {processor.py:925} INFO - DAG(s) 'example_branch_datetime_operator_2', 'example_branch_datetime_operator', 'example_branch_datetime_operator_3' retrieved from /home/airflow/.local/lib/python3.12/site-packages/airflow/example_dags/example_branch_datetime_operator.py
[2026-08-12T04:40:39.904+0000] {logging_mixin.py:190} INFO - [2026-08-12T04:40:39.904+0000] {dag.py:3211} INFO - Sync 3 DAGs
[2026-08-12T04:40:39.930+0000] {logging_mixin.py:190} INFO - [2026-08-12T04:40:39.930+0000] {dag.py:4138} INFO - Setting next_dagrun for example_branch_datetime_operator to 2026-08-11 00:00:00+00:00, run_after=2026-08-12 00:00:00+00:00
[2026-08-12T04:40:39.936+0000] {logging_mixin.py:190} INFO - [2026-08-12T04:40:39.936+0000] {dag.py:4138} INFO - Setting next_dagrun for example_branch_datetime_operator_2 to 2026-08-11 00:00:00+00:00, run_after=2026-08-12 00:00:00+00:00
[2026-08-12T04:40:39.939+0000] {logging_mixin.py:190} INFO - [2026-08-12T04:40:39.939+0000] {dag.py:4138} INFO - Setting next_dagrun for example_branch_datetime_operator_3 to 2026-08-11 00:00:00+00:00, run_after=2026-08-12 00:00:00+00:00
[2026-08-12T04:40:39.957+0000] {processor.py:208} INFO - Processing /home/airflow/.local/lib/python3.12/site-packages/airflow/example_dags/example_branch_datetime_operator.py took 0.106 seconds
[2026-08-12T04:41:10.310+0000] {processor.py:186} INFO - Started process (PID=1197) to work on /home/airflow/.local/lib/python3.12/site-packages/airflow/example_dags/example_branch_datetime_operator.py
[2026-08-12T04:41:10.312+0000] {processor.py:914} INFO - Processing file /home/airflow/.local/lib/python3.12/site-packages/airflow/example_dags/example_branch_datetime_operator.py for tasks to queue
[2026-08-12T04:41:10.314+0000] {logging_mixin.py:190} INFO - [2026-08-12T04:41:10.314+0000] {dagbag.py:587} INFO - Filling up the DagBag from /home/airflow/.local/lib/python3.12/site-packages/airflow/example_dags/example_branch_datetime_operator.py
[2026-08-12T04:41:10.327+0000] {processor.py:925} INFO - DAG(s) 'example_branch_datetime_operator', 'example_branch_datetime_operator_3', 'example_branch_datetime_operator_2' retrieved from /home/airflow/.local/lib/python3.12/site-packages/airflow/example_dags/example_branch_datetime_operator.py
[2026-08-12T04:41:10.354+0000] {logging_mixin.py:190} INFO - [2026-08-12T04:41:10.354+0000] {dag.py:3211} INFO - Sync 3 DAGs
[2026-08-12T04:41:10.380+0000] {logging_mixin.py:190} INFO - [2026-08-12T04:41:10.380+0000] {dag.py:4138} INFO - Setting next_dagrun for example_branch_datetime_operator to 2026-08-11 00:00:00+00:00, run_after=2026-08-12 00:00:00+00:00
[2026-08-12T04:41:10.386+0000] {logging_mixin.py:190} INFO - [2026-08-12T04:41:10.385+0000] {dag.py:4138} INFO - Setting next_dagrun for example_branch_datetime_operator_2 to 2026-08-11 00:00:00+00:00, run_after=2026-08-12 00:00:00+00:00
[2026-08-12T04:41:10.389+0000] {logging_mixin.py:190} INFO - [2026-08-12T04:41:10.388+0000] {dag.py:4138} INFO - Setting next_dagrun for example_branch_datetime_operator_3 to 2026-08-11 00:00:00+00:00, run_after=2026-08-12 00:00:00+00:00
[2026-08-12T04:41:10.405+0000] {processor.py:208} INFO - Processing /home/airflow/.local/lib/python3.12/site-packages/airflow/example_dags/example_branch_datetime_operator.py took 0.103 seconds
[2026-08-12T04:41:41.032+0000] {processor.py:186} INFO - Started process (PID=1259) to work on /home/airflow/.local/lib/python3.12/site-packages/airflow/example_dags/example_branch_datetime_operator.py
[2026-08-12T04:41:41.034+0000] {processor.py:914} INFO - Processing file /home/airflow/.local/lib/python3.12/site-packages/airflow/example_dags/example_branch_datetime_operator.py for tasks to queue
[2026-08-12T04:41:41.037+0000] {logging_mixin.py:190} INFO - [2026-08-12T04:41:41.037+0000] {dagbag.py:587} INFO - Filling up the DagBag from /home/airflow/.local/lib/python3.12/site-packages/airflow/example_dags/example_branch_datetime_operator.py
[2026-08-12T04:41:41.048+0000] {processor.py:925} INFO - DAG(s) 'example_branch_datetime_operator', 'example_branch_datetime_operator_2', 'example_branch_datetime_operator_3' retrieved from /home/airflow/.local/lib/python3.12/site-packages/airflow/example_dags/example_branch_datetime_operator.py
[2026-08-12T04:41:41.077+0000] {logging_mixin.py:190} INFO - [2026-08-12T04:41:41.077+0000] {dag.py:3211} INFO - Sync 3 DAGs
[2026-08-12T04:41:41.101+0000] {logging_mixin.py:190} INFO - [2026-08-12T04:41:41.101+0000] {dag.py:4138} INFO - Setting next_dagrun for example_branch_datetime_operator to 2026-08-11 00:00:00+00:00, run_after=2026-08-12 00:00:00+00:00
[2026-08-12T04:41:41.108+0000] {logging_mixin.py:190} INFO - [2026-08-12T04:41:41.107+0000] {dag.py:4138} INFO - Setting next_dagrun for example_branch_datetime_operator_2 to 2026-08-11 00:00:00+00:00, run_after=2026-08-12 00:00:00+00:00
[2026-08-12T04:41:41.111+0000] {logging_mixin.py:190} INFO - [2026-08-12T04:41:41.110+0000] {dag.py:4138} INFO - Setting next_dagrun for example_branch_datetime_operator_3 to 2026-08-11 00:00:00+00:00, run_after=2026-08-12 00:00:00+00:00
[2026-08-12T04:41:41.130+0000] {processor.py:208} INFO - Processing /home/airflow/.local/lib/python3.12/site-packages/airflow/example_dags/example_branch_datetime_operator.py took 0.103 seconds
[2026-08-12T04:42:11.380+0000] {processor.py:186} INFO - Started process (PID=1321) to work on /home/airflow/.local/lib/python3.12/site-packages/airflow/example_dags/example_branch_datetime_operator.py
[2026-08-12T04:42:11.382+0000] {processor.py:914} INFO - Processing file /home/airflow/.local/lib/python3.12/site-packages/airflow/example_dags/example_branch_datetime_operator.py for tasks to queue
[2026-08-12T04:42:11.385+0000] {logging_mixin.py:190} INFO - [2026-08-12T04:42:11.385+0000] {dagbag.py:587} INFO - Filling up the DagBag from /home/airflow/.local/lib/python3.12/site-packages/airflow/example_dags/example_branch_datetime_operator.py
[2026-08-12T04:42:11.398+0000] {processor.py:925} INFO - DAG(s) 'example_branch_datetime_operator_3', 'example_branch_datetime_operator_2', 'example_branch_datetime_operator' retrieved from /home/airflow/.local/lib/python3.12/site-packages/airflow/example_dags/example_branch_datetime_operator.py
[2026-08-12T04:42:11.426+0000] {logging_mixin.py:190} INFO - [2026-08-12T04:42:11.425+0000] {dag.py:3211} INFO - Sync 3 DAGs
[2026-08-12T04:42:11.451+0000] {logging_mixin.py:190} INFO - [2026-08-12T04:42:11.450+0000] {dag.py:4138} INFO - Setting next_dagrun for example_branch_datetime_operator to 2026-08-11 00:00:00+00:00, run_after=2026-08-12 00:00:00+00:00
[2026-08-12T04:42:11.458+0000] {logging_mixin.py:190} INFO - [2026-08-12T04:42:11.457+0000] {dag.py:4138} INFO - Setting next_dagrun for example_branch_datetime_operator_2 to 2026-08-11 00:00:00+00:00, run_after=2026-08-12 00:00:00+00:00
[2026-08-12T04:42:11.461+0000] {logging_mixin.py:190} INFO - [2026-08-12T04:42:11.461+0000] {dag.py:4138} INFO - Setting next_dagrun for example_branch_datetime_operator_3 to 2026-08-11 00:00:00+00:00, run_after=2026-08-12 00:00:00+00:00
[2026-08-12T04:42:11.483+0000] {processor.py:208} INFO - Processing /home/airflow/.local/lib/python3.12/site-packages/airflow/example_dags/example_branch_datetime_operator.py took 0.111 seconds
[2026-08-12T04:42:42.240+0000] {processor.py:186} INFO - Started process (PID=1383) to work on /home/airflow/.local/lib/python3.12/site-packages/airflow/example_dags/example_branch_datetime_operator.py
[2026-08-12T04:42:42.241+0000] {processor.py:914} INFO - Processing file /home/airflow/.local/lib/python3.12/site-packages/airflow/example_dags/example_branch_datetime_operator.py for tasks to queue
[2026-08-12T04:42:42.246+0000] {logging_mixin.py:190} INFO - [2026-08-12T04:42:42.245+0000] {dagbag.py:587} INFO - Filling up the DagBag from /home/airflow/.local/lib/python3.12/site-packages/airflow/example_dags/example_branch_datetime_operator.py
[2026-08-12T04:42:42.258+0000] {processor.py:925} INFO - DAG(s) 'example_branch_datetime_operator_3', 'example_branch_datetime_operator', 'example_branch_datetime_operator_2' retrieved from /home/airflow/.local/lib/python3.12/site-packages/airflow/example_dags/example_branch_datetime_operator.py
[2026-08-12T04:42:42.288+0000] {logging_mixin.py:190} INFO - [2026-08-12T04:42:42.288+0000] {dag.py:3211} INFO - Sync 3 DAGs
[2026-08-12T04:42:42.314+0000] {logging_mixin.py:190} INFO - [2026-08-12T04:42:42.314+0000] {dag.py:4138} INFO - Setting next_dagrun for example_branch_datetime_operator to 2026-08-11 00:00:00+00:00, run_after=2026-08-12 00:00:00+00:00
[2026-08-12T04:42:42.319+0000] {logging_mixin.py:190} INFO - [2026-08-12T04:42:42.319+0000] {dag.py:4138} INFO - Setting next_dagrun for example_branch_datetime_operator_2 to 2026-08-11 00:00:00+00:00, run_after=2026-08-12 00:00:00+00:00
[2026-08-12T04:42:42.322+0000] {logging_mixin.py:190} INFO - [2026-08-12T04:42:42.322+0000] {dag.py:4138} INFO - Setting next_dagrun for example_branch_datetime_operator_3 to 2026-08-11 00:00:00+00:00, run_after=2026-08-12 00:00:00+00:00
[2026-08-12T04:42:42.342+0000] {processor.py:208} INFO - Processing /home/airflow/.local/lib/python3.12/site-packages/airflow/example_dags/example_branch_datetime_operator.py took 0.108 seconds
[2026-08-12T04:43:12.599+0000] {processor.py:186} INFO - Started process (PID=1445) to work on /home/airflow/.local/lib/python3.12/site-packages/airflow/example_dags/example_branch_datetime_operator.py
[2026-08-12T04:43:12.600+0000] {processor.py:914} INFO - Processing file /home/airflow/.local/lib/python3.12/site-packages/airflow/example_dags/example_branch_datetime_operator.py for tasks to queue
[2026-08-12T04:43:12.605+0000] {logging_mixin.py:190} INFO - [2026-08-12T04:43:12.604+0000] {dagbag.py:587} INFO - Filling up the DagBag from /home/airflow/.local/lib/python3.12/site-packages/airflow/example_dags/example_branch_datetime_operator.py
[2026-08-12T04:43:12.635+0000] {processor.py:925} INFO - DAG(s) 'example_branch_datetime_operator_2', 'example_branch_datetime_operator_3', 'example_branch_datetime_operator' retrieved from /home/airflow/.local/lib/python3.12/site-packages/airflow/example_dags/example_branch_datetime_operator.py
[2026-08-12T04:43:12.672+0000] {logging_mixin.py:190} INFO - [2026-08-12T04:43:12.672+0000] {dag.py:3211} INFO - Sync 3 DAGs
[2026-08-12T04:43:12.702+0000] {logging_mixin.py:190} INFO - [2026-08-12T04:43:12.702+0000] {dag.py:4138} INFO - Setting next_dagrun for example_branch_datetime_operator to 2026-08-11 00:00:00+00:00, run_after=2026-08-12 00:00:00+00:00
[2026-08-12T04:43:12.707+0000] {logging_mixin.py:190} INFO - [2026-08-12T04:43:12.707+0000] {dag.py:4138} INFO - Setting next_dagrun for example_branch_datetime_operator_2 to 2026-08-11 00:00:00+00:00, run_after=2026-08-12 00:00:00+00:00
[2026-08-12T04:43:12.710+0000] {logging_mixin.py:190} INFO - [2026-08-12T04:43:12.710+0000] {dag.py:4138} INFO - Setting next_dagrun for example_branch_datetime_operator_3 to 2026-08-11 00:00:00+00:00, run_after=2026-08-12 00:00:00+00:00
[2026-08-12T04:43:12.728+0000] {processor.py:208} INFO - Processing /home/airflow/.local/lib/python3.12/site-packages/airflow/example_dags/example_branch_datetime_operator.py took 0.137 seconds
[2026-08-12T04:43:43.085+0000] {processor.py:186} INFO - Started process (PID=1507) to work on /home/airflow/.local/lib/python3.12/site-packages/airflow/example_dags/example_branch_datetime_operator.py
[2026-08-12T04:43:43.087+0000] {processor.py:914} INFO - Processing file /home/airflow/.local/lib/python3.12/site-packages/airflow/example_dags/example_branch_datetime_operator.py for tasks to queue
[2026-08-12T04:43:43.090+0000] {logging_mixin.py:190} INFO - [2026-08-12T04:43:43.089+0000] {dagbag.py:587} INFO - Filling up the DagBag from /home/airflow/.local/lib/python3.12/site-packages/airflow/example_dags/example_branch_datetime_operator.py
[2026-08-12T04:43:43.104+0000] {processor.py:925} INFO - DAG(s) 'example_branch_datetime_operator', 'example_branch_datetime_operator_2', 'example_branch_datetime_operator_3' retrieved from /home/airflow/.local/lib/python3.12/site-packages/airflow/example_dags/example_branch_datetime_operator.py
[2026-08-12T04:43:43.140+0000] {logging_mixin.py:190} INFO - [2026-08-12T04:43:43.140+0000] {dag.py:3211} INFO - Sync 3 DAGs
[2026-08-12T04:43:43.172+0000] {logging_mixin.py:190} INFO - [2026-08-12T04:43:43.172+0000] {dag.py:4138} INFO - Setting next_dagrun for example_branch_datetime_operator to 2026-08-11 00:00:00+00:00, run_after=2026-08-12 00:00:00+00:00
[2026-08-12T04:43:43.183+0000] {logging_mixin.py:190} INFO - [2026-08-12T04:43:43.182+0000] {dag.py:4138} INFO - Setting next_dagrun for example_branch_datetime_operator_2 to 2026-08-11 00:00:00+00:00, run_after=2026-08-12 00:00:00+00:00
[2026-08-12T04:43:43.187+0000] {logging_mixin.py:190} INFO - [2026-08-12T04:43:43.187+0000] {dag.py:4138} INFO - Setting next_dagrun for example_branch_datetime_operator_3 to 2026-08-11 00:00:00+00:00, run_after=2026-08-12 00:00:00+00:00
[2026-08-12T04:43:43.208+0000] {processor.py:208} INFO - Processing /home/airflow/.local/lib/python3.12/site-packages/airflow/example_dags/example_branch_datetime_operator.py took 0.130 seconds
[2026-08-12T04:44:13.654+0000] {processor.py:186} INFO - Started process (PID=1569) to work on /home/airflow/.local/lib/python3.12/site-packages/airflow/example_dags/example_branch_datetime_operator.py
[2026-08-12T04:44:13.655+0000] {processor.py:914} INFO - Processing file /home/airflow/.local/lib/python3.12/site-packages/airflow/example_dags/example_branch_datetime_operator.py for tasks to queue
[2026-08-12T04:44:13.659+0000] {logging_mixin.py:190} INFO - [2026-08-12T04:44:13.659+0000] {dagbag.py:587} INFO - Filling up the DagBag from /home/airflow/.local/lib/python3.12/site-packages/airflow/example_dags/example_branch_datetime_operator.py
[2026-08-12T04:44:13.672+0000] {processor.py:925} INFO - DAG(s) 'example_branch_datetime_operator', 'example_branch_datetime_operator_3', 'example_branch_datetime_operator_2' retrieved from /home/airflow/.local/lib/python3.12/site-packages/airflow/example_dags/example_branch_datetime_operator.py
[2026-08-12T04:44:13.699+0000] {logging_mixin.py:190} INFO - [2026-08-12T04:44:13.698+0000] {dag.py:3211} INFO - Sync 3 DAGs
[2026-08-12T04:44:13.723+0000] {logging_mixin.py:190} INFO - [2026-08-12T04:44:13.723+0000] {dag.py:4138} INFO - Setting next_dagrun for example_branch_datetime_operator to 2026-08-11 00:00:00+00:00, run_after=2026-08-12 00:00:00+00:00
[2026-08-12T04:44:13.728+0000] {logging_mixin.py:190} INFO - [2026-08-12T04:44:13.728+0000] {dag.py:4138} INFO - Setting next_dagrun for example_branch_datetime_operator_2 to 2026-08-11 00:00:00+00:00, run_after=2026-08-12 00:00:00+00:00
[2026-08-12T04:44:13.731+0000] {logging_mixin.py:190} INFO - [2026-08-12T04:44:13.731+0000] {dag.py:4138} INFO - Setting next_dagrun for example_branch_datetime_operator_3 to 2026-08-11 00:00:00+00:00, run_after=2026-08-12 00:00:00+00:00
[2026-08-12T04:44:13.749+0000] {processor.py:208} INFO - Processing /home/airflow/.local/lib/python3.12/site-packages/airflow/example_dags/example_branch_datetime_operator.py took 0.102 seconds
[2026-08-12T04:44:44.059+0000] {processor.py:186} INFO - Started process (PID=1631) to work on /home/airflow/.local/lib/python3.12/site-packages/airflow/example_dags/example_branch_datetime_operator.py
[2026-08-12T04:44:44.061+0000] {processor.py:914} INFO - Processing file /home/airflow/.local/lib/python3.12/site-packages/airflow/example_dags/example_branch_datetime_operator.py for tasks to queue
[2026-08-12T04:44:44.064+0000] {logging_mixin.py:190} INFO - [2026-08-12T04:44:44.064+0000] {dagbag.py:587} INFO - Filling up the DagBag from /home/airflow/.local/lib/python3.12/site-packages/airflow/example_dags/example_branch_datetime_operator.py
[2026-08-12T04:44:44.079+0000] {processor.py:925} INFO - DAG(s) 'example_branch_datetime_operator_3', 'example_branch_datetime_operator_2', 'example_branch_datetime_operator' retrieved from /home/airflow/.local/lib/python3.12/site-packages/airflow/example_dags/example_branch_datetime_operator.py
[2026-08-12T04:44:44.111+0000] {logging_mixin.py:190} INFO - [2026-08-12T04:44:44.111+0000] {dag.py:3211} INFO - Sync 3 DAGs
[2026-08-12T04:44:44.138+0000] {logging_mixin.py:190} INFO - [2026-08-12T04:44:44.137+0000] {dag.py:4138} INFO - Setting next_dagrun for example_branch_datetime_operator to 2026-08-11 00:00:00+00:00, run_after=2026-08-12 00:00:00+00:00
[2026-08-12T04:44:44.143+0000] {logging_mixin.py:190} INFO - [2026-08-12T04:44:44.143+0000] {dag.py:4138} INFO - Setting next_dagrun for example_branch_datetime_operator_2 to 2026-08-11 00:00:00+00:00, run_after=2026-08-12 00:00:00+00:00
[2026-08-12T04:44:44.146+0000] {logging_mixin.py:190} INFO - [2026-08-12T04:44:44.146+0000] {dag.py:4138} INFO - Setting next_dagrun for example_branch_datetime_operator_3 to 2026-08-11 00:00:00+00:00, run_after=2026-08-12 00:00:00+00:00
[2026-08-12T04:44:44.166+0000] {processor.py:208} INFO - Processing /home/airflow/.local/lib/python3.12/site-packages/airflow/example_dags/example_branch_datetime_operator.py took 0.116 seconds
[2026-08-12T04:45:14.514+0000] {processor.py:186} INFO - Started process (PID=1693) to work on /home/airflow/.local/lib/python3.12/site-packages/airflow/example_dags/example_branch_datetime_operator.py
[2026-08-12T04:45:14.516+0000] {processor.py:914} INFO - Processing file /home/airflow/.local/lib/python3.12/site-packages/airflow/example_dags/example_branch_datetime_operator.py for tasks to queue
[2026-08-12T04:45:14.518+0000] {logging_mixin.py:190} INFO - [2026-08-12T04:45:14.518+0000] {dagbag.py:587} INFO - Filling up the DagBag from /home/airflow/.local/lib/python3.12/site-packages/airflow/example_dags/example_branch_datetime_operator.py
[2026-08-12T04:45:14.530+0000] {processor.py:925} INFO - DAG(s) 'example_branch_datetime_operator_2', 'example_branch_datetime_operator', 'example_branch_datetime_operator_3' retrieved from /home/airflow/.local/lib/python3.12/site-packages/airflow/example_dags/example_branch_datetime_operator.py
[2026-08-12T04:45:14.565+0000] {logging_mixin.py:190} INFO - [2026-08-12T04:45:14.565+0000] {dag.py:3211} INFO - Sync 3 DAGs
[2026-08-12T04:45:14.591+0000] {logging_mixin.py:190} INFO - [2026-08-12T04:45:14.591+0000] {dag.py:4138} INFO - Setting next_dagrun for example_branch_datetime_operator to 2026-08-11 00:00:00+00:00, run_after=2026-08-12 00:00:00+00:00
[2026-08-12T04:45:14.597+0000] {logging_mixin.py:190} INFO - [2026-08-12T04:45:14.596+0000] {dag.py:4138} INFO - Setting next_dagrun for example_branch_datetime_operator_2 to 2026-08-11 00:00:00+00:00, run_after=2026-08-12 00:00:00+00:00
[2026-08-12T04:45:14.600+0000] {logging_mixin.py:190} INFO - [2026-08-12T04:45:14.600+0000] {dag.py:4138} INFO - Setting next_dagrun for example_branch_datetime_operator_3 to 2026-08-11 00:00:00+00:00, run_after=2026-08-12 00:00:00+00:00
[2026-08-12T04:45:14.639+0000] {processor.py:208} INFO - Processing /home/airflow/.local/lib/python3.12/site-packages/airflow/example_dags/example_branch_datetime_operator.py took 0.133 seconds
[2026-08-12T04:45:45.325+0000] {processor.py:186} INFO - Started process (PID=1755) to work on /home/airflow/.local/lib/python3.12/site-packages/airflow/example_dags/example_branch_datetime_operator.py
[2026-08-12T04:45:45.326+0000] {processor.py:914} INFO - Processing file /home/airflow/.local/lib/python3.12/site-packages/airflow/example_dags/example_branch_datetime_operator.py for tasks to queue
[2026-08-12T04:45:45.329+0000] {logging_mixin.py:190} INFO - [2026-08-12T04:45:45.329+0000] {dagbag.py:587} INFO - Filling up the DagBag from /home/airflow/.local/lib/python3.12/site-packages/airflow/example_dags/example_branch_datetime_operator.py
[2026-08-12T04:45:45.341+0000] {processor.py:925} INFO - DAG(s) 'example_branch_datetime_operator_2', 'example_branch_datetime_operator', 'example_branch_datetime_operator_3' retrieved from /home/airflow/.local/lib/python3.12/site-packages/airflow/example_dags/example_branch_datetime_operator.py
[2026-08-12T04:45:45.384+0000] {logging_mixin.py:190} INFO - [2026-08-12T04:45:45.383+0000] {dag.py:3211} INFO - Sync 3 DAGs
[2026-08-12T04:45:45.421+0000] {logging_mixin.py:190} INFO - [2026-08-12T04:45:45.421+0000] {dag.py:4138} INFO - Setting next_dagrun for example_branch_datetime_operator to 2026-08-11 00:00:00+00:00, run_after=2026-08-12 00:00:00+00:00
[2026-08-12T04:45:45.441+0000] {logging_mixin.py:190} INFO - [2026-08-12T04:45:45.440+0000] {dag.py:4138} INFO - Setting next_dagrun for example_branch_datetime_operator_2 to 2026-08-11 00:00:00+00:00, run_after=2026-08-12 00:00:00+00:00
[2026-08-12T04:45:45.445+0000] {logging_mixin.py:190} INFO - [2026-08-12T04:45:45.444+0000] {dag.py:4138} INFO - Setting next_dagrun for example_branch_datetime_operator_3 to 2026-08-11 00:00:00+00:00, run_after=2026-08-12 00:00:00+00:00
[2026-08-12T04:45:45.464+0000] {processor.py:208} INFO - Processing /home/airflow/.local/lib/python3.12/site-packages/airflow/example_dags/example_branch_datetime_operator.py took 0.146 seconds
[2026-08-12T04:46:16.049+0000] {processor.py:186} INFO - Started process (PID=1817) to work on /home/airflow/.local/lib/python3.12/site-packages/airflow/example_dags/example_branch_datetime_operator.py
[2026-08-12T04:46:16.051+0000] {processor.py:914} INFO - Processing file /home/airflow/.local/lib/python3.12/site-packages/airflow/example_dags/example_branch_datetime_operator.py for tasks to queue
[2026-08-12T04:46:16.055+0000] {logging_mixin.py:190} INFO - [2026-08-12T04:46:16.055+0000] {dagbag.py:587} INFO - Filling up the DagBag from /home/airflow/.local/lib/python3.12/site-packages/airflow/example_dags/example_branch_datetime_operator.py
[2026-08-12T04:46:16.070+0000] {processor.py:925} INFO - DAG(s) 'example_branch_datetime_operator_2', 'example_branch_datetime_operator_3', 'example_branch_datetime_operator' retrieved from /home/airflow/.local/lib/python3.12/site-packages/airflow/example_dags/example_branch_datetime_operator.py
[2026-08-12T04:46:16.100+0000] {logging_mixin.py:190} INFO - [2026-08-12T04:46:16.099+0000] {dag.py:3211} INFO - Sync 3 DAGs
[2026-08-12T04:46:16.125+0000] {logging_mixin.py:190} INFO - [2026-08-12T04:46:16.125+0000] {dag.py:4138} INFO - Setting next_dagrun for example_branch_datetime_operator to 2026-08-11 00:00:00+00:00, run_after=2026-08-12 00:00:00+00:00
[2026-08-12T04:46:16.130+0000] {logging_mixin.py:190} INFO - [2026-08-12T04:46:16.130+0000] {dag.py:4138} INFO - Setting next_dagrun for example_branch_datetime_operator_2 to 2026-08-11 00:00:00+00:00, run_after=2026-08-12 00:00:00+00:00
[2026-08-12T04:46:16.133+0000] {logging_mixin.py:190} INFO - [2026-08-12T04:46:16.133+0000] {dag.py:4138} INFO - Setting next_dagrun for example_branch_datetime_operator_3 to 2026-08-11 00:00:00+00:00, run_after=2026-08-12 00:00:00+00:00
[2026-08-12T04:46:16.152+0000] {processor.py:208} INFO - Processing /home/airflow/.local/lib/python3.12/site-packages/airflow/example_dags/example_branch_datetime_operator.py took 0.113 seconds
[2026-08-12T04:46:47.371+0000] {processor.py:186} INFO - Started process (PID=1879) to work on /home/airflow/.local/lib/python3.12/site-packages/airflow/example_dags/example_branch_datetime_operator.py
[2026-08-12T04:46:47.373+0000] {processor.py:914} INFO - Processing file /home/airflow/.local/lib/python3.12/site-packages/airflow/example_dags/example_branch_datetime_operator.py for tasks to queue
[2026-08-12T04:46:47.376+0000] {logging_mixin.py:190} INFO - [2026-08-12T04:46:47.375+0000] {dagbag.py:587} INFO - Filling up the DagBag from /home/airflow/.local/lib/python3.12/site-packages/airflow/example_dags/example_branch_datetime_operator.py
[2026-08-12T04:46:47.389+0000] {processor.py:925} INFO - DAG(s) 'example_branch_datetime_operator_3', 'example_branch_datetime_operator', 'example_branch_datetime_operator_2' retrieved from /home/airflow/.local/lib/python3.12/site-packages/airflow/example_dags/example_branch_datetime_operator.py
[2026-08-12T04:46:47.440+0000] {logging_mixin.py:190} INFO - [2026-08-12T04:46:47.440+0000] {dag.py:3211} INFO - Sync 3 DAGs
[2026-08-12T04:46:47.465+0000] {logging_mixin.py:190} INFO - [2026-08-12T04:46:47.465+0000] {dag.py:4138} INFO - Setting next_dagrun for example_branch_datetime_operator to 2026-08-11 00:00:00+00:00, run_after=2026-08-12 00:00:00+00:00
[2026-08-12T04:46:47.483+0000] {logging_mixin.py:190} INFO - [2026-08-12T04:46:47.483+0000] {dag.py:4138} INFO - Setting next_dagrun for example_branch_datetime_operator_2 to 2026-08-11 00:00:00+00:00, run_after=2026-08-12 00:00:00+00:00
[2026-08-12T04:46:47.486+0000] {logging_mixin.py:190} INFO - [2026-08-12T04:46:47.486+0000] {dag.py:4138} INFO - Setting next_dagrun for example_branch_datetime_operator_3 to 2026-08-11 00:00:00+00:00, run_after=2026-08-12 00:00:00+00:00
[2026-08-12T04:46:47.506+0000] {processor.py:208} INFO - Processing /home/airflow/.local/lib/python3.12/site-packages/airflow/example_dags/example_branch_datetime_operator.py took 0.141 seconds
[2026-08-12T04:47:18.038+0000] {processor.py:186} INFO - Started process (PID=1941) to work on /home/airflow/.local/lib/python3.12/site-packages/airflow/example_dags/example_branch_datetime_operator.py
[2026-08-12T04:47:18.039+0000] {processor.py:914} INFO - Processing file /home/airflow/.local/lib/python3.12/site-packages/airflow/example_dags/example_branch_datetime_operator.py for tasks to queue
[2026-08-12T04:47:18.042+0000] {logging_mixin.py:190} INFO - [2026-08-12T04:47:18.042+0000] {dagbag.py:587} INFO - Filling up the DagBag from /home/airflow/.local/lib/python3.12/site-packages/airflow/example_dags/example_branch_datetime_operator.py
[2026-08-12T04:47:18.057+0000] {processor.py:925} INFO - DAG(s) 'example_branch_datetime_operator_3', 'example_branch_datetime_operator', 'example_branch_datetime_operator_2' retrieved from /home/airflow/.local/lib/python3.12/site-packages/airflow/example_dags/example_branch_datetime_operator.py
[2026-08-12T04:47:18.086+0000] {logging_mixin.py:190} INFO - [2026-08-12T04:47:18.086+0000] {dag.py:3211} INFO - Sync 3 DAGs
[2026-08-12T04:47:18.120+0000] {logging_mixin.py:190} INFO - [2026-08-12T04:47:18.120+0000] {dag.py:4138} INFO - Setting next_dagrun for example_branch_datetime_operator to 2026-08-11 00:00:00+00:00, run_after=2026-08-12 00:00:00+00:00
[2026-08-12T04:47:18.125+0000] {logging_mixin.py:190} INFO - [2026-08-12T04:47:18.125+0000] {dag.py:4138} INFO - Setting next_dagrun for example_branch_datetime_operator_2 to 2026-08-11 00:00:00+00:00, run_after=2026-08-12 00:00:00+00:00
[2026-08-12T04:47:18.129+0000] {logging_mixin.py:190} INFO - [2026-08-12T04:47:18.129+0000] {dag.py:4138} INFO - Setting next_dagrun for example_branch_datetime_operator_3 to 2026-08-11 00:00:00+00:00, run_after=2026-08-12 00:00:00+00:00
[2026-08-12T04:47:18.149+0000] {processor.py:208} INFO - Processing /home/airflow/.local/lib/python3.12/site-packages/airflow/example_dags/example_branch_datetime_operator.py took 0.119 seconds
[2026-08-12T04:47:48.692+0000] {processor.py:186} INFO - Started process (PID=2003) to work on /home/airflow/.local/lib/python3.12/site-packages/airflow/example_dags/example_branch_datetime_operator.py
[2026-08-12T04:47:48.694+0000] {processor.py:914} INFO - Processing file /home/airflow/.local/lib/python3.12/site-packages/airflow/example_dags/example_branch_datetime_operator.py for tasks to queue
[2026-08-12T04:47:48.699+0000] {logging_mixin.py:190} INFO - [2026-08-12T04:47:48.699+0000] {dagbag.py:587} INFO - Filling up the DagBag from /home/airflow/.local/lib/python3.12/site-packages/airflow/example_dags/example_branch_datetime_operator.py
[2026-08-12T04:47:48.714+0000] {processor.py:925} INFO - DAG(s) 'example_branch_datetime_operator_3', 'example_branch_datetime_operator', 'example_branch_datetime_operator_2' retrieved from /home/airflow/.local/lib/python3.12/site-packages/airflow/example_dags/example_branch_datetime_operator.py
[2026-08-12T04:47:48.743+0000] {logging_mixin.py:190} INFO - [2026-08-12T04:47:48.743+0000] {dag.py:3211} INFO - Sync 3 DAGs
[2026-08-12T04:47:48.774+0000] {logging_mixin.py:190} INFO - [2026-08-12T04:47:48.773+0000] {dag.py:4138} INFO - Setting next_dagrun for example_branch_datetime_operator to 2026-08-11 00:00:00+00:00, run_after=2026-08-12 00:00:00+00:00
[2026-08-12T04:47:48.781+0000] {logging_mixin.py:190} INFO - [2026-08-12T04:47:48.781+0000] {dag.py:4138} INFO - Setting next_dagrun for example_branch_datetime_operator_2 to 2026-08-11 00:00:00+00:00, run_after=2026-08-12 00:00:00+00:00
[2026-08-12T04:47:48.784+0000] {logging_mixin.py:190} INFO - [2026-08-12T04:47:48.784+0000] {dag.py:4138} INFO - Setting next_dagrun for example_branch_datetime_operator_3 to 2026-08-11 00:00:00+00:00, run_after=2026-08-12 00:00:00+00:00
[2026-08-12T04:47:48.804+0000] {processor.py:208} INFO - Processing /home/airflow/.local/lib/python3.12/site-packages/airflow/example_dags/example_branch_datetime_operator.py took 0.121 seconds
[2026-08-12T04:48:19.129+0000] {processor.py:186} INFO - Started process (PID=2065) to work on /home/airflow/.local/lib/python3.12/site-packages/airflow/example_dags/example_branch_datetime_operator.py
[2026-08-12T04:48:19.132+0000] {processor.py:914} INFO - Processing file /home/airflow/.local/lib/python3.12/site-packages/airflow/example_dags/example_branch_datetime_operator.py for tasks to queue
[2026-08-12T04:48:19.136+0000] {logging_mixin.py:190} INFO - [2026-08-12T04:48:19.135+0000] {dagbag.py:587} INFO - Filling up the DagBag from /home/airflow/.local/lib/python3.12/site-packages/airflow/example_dags/example_branch_datetime_operator.py
[2026-08-12T04:48:19.148+0000] {processor.py:925} INFO - DAG(s) 'example_branch_datetime_operator', 'example_branch_datetime_operator_2', 'example_branch_datetime_operator_3' retrieved from /home/airflow/.local/lib/python3.12/site-packages/airflow/example_dags/example_branch_datetime_operator.py
[2026-08-12T04:48:19.175+0000] {logging_mixin.py:190} INFO - [2026-08-12T04:48:19.175+0000] {dag.py:3211} INFO - Sync 3 DAGs
[2026-08-12T04:48:19.198+0000] {logging_mixin.py:190} INFO - [2026-08-12T04:48:19.198+0000] {dag.py:4138} INFO - Setting next_dagrun for example_branch_datetime_operator to 2026-08-11 00:00:00+00:00, run_after=2026-08-12 00:00:00+00:00
[2026-08-12T04:48:19.205+0000] {logging_mixin.py:190} INFO - [2026-08-12T04:48:19.205+0000] {dag.py:4138} INFO - Setting next_dagrun for example_branch_datetime_operator_2 to 2026-08-11 00:00:00+00:00, run_after=2026-08-12 00:00:00+00:00
[2026-08-12T04:48:19.208+0000] {logging_mixin.py:190} INFO - [2026-08-12T04:48:19.208+0000] {dag.py:4138} INFO - Setting next_dagrun for example_branch_datetime_operator_3 to 2026-08-11 00:00:00+00:00, run_after=2026-08-12 00:00:00+00:00
[2026-08-12T04:48:19.226+0000] {processor.py:208} INFO - Processing /home/airflow/.local/lib/python3.12/site-packages/airflow/example_dags/example_branch_datetime_operator.py took 0.119 seconds
