[2026-08-12T04:32:04.862+0000] {processor.py:186} INFO - Started process (PID=115) to work on /home/airflow/.local/lib/python3.12/site-packages/airflow/example_dags/example_local_kubernetes_executor.py
[2026-08-12T04:32:04.864+0000] {processor.py:914} INFO - Processing file /home/airflow/.local/lib/python3.12/site-packages/airflow/example_dags/example_local_kubernetes_executor.py for tasks to queue
[2026-08-12T04:32:04.868+0000] {logging_mixin.py:190} INFO - [2026-08-12T04:32:04.868+0000] {dagbag.py:587} INFO - Filling up the DagBag from /home/airflow/.local/lib/python3.12/site-packages/airflow/example_dags/example_local_kubernetes_executor.py
[2026-08-12T04:32:04.880+0000] {processor.py:925} INFO - DAG(s) 'example_local_kubernetes_executor' retrieved from /home/airflow/.local/lib/python3.12/site-packages/airflow/example_dags/example_local_kubernetes_executor.py
[2026-08-12T04:32:05.013+0000] {logging_mixin.py:190} INFO - [2026-08-12T04:32:05.012+0000] {override.py:1858} INFO - Created Permission View: can read on DAG:example_local_kubernetes_executor
[2026-08-12T04:32:05.027+0000] {logging_mixin.py:190} INFO - [2026-08-12T04:32:05.027+0000] {override.py:1858} INFO - Created Permission View: can delete on DAG:example_local_kubernetes_executor
[2026-08-12T04:32:05.036+0000] {logging_mixin.py:190} INFO - [2026-08-12T04:32:05.035+0000] {override.py:1858} INFO - Created Permission View: can edit on DAG:example_local_kubernetes_executor
[2026-08-12T04:32:05.037+0000] {logging_mixin.py:190} INFO - [2026-08-12T04:32:05.037+0000] {dag.py:3211} INFO - Sync 1 DAGs
[2026-08-12T04:32:05.051+0000] {logging_mixin.py:190} INFO - [2026-08-12T04:32:05.050+0000] {dag.py:3234} INFO - Creating ORM DAG for example_local_kubernetes_executor
[2026-08-12T04:32:05.053+0000] {logging_mixin.py:190} INFO - [2026-08-12T04:32:05.053+0000] {dag.py:4138} INFO - Setting next_dagrun for example_local_kubernetes_executor to None, run_after=None
[2026-08-12T04:32:05.076+0000] {processor.py:208} INFO - Processing /home/airflow/.local/lib/python3.12/site-packages/airflow/example_dags/example_local_kubernetes_executor.py took 0.222 seconds
[2026-08-12T04:32:35.889+0000] {processor.py:186} INFO - Started process (PID=177) to work on /home/airflow/.local/lib/python3.12/site-packages/airflow/example_dags/example_local_kubernetes_executor.py
[2026-08-12T04:32:35.890+0000] {processor.py:914} INFO - Processing file /home/airflow/.local/lib/python3.12/site-packages/airflow/example_dags/example_local_kubernetes_executor.py for tasks to queue
[2026-08-12T04:32:35.893+0000] {logging_mixin.py:190} INFO - [2026-08-12T04:32:35.892+0000] {dagbag.py:587} INFO - Filling up the DagBag from /home/airflow/.local/lib/python3.12/site-packages/airflow/example_dags/example_local_kubernetes_executor.py
[2026-08-12T04:32:35.902+0000] {processor.py:925} INFO - DAG(s) 'example_local_kubernetes_executor' retrieved from /home/airflow/.local/lib/python3.12/site-packages/airflow/example_dags/example_local_kubernetes_executor.py
[2026-08-12T04:32:35.932+0000] {logging_mixin.py:190} INFO - [2026-08-12T04:32:35.932+0000] {dag.py:3211} INFO - Sync 1 DAGs
[2026-08-12T04:32:35.948+0000] {logging_mixin.py:190} INFO - [2026-08-12T04:32:35.947+0000] {dag.py:4138} INFO - Setting next_dagrun for example_local_kubernetes_executor to None, run_after=None
[2026-08-12T04:32:35.968+0000] {processor.py:208} INFO - Processing /home/airflow/.local/lib/python3.12/site-packages/airflow/example_dags/example_local_kubernetes_executor.py took 0.085 seconds
[2026-08-12T04:33:06.488+0000] {processor.py:186} INFO - Started process (PID=239) to work on /home/airflow/.local/lib/python3.12/site-packages/airflow/example_dags/example_local_kubernetes_executor.py
[2026-08-12T04:33:06.490+0000] {processor.py:914} INFO - Processing file /home/airflow/.local/lib/python3.12/site-packages/airflow/example_dags/example_local_kubernetes_executor.py for tasks to queue
[2026-08-12T04:33:06.495+0000] {logging_mixin.py:190} INFO - [2026-08-12T04:33:06.495+0000] {dagbag.py:587} INFO - Filling up the DagBag from /home/airflow/.local/lib/python3.12/site-packages/airflow/example_dags/example_local_kubernetes_executor.py
[2026-08-12T04:33:06.507+0000] {processor.py:925} INFO - DAG(s) 'example_local_kubernetes_executor' retrieved from /home/airflow/.local/lib/python3.12/site-packages/airflow/example_dags/example_local_kubernetes_executor.py
[2026-08-12T04:33:06.546+0000] {logging_mixin.py:190} INFO - [2026-08-12T04:33:06.546+0000] {dag.py:3211} INFO - Sync 1 DAGs
[2026-08-12T04:33:06.562+0000] {logging_mixin.py:190} INFO - [2026-08-12T04:33:06.562+0000] {dag.py:4138} INFO - Setting next_dagrun for example_local_kubernetes_executor to None, run_after=None
[2026-08-12T04:33:06.586+0000] {processor.py:208} INFO - Processing /home/airflow/.local/lib/python3.12/site-packages/airflow/example_dags/example_local_kubernetes_executor.py took 0.105 seconds
[2026-08-12T04:33:36.698+0000] {processor.py:186} INFO - Started process (PID=301) to work on /home/airflow/.local/lib/python3.12/site-packages/airflow/example_dags/example_local_kubernetes_executor.py
[2026-08-12T04:33:36.699+0000] {processor.py:914} INFO - Processing file /home/airflow/.local/lib/python3.12/site-packages/airflow/example_dags/example_local_kubernetes_executor.py for tasks to queue
[2026-08-12T04:33:36.704+0000] {logging_mixin.py:190} INFO - [2026-08-12T04:33:36.704+0000] {dagbag.py:587} INFO - Filling up the DagBag from /home/airflow/.local/lib/python3.12/site-packages/airflow/example_dags/example_local_kubernetes_executor.py
[2026-08-12T04:33:36.714+0000] {processor.py:925} INFO - DAG(s) 'example_local_kubernetes_executor' retrieved from /home/airflow/.local/lib/python3.12/site-packages/airflow/example_dags/example_local_kubernetes_executor.py
[2026-08-12T04:33:36.750+0000] {logging_mixin.py:190} INFO - [2026-08-12T04:33:36.750+0000] {dag.py:3211} INFO - Sync 1 DAGs
[2026-08-12T04:33:36.781+0000] {logging_mixin.py:190} INFO - [2026-08-12T04:33:36.781+0000] {dag.py:4138} INFO - Setting next_dagrun for example_local_kubernetes_executor to None, run_after=None
[2026-08-12T04:33:36.821+0000] {processor.py:208} INFO - Processing /home/airflow/.local/lib/python3.12/site-packages/airflow/example_dags/example_local_kubernetes_executor.py took 0.130 seconds
[2026-08-12T04:34:06.967+0000] {processor.py:186} INFO - Started process (PID=363) to work on /home/airflow/.local/lib/python3.12/site-packages/airflow/example_dags/example_local_kubernetes_executor.py
[2026-08-12T04:34:06.968+0000] {processor.py:914} INFO - Processing file /home/airflow/.local/lib/python3.12/site-packages/airflow/example_dags/example_local_kubernetes_executor.py for tasks to queue
[2026-08-12T04:34:06.971+0000] {logging_mixin.py:190} INFO - [2026-08-12T04:34:06.971+0000] {dagbag.py:587} INFO - Filling up the DagBag from /home/airflow/.local/lib/python3.12/site-packages/airflow/example_dags/example_local_kubernetes_executor.py
[2026-08-12T04:34:06.980+0000] {processor.py:925} INFO - DAG(s) 'example_local_kubernetes_executor' retrieved from /home/airflow/.local/lib/python3.12/site-packages/airflow/example_dags/example_local_kubernetes_executor.py
[2026-08-12T04:34:07.013+0000] {logging_mixin.py:190} INFO - [2026-08-12T04:34:07.013+0000] {dag.py:3211} INFO - Sync 1 DAGs
[2026-08-12T04:34:07.027+0000] {logging_mixin.py:190} INFO - [2026-08-12T04:34:07.027+0000] {dag.py:4138} INFO - Setting next_dagrun for example_local_kubernetes_executor to None, run_after=None
[2026-08-12T04:34:07.052+0000] {processor.py:208} INFO - Processing /home/airflow/.local/lib/python3.12/site-packages/airflow/example_dags/example_local_kubernetes_executor.py took 0.091 seconds
[2026-08-12T04:34:37.245+0000] {processor.py:186} INFO - Started process (PID=425) to work on /home/airflow/.local/lib/python3.12/site-packages/airflow/example_dags/example_local_kubernetes_executor.py
[2026-08-12T04:34:37.247+0000] {processor.py:914} INFO - Processing file /home/airflow/.local/lib/python3.12/site-packages/airflow/example_dags/example_local_kubernetes_executor.py for tasks to queue
[2026-08-12T04:34:37.252+0000] {logging_mixin.py:190} INFO - [2026-08-12T04:34:37.251+0000] {dagbag.py:587} INFO - Filling up the DagBag from /home/airflow/.local/lib/python3.12/site-packages/airflow/example_dags/example_local_kubernetes_executor.py
[2026-08-12T04:34:37.264+0000] {processor.py:925} INFO - DAG(s) 'example_local_kubernetes_executor' retrieved from /home/airflow/.local/lib/python3.12/site-packages/airflow/example_dags/example_local_kubernetes_executor.py
[2026-08-12T04:34:37.303+0000] {logging_mixin.py:190} INFO - [2026-08-12T04:34:37.302+0000] {dag.py:3211} INFO - Sync 1 DAGs
[2026-08-12T04:34:37.317+0000] {logging_mixin.py:190} INFO - [2026-08-12T04:34:37.317+0000] {dag.py:4138} INFO - Setting next_dagrun for example_local_kubernetes_executor to None, run_after=None
[2026-08-12T04:34:37.338+0000] {processor.py:208} INFO - Processing /home/airflow/.local/lib/python3.12/site-packages/airflow/example_dags/example_local_kubernetes_executor.py took 0.100 seconds
[2026-08-12T04:35:07.658+0000] {processor.py:186} INFO - Started process (PID=487) to work on /home/airflow/.local/lib/python3.12/site-packages/airflow/example_dags/example_local_kubernetes_executor.py
[2026-08-12T04:35:07.660+0000] {processor.py:914} INFO - Processing file /home/airflow/.local/lib/python3.12/site-packages/airflow/example_dags/example_local_kubernetes_executor.py for tasks to queue
[2026-08-12T04:35:07.664+0000] {logging_mixin.py:190} INFO - [2026-08-12T04:35:07.663+0000] {dagbag.py:587} INFO - Filling up the DagBag from /home/airflow/.local/lib/python3.12/site-packages/airflow/example_dags/example_local_kubernetes_executor.py
[2026-08-12T04:35:07.691+0000] {processor.py:925} INFO - DAG(s) 'example_local_kubernetes_executor' retrieved from /home/airflow/.local/lib/python3.12/site-packages/airflow/example_dags/example_local_kubernetes_executor.py
[2026-08-12T04:35:07.729+0000] {logging_mixin.py:190} INFO - [2026-08-12T04:35:07.729+0000] {dag.py:3211} INFO - Sync 1 DAGs
[2026-08-12T04:35:07.748+0000] {logging_mixin.py:190} INFO - [2026-08-12T04:35:07.747+0000] {dag.py:4138} INFO - Setting next_dagrun for example_local_kubernetes_executor to None, run_after=None
[2026-08-12T04:35:07.766+0000] {processor.py:208} INFO - Processing /home/airflow/.local/lib/python3.12/site-packages/airflow/example_dags/example_local_kubernetes_executor.py took 0.117 seconds
[2026-08-12T04:35:38.055+0000] {processor.py:186} INFO - Started process (PID=549) to work on /home/airflow/.local/lib/python3.12/site-packages/airflow/example_dags/example_local_kubernetes_executor.py
[2026-08-12T04:35:38.056+0000] {processor.py:914} INFO - Processing file /home/airflow/.local/lib/python3.12/site-packages/airflow/example_dags/example_local_kubernetes_executor.py for tasks to queue
[2026-08-12T04:35:38.059+0000] {logging_mixin.py:190} INFO - [2026-08-12T04:35:38.059+0000] {dagbag.py:587} INFO - Filling up the DagBag from /home/airflow/.local/lib/python3.12/site-packages/airflow/example_dags/example_local_kubernetes_executor.py
[2026-08-12T04:35:38.082+0000] {processor.py:925} INFO - DAG(s) 'example_local_kubernetes_executor' retrieved from /home/airflow/.local/lib/python3.12/site-packages/airflow/example_dags/example_local_kubernetes_executor.py
[2026-08-12T04:35:38.109+0000] {logging_mixin.py:190} INFO - [2026-08-12T04:35:38.109+0000] {dag.py:3211} INFO - Sync 1 DAGs
[2026-08-12T04:35:38.123+0000] {logging_mixin.py:190} INFO - [2026-08-12T04:35:38.122+0000] {dag.py:4138} INFO - Setting next_dagrun for example_local_kubernetes_executor to None, run_after=None
[2026-08-12T04:35:38.141+0000] {processor.py:208} INFO - Processing /home/airflow/.local/lib/python3.12/site-packages/airflow/example_dags/example_local_kubernetes_executor.py took 0.092 seconds
[2026-08-12T04:36:08.575+0000] {processor.py:186} INFO - Started process (PID=611) to work on /home/airflow/.local/lib/python3.12/site-packages/airflow/example_dags/example_local_kubernetes_executor.py
[2026-08-12T04:36:08.576+0000] {processor.py:914} INFO - Processing file /home/airflow/.local/lib/python3.12/site-packages/airflow/example_dags/example_local_kubernetes_executor.py for tasks to queue
[2026-08-12T04:36:08.579+0000] {logging_mixin.py:190} INFO - [2026-08-12T04:36:08.579+0000] {dagbag.py:587} INFO - Filling up the DagBag from /home/airflow/.local/lib/python3.12/site-packages/airflow/example_dags/example_local_kubernetes_executor.py
[2026-08-12T04:36:08.590+0000] {processor.py:925} INFO - DAG(s) 'example_local_kubernetes_executor' retrieved from /home/airflow/.local/lib/python3.12/site-packages/airflow/example_dags/example_local_kubernetes_executor.py
[2026-08-12T04:36:08.623+0000] {logging_mixin.py:190} INFO - [2026-08-12T04:36:08.623+0000] {dag.py:3211} INFO - Sync 1 DAGs
[2026-08-12T04:36:08.638+0000] {logging_mixin.py:190} INFO - [2026-08-12T04:36:08.638+0000] {dag.py:4138} INFO - Setting next_dagrun for example_local_kubernetes_executor to None, run_after=None
[2026-08-12T04:36:08.663+0000] {processor.py:208} INFO - Processing /home/airflow/.local/lib/python3.12/site-packages/airflow/example_dags/example_local_kubernetes_executor.py took 0.094 seconds
[2026-08-12T04:36:39.000+0000] {processor.py:186} INFO - Started process (PID=673) to work on /home/airflow/.local/lib/python3.12/site-packages/airflow/example_dags/example_local_kubernetes_executor.py
[2026-08-12T04:36:39.002+0000] {processor.py:914} INFO - Processing file /home/airflow/.local/lib/python3.12/site-packages/airflow/example_dags/example_local_kubernetes_executor.py for tasks to queue
[2026-08-12T04:36:39.005+0000] {logging_mixin.py:190} INFO - [2026-08-12T04:36:39.004+0000] {dagbag.py:587} INFO - Filling up the DagBag from /home/airflow/.local/lib/python3.12/site-packages/airflow/example_dags/example_local_kubernetes_executor.py
[2026-08-12T04:36:39.018+0000] {processor.py:925} INFO - DAG(s) 'example_local_kubernetes_executor' retrieved from /home/airflow/.local/lib/python3.12/site-packages/airflow/example_dags/example_local_kubernetes_executor.py
[2026-08-12T04:36:39.060+0000] {logging_mixin.py:190} INFO - [2026-08-12T04:36:39.060+0000] {dag.py:3211} INFO - Sync 1 DAGs
[2026-08-12T04:36:39.083+0000] {logging_mixin.py:190} INFO - [2026-08-12T04:36:39.082+0000] {dag.py:4138} INFO - Setting next_dagrun for example_local_kubernetes_executor to None, run_after=None
[2026-08-12T04:36:39.112+0000] {processor.py:208} INFO - Processing /home/airflow/.local/lib/python3.12/site-packages/airflow/example_dags/example_local_kubernetes_executor.py took 0.120 seconds
[2026-08-12T04:37:09.620+0000] {processor.py:186} INFO - Started process (PID=735) to work on /home/airflow/.local/lib/python3.12/site-packages/airflow/example_dags/example_local_kubernetes_executor.py
[2026-08-12T04:37:09.625+0000] {processor.py:914} INFO - Processing file /home/airflow/.local/lib/python3.12/site-packages/airflow/example_dags/example_local_kubernetes_executor.py for tasks to queue
[2026-08-12T04:37:09.627+0000] {logging_mixin.py:190} INFO - [2026-08-12T04:37:09.627+0000] {dagbag.py:587} INFO - Filling up the DagBag from /home/airflow/.local/lib/python3.12/site-packages/airflow/example_dags/example_local_kubernetes_executor.py
[2026-08-12T04:37:09.635+0000] {processor.py:925} INFO - DAG(s) 'example_local_kubernetes_executor' retrieved from /home/airflow/.local/lib/python3.12/site-packages/airflow/example_dags/example_local_kubernetes_executor.py
[2026-08-12T04:37:09.668+0000] {logging_mixin.py:190} INFO - [2026-08-12T04:37:09.667+0000] {dag.py:3211} INFO - Sync 1 DAGs
[2026-08-12T04:37:09.681+0000] {logging_mixin.py:190} INFO - [2026-08-12T04:37:09.681+0000] {dag.py:4138} INFO - Setting next_dagrun for example_local_kubernetes_executor to None, run_after=None
[2026-08-12T04:37:09.702+0000] {processor.py:208} INFO - Processing /home/airflow/.local/lib/python3.12/site-packages/airflow/example_dags/example_local_kubernetes_executor.py took 0.087 seconds
[2026-08-12T04:37:40.145+0000] {processor.py:186} INFO - Started process (PID=797) to work on /home/airflow/.local/lib/python3.12/site-packages/airflow/example_dags/example_local_kubernetes_executor.py
[2026-08-12T04:37:40.148+0000] {processor.py:914} INFO - Processing file /home/airflow/.local/lib/python3.12/site-packages/airflow/example_dags/example_local_kubernetes_executor.py for tasks to queue
[2026-08-12T04:37:40.151+0000] {logging_mixin.py:190} INFO - [2026-08-12T04:37:40.151+0000] {dagbag.py:587} INFO - Filling up the DagBag from /home/airflow/.local/lib/python3.12/site-packages/airflow/example_dags/example_local_kubernetes_executor.py
[2026-08-12T04:37:40.161+0000] {processor.py:925} INFO - DAG(s) 'example_local_kubernetes_executor' retrieved from /home/airflow/.local/lib/python3.12/site-packages/airflow/example_dags/example_local_kubernetes_executor.py
[2026-08-12T04:37:40.206+0000] {logging_mixin.py:190} INFO - [2026-08-12T04:37:40.205+0000] {dag.py:3211} INFO - Sync 1 DAGs
[2026-08-12T04:37:40.219+0000] {logging_mixin.py:190} INFO - [2026-08-12T04:37:40.219+0000] {dag.py:4138} INFO - Setting next_dagrun for example_local_kubernetes_executor to None, run_after=None
[2026-08-12T04:37:40.239+0000] {processor.py:208} INFO - Processing /home/airflow/.local/lib/python3.12/site-packages/airflow/example_dags/example_local_kubernetes_executor.py took 0.101 seconds
[2026-08-12T04:38:11.170+0000] {processor.py:186} INFO - Started process (PID=859) to work on /home/airflow/.local/lib/python3.12/site-packages/airflow/example_dags/example_local_kubernetes_executor.py
[2026-08-12T04:38:11.172+0000] {processor.py:914} INFO - Processing file /home/airflow/.local/lib/python3.12/site-packages/airflow/example_dags/example_local_kubernetes_executor.py for tasks to queue
[2026-08-12T04:38:11.176+0000] {logging_mixin.py:190} INFO - [2026-08-12T04:38:11.175+0000] {dagbag.py:587} INFO - Filling up the DagBag from /home/airflow/.local/lib/python3.12/site-packages/airflow/example_dags/example_local_kubernetes_executor.py
[2026-08-12T04:38:11.185+0000] {processor.py:925} INFO - DAG(s) 'example_local_kubernetes_executor' retrieved from /home/airflow/.local/lib/python3.12/site-packages/airflow/example_dags/example_local_kubernetes_executor.py
[2026-08-12T04:38:11.217+0000] {logging_mixin.py:190} INFO - [2026-08-12T04:38:11.216+0000] {dag.py:3211} INFO - Sync 1 DAGs
[2026-08-12T04:38:11.247+0000] {logging_mixin.py:190} INFO - [2026-08-12T04:38:11.247+0000] {dag.py:4138} INFO - Setting next_dagrun for example_local_kubernetes_executor to None, run_after=None
[2026-08-12T04:38:11.266+0000] {processor.py:208} INFO - Processing /home/airflow/.local/lib/python3.12/site-packages/airflow/example_dags/example_local_kubernetes_executor.py took 0.102 seconds
[2026-08-12T04:38:41.859+0000] {processor.py:186} INFO - Started process (PID=921) to work on /home/airflow/.local/lib/python3.12/site-packages/airflow/example_dags/example_local_kubernetes_executor.py
[2026-08-12T04:38:41.861+0000] {processor.py:914} INFO - Processing file /home/airflow/.local/lib/python3.12/site-packages/airflow/example_dags/example_local_kubernetes_executor.py for tasks to queue
[2026-08-12T04:38:41.864+0000] {logging_mixin.py:190} INFO - [2026-08-12T04:38:41.864+0000] {dagbag.py:587} INFO - Filling up the DagBag from /home/airflow/.local/lib/python3.12/site-packages/airflow/example_dags/example_local_kubernetes_executor.py
[2026-08-12T04:38:41.875+0000] {processor.py:925} INFO - DAG(s) 'example_local_kubernetes_executor' retrieved from /home/airflow/.local/lib/python3.12/site-packages/airflow/example_dags/example_local_kubernetes_executor.py
[2026-08-12T04:38:41.908+0000] {logging_mixin.py:190} INFO - [2026-08-12T04:38:41.908+0000] {dag.py:3211} INFO - Sync 1 DAGs
[2026-08-12T04:38:41.922+0000] {logging_mixin.py:190} INFO - [2026-08-12T04:38:41.922+0000] {dag.py:4138} INFO - Setting next_dagrun for example_local_kubernetes_executor to None, run_after=None
[2026-08-12T04:38:41.956+0000] {processor.py:208} INFO - Processing /home/airflow/.local/lib/python3.12/site-packages/airflow/example_dags/example_local_kubernetes_executor.py took 0.102 seconds
[2026-08-12T04:39:12.755+0000] {processor.py:186} INFO - Started process (PID=983) to work on /home/airflow/.local/lib/python3.12/site-packages/airflow/example_dags/example_local_kubernetes_executor.py
[2026-08-12T04:39:12.756+0000] {processor.py:914} INFO - Processing file /home/airflow/.local/lib/python3.12/site-packages/airflow/example_dags/example_local_kubernetes_executor.py for tasks to queue
[2026-08-12T04:39:12.759+0000] {logging_mixin.py:190} INFO - [2026-08-12T04:39:12.759+0000] {dagbag.py:587} INFO - Filling up the DagBag from /home/airflow/.local/lib/python3.12/site-packages/airflow/example_dags/example_local_kubernetes_executor.py
[2026-08-12T04:39:12.770+0000] {processor.py:925} INFO - DAG(s) 'example_local_kubernetes_executor' retrieved from /home/airflow/.local/lib/python3.12/site-packages/airflow/example_dags/example_local_kubernetes_executor.py
[2026-08-12T04:39:12.803+0000] {logging_mixin.py:190} INFO - [2026-08-12T04:39:12.803+0000] {dag.py:3211} INFO - Sync 1 DAGs
[2026-08-12T04:39:12.819+0000] {logging_mixin.py:190} INFO - [2026-08-12T04:39:12.818+0000] {dag.py:4138} INFO - Setting next_dagrun for example_local_kubernetes_executor to None, run_after=None
[2026-08-12T04:39:12.837+0000] {processor.py:208} INFO - Processing /home/airflow/.local/lib/python3.12/site-packages/airflow/example_dags/example_local_kubernetes_executor.py took 0.090 seconds
[2026-08-12T04:39:43.850+0000] {processor.py:186} INFO - Started process (PID=1045) to work on /home/airflow/.local/lib/python3.12/site-packages/airflow/example_dags/example_local_kubernetes_executor.py
[2026-08-12T04:39:43.851+0000] {processor.py:914} INFO - Processing file /home/airflow/.local/lib/python3.12/site-packages/airflow/example_dags/example_local_kubernetes_executor.py for tasks to queue
[2026-08-12T04:39:43.855+0000] {logging_mixin.py:190} INFO - [2026-08-12T04:39:43.854+0000] {dagbag.py:587} INFO - Filling up the DagBag from /home/airflow/.local/lib/python3.12/site-packages/airflow/example_dags/example_local_kubernetes_executor.py
[2026-08-12T04:39:43.866+0000] {processor.py:925} INFO - DAG(s) 'example_local_kubernetes_executor' retrieved from /home/airflow/.local/lib/python3.12/site-packages/airflow/example_dags/example_local_kubernetes_executor.py
[2026-08-12T04:39:43.900+0000] {logging_mixin.py:190} INFO - [2026-08-12T04:39:43.899+0000] {dag.py:3211} INFO - Sync 1 DAGs
[2026-08-12T04:39:43.931+0000] {logging_mixin.py:190} INFO - [2026-08-12T04:39:43.930+0000] {dag.py:4138} INFO - Setting next_dagrun for example_local_kubernetes_executor to None, run_after=None
[2026-08-12T04:39:43.970+0000] {processor.py:208} INFO - Processing /home/airflow/.local/lib/python3.12/site-packages/airflow/example_dags/example_local_kubernetes_executor.py took 0.125 seconds
[2026-08-12T04:40:14.361+0000] {processor.py:186} INFO - Started process (PID=1107) to work on /home/airflow/.local/lib/python3.12/site-packages/airflow/example_dags/example_local_kubernetes_executor.py
[2026-08-12T04:40:14.362+0000] {processor.py:914} INFO - Processing file /home/airflow/.local/lib/python3.12/site-packages/airflow/example_dags/example_local_kubernetes_executor.py for tasks to queue
[2026-08-12T04:40:14.365+0000] {logging_mixin.py:190} INFO - [2026-08-12T04:40:14.365+0000] {dagbag.py:587} INFO - Filling up the DagBag from /home/airflow/.local/lib/python3.12/site-packages/airflow/example_dags/example_local_kubernetes_executor.py
[2026-08-12T04:40:14.392+0000] {processor.py:925} INFO - DAG(s) 'example_local_kubernetes_executor' retrieved from /home/airflow/.local/lib/python3.12/site-packages/airflow/example_dags/example_local_kubernetes_executor.py
[2026-08-12T04:40:14.426+0000] {logging_mixin.py:190} INFO - [2026-08-12T04:40:14.425+0000] {dag.py:3211} INFO - Sync 1 DAGs
[2026-08-12T04:40:14.441+0000] {logging_mixin.py:190} INFO - [2026-08-12T04:40:14.440+0000] {dag.py:4138} INFO - Setting next_dagrun for example_local_kubernetes_executor to None, run_after=None
[2026-08-12T04:40:14.461+0000] {processor.py:208} INFO - Processing /home/airflow/.local/lib/python3.12/site-packages/airflow/example_dags/example_local_kubernetes_executor.py took 0.106 seconds
[2026-08-12T04:40:44.938+0000] {processor.py:186} INFO - Started process (PID=1169) to work on /home/airflow/.local/lib/python3.12/site-packages/airflow/example_dags/example_local_kubernetes_executor.py
[2026-08-12T04:40:44.939+0000] {processor.py:914} INFO - Processing file /home/airflow/.local/lib/python3.12/site-packages/airflow/example_dags/example_local_kubernetes_executor.py for tasks to queue
[2026-08-12T04:40:44.942+0000] {logging_mixin.py:190} INFO - [2026-08-12T04:40:44.942+0000] {dagbag.py:587} INFO - Filling up the DagBag from /home/airflow/.local/lib/python3.12/site-packages/airflow/example_dags/example_local_kubernetes_executor.py
[2026-08-12T04:40:44.952+0000] {processor.py:925} INFO - DAG(s) 'example_local_kubernetes_executor' retrieved from /home/airflow/.local/lib/python3.12/site-packages/airflow/example_dags/example_local_kubernetes_executor.py
[2026-08-12T04:40:44.984+0000] {logging_mixin.py:190} INFO - [2026-08-12T04:40:44.984+0000] {dag.py:3211} INFO - Sync 1 DAGs
[2026-08-12T04:40:44.997+0000] {logging_mixin.py:190} INFO - [2026-08-12T04:40:44.997+0000] {dag.py:4138} INFO - Setting next_dagrun for example_local_kubernetes_executor to None, run_after=None
[2026-08-12T04:40:45.018+0000] {processor.py:208} INFO - Processing /home/airflow/.local/lib/python3.12/site-packages/airflow/example_dags/example_local_kubernetes_executor.py took 0.086 seconds
[2026-08-12T04:41:16.432+0000] {processor.py:186} INFO - Started process (PID=1231) to work on /home/airflow/.local/lib/python3.12/site-packages/airflow/example_dags/example_local_kubernetes_executor.py
[2026-08-12T04:41:16.434+0000] {processor.py:914} INFO - Processing file /home/airflow/.local/lib/python3.12/site-packages/airflow/example_dags/example_local_kubernetes_executor.py for tasks to queue
[2026-08-12T04:41:16.438+0000] {logging_mixin.py:190} INFO - [2026-08-12T04:41:16.438+0000] {dagbag.py:587} INFO - Filling up the DagBag from /home/airflow/.local/lib/python3.12/site-packages/airflow/example_dags/example_local_kubernetes_executor.py
[2026-08-12T04:41:16.452+0000] {processor.py:925} INFO - DAG(s) 'example_local_kubernetes_executor' retrieved from /home/airflow/.local/lib/python3.12/site-packages/airflow/example_dags/example_local_kubernetes_executor.py
[2026-08-12T04:41:16.494+0000] {logging_mixin.py:190} INFO - [2026-08-12T04:41:16.494+0000] {dag.py:3211} INFO - Sync 1 DAGs
[2026-08-12T04:41:16.510+0000] {logging_mixin.py:190} INFO - [2026-08-12T04:41:16.510+0000] {dag.py:4138} INFO - Setting next_dagrun for example_local_kubernetes_executor to None, run_after=None
[2026-08-12T04:41:16.552+0000] {processor.py:208} INFO - Processing /home/airflow/.local/lib/python3.12/site-packages/airflow/example_dags/example_local_kubernetes_executor.py took 0.128 seconds
[2026-08-12T04:41:46.962+0000] {processor.py:186} INFO - Started process (PID=1293) to work on /home/airflow/.local/lib/python3.12/site-packages/airflow/example_dags/example_local_kubernetes_executor.py
[2026-08-12T04:41:46.963+0000] {processor.py:914} INFO - Processing file /home/airflow/.local/lib/python3.12/site-packages/airflow/example_dags/example_local_kubernetes_executor.py for tasks to queue
[2026-08-12T04:41:46.967+0000] {logging_mixin.py:190} INFO - [2026-08-12T04:41:46.966+0000] {dagbag.py:587} INFO - Filling up the DagBag from /home/airflow/.local/lib/python3.12/site-packages/airflow/example_dags/example_local_kubernetes_executor.py
[2026-08-12T04:41:46.977+0000] {processor.py:925} INFO - DAG(s) 'example_local_kubernetes_executor' retrieved from /home/airflow/.local/lib/python3.12/site-packages/airflow/example_dags/example_local_kubernetes_executor.py
[2026-08-12T04:41:47.011+0000] {logging_mixin.py:190} INFO - [2026-08-12T04:41:47.010+0000] {dag.py:3211} INFO - Sync 1 DAGs
[2026-08-12T04:41:47.026+0000] {logging_mixin.py:190} INFO - [2026-08-12T04:41:47.026+0000] {dag.py:4138} INFO - Setting next_dagrun for example_local_kubernetes_executor to None, run_after=None
[2026-08-12T04:41:47.046+0000] {processor.py:208} INFO - Processing /home/airflow/.local/lib/python3.12/site-packages/airflow/example_dags/example_local_kubernetes_executor.py took 0.089 seconds
[2026-08-12T04:42:17.804+0000] {processor.py:186} INFO - Started process (PID=1355) to work on /home/airflow/.local/lib/python3.12/site-packages/airflow/example_dags/example_local_kubernetes_executor.py
[2026-08-12T04:42:17.806+0000] {processor.py:914} INFO - Processing file /home/airflow/.local/lib/python3.12/site-packages/airflow/example_dags/example_local_kubernetes_executor.py for tasks to queue
[2026-08-12T04:42:17.809+0000] {logging_mixin.py:190} INFO - [2026-08-12T04:42:17.808+0000] {dagbag.py:587} INFO - Filling up the DagBag from /home/airflow/.local/lib/python3.12/site-packages/airflow/example_dags/example_local_kubernetes_executor.py
[2026-08-12T04:42:17.821+0000] {processor.py:925} INFO - DAG(s) 'example_local_kubernetes_executor' retrieved from /home/airflow/.local/lib/python3.12/site-packages/airflow/example_dags/example_local_kubernetes_executor.py
[2026-08-12T04:42:17.866+0000] {logging_mixin.py:190} INFO - [2026-08-12T04:42:17.866+0000] {dag.py:3211} INFO - Sync 1 DAGs
[2026-08-12T04:42:17.884+0000] {logging_mixin.py:190} INFO - [2026-08-12T04:42:17.884+0000] {dag.py:4138} INFO - Setting next_dagrun for example_local_kubernetes_executor to None, run_after=None
[2026-08-12T04:42:17.906+0000] {processor.py:208} INFO - Processing /home/airflow/.local/lib/python3.12/site-packages/airflow/example_dags/example_local_kubernetes_executor.py took 0.108 seconds
[2026-08-12T04:42:48.271+0000] {processor.py:186} INFO - Started process (PID=1417) to work on /home/airflow/.local/lib/python3.12/site-packages/airflow/example_dags/example_local_kubernetes_executor.py
[2026-08-12T04:42:48.273+0000] {processor.py:914} INFO - Processing file /home/airflow/.local/lib/python3.12/site-packages/airflow/example_dags/example_local_kubernetes_executor.py for tasks to queue
[2026-08-12T04:42:48.276+0000] {logging_mixin.py:190} INFO - [2026-08-12T04:42:48.276+0000] {dagbag.py:587} INFO - Filling up the DagBag from /home/airflow/.local/lib/python3.12/site-packages/airflow/example_dags/example_local_kubernetes_executor.py
[2026-08-12T04:42:48.287+0000] {processor.py:925} INFO - DAG(s) 'example_local_kubernetes_executor' retrieved from /home/airflow/.local/lib/python3.12/site-packages/airflow/example_dags/example_local_kubernetes_executor.py
[2026-08-12T04:42:48.319+0000] {logging_mixin.py:190} INFO - [2026-08-12T04:42:48.319+0000] {dag.py:3211} INFO - Sync 1 DAGs
[2026-08-12T04:42:48.333+0000] {logging_mixin.py:190} INFO - [2026-08-12T04:42:48.333+0000] {dag.py:4138} INFO - Setting next_dagrun for example_local_kubernetes_executor to None, run_after=None
[2026-08-12T04:42:48.352+0000] {processor.py:208} INFO - Processing /home/airflow/.local/lib/python3.12/site-packages/airflow/example_dags/example_local_kubernetes_executor.py took 0.087 seconds
[2026-08-12T04:43:19.243+0000] {processor.py:186} INFO - Started process (PID=1479) to work on /home/airflow/.local/lib/python3.12/site-packages/airflow/example_dags/example_local_kubernetes_executor.py
[2026-08-12T04:43:19.244+0000] {processor.py:914} INFO - Processing file /home/airflow/.local/lib/python3.12/site-packages/airflow/example_dags/example_local_kubernetes_executor.py for tasks to queue
[2026-08-12T04:43:19.248+0000] {logging_mixin.py:190} INFO - [2026-08-12T04:43:19.247+0000] {dagbag.py:587} INFO - Filling up the DagBag from /home/airflow/.local/lib/python3.12/site-packages/airflow/example_dags/example_local_kubernetes_executor.py
[2026-08-12T04:43:19.260+0000] {processor.py:925} INFO - DAG(s) 'example_local_kubernetes_executor' retrieved from /home/airflow/.local/lib/python3.12/site-packages/airflow/example_dags/example_local_kubernetes_executor.py
[2026-08-12T04:43:19.296+0000] {logging_mixin.py:190} INFO - [2026-08-12T04:43:19.296+0000] {dag.py:3211} INFO - Sync 1 DAGs
[2026-08-12T04:43:19.311+0000] {logging_mixin.py:190} INFO - [2026-08-12T04:43:19.310+0000] {dag.py:4138} INFO - Setting next_dagrun for example_local_kubernetes_executor to None, run_after=None
[2026-08-12T04:43:19.331+0000] {processor.py:208} INFO - Processing /home/airflow/.local/lib/python3.12/site-packages/airflow/example_dags/example_local_kubernetes_executor.py took 0.096 seconds
[2026-08-12T04:43:50.120+0000] {processor.py:186} INFO - Started process (PID=1541) to work on /home/airflow/.local/lib/python3.12/site-packages/airflow/example_dags/example_local_kubernetes_executor.py
[2026-08-12T04:43:50.122+0000] {processor.py:914} INFO - Processing file /home/airflow/.local/lib/python3.12/site-packages/airflow/example_dags/example_local_kubernetes_executor.py for tasks to queue
[2026-08-12T04:43:50.127+0000] {logging_mixin.py:190} INFO - [2026-08-12T04:43:50.126+0000] {dagbag.py:587} INFO - Filling up the DagBag from /home/airflow/.local/lib/python3.12/site-packages/airflow/example_dags/example_local_kubernetes_executor.py
[2026-08-12T04:43:50.144+0000] {processor.py:925} INFO - DAG(s) 'example_local_kubernetes_executor' retrieved from /home/airflow/.local/lib/python3.12/site-packages/airflow/example_dags/example_local_kubernetes_executor.py
[2026-08-12T04:43:50.193+0000] {logging_mixin.py:190} INFO - [2026-08-12T04:43:50.192+0000] {dag.py:3211} INFO - Sync 1 DAGs
[2026-08-12T04:43:50.215+0000] {logging_mixin.py:190} INFO - [2026-08-12T04:43:50.214+0000] {dag.py:4138} INFO - Setting next_dagrun for example_local_kubernetes_executor to None, run_after=None
[2026-08-12T04:43:50.240+0000] {processor.py:208} INFO - Processing /home/airflow/.local/lib/python3.12/site-packages/airflow/example_dags/example_local_kubernetes_executor.py took 0.130 seconds
[2026-08-12T04:44:20.471+0000] {processor.py:186} INFO - Started process (PID=1603) to work on /home/airflow/.local/lib/python3.12/site-packages/airflow/example_dags/example_local_kubernetes_executor.py
[2026-08-12T04:44:20.473+0000] {processor.py:914} INFO - Processing file /home/airflow/.local/lib/python3.12/site-packages/airflow/example_dags/example_local_kubernetes_executor.py for tasks to queue
[2026-08-12T04:44:20.477+0000] {logging_mixin.py:190} INFO - [2026-08-12T04:44:20.476+0000] {dagbag.py:587} INFO - Filling up the DagBag from /home/airflow/.local/lib/python3.12/site-packages/airflow/example_dags/example_local_kubernetes_executor.py
[2026-08-12T04:44:20.488+0000] {processor.py:925} INFO - DAG(s) 'example_local_kubernetes_executor' retrieved from /home/airflow/.local/lib/python3.12/site-packages/airflow/example_dags/example_local_kubernetes_executor.py
[2026-08-12T04:44:20.534+0000] {logging_mixin.py:190} INFO - [2026-08-12T04:44:20.534+0000] {dag.py:3211} INFO - Sync 1 DAGs
[2026-08-12T04:44:20.553+0000] {logging_mixin.py:190} INFO - [2026-08-12T04:44:20.552+0000] {dag.py:4138} INFO - Setting next_dagrun for example_local_kubernetes_executor to None, run_after=None
[2026-08-12T04:44:20.584+0000] {processor.py:208} INFO - Processing /home/airflow/.local/lib/python3.12/site-packages/airflow/example_dags/example_local_kubernetes_executor.py took 0.119 seconds
[2026-08-12T04:44:51.546+0000] {processor.py:186} INFO - Started process (PID=1665) to work on /home/airflow/.local/lib/python3.12/site-packages/airflow/example_dags/example_local_kubernetes_executor.py
[2026-08-12T04:44:51.548+0000] {processor.py:914} INFO - Processing file /home/airflow/.local/lib/python3.12/site-packages/airflow/example_dags/example_local_kubernetes_executor.py for tasks to queue
[2026-08-12T04:44:51.555+0000] {logging_mixin.py:190} INFO - [2026-08-12T04:44:51.554+0000] {dagbag.py:587} INFO - Filling up the DagBag from /home/airflow/.local/lib/python3.12/site-packages/airflow/example_dags/example_local_kubernetes_executor.py
[2026-08-12T04:44:51.573+0000] {processor.py:925} INFO - DAG(s) 'example_local_kubernetes_executor' retrieved from /home/airflow/.local/lib/python3.12/site-packages/airflow/example_dags/example_local_kubernetes_executor.py
[2026-08-12T04:44:51.650+0000] {logging_mixin.py:190} INFO - [2026-08-12T04:44:51.649+0000] {dag.py:3211} INFO - Sync 1 DAGs
[2026-08-12T04:44:51.695+0000] {logging_mixin.py:190} INFO - [2026-08-12T04:44:51.695+0000] {dag.py:4138} INFO - Setting next_dagrun for example_local_kubernetes_executor to None, run_after=None
[2026-08-12T04:44:51.729+0000] {processor.py:208} INFO - Processing /home/airflow/.local/lib/python3.12/site-packages/airflow/example_dags/example_local_kubernetes_executor.py took 0.194 seconds
[2026-08-12T04:45:22.699+0000] {processor.py:186} INFO - Started process (PID=1727) to work on /home/airflow/.local/lib/python3.12/site-packages/airflow/example_dags/example_local_kubernetes_executor.py
[2026-08-12T04:45:22.701+0000] {processor.py:914} INFO - Processing file /home/airflow/.local/lib/python3.12/site-packages/airflow/example_dags/example_local_kubernetes_executor.py for tasks to queue
[2026-08-12T04:45:22.707+0000] {logging_mixin.py:190} INFO - [2026-08-12T04:45:22.706+0000] {dagbag.py:587} INFO - Filling up the DagBag from /home/airflow/.local/lib/python3.12/site-packages/airflow/example_dags/example_local_kubernetes_executor.py
[2026-08-12T04:45:22.717+0000] {processor.py:925} INFO - DAG(s) 'example_local_kubernetes_executor' retrieved from /home/airflow/.local/lib/python3.12/site-packages/airflow/example_dags/example_local_kubernetes_executor.py
[2026-08-12T04:45:22.756+0000] {logging_mixin.py:190} INFO - [2026-08-12T04:45:22.755+0000] {dag.py:3211} INFO - Sync 1 DAGs
[2026-08-12T04:45:22.776+0000] {logging_mixin.py:190} INFO - [2026-08-12T04:45:22.775+0000] {dag.py:4138} INFO - Setting next_dagrun for example_local_kubernetes_executor to None, run_after=None
[2026-08-12T04:45:22.798+0000] {processor.py:208} INFO - Processing /home/airflow/.local/lib/python3.12/site-packages/airflow/example_dags/example_local_kubernetes_executor.py took 0.107 seconds
[2026-08-12T04:45:53.404+0000] {processor.py:186} INFO - Started process (PID=1789) to work on /home/airflow/.local/lib/python3.12/site-packages/airflow/example_dags/example_local_kubernetes_executor.py
[2026-08-12T04:45:53.407+0000] {processor.py:914} INFO - Processing file /home/airflow/.local/lib/python3.12/site-packages/airflow/example_dags/example_local_kubernetes_executor.py for tasks to queue
[2026-08-12T04:45:53.410+0000] {logging_mixin.py:190} INFO - [2026-08-12T04:45:53.410+0000] {dagbag.py:587} INFO - Filling up the DagBag from /home/airflow/.local/lib/python3.12/site-packages/airflow/example_dags/example_local_kubernetes_executor.py
[2026-08-12T04:45:53.420+0000] {processor.py:925} INFO - DAG(s) 'example_local_kubernetes_executor' retrieved from /home/airflow/.local/lib/python3.12/site-packages/airflow/example_dags/example_local_kubernetes_executor.py
[2026-08-12T04:45:53.458+0000] {logging_mixin.py:190} INFO - [2026-08-12T04:45:53.458+0000] {dag.py:3211} INFO - Sync 1 DAGs
[2026-08-12T04:45:53.472+0000] {logging_mixin.py:190} INFO - [2026-08-12T04:45:53.472+0000] {dag.py:4138} INFO - Setting next_dagrun for example_local_kubernetes_executor to None, run_after=None
[2026-08-12T04:45:53.493+0000] {processor.py:208} INFO - Processing /home/airflow/.local/lib/python3.12/site-packages/airflow/example_dags/example_local_kubernetes_executor.py took 0.095 seconds
[2026-08-12T04:46:23.736+0000] {processor.py:186} INFO - Started process (PID=1851) to work on /home/airflow/.local/lib/python3.12/site-packages/airflow/example_dags/example_local_kubernetes_executor.py
[2026-08-12T04:46:23.738+0000] {processor.py:914} INFO - Processing file /home/airflow/.local/lib/python3.12/site-packages/airflow/example_dags/example_local_kubernetes_executor.py for tasks to queue
[2026-08-12T04:46:23.741+0000] {logging_mixin.py:190} INFO - [2026-08-12T04:46:23.741+0000] {dagbag.py:587} INFO - Filling up the DagBag from /home/airflow/.local/lib/python3.12/site-packages/airflow/example_dags/example_local_kubernetes_executor.py
[2026-08-12T04:46:23.766+0000] {processor.py:925} INFO - DAG(s) 'example_local_kubernetes_executor' retrieved from /home/airflow/.local/lib/python3.12/site-packages/airflow/example_dags/example_local_kubernetes_executor.py
[2026-08-12T04:46:23.803+0000] {logging_mixin.py:190} INFO - [2026-08-12T04:46:23.802+0000] {dag.py:3211} INFO - Sync 1 DAGs
[2026-08-12T04:46:23.827+0000] {logging_mixin.py:190} INFO - [2026-08-12T04:46:23.821+0000] {dag.py:4138} INFO - Setting next_dagrun for example_local_kubernetes_executor to None, run_after=None
[2026-08-12T04:46:23.858+0000] {processor.py:208} INFO - Processing /home/airflow/.local/lib/python3.12/site-packages/airflow/example_dags/example_local_kubernetes_executor.py took 0.128 seconds
[2026-08-12T04:46:54.357+0000] {processor.py:186} INFO - Started process (PID=1913) to work on /home/airflow/.local/lib/python3.12/site-packages/airflow/example_dags/example_local_kubernetes_executor.py
[2026-08-12T04:46:54.359+0000] {processor.py:914} INFO - Processing file /home/airflow/.local/lib/python3.12/site-packages/airflow/example_dags/example_local_kubernetes_executor.py for tasks to queue
[2026-08-12T04:46:54.362+0000] {logging_mixin.py:190} INFO - [2026-08-12T04:46:54.362+0000] {dagbag.py:587} INFO - Filling up the DagBag from /home/airflow/.local/lib/python3.12/site-packages/airflow/example_dags/example_local_kubernetes_executor.py
[2026-08-12T04:46:54.376+0000] {processor.py:925} INFO - DAG(s) 'example_local_kubernetes_executor' retrieved from /home/airflow/.local/lib/python3.12/site-packages/airflow/example_dags/example_local_kubernetes_executor.py
[2026-08-12T04:46:54.427+0000] {logging_mixin.py:190} INFO - [2026-08-12T04:46:54.426+0000] {dag.py:3211} INFO - Sync 1 DAGs
[2026-08-12T04:46:54.458+0000] {logging_mixin.py:190} INFO - [2026-08-12T04:46:54.457+0000] {dag.py:4138} INFO - Setting next_dagrun for example_local_kubernetes_executor to None, run_after=None
[2026-08-12T04:46:54.504+0000] {processor.py:208} INFO - Processing /home/airflow/.local/lib/python3.12/site-packages/airflow/example_dags/example_local_kubernetes_executor.py took 0.157 seconds
[2026-08-12T04:47:25.077+0000] {processor.py:186} INFO - Started process (PID=1975) to work on /home/airflow/.local/lib/python3.12/site-packages/airflow/example_dags/example_local_kubernetes_executor.py
[2026-08-12T04:47:25.079+0000] {processor.py:914} INFO - Processing file /home/airflow/.local/lib/python3.12/site-packages/airflow/example_dags/example_local_kubernetes_executor.py for tasks to queue
[2026-08-12T04:47:25.095+0000] {logging_mixin.py:190} INFO - [2026-08-12T04:47:25.090+0000] {dagbag.py:587} INFO - Filling up the DagBag from /home/airflow/.local/lib/python3.12/site-packages/airflow/example_dags/example_local_kubernetes_executor.py
[2026-08-12T04:47:25.108+0000] {processor.py:925} INFO - DAG(s) 'example_local_kubernetes_executor' retrieved from /home/airflow/.local/lib/python3.12/site-packages/airflow/example_dags/example_local_kubernetes_executor.py
[2026-08-12T04:47:25.146+0000] {logging_mixin.py:190} INFO - [2026-08-12T04:47:25.146+0000] {dag.py:3211} INFO - Sync 1 DAGs
[2026-08-12T04:47:25.162+0000] {logging_mixin.py:190} INFO - [2026-08-12T04:47:25.162+0000] {dag.py:4138} INFO - Setting next_dagrun for example_local_kubernetes_executor to None, run_after=None
[2026-08-12T04:47:25.188+0000] {processor.py:208} INFO - Processing /home/airflow/.local/lib/python3.12/site-packages/airflow/example_dags/example_local_kubernetes_executor.py took 0.119 seconds
[2026-08-12T04:47:55.723+0000] {processor.py:186} INFO - Started process (PID=2037) to work on /home/airflow/.local/lib/python3.12/site-packages/airflow/example_dags/example_local_kubernetes_executor.py
[2026-08-12T04:47:55.724+0000] {processor.py:914} INFO - Processing file /home/airflow/.local/lib/python3.12/site-packages/airflow/example_dags/example_local_kubernetes_executor.py for tasks to queue
[2026-08-12T04:47:55.728+0000] {logging_mixin.py:190} INFO - [2026-08-12T04:47:55.727+0000] {dagbag.py:587} INFO - Filling up the DagBag from /home/airflow/.local/lib/python3.12/site-packages/airflow/example_dags/example_local_kubernetes_executor.py
[2026-08-12T04:47:55.738+0000] {processor.py:925} INFO - DAG(s) 'example_local_kubernetes_executor' retrieved from /home/airflow/.local/lib/python3.12/site-packages/airflow/example_dags/example_local_kubernetes_executor.py
[2026-08-12T04:47:55.778+0000] {logging_mixin.py:190} INFO - [2026-08-12T04:47:55.777+0000] {dag.py:3211} INFO - Sync 1 DAGs
[2026-08-12T04:47:55.796+0000] {logging_mixin.py:190} INFO - [2026-08-12T04:47:55.795+0000] {dag.py:4138} INFO - Setting next_dagrun for example_local_kubernetes_executor to None, run_after=None
[2026-08-12T04:47:55.832+0000] {processor.py:208} INFO - Processing /home/airflow/.local/lib/python3.12/site-packages/airflow/example_dags/example_local_kubernetes_executor.py took 0.115 seconds
[2026-08-12T04:48:27.124+0000] {processor.py:186} INFO - Started process (PID=2099) to work on /home/airflow/.local/lib/python3.12/site-packages/airflow/example_dags/example_local_kubernetes_executor.py
[2026-08-12T04:48:27.126+0000] {processor.py:914} INFO - Processing file /home/airflow/.local/lib/python3.12/site-packages/airflow/example_dags/example_local_kubernetes_executor.py for tasks to queue
[2026-08-12T04:48:27.129+0000] {logging_mixin.py:190} INFO - [2026-08-12T04:48:27.129+0000] {dagbag.py:587} INFO - Filling up the DagBag from /home/airflow/.local/lib/python3.12/site-packages/airflow/example_dags/example_local_kubernetes_executor.py
[2026-08-12T04:48:27.142+0000] {processor.py:925} INFO - DAG(s) 'example_local_kubernetes_executor' retrieved from /home/airflow/.local/lib/python3.12/site-packages/airflow/example_dags/example_local_kubernetes_executor.py
[2026-08-12T04:48:27.194+0000] {logging_mixin.py:190} INFO - [2026-08-12T04:48:27.194+0000] {dag.py:3211} INFO - Sync 1 DAGs
[2026-08-12T04:48:27.217+0000] {logging_mixin.py:190} INFO - [2026-08-12T04:48:27.216+0000] {dag.py:4138} INFO - Setting next_dagrun for example_local_kubernetes_executor to None, run_after=None
[2026-08-12T04:48:27.247+0000] {processor.py:208} INFO - Processing /home/airflow/.local/lib/python3.12/site-packages/airflow/example_dags/example_local_kubernetes_executor.py took 0.132 seconds
