[2026-08-12T04:32:04.569+0000] {processor.py:186} INFO - Started process (PID=113) to work on /home/airflow/.local/lib/python3.12/site-packages/airflow/example_dags/example_complex.py
[2026-08-12T04:32:04.571+0000] {processor.py:914} INFO - Processing file /home/airflow/.local/lib/python3.12/site-packages/airflow/example_dags/example_complex.py for tasks to queue
[2026-08-12T04:32:04.575+0000] {logging_mixin.py:190} INFO - [2026-08-12T04:32:04.574+0000] {dagbag.py:587} INFO - Filling up the DagBag from /home/airflow/.local/lib/python3.12/site-packages/airflow/example_dags/example_complex.py
[2026-08-12T04:32:04.592+0000] {processor.py:925} INFO - DAG(s) 'example_complex' retrieved from /home/airflow/.local/lib/python3.12/site-packages/airflow/example_dags/example_complex.py
[2026-08-12T04:32:04.737+0000] {logging_mixin.py:190} INFO - [2026-08-12T04:32:04.733+0000] {override.py:1858} INFO - Created Permission View: can read on DAG:example_complex
[2026-08-12T04:32:04.763+0000] {logging_mixin.py:190} INFO - [2026-08-12T04:32:04.762+0000] {override.py:1858} INFO - Created Permission View: can delete on DAG:example_complex
[2026-08-12T04:32:04.773+0000] {logging_mixin.py:190} INFO - [2026-08-12T04:32:04.773+0000] {override.py:1858} INFO - Created Permission View: can edit on DAG:example_complex
[2026-08-12T04:32:04.775+0000] {logging_mixin.py:190} INFO - [2026-08-12T04:32:04.774+0000] {dag.py:3211} INFO - Sync 1 DAGs
[2026-08-12T04:32:04.792+0000] {logging_mixin.py:190} INFO - [2026-08-12T04:32:04.792+0000] {dag.py:3234} INFO - Creating ORM DAG for example_complex
[2026-08-12T04:32:04.794+0000] {logging_mixin.py:190} INFO - [2026-08-12T04:32:04.793+0000] {dag.py:4138} INFO - Setting next_dagrun for example_complex to None, run_after=None
[2026-08-12T04:32:04.817+0000] {processor.py:208} INFO - Processing /home/airflow/.local/lib/python3.12/site-packages/airflow/example_dags/example_complex.py took 0.254 seconds
[2026-08-12T04:32:35.766+0000] {processor.py:186} INFO - Started process (PID=175) to work on /home/airflow/.local/lib/python3.12/site-packages/airflow/example_dags/example_complex.py
[2026-08-12T04:32:35.768+0000] {processor.py:914} INFO - Processing file /home/airflow/.local/lib/python3.12/site-packages/airflow/example_dags/example_complex.py for tasks to queue
[2026-08-12T04:32:35.772+0000] {logging_mixin.py:190} INFO - [2026-08-12T04:32:35.771+0000] {dagbag.py:587} INFO - Filling up the DagBag from /home/airflow/.local/lib/python3.12/site-packages/airflow/example_dags/example_complex.py
[2026-08-12T04:32:35.785+0000] {processor.py:925} INFO - DAG(s) 'example_complex' retrieved from /home/airflow/.local/lib/python3.12/site-packages/airflow/example_dags/example_complex.py
[2026-08-12T04:32:35.819+0000] {logging_mixin.py:190} INFO - [2026-08-12T04:32:35.819+0000] {dag.py:3211} INFO - Sync 1 DAGs
[2026-08-12T04:32:35.835+0000] {logging_mixin.py:190} INFO - [2026-08-12T04:32:35.835+0000] {dag.py:4138} INFO - Setting next_dagrun for example_complex to None, run_after=None
[2026-08-12T04:32:35.857+0000] {processor.py:208} INFO - Processing /home/airflow/.local/lib/python3.12/site-packages/airflow/example_dags/example_complex.py took 0.099 seconds
[2026-08-12T04:33:06.336+0000] {processor.py:186} INFO - Started process (PID=237) to work on /home/airflow/.local/lib/python3.12/site-packages/airflow/example_dags/example_complex.py
[2026-08-12T04:33:06.338+0000] {processor.py:914} INFO - Processing file /home/airflow/.local/lib/python3.12/site-packages/airflow/example_dags/example_complex.py for tasks to queue
[2026-08-12T04:33:06.344+0000] {logging_mixin.py:190} INFO - [2026-08-12T04:33:06.343+0000] {dagbag.py:587} INFO - Filling up the DagBag from /home/airflow/.local/lib/python3.12/site-packages/airflow/example_dags/example_complex.py
[2026-08-12T04:33:06.357+0000] {processor.py:925} INFO - DAG(s) 'example_complex' retrieved from /home/airflow/.local/lib/python3.12/site-packages/airflow/example_dags/example_complex.py
[2026-08-12T04:33:06.416+0000] {logging_mixin.py:190} INFO - [2026-08-12T04:33:06.415+0000] {dag.py:3211} INFO - Sync 1 DAGs
[2026-08-12T04:33:06.437+0000] {logging_mixin.py:190} INFO - [2026-08-12T04:33:06.437+0000] {dag.py:4138} INFO - Setting next_dagrun for example_complex to None, run_after=None
[2026-08-12T04:33:06.463+0000] {processor.py:208} INFO - Processing /home/airflow/.local/lib/python3.12/site-packages/airflow/example_dags/example_complex.py took 0.138 seconds
[2026-08-12T04:33:36.533+0000] {processor.py:186} INFO - Started process (PID=299) to work on /home/airflow/.local/lib/python3.12/site-packages/airflow/example_dags/example_complex.py
[2026-08-12T04:33:36.536+0000] {processor.py:914} INFO - Processing file /home/airflow/.local/lib/python3.12/site-packages/airflow/example_dags/example_complex.py for tasks to queue
[2026-08-12T04:33:36.541+0000] {logging_mixin.py:190} INFO - [2026-08-12T04:33:36.540+0000] {dagbag.py:587} INFO - Filling up the DagBag from /home/airflow/.local/lib/python3.12/site-packages/airflow/example_dags/example_complex.py
[2026-08-12T04:33:36.558+0000] {processor.py:925} INFO - DAG(s) 'example_complex' retrieved from /home/airflow/.local/lib/python3.12/site-packages/airflow/example_dags/example_complex.py
[2026-08-12T04:33:36.609+0000] {logging_mixin.py:190} INFO - [2026-08-12T04:33:36.608+0000] {dag.py:3211} INFO - Sync 1 DAGs
[2026-08-12T04:33:36.629+0000] {logging_mixin.py:190} INFO - [2026-08-12T04:33:36.629+0000] {dag.py:4138} INFO - Setting next_dagrun for example_complex to None, run_after=None
[2026-08-12T04:33:36.660+0000] {processor.py:208} INFO - Processing /home/airflow/.local/lib/python3.12/site-packages/airflow/example_dags/example_complex.py took 0.136 seconds
[2026-08-12T04:34:06.836+0000] {processor.py:186} INFO - Started process (PID=361) to work on /home/airflow/.local/lib/python3.12/site-packages/airflow/example_dags/example_complex.py
[2026-08-12T04:34:06.837+0000] {processor.py:914} INFO - Processing file /home/airflow/.local/lib/python3.12/site-packages/airflow/example_dags/example_complex.py for tasks to queue
[2026-08-12T04:34:06.840+0000] {logging_mixin.py:190} INFO - [2026-08-12T04:34:06.839+0000] {dagbag.py:587} INFO - Filling up the DagBag from /home/airflow/.local/lib/python3.12/site-packages/airflow/example_dags/example_complex.py
[2026-08-12T04:34:06.852+0000] {processor.py:925} INFO - DAG(s) 'example_complex' retrieved from /home/airflow/.local/lib/python3.12/site-packages/airflow/example_dags/example_complex.py
[2026-08-12T04:34:06.885+0000] {logging_mixin.py:190} INFO - [2026-08-12T04:34:06.885+0000] {dag.py:3211} INFO - Sync 1 DAGs
[2026-08-12T04:34:06.903+0000] {logging_mixin.py:190} INFO - [2026-08-12T04:34:06.902+0000] {dag.py:4138} INFO - Setting next_dagrun for example_complex to None, run_after=None
[2026-08-12T04:34:06.923+0000] {processor.py:208} INFO - Processing /home/airflow/.local/lib/python3.12/site-packages/airflow/example_dags/example_complex.py took 0.096 seconds
[2026-08-12T04:34:37.211+0000] {processor.py:186} INFO - Started process (PID=424) to work on /home/airflow/.local/lib/python3.12/site-packages/airflow/example_dags/example_complex.py
[2026-08-12T04:34:37.212+0000] {processor.py:914} INFO - Processing file /home/airflow/.local/lib/python3.12/site-packages/airflow/example_dags/example_complex.py for tasks to queue
[2026-08-12T04:34:37.215+0000] {logging_mixin.py:190} INFO - [2026-08-12T04:34:37.215+0000] {dagbag.py:587} INFO - Filling up the DagBag from /home/airflow/.local/lib/python3.12/site-packages/airflow/example_dags/example_complex.py
[2026-08-12T04:34:37.228+0000] {processor.py:925} INFO - DAG(s) 'example_complex' retrieved from /home/airflow/.local/lib/python3.12/site-packages/airflow/example_dags/example_complex.py
[2026-08-12T04:34:37.257+0000] {logging_mixin.py:190} INFO - [2026-08-12T04:34:37.257+0000] {dag.py:3211} INFO - Sync 1 DAGs
[2026-08-12T04:34:37.273+0000] {logging_mixin.py:190} INFO - [2026-08-12T04:34:37.272+0000] {dag.py:4138} INFO - Setting next_dagrun for example_complex to None, run_after=None
[2026-08-12T04:34:37.296+0000] {processor.py:208} INFO - Processing /home/airflow/.local/lib/python3.12/site-packages/airflow/example_dags/example_complex.py took 0.092 seconds
[2026-08-12T04:35:07.502+0000] {processor.py:186} INFO - Started process (PID=485) to work on /home/airflow/.local/lib/python3.12/site-packages/airflow/example_dags/example_complex.py
[2026-08-12T04:35:07.504+0000] {processor.py:914} INFO - Processing file /home/airflow/.local/lib/python3.12/site-packages/airflow/example_dags/example_complex.py for tasks to queue
[2026-08-12T04:35:07.507+0000] {logging_mixin.py:190} INFO - [2026-08-12T04:35:07.507+0000] {dagbag.py:587} INFO - Filling up the DagBag from /home/airflow/.local/lib/python3.12/site-packages/airflow/example_dags/example_complex.py
[2026-08-12T04:35:07.518+0000] {processor.py:925} INFO - DAG(s) 'example_complex' retrieved from /home/airflow/.local/lib/python3.12/site-packages/airflow/example_dags/example_complex.py
[2026-08-12T04:35:07.565+0000] {logging_mixin.py:190} INFO - [2026-08-12T04:35:07.565+0000] {dag.py:3211} INFO - Sync 1 DAGs
[2026-08-12T04:35:07.580+0000] {logging_mixin.py:190} INFO - [2026-08-12T04:35:07.580+0000] {dag.py:4138} INFO - Setting next_dagrun for example_complex to None, run_after=None
[2026-08-12T04:35:07.606+0000] {processor.py:208} INFO - Processing /home/airflow/.local/lib/python3.12/site-packages/airflow/example_dags/example_complex.py took 0.110 seconds
[2026-08-12T04:35:37.928+0000] {processor.py:186} INFO - Started process (PID=547) to work on /home/airflow/.local/lib/python3.12/site-packages/airflow/example_dags/example_complex.py
[2026-08-12T04:35:37.930+0000] {processor.py:914} INFO - Processing file /home/airflow/.local/lib/python3.12/site-packages/airflow/example_dags/example_complex.py for tasks to queue
[2026-08-12T04:35:37.934+0000] {logging_mixin.py:190} INFO - [2026-08-12T04:35:37.933+0000] {dagbag.py:587} INFO - Filling up the DagBag from /home/airflow/.local/lib/python3.12/site-packages/airflow/example_dags/example_complex.py
[2026-08-12T04:35:37.946+0000] {processor.py:925} INFO - DAG(s) 'example_complex' retrieved from /home/airflow/.local/lib/python3.12/site-packages/airflow/example_dags/example_complex.py
[2026-08-12T04:35:37.979+0000] {logging_mixin.py:190} INFO - [2026-08-12T04:35:37.979+0000] {dag.py:3211} INFO - Sync 1 DAGs
[2026-08-12T04:35:37.993+0000] {logging_mixin.py:190} INFO - [2026-08-12T04:35:37.993+0000] {dag.py:4138} INFO - Setting next_dagrun for example_complex to None, run_after=None
[2026-08-12T04:35:38.012+0000] {processor.py:208} INFO - Processing /home/airflow/.local/lib/python3.12/site-packages/airflow/example_dags/example_complex.py took 0.090 seconds
[2026-08-12T04:36:08.451+0000] {processor.py:186} INFO - Started process (PID=609) to work on /home/airflow/.local/lib/python3.12/site-packages/airflow/example_dags/example_complex.py
[2026-08-12T04:36:08.452+0000] {processor.py:914} INFO - Processing file /home/airflow/.local/lib/python3.12/site-packages/airflow/example_dags/example_complex.py for tasks to queue
[2026-08-12T04:36:08.455+0000] {logging_mixin.py:190} INFO - [2026-08-12T04:36:08.455+0000] {dagbag.py:587} INFO - Filling up the DagBag from /home/airflow/.local/lib/python3.12/site-packages/airflow/example_dags/example_complex.py
[2026-08-12T04:36:08.467+0000] {processor.py:925} INFO - DAG(s) 'example_complex' retrieved from /home/airflow/.local/lib/python3.12/site-packages/airflow/example_dags/example_complex.py
[2026-08-12T04:36:08.499+0000] {logging_mixin.py:190} INFO - [2026-08-12T04:36:08.498+0000] {dag.py:3211} INFO - Sync 1 DAGs
[2026-08-12T04:36:08.513+0000] {logging_mixin.py:190} INFO - [2026-08-12T04:36:08.513+0000] {dag.py:4138} INFO - Setting next_dagrun for example_complex to None, run_after=None
[2026-08-12T04:36:08.533+0000] {processor.py:208} INFO - Processing /home/airflow/.local/lib/python3.12/site-packages/airflow/example_dags/example_complex.py took 0.089 seconds
[2026-08-12T04:36:38.853+0000] {processor.py:186} INFO - Started process (PID=671) to work on /home/airflow/.local/lib/python3.12/site-packages/airflow/example_dags/example_complex.py
[2026-08-12T04:36:38.855+0000] {processor.py:914} INFO - Processing file /home/airflow/.local/lib/python3.12/site-packages/airflow/example_dags/example_complex.py for tasks to queue
[2026-08-12T04:36:38.859+0000] {logging_mixin.py:190} INFO - [2026-08-12T04:36:38.859+0000] {dagbag.py:587} INFO - Filling up the DagBag from /home/airflow/.local/lib/python3.12/site-packages/airflow/example_dags/example_complex.py
[2026-08-12T04:36:38.871+0000] {processor.py:925} INFO - DAG(s) 'example_complex' retrieved from /home/airflow/.local/lib/python3.12/site-packages/airflow/example_dags/example_complex.py
[2026-08-12T04:36:38.903+0000] {logging_mixin.py:190} INFO - [2026-08-12T04:36:38.903+0000] {dag.py:3211} INFO - Sync 1 DAGs
[2026-08-12T04:36:38.918+0000] {logging_mixin.py:190} INFO - [2026-08-12T04:36:38.918+0000] {dag.py:4138} INFO - Setting next_dagrun for example_complex to None, run_after=None
[2026-08-12T04:36:38.941+0000] {processor.py:208} INFO - Processing /home/airflow/.local/lib/python3.12/site-packages/airflow/example_dags/example_complex.py took 0.094 seconds
[2026-08-12T04:37:09.503+0000] {processor.py:186} INFO - Started process (PID=733) to work on /home/airflow/.local/lib/python3.12/site-packages/airflow/example_dags/example_complex.py
[2026-08-12T04:37:09.505+0000] {processor.py:914} INFO - Processing file /home/airflow/.local/lib/python3.12/site-packages/airflow/example_dags/example_complex.py for tasks to queue
[2026-08-12T04:37:09.508+0000] {logging_mixin.py:190} INFO - [2026-08-12T04:37:09.508+0000] {dagbag.py:587} INFO - Filling up the DagBag from /home/airflow/.local/lib/python3.12/site-packages/airflow/example_dags/example_complex.py
[2026-08-12T04:37:09.521+0000] {processor.py:925} INFO - DAG(s) 'example_complex' retrieved from /home/airflow/.local/lib/python3.12/site-packages/airflow/example_dags/example_complex.py
[2026-08-12T04:37:09.554+0000] {logging_mixin.py:190} INFO - [2026-08-12T04:37:09.554+0000] {dag.py:3211} INFO - Sync 1 DAGs
[2026-08-12T04:37:09.568+0000] {logging_mixin.py:190} INFO - [2026-08-12T04:37:09.568+0000] {dag.py:4138} INFO - Setting next_dagrun for example_complex to None, run_after=None
[2026-08-12T04:37:09.588+0000] {processor.py:208} INFO - Processing /home/airflow/.local/lib/python3.12/site-packages/airflow/example_dags/example_complex.py took 0.090 seconds
[2026-08-12T04:37:39.976+0000] {processor.py:186} INFO - Started process (PID=795) to work on /home/airflow/.local/lib/python3.12/site-packages/airflow/example_dags/example_complex.py
[2026-08-12T04:37:39.978+0000] {processor.py:914} INFO - Processing file /home/airflow/.local/lib/python3.12/site-packages/airflow/example_dags/example_complex.py for tasks to queue
[2026-08-12T04:37:39.982+0000] {logging_mixin.py:190} INFO - [2026-08-12T04:37:39.981+0000] {dagbag.py:587} INFO - Filling up the DagBag from /home/airflow/.local/lib/python3.12/site-packages/airflow/example_dags/example_complex.py
[2026-08-12T04:37:39.993+0000] {processor.py:925} INFO - DAG(s) 'example_complex' retrieved from /home/airflow/.local/lib/python3.12/site-packages/airflow/example_dags/example_complex.py
[2026-08-12T04:37:40.035+0000] {logging_mixin.py:190} INFO - [2026-08-12T04:37:40.035+0000] {dag.py:3211} INFO - Sync 1 DAGs
[2026-08-12T04:37:40.054+0000] {logging_mixin.py:190} INFO - [2026-08-12T04:37:40.054+0000] {dag.py:4138} INFO - Setting next_dagrun for example_complex to None, run_after=None
[2026-08-12T04:37:40.079+0000] {processor.py:208} INFO - Processing /home/airflow/.local/lib/python3.12/site-packages/airflow/example_dags/example_complex.py took 0.109 seconds
[2026-08-12T04:38:11.008+0000] {processor.py:186} INFO - Started process (PID=857) to work on /home/airflow/.local/lib/python3.12/site-packages/airflow/example_dags/example_complex.py
[2026-08-12T04:38:11.012+0000] {processor.py:914} INFO - Processing file /home/airflow/.local/lib/python3.12/site-packages/airflow/example_dags/example_complex.py for tasks to queue
[2026-08-12T04:38:11.016+0000] {logging_mixin.py:190} INFO - [2026-08-12T04:38:11.016+0000] {dagbag.py:587} INFO - Filling up the DagBag from /home/airflow/.local/lib/python3.12/site-packages/airflow/example_dags/example_complex.py
[2026-08-12T04:38:11.032+0000] {processor.py:925} INFO - DAG(s) 'example_complex' retrieved from /home/airflow/.local/lib/python3.12/site-packages/airflow/example_dags/example_complex.py
[2026-08-12T04:38:11.079+0000] {logging_mixin.py:190} INFO - [2026-08-12T04:38:11.078+0000] {dag.py:3211} INFO - Sync 1 DAGs
[2026-08-12T04:38:11.112+0000] {logging_mixin.py:190} INFO - [2026-08-12T04:38:11.111+0000] {dag.py:4138} INFO - Setting next_dagrun for example_complex to None, run_after=None
[2026-08-12T04:38:11.137+0000] {processor.py:208} INFO - Processing /home/airflow/.local/lib/python3.12/site-packages/airflow/example_dags/example_complex.py took 0.143 seconds
[2026-08-12T04:38:41.722+0000] {processor.py:186} INFO - Started process (PID=919) to work on /home/airflow/.local/lib/python3.12/site-packages/airflow/example_dags/example_complex.py
[2026-08-12T04:38:41.724+0000] {processor.py:914} INFO - Processing file /home/airflow/.local/lib/python3.12/site-packages/airflow/example_dags/example_complex.py for tasks to queue
[2026-08-12T04:38:41.727+0000] {logging_mixin.py:190} INFO - [2026-08-12T04:38:41.726+0000] {dagbag.py:587} INFO - Filling up the DagBag from /home/airflow/.local/lib/python3.12/site-packages/airflow/example_dags/example_complex.py
[2026-08-12T04:38:41.744+0000] {processor.py:925} INFO - DAG(s) 'example_complex' retrieved from /home/airflow/.local/lib/python3.12/site-packages/airflow/example_dags/example_complex.py
[2026-08-12T04:38:41.775+0000] {logging_mixin.py:190} INFO - [2026-08-12T04:38:41.775+0000] {dag.py:3211} INFO - Sync 1 DAGs
[2026-08-12T04:38:41.789+0000] {logging_mixin.py:190} INFO - [2026-08-12T04:38:41.789+0000] {dag.py:4138} INFO - Setting next_dagrun for example_complex to None, run_after=None
[2026-08-12T04:38:41.811+0000] {processor.py:208} INFO - Processing /home/airflow/.local/lib/python3.12/site-packages/airflow/example_dags/example_complex.py took 0.096 seconds
[2026-08-12T04:39:12.610+0000] {processor.py:186} INFO - Started process (PID=981) to work on /home/airflow/.local/lib/python3.12/site-packages/airflow/example_dags/example_complex.py
[2026-08-12T04:39:12.613+0000] {processor.py:914} INFO - Processing file /home/airflow/.local/lib/python3.12/site-packages/airflow/example_dags/example_complex.py for tasks to queue
[2026-08-12T04:39:12.616+0000] {logging_mixin.py:190} INFO - [2026-08-12T04:39:12.616+0000] {dagbag.py:587} INFO - Filling up the DagBag from /home/airflow/.local/lib/python3.12/site-packages/airflow/example_dags/example_complex.py
[2026-08-12T04:39:12.628+0000] {processor.py:925} INFO - DAG(s) 'example_complex' retrieved from /home/airflow/.local/lib/python3.12/site-packages/airflow/example_dags/example_complex.py
[2026-08-12T04:39:12.664+0000] {logging_mixin.py:190} INFO - [2026-08-12T04:39:12.663+0000] {dag.py:3211} INFO - Sync 1 DAGs
[2026-08-12T04:39:12.682+0000] {logging_mixin.py:190} INFO - [2026-08-12T04:39:12.682+0000] {dag.py:4138} INFO - Setting next_dagrun for example_complex to None, run_after=None
[2026-08-12T04:39:12.702+0000] {processor.py:208} INFO - Processing /home/airflow/.local/lib/python3.12/site-packages/airflow/example_dags/example_complex.py took 0.097 seconds
[2026-08-12T04:39:43.692+0000] {processor.py:186} INFO - Started process (PID=1043) to work on /home/airflow/.local/lib/python3.12/site-packages/airflow/example_dags/example_complex.py
[2026-08-12T04:39:43.694+0000] {processor.py:914} INFO - Processing file /home/airflow/.local/lib/python3.12/site-packages/airflow/example_dags/example_complex.py for tasks to queue
[2026-08-12T04:39:43.697+0000] {logging_mixin.py:190} INFO - [2026-08-12T04:39:43.697+0000] {dagbag.py:587} INFO - Filling up the DagBag from /home/airflow/.local/lib/python3.12/site-packages/airflow/example_dags/example_complex.py
[2026-08-12T04:39:43.709+0000] {processor.py:925} INFO - DAG(s) 'example_complex' retrieved from /home/airflow/.local/lib/python3.12/site-packages/airflow/example_dags/example_complex.py
[2026-08-12T04:39:43.745+0000] {logging_mixin.py:190} INFO - [2026-08-12T04:39:43.744+0000] {dag.py:3211} INFO - Sync 1 DAGs
[2026-08-12T04:39:43.761+0000] {logging_mixin.py:190} INFO - [2026-08-12T04:39:43.761+0000] {dag.py:4138} INFO - Setting next_dagrun for example_complex to None, run_after=None
[2026-08-12T04:39:43.796+0000] {processor.py:208} INFO - Processing /home/airflow/.local/lib/python3.12/site-packages/airflow/example_dags/example_complex.py took 0.124 seconds
[2026-08-12T04:40:14.143+0000] {processor.py:186} INFO - Started process (PID=1105) to work on /home/airflow/.local/lib/python3.12/site-packages/airflow/example_dags/example_complex.py
[2026-08-12T04:40:14.146+0000] {processor.py:914} INFO - Processing file /home/airflow/.local/lib/python3.12/site-packages/airflow/example_dags/example_complex.py for tasks to queue
[2026-08-12T04:40:14.154+0000] {logging_mixin.py:190} INFO - [2026-08-12T04:40:14.152+0000] {dagbag.py:587} INFO - Filling up the DagBag from /home/airflow/.local/lib/python3.12/site-packages/airflow/example_dags/example_complex.py
[2026-08-12T04:40:14.181+0000] {processor.py:925} INFO - DAG(s) 'example_complex' retrieved from /home/airflow/.local/lib/python3.12/site-packages/airflow/example_dags/example_complex.py
[2026-08-12T04:40:14.246+0000] {logging_mixin.py:190} INFO - [2026-08-12T04:40:14.246+0000] {dag.py:3211} INFO - Sync 1 DAGs
[2026-08-12T04:40:14.283+0000] {logging_mixin.py:190} INFO - [2026-08-12T04:40:14.282+0000] {dag.py:4138} INFO - Setting next_dagrun for example_complex to None, run_after=None
[2026-08-12T04:40:14.316+0000] {processor.py:208} INFO - Processing /home/airflow/.local/lib/python3.12/site-packages/airflow/example_dags/example_complex.py took 0.193 seconds
[2026-08-12T04:40:44.824+0000] {processor.py:186} INFO - Started process (PID=1167) to work on /home/airflow/.local/lib/python3.12/site-packages/airflow/example_dags/example_complex.py
[2026-08-12T04:40:44.825+0000] {processor.py:914} INFO - Processing file /home/airflow/.local/lib/python3.12/site-packages/airflow/example_dags/example_complex.py for tasks to queue
[2026-08-12T04:40:44.828+0000] {logging_mixin.py:190} INFO - [2026-08-12T04:40:44.828+0000] {dagbag.py:587} INFO - Filling up the DagBag from /home/airflow/.local/lib/python3.12/site-packages/airflow/example_dags/example_complex.py
[2026-08-12T04:40:44.838+0000] {processor.py:925} INFO - DAG(s) 'example_complex' retrieved from /home/airflow/.local/lib/python3.12/site-packages/airflow/example_dags/example_complex.py
[2026-08-12T04:40:44.867+0000] {logging_mixin.py:190} INFO - [2026-08-12T04:40:44.866+0000] {dag.py:3211} INFO - Sync 1 DAGs
[2026-08-12T04:40:44.880+0000] {logging_mixin.py:190} INFO - [2026-08-12T04:40:44.880+0000] {dag.py:4138} INFO - Setting next_dagrun for example_complex to None, run_after=None
[2026-08-12T04:40:44.899+0000] {processor.py:208} INFO - Processing /home/airflow/.local/lib/python3.12/site-packages/airflow/example_dags/example_complex.py took 0.081 seconds
[2026-08-12T04:41:16.273+0000] {processor.py:186} INFO - Started process (PID=1229) to work on /home/airflow/.local/lib/python3.12/site-packages/airflow/example_dags/example_complex.py
[2026-08-12T04:41:16.275+0000] {processor.py:914} INFO - Processing file /home/airflow/.local/lib/python3.12/site-packages/airflow/example_dags/example_complex.py for tasks to queue
[2026-08-12T04:41:16.279+0000] {logging_mixin.py:190} INFO - [2026-08-12T04:41:16.278+0000] {dagbag.py:587} INFO - Filling up the DagBag from /home/airflow/.local/lib/python3.12/site-packages/airflow/example_dags/example_complex.py
[2026-08-12T04:41:16.296+0000] {processor.py:925} INFO - DAG(s) 'example_complex' retrieved from /home/airflow/.local/lib/python3.12/site-packages/airflow/example_dags/example_complex.py
[2026-08-12T04:41:16.333+0000] {logging_mixin.py:190} INFO - [2026-08-12T04:41:16.333+0000] {dag.py:3211} INFO - Sync 1 DAGs
[2026-08-12T04:41:16.363+0000] {logging_mixin.py:190} INFO - [2026-08-12T04:41:16.362+0000] {dag.py:4138} INFO - Setting next_dagrun for example_complex to None, run_after=None
[2026-08-12T04:41:16.386+0000] {processor.py:208} INFO - Processing /home/airflow/.local/lib/python3.12/site-packages/airflow/example_dags/example_complex.py took 0.122 seconds
[2026-08-12T04:41:46.851+0000] {processor.py:186} INFO - Started process (PID=1291) to work on /home/airflow/.local/lib/python3.12/site-packages/airflow/example_dags/example_complex.py
[2026-08-12T04:41:46.853+0000] {processor.py:914} INFO - Processing file /home/airflow/.local/lib/python3.12/site-packages/airflow/example_dags/example_complex.py for tasks to queue
[2026-08-12T04:41:46.856+0000] {logging_mixin.py:190} INFO - [2026-08-12T04:41:46.855+0000] {dagbag.py:587} INFO - Filling up the DagBag from /home/airflow/.local/lib/python3.12/site-packages/airflow/example_dags/example_complex.py
[2026-08-12T04:41:46.868+0000] {processor.py:925} INFO - DAG(s) 'example_complex' retrieved from /home/airflow/.local/lib/python3.12/site-packages/airflow/example_dags/example_complex.py
[2026-08-12T04:41:46.897+0000] {logging_mixin.py:190} INFO - [2026-08-12T04:41:46.897+0000] {dag.py:3211} INFO - Sync 1 DAGs
[2026-08-12T04:41:46.912+0000] {logging_mixin.py:190} INFO - [2026-08-12T04:41:46.912+0000] {dag.py:4138} INFO - Setting next_dagrun for example_complex to None, run_after=None
[2026-08-12T04:41:46.931+0000] {processor.py:208} INFO - Processing /home/airflow/.local/lib/python3.12/site-packages/airflow/example_dags/example_complex.py took 0.085 seconds
[2026-08-12T04:42:17.687+0000] {processor.py:186} INFO - Started process (PID=1353) to work on /home/airflow/.local/lib/python3.12/site-packages/airflow/example_dags/example_complex.py
[2026-08-12T04:42:17.688+0000] {processor.py:914} INFO - Processing file /home/airflow/.local/lib/python3.12/site-packages/airflow/example_dags/example_complex.py for tasks to queue
[2026-08-12T04:42:17.691+0000] {logging_mixin.py:190} INFO - [2026-08-12T04:42:17.691+0000] {dagbag.py:587} INFO - Filling up the DagBag from /home/airflow/.local/lib/python3.12/site-packages/airflow/example_dags/example_complex.py
[2026-08-12T04:42:17.702+0000] {processor.py:925} INFO - DAG(s) 'example_complex' retrieved from /home/airflow/.local/lib/python3.12/site-packages/airflow/example_dags/example_complex.py
[2026-08-12T04:42:17.736+0000] {logging_mixin.py:190} INFO - [2026-08-12T04:42:17.735+0000] {dag.py:3211} INFO - Sync 1 DAGs
[2026-08-12T04:42:17.754+0000] {logging_mixin.py:190} INFO - [2026-08-12T04:42:17.754+0000] {dag.py:4138} INFO - Setting next_dagrun for example_complex to None, run_after=None
[2026-08-12T04:42:17.775+0000] {processor.py:208} INFO - Processing /home/airflow/.local/lib/python3.12/site-packages/airflow/example_dags/example_complex.py took 0.094 seconds
[2026-08-12T04:42:48.149+0000] {processor.py:186} INFO - Started process (PID=1415) to work on /home/airflow/.local/lib/python3.12/site-packages/airflow/example_dags/example_complex.py
[2026-08-12T04:42:48.151+0000] {processor.py:914} INFO - Processing file /home/airflow/.local/lib/python3.12/site-packages/airflow/example_dags/example_complex.py for tasks to queue
[2026-08-12T04:42:48.154+0000] {logging_mixin.py:190} INFO - [2026-08-12T04:42:48.154+0000] {dagbag.py:587} INFO - Filling up the DagBag from /home/airflow/.local/lib/python3.12/site-packages/airflow/example_dags/example_complex.py
[2026-08-12T04:42:48.167+0000] {processor.py:925} INFO - DAG(s) 'example_complex' retrieved from /home/airflow/.local/lib/python3.12/site-packages/airflow/example_dags/example_complex.py
[2026-08-12T04:42:48.203+0000] {logging_mixin.py:190} INFO - [2026-08-12T04:42:48.202+0000] {dag.py:3211} INFO - Sync 1 DAGs
[2026-08-12T04:42:48.217+0000] {logging_mixin.py:190} INFO - [2026-08-12T04:42:48.217+0000] {dag.py:4138} INFO - Setting next_dagrun for example_complex to None, run_after=None
[2026-08-12T04:42:48.238+0000] {processor.py:208} INFO - Processing /home/airflow/.local/lib/python3.12/site-packages/airflow/example_dags/example_complex.py took 0.095 seconds
[2026-08-12T04:43:19.102+0000] {processor.py:186} INFO - Started process (PID=1477) to work on /home/airflow/.local/lib/python3.12/site-packages/airflow/example_dags/example_complex.py
[2026-08-12T04:43:19.103+0000] {processor.py:914} INFO - Processing file /home/airflow/.local/lib/python3.12/site-packages/airflow/example_dags/example_complex.py for tasks to queue
[2026-08-12T04:43:19.106+0000] {logging_mixin.py:190} INFO - [2026-08-12T04:43:19.106+0000] {dagbag.py:587} INFO - Filling up the DagBag from /home/airflow/.local/lib/python3.12/site-packages/airflow/example_dags/example_complex.py
[2026-08-12T04:43:19.119+0000] {processor.py:925} INFO - DAG(s) 'example_complex' retrieved from /home/airflow/.local/lib/python3.12/site-packages/airflow/example_dags/example_complex.py
[2026-08-12T04:43:19.169+0000] {logging_mixin.py:190} INFO - [2026-08-12T04:43:19.169+0000] {dag.py:3211} INFO - Sync 1 DAGs
[2026-08-12T04:43:19.187+0000] {logging_mixin.py:190} INFO - [2026-08-12T04:43:19.187+0000] {dag.py:4138} INFO - Setting next_dagrun for example_complex to None, run_after=None
[2026-08-12T04:43:19.208+0000] {processor.py:208} INFO - Processing /home/airflow/.local/lib/python3.12/site-packages/airflow/example_dags/example_complex.py took 0.111 seconds
[2026-08-12T04:43:49.971+0000] {processor.py:186} INFO - Started process (PID=1539) to work on /home/airflow/.local/lib/python3.12/site-packages/airflow/example_dags/example_complex.py
[2026-08-12T04:43:49.973+0000] {processor.py:914} INFO - Processing file /home/airflow/.local/lib/python3.12/site-packages/airflow/example_dags/example_complex.py for tasks to queue
[2026-08-12T04:43:49.976+0000] {logging_mixin.py:190} INFO - [2026-08-12T04:43:49.975+0000] {dagbag.py:587} INFO - Filling up the DagBag from /home/airflow/.local/lib/python3.12/site-packages/airflow/example_dags/example_complex.py
[2026-08-12T04:43:49.987+0000] {processor.py:925} INFO - DAG(s) 'example_complex' retrieved from /home/airflow/.local/lib/python3.12/site-packages/airflow/example_dags/example_complex.py
[2026-08-12T04:43:50.031+0000] {logging_mixin.py:190} INFO - [2026-08-12T04:43:50.030+0000] {dag.py:3211} INFO - Sync 1 DAGs
[2026-08-12T04:43:50.048+0000] {logging_mixin.py:190} INFO - [2026-08-12T04:43:50.048+0000] {dag.py:4138} INFO - Setting next_dagrun for example_complex to None, run_after=None
[2026-08-12T04:43:50.076+0000] {processor.py:208} INFO - Processing /home/airflow/.local/lib/python3.12/site-packages/airflow/example_dags/example_complex.py took 0.111 seconds
[2026-08-12T04:44:20.352+0000] {processor.py:186} INFO - Started process (PID=1601) to work on /home/airflow/.local/lib/python3.12/site-packages/airflow/example_dags/example_complex.py
[2026-08-12T04:44:20.353+0000] {processor.py:914} INFO - Processing file /home/airflow/.local/lib/python3.12/site-packages/airflow/example_dags/example_complex.py for tasks to queue
[2026-08-12T04:44:20.356+0000] {logging_mixin.py:190} INFO - [2026-08-12T04:44:20.356+0000] {dagbag.py:587} INFO - Filling up the DagBag from /home/airflow/.local/lib/python3.12/site-packages/airflow/example_dags/example_complex.py
[2026-08-12T04:44:20.368+0000] {processor.py:925} INFO - DAG(s) 'example_complex' retrieved from /home/airflow/.local/lib/python3.12/site-packages/airflow/example_dags/example_complex.py
[2026-08-12T04:44:20.400+0000] {logging_mixin.py:190} INFO - [2026-08-12T04:44:20.400+0000] {dag.py:3211} INFO - Sync 1 DAGs
[2026-08-12T04:44:20.413+0000] {logging_mixin.py:190} INFO - [2026-08-12T04:44:20.413+0000] {dag.py:4138} INFO - Setting next_dagrun for example_complex to None, run_after=None
[2026-08-12T04:44:20.434+0000] {processor.py:208} INFO - Processing /home/airflow/.local/lib/python3.12/site-packages/airflow/example_dags/example_complex.py took 0.089 seconds
[2026-08-12T04:44:51.410+0000] {processor.py:186} INFO - Started process (PID=1663) to work on /home/airflow/.local/lib/python3.12/site-packages/airflow/example_dags/example_complex.py
[2026-08-12T04:44:51.411+0000] {processor.py:914} INFO - Processing file /home/airflow/.local/lib/python3.12/site-packages/airflow/example_dags/example_complex.py for tasks to queue
[2026-08-12T04:44:51.414+0000] {logging_mixin.py:190} INFO - [2026-08-12T04:44:51.414+0000] {dagbag.py:587} INFO - Filling up the DagBag from /home/airflow/.local/lib/python3.12/site-packages/airflow/example_dags/example_complex.py
[2026-08-12T04:44:51.425+0000] {processor.py:925} INFO - DAG(s) 'example_complex' retrieved from /home/airflow/.local/lib/python3.12/site-packages/airflow/example_dags/example_complex.py
[2026-08-12T04:44:51.455+0000] {logging_mixin.py:190} INFO - [2026-08-12T04:44:51.454+0000] {dag.py:3211} INFO - Sync 1 DAGs
[2026-08-12T04:44:51.472+0000] {logging_mixin.py:190} INFO - [2026-08-12T04:44:51.471+0000] {dag.py:4138} INFO - Setting next_dagrun for example_complex to None, run_after=None
[2026-08-12T04:44:51.494+0000] {processor.py:208} INFO - Processing /home/airflow/.local/lib/python3.12/site-packages/airflow/example_dags/example_complex.py took 0.091 seconds
[2026-08-12T04:45:22.560+0000] {processor.py:186} INFO - Started process (PID=1725) to work on /home/airflow/.local/lib/python3.12/site-packages/airflow/example_dags/example_complex.py
[2026-08-12T04:45:22.562+0000] {processor.py:914} INFO - Processing file /home/airflow/.local/lib/python3.12/site-packages/airflow/example_dags/example_complex.py for tasks to queue
[2026-08-12T04:45:22.565+0000] {logging_mixin.py:190} INFO - [2026-08-12T04:45:22.564+0000] {dagbag.py:587} INFO - Filling up the DagBag from /home/airflow/.local/lib/python3.12/site-packages/airflow/example_dags/example_complex.py
[2026-08-12T04:45:22.578+0000] {processor.py:925} INFO - DAG(s) 'example_complex' retrieved from /home/airflow/.local/lib/python3.12/site-packages/airflow/example_dags/example_complex.py
[2026-08-12T04:45:22.623+0000] {logging_mixin.py:190} INFO - [2026-08-12T04:45:22.623+0000] {dag.py:3211} INFO - Sync 1 DAGs
[2026-08-12T04:45:22.639+0000] {logging_mixin.py:190} INFO - [2026-08-12T04:45:22.639+0000] {dag.py:4138} INFO - Setting next_dagrun for example_complex to None, run_after=None
[2026-08-12T04:45:22.663+0000] {processor.py:208} INFO - Processing /home/airflow/.local/lib/python3.12/site-packages/airflow/example_dags/example_complex.py took 0.113 seconds
[2026-08-12T04:45:53.253+0000] {processor.py:186} INFO - Started process (PID=1787) to work on /home/airflow/.local/lib/python3.12/site-packages/airflow/example_dags/example_complex.py
[2026-08-12T04:45:53.254+0000] {processor.py:914} INFO - Processing file /home/airflow/.local/lib/python3.12/site-packages/airflow/example_dags/example_complex.py for tasks to queue
[2026-08-12T04:45:53.258+0000] {logging_mixin.py:190} INFO - [2026-08-12T04:45:53.258+0000] {dagbag.py:587} INFO - Filling up the DagBag from /home/airflow/.local/lib/python3.12/site-packages/airflow/example_dags/example_complex.py
[2026-08-12T04:45:53.273+0000] {processor.py:925} INFO - DAG(s) 'example_complex' retrieved from /home/airflow/.local/lib/python3.12/site-packages/airflow/example_dags/example_complex.py
[2026-08-12T04:45:53.305+0000] {logging_mixin.py:190} INFO - [2026-08-12T04:45:53.305+0000] {dag.py:3211} INFO - Sync 1 DAGs
[2026-08-12T04:45:53.337+0000] {logging_mixin.py:190} INFO - [2026-08-12T04:45:53.336+0000] {dag.py:4138} INFO - Setting next_dagrun for example_complex to None, run_after=None
[2026-08-12T04:45:53.365+0000] {processor.py:208} INFO - Processing /home/airflow/.local/lib/python3.12/site-packages/airflow/example_dags/example_complex.py took 0.120 seconds
[2026-08-12T04:46:23.622+0000] {processor.py:186} INFO - Started process (PID=1849) to work on /home/airflow/.local/lib/python3.12/site-packages/airflow/example_dags/example_complex.py
[2026-08-12T04:46:23.623+0000] {processor.py:914} INFO - Processing file /home/airflow/.local/lib/python3.12/site-packages/airflow/example_dags/example_complex.py for tasks to queue
[2026-08-12T04:46:23.626+0000] {logging_mixin.py:190} INFO - [2026-08-12T04:46:23.626+0000] {dagbag.py:587} INFO - Filling up the DagBag from /home/airflow/.local/lib/python3.12/site-packages/airflow/example_dags/example_complex.py
[2026-08-12T04:46:23.637+0000] {processor.py:925} INFO - DAG(s) 'example_complex' retrieved from /home/airflow/.local/lib/python3.12/site-packages/airflow/example_dags/example_complex.py
[2026-08-12T04:46:23.666+0000] {logging_mixin.py:190} INFO - [2026-08-12T04:46:23.665+0000] {dag.py:3211} INFO - Sync 1 DAGs
[2026-08-12T04:46:23.680+0000] {logging_mixin.py:190} INFO - [2026-08-12T04:46:23.680+0000] {dag.py:4138} INFO - Setting next_dagrun for example_complex to None, run_after=None
[2026-08-12T04:46:23.701+0000] {processor.py:208} INFO - Processing /home/airflow/.local/lib/python3.12/site-packages/airflow/example_dags/example_complex.py took 0.084 seconds
[2026-08-12T04:46:54.211+0000] {processor.py:186} INFO - Started process (PID=1911) to work on /home/airflow/.local/lib/python3.12/site-packages/airflow/example_dags/example_complex.py
[2026-08-12T04:46:54.213+0000] {processor.py:914} INFO - Processing file /home/airflow/.local/lib/python3.12/site-packages/airflow/example_dags/example_complex.py for tasks to queue
[2026-08-12T04:46:54.216+0000] {logging_mixin.py:190} INFO - [2026-08-12T04:46:54.216+0000] {dagbag.py:587} INFO - Filling up the DagBag from /home/airflow/.local/lib/python3.12/site-packages/airflow/example_dags/example_complex.py
[2026-08-12T04:46:54.230+0000] {processor.py:925} INFO - DAG(s) 'example_complex' retrieved from /home/airflow/.local/lib/python3.12/site-packages/airflow/example_dags/example_complex.py
[2026-08-12T04:46:54.261+0000] {logging_mixin.py:190} INFO - [2026-08-12T04:46:54.260+0000] {dag.py:3211} INFO - Sync 1 DAGs
[2026-08-12T04:46:54.276+0000] {logging_mixin.py:190} INFO - [2026-08-12T04:46:54.276+0000] {dag.py:4138} INFO - Setting next_dagrun for example_complex to None, run_after=None
[2026-08-12T04:46:54.298+0000] {processor.py:208} INFO - Processing /home/airflow/.local/lib/python3.12/site-packages/airflow/example_dags/example_complex.py took 0.092 seconds
[2026-08-12T04:47:24.936+0000] {processor.py:186} INFO - Started process (PID=1973) to work on /home/airflow/.local/lib/python3.12/site-packages/airflow/example_dags/example_complex.py
[2026-08-12T04:47:24.938+0000] {processor.py:914} INFO - Processing file /home/airflow/.local/lib/python3.12/site-packages/airflow/example_dags/example_complex.py for tasks to queue
[2026-08-12T04:47:24.942+0000] {logging_mixin.py:190} INFO - [2026-08-12T04:47:24.941+0000] {dagbag.py:587} INFO - Filling up the DagBag from /home/airflow/.local/lib/python3.12/site-packages/airflow/example_dags/example_complex.py
[2026-08-12T04:47:24.955+0000] {processor.py:925} INFO - DAG(s) 'example_complex' retrieved from /home/airflow/.local/lib/python3.12/site-packages/airflow/example_dags/example_complex.py
[2026-08-12T04:47:24.990+0000] {logging_mixin.py:190} INFO - [2026-08-12T04:47:24.990+0000] {dag.py:3211} INFO - Sync 1 DAGs
[2026-08-12T04:47:25.006+0000] {logging_mixin.py:190} INFO - [2026-08-12T04:47:25.005+0000] {dag.py:4138} INFO - Setting next_dagrun for example_complex to None, run_after=None
[2026-08-12T04:47:25.033+0000] {processor.py:208} INFO - Processing /home/airflow/.local/lib/python3.12/site-packages/airflow/example_dags/example_complex.py took 0.105 seconds
[2026-08-12T04:47:55.599+0000] {processor.py:186} INFO - Started process (PID=2035) to work on /home/airflow/.local/lib/python3.12/site-packages/airflow/example_dags/example_complex.py
[2026-08-12T04:47:55.602+0000] {processor.py:914} INFO - Processing file /home/airflow/.local/lib/python3.12/site-packages/airflow/example_dags/example_complex.py for tasks to queue
[2026-08-12T04:47:55.606+0000] {logging_mixin.py:190} INFO - [2026-08-12T04:47:55.606+0000] {dagbag.py:587} INFO - Filling up the DagBag from /home/airflow/.local/lib/python3.12/site-packages/airflow/example_dags/example_complex.py
[2026-08-12T04:47:55.621+0000] {processor.py:925} INFO - DAG(s) 'example_complex' retrieved from /home/airflow/.local/lib/python3.12/site-packages/airflow/example_dags/example_complex.py
[2026-08-12T04:47:55.653+0000] {logging_mixin.py:190} INFO - [2026-08-12T04:47:55.653+0000] {dag.py:3211} INFO - Sync 1 DAGs
[2026-08-12T04:47:55.668+0000] {logging_mixin.py:190} INFO - [2026-08-12T04:47:55.668+0000] {dag.py:4138} INFO - Setting next_dagrun for example_complex to None, run_after=None
[2026-08-12T04:47:55.689+0000] {processor.py:208} INFO - Processing /home/airflow/.local/lib/python3.12/site-packages/airflow/example_dags/example_complex.py took 0.101 seconds
[2026-08-12T04:48:26.975+0000] {processor.py:186} INFO - Started process (PID=2097) to work on /home/airflow/.local/lib/python3.12/site-packages/airflow/example_dags/example_complex.py
[2026-08-12T04:48:26.977+0000] {processor.py:914} INFO - Processing file /home/airflow/.local/lib/python3.12/site-packages/airflow/example_dags/example_complex.py for tasks to queue
[2026-08-12T04:48:26.980+0000] {logging_mixin.py:190} INFO - [2026-08-12T04:48:26.979+0000] {dagbag.py:587} INFO - Filling up the DagBag from /home/airflow/.local/lib/python3.12/site-packages/airflow/example_dags/example_complex.py
[2026-08-12T04:48:26.992+0000] {processor.py:925} INFO - DAG(s) 'example_complex' retrieved from /home/airflow/.local/lib/python3.12/site-packages/airflow/example_dags/example_complex.py
[2026-08-12T04:48:27.045+0000] {logging_mixin.py:190} INFO - [2026-08-12T04:48:27.045+0000] {dag.py:3211} INFO - Sync 1 DAGs
[2026-08-12T04:48:27.059+0000] {logging_mixin.py:190} INFO - [2026-08-12T04:48:27.059+0000] {dag.py:4138} INFO - Setting next_dagrun for example_complex to None, run_after=None
[2026-08-12T04:48:27.083+0000] {processor.py:208} INFO - Processing /home/airflow/.local/lib/python3.12/site-packages/airflow/example_dags/example_complex.py took 0.113 seconds
