[2026-08-12T04:31:59.954+0000] {processor.py:186} INFO - Started process (PID=87) to work on /home/airflow/.local/lib/python3.12/site-packages/airflow/example_dags/example_inlet_event_extra.py
[2026-08-12T04:31:59.956+0000] {processor.py:914} INFO - Processing file /home/airflow/.local/lib/python3.12/site-packages/airflow/example_dags/example_inlet_event_extra.py for tasks to queue
[2026-08-12T04:31:59.960+0000] {logging_mixin.py:190} INFO - [2026-08-12T04:31:59.959+0000] {dagbag.py:587} INFO - Filling up the DagBag from /home/airflow/.local/lib/python3.12/site-packages/airflow/example_dags/example_inlet_event_extra.py
[2026-08-12T04:32:00.132+0000] {processor.py:925} INFO - DAG(s) 'read_dataset_event', 'read_dataset_event_from_classic' retrieved from /home/airflow/.local/lib/python3.12/site-packages/airflow/example_dags/example_inlet_event_extra.py
[2026-08-12T04:32:00.259+0000] {logging_mixin.py:190} INFO - [2026-08-12T04:32:00.258+0000] {override.py:1858} INFO - Created Permission View: can read on DAG:read_dataset_event
[2026-08-12T04:32:00.286+0000] {logging_mixin.py:190} INFO - [2026-08-12T04:32:00.278+0000] {override.py:1858} INFO - Created Permission View: can delete on DAG:read_dataset_event
[2026-08-12T04:32:00.295+0000] {logging_mixin.py:190} INFO - [2026-08-12T04:32:00.294+0000] {override.py:1858} INFO - Created Permission View: can edit on DAG:read_dataset_event
[2026-08-12T04:32:00.312+0000] {logging_mixin.py:190} INFO - [2026-08-12T04:32:00.312+0000] {override.py:1858} INFO - Created Permission View: can read on DAG:read_dataset_event_from_classic
[2026-08-12T04:32:00.322+0000] {logging_mixin.py:190} INFO - [2026-08-12T04:32:00.321+0000] {override.py:1858} INFO - Created Permission View: can delete on DAG:read_dataset_event_from_classic
[2026-08-12T04:32:00.329+0000] {logging_mixin.py:190} INFO - [2026-08-12T04:32:00.329+0000] {override.py:1858} INFO - Created Permission View: can edit on DAG:read_dataset_event_from_classic
[2026-08-12T04:32:00.331+0000] {logging_mixin.py:190} INFO - [2026-08-12T04:32:00.330+0000] {dag.py:3211} INFO - Sync 2 DAGs
[2026-08-12T04:32:00.345+0000] {logging_mixin.py:190} INFO - [2026-08-12T04:32:00.344+0000] {dag.py:3234} INFO - Creating ORM DAG for read_dataset_event_from_classic
[2026-08-12T04:32:00.347+0000] {logging_mixin.py:190} INFO - [2026-08-12T04:32:00.347+0000] {dag.py:3234} INFO - Creating ORM DAG for read_dataset_event
[2026-08-12T04:32:00.363+0000] {logging_mixin.py:190} INFO - [2026-08-12T04:32:00.363+0000] {dag.py:4138} INFO - Setting next_dagrun for read_dataset_event to 2026-08-11 00:00:00+00:00, run_after=2026-08-12 00:00:00+00:00
[2026-08-12T04:32:00.368+0000] {logging_mixin.py:190} INFO - [2026-08-12T04:32:00.367+0000] {dag.py:4138} INFO - Setting next_dagrun for read_dataset_event_from_classic to 2026-08-11 00:00:00+00:00, run_after=2026-08-12 00:00:00+00:00
[2026-08-12T04:32:00.395+0000] {processor.py:208} INFO - Processing /home/airflow/.local/lib/python3.12/site-packages/airflow/example_dags/example_inlet_event_extra.py took 0.451 seconds
[2026-08-12T04:32:31.107+0000] {processor.py:186} INFO - Started process (PID=149) to work on /home/airflow/.local/lib/python3.12/site-packages/airflow/example_dags/example_inlet_event_extra.py
[2026-08-12T04:32:31.109+0000] {processor.py:914} INFO - Processing file /home/airflow/.local/lib/python3.12/site-packages/airflow/example_dags/example_inlet_event_extra.py for tasks to queue
[2026-08-12T04:32:31.114+0000] {logging_mixin.py:190} INFO - [2026-08-12T04:32:31.114+0000] {dagbag.py:587} INFO - Filling up the DagBag from /home/airflow/.local/lib/python3.12/site-packages/airflow/example_dags/example_inlet_event_extra.py
[2026-08-12T04:32:31.296+0000] {processor.py:925} INFO - DAG(s) 'read_dataset_event', 'read_dataset_event_from_classic' retrieved from /home/airflow/.local/lib/python3.12/site-packages/airflow/example_dags/example_inlet_event_extra.py
[2026-08-12T04:32:31.323+0000] {logging_mixin.py:190} INFO - [2026-08-12T04:32:31.322+0000] {dag.py:3211} INFO - Sync 2 DAGs
[2026-08-12T04:32:31.348+0000] {logging_mixin.py:190} INFO - [2026-08-12T04:32:31.348+0000] {dag.py:4138} INFO - Setting next_dagrun for read_dataset_event to 2026-08-11 00:00:00+00:00, run_after=2026-08-12 00:00:00+00:00
[2026-08-12T04:32:31.355+0000] {logging_mixin.py:190} INFO - [2026-08-12T04:32:31.354+0000] {dag.py:4138} INFO - Setting next_dagrun for read_dataset_event_from_classic to 2026-08-11 00:00:00+00:00, run_after=2026-08-12 00:00:00+00:00
[2026-08-12T04:32:31.375+0000] {processor.py:208} INFO - Processing /home/airflow/.local/lib/python3.12/site-packages/airflow/example_dags/example_inlet_event_extra.py took 0.274 seconds
[2026-08-12T04:33:02.133+0000] {processor.py:186} INFO - Started process (PID=211) to work on /home/airflow/.local/lib/python3.12/site-packages/airflow/example_dags/example_inlet_event_extra.py
[2026-08-12T04:33:02.135+0000] {processor.py:914} INFO - Processing file /home/airflow/.local/lib/python3.12/site-packages/airflow/example_dags/example_inlet_event_extra.py for tasks to queue
[2026-08-12T04:33:02.143+0000] {logging_mixin.py:190} INFO - [2026-08-12T04:33:02.138+0000] {dagbag.py:587} INFO - Filling up the DagBag from /home/airflow/.local/lib/python3.12/site-packages/airflow/example_dags/example_inlet_event_extra.py
[2026-08-12T04:33:02.350+0000] {processor.py:925} INFO - DAG(s) 'read_dataset_event_from_classic', 'read_dataset_event' retrieved from /home/airflow/.local/lib/python3.12/site-packages/airflow/example_dags/example_inlet_event_extra.py
[2026-08-12T04:33:02.383+0000] {logging_mixin.py:190} INFO - [2026-08-12T04:33:02.375+0000] {dag.py:3211} INFO - Sync 2 DAGs
[2026-08-12T04:33:02.423+0000] {logging_mixin.py:190} INFO - [2026-08-12T04:33:02.423+0000] {dag.py:4138} INFO - Setting next_dagrun for read_dataset_event to 2026-08-11 00:00:00+00:00, run_after=2026-08-12 00:00:00+00:00
[2026-08-12T04:33:02.430+0000] {logging_mixin.py:190} INFO - [2026-08-12T04:33:02.429+0000] {dag.py:4138} INFO - Setting next_dagrun for read_dataset_event_from_classic to 2026-08-11 00:00:00+00:00, run_after=2026-08-12 00:00:00+00:00
[2026-08-12T04:33:02.463+0000] {processor.py:208} INFO - Processing /home/airflow/.local/lib/python3.12/site-packages/airflow/example_dags/example_inlet_event_extra.py took 0.335 seconds
[2026-08-12T04:33:33.323+0000] {processor.py:186} INFO - Started process (PID=273) to work on /home/airflow/.local/lib/python3.12/site-packages/airflow/example_dags/example_inlet_event_extra.py
[2026-08-12T04:33:33.325+0000] {processor.py:914} INFO - Processing file /home/airflow/.local/lib/python3.12/site-packages/airflow/example_dags/example_inlet_event_extra.py for tasks to queue
[2026-08-12T04:33:33.330+0000] {logging_mixin.py:190} INFO - [2026-08-12T04:33:33.329+0000] {dagbag.py:587} INFO - Filling up the DagBag from /home/airflow/.local/lib/python3.12/site-packages/airflow/example_dags/example_inlet_event_extra.py
[2026-08-12T04:33:33.464+0000] {processor.py:925} INFO - DAG(s) 'read_dataset_event', 'read_dataset_event_from_classic' retrieved from /home/airflow/.local/lib/python3.12/site-packages/airflow/example_dags/example_inlet_event_extra.py
[2026-08-12T04:33:33.486+0000] {logging_mixin.py:190} INFO - [2026-08-12T04:33:33.486+0000] {dag.py:3211} INFO - Sync 2 DAGs
[2026-08-12T04:33:33.512+0000] {logging_mixin.py:190} INFO - [2026-08-12T04:33:33.511+0000] {dag.py:4138} INFO - Setting next_dagrun for read_dataset_event to 2026-08-11 00:00:00+00:00, run_after=2026-08-12 00:00:00+00:00
[2026-08-12T04:33:33.517+0000] {logging_mixin.py:190} INFO - [2026-08-12T04:33:33.517+0000] {dag.py:4138} INFO - Setting next_dagrun for read_dataset_event_from_classic to 2026-08-11 00:00:00+00:00, run_after=2026-08-12 00:00:00+00:00
[2026-08-12T04:33:33.537+0000] {processor.py:208} INFO - Processing /home/airflow/.local/lib/python3.12/site-packages/airflow/example_dags/example_inlet_event_extra.py took 0.220 seconds
[2026-08-12T04:34:04.138+0000] {processor.py:186} INFO - Started process (PID=335) to work on /home/airflow/.local/lib/python3.12/site-packages/airflow/example_dags/example_inlet_event_extra.py
[2026-08-12T04:34:04.140+0000] {processor.py:914} INFO - Processing file /home/airflow/.local/lib/python3.12/site-packages/airflow/example_dags/example_inlet_event_extra.py for tasks to queue
[2026-08-12T04:34:04.145+0000] {logging_mixin.py:190} INFO - [2026-08-12T04:34:04.144+0000] {dagbag.py:587} INFO - Filling up the DagBag from /home/airflow/.local/lib/python3.12/site-packages/airflow/example_dags/example_inlet_event_extra.py
[2026-08-12T04:34:04.291+0000] {processor.py:925} INFO - DAG(s) 'read_dataset_event', 'read_dataset_event_from_classic' retrieved from /home/airflow/.local/lib/python3.12/site-packages/airflow/example_dags/example_inlet_event_extra.py
[2026-08-12T04:34:04.314+0000] {logging_mixin.py:190} INFO - [2026-08-12T04:34:04.314+0000] {dag.py:3211} INFO - Sync 2 DAGs
[2026-08-12T04:34:04.342+0000] {logging_mixin.py:190} INFO - [2026-08-12T04:34:04.341+0000] {dag.py:4138} INFO - Setting next_dagrun for read_dataset_event to 2026-08-11 00:00:00+00:00, run_after=2026-08-12 00:00:00+00:00
[2026-08-12T04:34:04.348+0000] {logging_mixin.py:190} INFO - [2026-08-12T04:34:04.347+0000] {dag.py:4138} INFO - Setting next_dagrun for read_dataset_event_from_classic to 2026-08-11 00:00:00+00:00, run_after=2026-08-12 00:00:00+00:00
[2026-08-12T04:34:04.371+0000] {processor.py:208} INFO - Processing /home/airflow/.local/lib/python3.12/site-packages/airflow/example_dags/example_inlet_event_extra.py took 0.240 seconds
[2026-08-12T04:34:34.862+0000] {processor.py:186} INFO - Started process (PID=397) to work on /home/airflow/.local/lib/python3.12/site-packages/airflow/example_dags/example_inlet_event_extra.py
[2026-08-12T04:34:34.864+0000] {processor.py:914} INFO - Processing file /home/airflow/.local/lib/python3.12/site-packages/airflow/example_dags/example_inlet_event_extra.py for tasks to queue
[2026-08-12T04:34:34.868+0000] {logging_mixin.py:190} INFO - [2026-08-12T04:34:34.868+0000] {dagbag.py:587} INFO - Filling up the DagBag from /home/airflow/.local/lib/python3.12/site-packages/airflow/example_dags/example_inlet_event_extra.py
[2026-08-12T04:34:34.998+0000] {processor.py:925} INFO - DAG(s) 'read_dataset_event_from_classic', 'read_dataset_event' retrieved from /home/airflow/.local/lib/python3.12/site-packages/airflow/example_dags/example_inlet_event_extra.py
[2026-08-12T04:34:35.023+0000] {logging_mixin.py:190} INFO - [2026-08-12T04:34:35.022+0000] {dag.py:3211} INFO - Sync 2 DAGs
[2026-08-12T04:34:35.046+0000] {logging_mixin.py:190} INFO - [2026-08-12T04:34:35.045+0000] {dag.py:4138} INFO - Setting next_dagrun for read_dataset_event to 2026-08-11 00:00:00+00:00, run_after=2026-08-12 00:00:00+00:00
[2026-08-12T04:34:35.051+0000] {logging_mixin.py:190} INFO - [2026-08-12T04:34:35.050+0000] {dag.py:4138} INFO - Setting next_dagrun for read_dataset_event_from_classic to 2026-08-11 00:00:00+00:00, run_after=2026-08-12 00:00:00+00:00
[2026-08-12T04:34:35.069+0000] {processor.py:208} INFO - Processing /home/airflow/.local/lib/python3.12/site-packages/airflow/example_dags/example_inlet_event_extra.py took 0.213 seconds
[2026-08-12T04:35:05.217+0000] {processor.py:186} INFO - Started process (PID=459) to work on /home/airflow/.local/lib/python3.12/site-packages/airflow/example_dags/example_inlet_event_extra.py
[2026-08-12T04:35:05.218+0000] {processor.py:914} INFO - Processing file /home/airflow/.local/lib/python3.12/site-packages/airflow/example_dags/example_inlet_event_extra.py for tasks to queue
[2026-08-12T04:35:05.221+0000] {logging_mixin.py:190} INFO - [2026-08-12T04:35:05.221+0000] {dagbag.py:587} INFO - Filling up the DagBag from /home/airflow/.local/lib/python3.12/site-packages/airflow/example_dags/example_inlet_event_extra.py
[2026-08-12T04:35:05.396+0000] {processor.py:925} INFO - DAG(s) 'read_dataset_event_from_classic', 'read_dataset_event' retrieved from /home/airflow/.local/lib/python3.12/site-packages/airflow/example_dags/example_inlet_event_extra.py
[2026-08-12T04:35:05.419+0000] {logging_mixin.py:190} INFO - [2026-08-12T04:35:05.419+0000] {dag.py:3211} INFO - Sync 2 DAGs
[2026-08-12T04:35:05.441+0000] {logging_mixin.py:190} INFO - [2026-08-12T04:35:05.441+0000] {dag.py:4138} INFO - Setting next_dagrun for read_dataset_event to 2026-08-11 00:00:00+00:00, run_after=2026-08-12 00:00:00+00:00
[2026-08-12T04:35:05.446+0000] {logging_mixin.py:190} INFO - [2026-08-12T04:35:05.446+0000] {dag.py:4138} INFO - Setting next_dagrun for read_dataset_event_from_classic to 2026-08-11 00:00:00+00:00, run_after=2026-08-12 00:00:00+00:00
[2026-08-12T04:35:05.464+0000] {processor.py:208} INFO - Processing /home/airflow/.local/lib/python3.12/site-packages/airflow/example_dags/example_inlet_event_extra.py took 0.253 seconds
[2026-08-12T04:35:35.529+0000] {processor.py:186} INFO - Started process (PID=521) to work on /home/airflow/.local/lib/python3.12/site-packages/airflow/example_dags/example_inlet_event_extra.py
[2026-08-12T04:35:35.532+0000] {processor.py:914} INFO - Processing file /home/airflow/.local/lib/python3.12/site-packages/airflow/example_dags/example_inlet_event_extra.py for tasks to queue
[2026-08-12T04:35:35.538+0000] {logging_mixin.py:190} INFO - [2026-08-12T04:35:35.537+0000] {dagbag.py:587} INFO - Filling up the DagBag from /home/airflow/.local/lib/python3.12/site-packages/airflow/example_dags/example_inlet_event_extra.py
[2026-08-12T04:35:35.732+0000] {processor.py:925} INFO - DAG(s) 'read_dataset_event_from_classic', 'read_dataset_event' retrieved from /home/airflow/.local/lib/python3.12/site-packages/airflow/example_dags/example_inlet_event_extra.py
[2026-08-12T04:35:35.756+0000] {logging_mixin.py:190} INFO - [2026-08-12T04:35:35.756+0000] {dag.py:3211} INFO - Sync 2 DAGs
[2026-08-12T04:35:35.793+0000] {logging_mixin.py:190} INFO - [2026-08-12T04:35:35.793+0000] {dag.py:4138} INFO - Setting next_dagrun for read_dataset_event to 2026-08-11 00:00:00+00:00, run_after=2026-08-12 00:00:00+00:00
[2026-08-12T04:35:35.800+0000] {logging_mixin.py:190} INFO - [2026-08-12T04:35:35.799+0000] {dag.py:4138} INFO - Setting next_dagrun for read_dataset_event_from_classic to 2026-08-11 00:00:00+00:00, run_after=2026-08-12 00:00:00+00:00
[2026-08-12T04:35:35.818+0000] {processor.py:208} INFO - Processing /home/airflow/.local/lib/python3.12/site-packages/airflow/example_dags/example_inlet_event_extra.py took 0.297 seconds
[2026-08-12T04:36:05.908+0000] {processor.py:186} INFO - Started process (PID=583) to work on /home/airflow/.local/lib/python3.12/site-packages/airflow/example_dags/example_inlet_event_extra.py
[2026-08-12T04:36:05.910+0000] {processor.py:914} INFO - Processing file /home/airflow/.local/lib/python3.12/site-packages/airflow/example_dags/example_inlet_event_extra.py for tasks to queue
[2026-08-12T04:36:05.914+0000] {logging_mixin.py:190} INFO - [2026-08-12T04:36:05.914+0000] {dagbag.py:587} INFO - Filling up the DagBag from /home/airflow/.local/lib/python3.12/site-packages/airflow/example_dags/example_inlet_event_extra.py
[2026-08-12T04:36:06.096+0000] {processor.py:925} INFO - DAG(s) 'read_dataset_event_from_classic', 'read_dataset_event' retrieved from /home/airflow/.local/lib/python3.12/site-packages/airflow/example_dags/example_inlet_event_extra.py
[2026-08-12T04:36:06.125+0000] {logging_mixin.py:190} INFO - [2026-08-12T04:36:06.125+0000] {dag.py:3211} INFO - Sync 2 DAGs
[2026-08-12T04:36:06.157+0000] {logging_mixin.py:190} INFO - [2026-08-12T04:36:06.156+0000] {dag.py:4138} INFO - Setting next_dagrun for read_dataset_event to 2026-08-11 00:00:00+00:00, run_after=2026-08-12 00:00:00+00:00
[2026-08-12T04:36:06.162+0000] {logging_mixin.py:190} INFO - [2026-08-12T04:36:06.162+0000] {dag.py:4138} INFO - Setting next_dagrun for read_dataset_event_from_classic to 2026-08-11 00:00:00+00:00, run_after=2026-08-12 00:00:00+00:00
[2026-08-12T04:36:06.193+0000] {processor.py:208} INFO - Processing /home/airflow/.local/lib/python3.12/site-packages/airflow/example_dags/example_inlet_event_extra.py took 0.291 seconds
[2026-08-12T04:36:36.513+0000] {processor.py:186} INFO - Started process (PID=645) to work on /home/airflow/.local/lib/python3.12/site-packages/airflow/example_dags/example_inlet_event_extra.py
[2026-08-12T04:36:36.515+0000] {processor.py:914} INFO - Processing file /home/airflow/.local/lib/python3.12/site-packages/airflow/example_dags/example_inlet_event_extra.py for tasks to queue
[2026-08-12T04:36:36.519+0000] {logging_mixin.py:190} INFO - [2026-08-12T04:36:36.519+0000] {dagbag.py:587} INFO - Filling up the DagBag from /home/airflow/.local/lib/python3.12/site-packages/airflow/example_dags/example_inlet_event_extra.py
[2026-08-12T04:36:36.662+0000] {processor.py:925} INFO - DAG(s) 'read_dataset_event', 'read_dataset_event_from_classic' retrieved from /home/airflow/.local/lib/python3.12/site-packages/airflow/example_dags/example_inlet_event_extra.py
[2026-08-12T04:36:36.687+0000] {logging_mixin.py:190} INFO - [2026-08-12T04:36:36.686+0000] {dag.py:3211} INFO - Sync 2 DAGs
[2026-08-12T04:36:36.710+0000] {logging_mixin.py:190} INFO - [2026-08-12T04:36:36.710+0000] {dag.py:4138} INFO - Setting next_dagrun for read_dataset_event to 2026-08-11 00:00:00+00:00, run_after=2026-08-12 00:00:00+00:00
[2026-08-12T04:36:36.716+0000] {logging_mixin.py:190} INFO - [2026-08-12T04:36:36.715+0000] {dag.py:4138} INFO - Setting next_dagrun for read_dataset_event_from_classic to 2026-08-11 00:00:00+00:00, run_after=2026-08-12 00:00:00+00:00
[2026-08-12T04:36:36.744+0000] {processor.py:208} INFO - Processing /home/airflow/.local/lib/python3.12/site-packages/airflow/example_dags/example_inlet_event_extra.py took 0.237 seconds
[2026-08-12T04:37:07.228+0000] {processor.py:186} INFO - Started process (PID=707) to work on /home/airflow/.local/lib/python3.12/site-packages/airflow/example_dags/example_inlet_event_extra.py
[2026-08-12T04:37:07.230+0000] {processor.py:914} INFO - Processing file /home/airflow/.local/lib/python3.12/site-packages/airflow/example_dags/example_inlet_event_extra.py for tasks to queue
[2026-08-12T04:37:07.234+0000] {logging_mixin.py:190} INFO - [2026-08-12T04:37:07.234+0000] {dagbag.py:587} INFO - Filling up the DagBag from /home/airflow/.local/lib/python3.12/site-packages/airflow/example_dags/example_inlet_event_extra.py
[2026-08-12T04:37:07.373+0000] {processor.py:925} INFO - DAG(s) 'read_dataset_event_from_classic', 'read_dataset_event' retrieved from /home/airflow/.local/lib/python3.12/site-packages/airflow/example_dags/example_inlet_event_extra.py
[2026-08-12T04:37:07.397+0000] {logging_mixin.py:190} INFO - [2026-08-12T04:37:07.396+0000] {dag.py:3211} INFO - Sync 2 DAGs
[2026-08-12T04:37:07.422+0000] {logging_mixin.py:190} INFO - [2026-08-12T04:37:07.422+0000] {dag.py:4138} INFO - Setting next_dagrun for read_dataset_event to 2026-08-11 00:00:00+00:00, run_after=2026-08-12 00:00:00+00:00
[2026-08-12T04:37:07.428+0000] {logging_mixin.py:190} INFO - [2026-08-12T04:37:07.428+0000] {dag.py:4138} INFO - Setting next_dagrun for read_dataset_event_from_classic to 2026-08-11 00:00:00+00:00, run_after=2026-08-12 00:00:00+00:00
[2026-08-12T04:37:07.459+0000] {processor.py:208} INFO - Processing /home/airflow/.local/lib/python3.12/site-packages/airflow/example_dags/example_inlet_event_extra.py took 0.238 seconds
[2026-08-12T04:37:37.508+0000] {processor.py:186} INFO - Started process (PID=768) to work on /home/airflow/.local/lib/python3.12/site-packages/airflow/example_dags/example_inlet_event_extra.py
[2026-08-12T04:37:37.510+0000] {processor.py:914} INFO - Processing file /home/airflow/.local/lib/python3.12/site-packages/airflow/example_dags/example_inlet_event_extra.py for tasks to queue
[2026-08-12T04:37:37.515+0000] {logging_mixin.py:190} INFO - [2026-08-12T04:37:37.515+0000] {dagbag.py:587} INFO - Filling up the DagBag from /home/airflow/.local/lib/python3.12/site-packages/airflow/example_dags/example_inlet_event_extra.py
[2026-08-12T04:37:37.763+0000] {processor.py:925} INFO - DAG(s) 'read_dataset_event', 'read_dataset_event_from_classic' retrieved from /home/airflow/.local/lib/python3.12/site-packages/airflow/example_dags/example_inlet_event_extra.py
[2026-08-12T04:37:37.792+0000] {logging_mixin.py:190} INFO - [2026-08-12T04:37:37.792+0000] {dag.py:3211} INFO - Sync 2 DAGs
[2026-08-12T04:37:37.820+0000] {logging_mixin.py:190} INFO - [2026-08-12T04:37:37.820+0000] {dag.py:4138} INFO - Setting next_dagrun for read_dataset_event to 2026-08-11 00:00:00+00:00, run_after=2026-08-12 00:00:00+00:00
[2026-08-12T04:37:37.826+0000] {logging_mixin.py:190} INFO - [2026-08-12T04:37:37.825+0000] {dag.py:4138} INFO - Setting next_dagrun for read_dataset_event_from_classic to 2026-08-11 00:00:00+00:00, run_after=2026-08-12 00:00:00+00:00
[2026-08-12T04:37:37.845+0000] {processor.py:208} INFO - Processing /home/airflow/.local/lib/python3.12/site-packages/airflow/example_dags/example_inlet_event_extra.py took 0.345 seconds
[2026-08-12T04:38:08.371+0000] {processor.py:186} INFO - Started process (PID=831) to work on /home/airflow/.local/lib/python3.12/site-packages/airflow/example_dags/example_inlet_event_extra.py
[2026-08-12T04:38:08.373+0000] {processor.py:914} INFO - Processing file /home/airflow/.local/lib/python3.12/site-packages/airflow/example_dags/example_inlet_event_extra.py for tasks to queue
[2026-08-12T04:38:08.378+0000] {logging_mixin.py:190} INFO - [2026-08-12T04:38:08.377+0000] {dagbag.py:587} INFO - Filling up the DagBag from /home/airflow/.local/lib/python3.12/site-packages/airflow/example_dags/example_inlet_event_extra.py
[2026-08-12T04:38:08.509+0000] {processor.py:925} INFO - DAG(s) 'read_dataset_event', 'read_dataset_event_from_classic' retrieved from /home/airflow/.local/lib/python3.12/site-packages/airflow/example_dags/example_inlet_event_extra.py
[2026-08-12T04:38:08.534+0000] {logging_mixin.py:190} INFO - [2026-08-12T04:38:08.534+0000] {dag.py:3211} INFO - Sync 2 DAGs
[2026-08-12T04:38:08.561+0000] {logging_mixin.py:190} INFO - [2026-08-12T04:38:08.561+0000] {dag.py:4138} INFO - Setting next_dagrun for read_dataset_event to 2026-08-11 00:00:00+00:00, run_after=2026-08-12 00:00:00+00:00
[2026-08-12T04:38:08.567+0000] {logging_mixin.py:190} INFO - [2026-08-12T04:38:08.567+0000] {dag.py:4138} INFO - Setting next_dagrun for read_dataset_event_from_classic to 2026-08-11 00:00:00+00:00, run_after=2026-08-12 00:00:00+00:00
[2026-08-12T04:38:08.600+0000] {processor.py:208} INFO - Processing /home/airflow/.local/lib/python3.12/site-packages/airflow/example_dags/example_inlet_event_extra.py took 0.235 seconds
[2026-08-12T04:38:39.143+0000] {processor.py:186} INFO - Started process (PID=893) to work on /home/airflow/.local/lib/python3.12/site-packages/airflow/example_dags/example_inlet_event_extra.py
[2026-08-12T04:38:39.145+0000] {processor.py:914} INFO - Processing file /home/airflow/.local/lib/python3.12/site-packages/airflow/example_dags/example_inlet_event_extra.py for tasks to queue
[2026-08-12T04:38:39.148+0000] {logging_mixin.py:190} INFO - [2026-08-12T04:38:39.148+0000] {dagbag.py:587} INFO - Filling up the DagBag from /home/airflow/.local/lib/python3.12/site-packages/airflow/example_dags/example_inlet_event_extra.py
[2026-08-12T04:38:39.296+0000] {processor.py:925} INFO - DAG(s) 'read_dataset_event', 'read_dataset_event_from_classic' retrieved from /home/airflow/.local/lib/python3.12/site-packages/airflow/example_dags/example_inlet_event_extra.py
[2026-08-12T04:38:39.331+0000] {logging_mixin.py:190} INFO - [2026-08-12T04:38:39.330+0000] {dag.py:3211} INFO - Sync 2 DAGs
[2026-08-12T04:38:39.357+0000] {logging_mixin.py:190} INFO - [2026-08-12T04:38:39.356+0000] {dag.py:4138} INFO - Setting next_dagrun for read_dataset_event to 2026-08-11 00:00:00+00:00, run_after=2026-08-12 00:00:00+00:00
[2026-08-12T04:38:39.362+0000] {logging_mixin.py:190} INFO - [2026-08-12T04:38:39.362+0000] {dag.py:4138} INFO - Setting next_dagrun for read_dataset_event_from_classic to 2026-08-11 00:00:00+00:00, run_after=2026-08-12 00:00:00+00:00
[2026-08-12T04:38:39.395+0000] {processor.py:208} INFO - Processing /home/airflow/.local/lib/python3.12/site-packages/airflow/example_dags/example_inlet_event_extra.py took 0.257 seconds
[2026-08-12T04:39:10.051+0000] {processor.py:186} INFO - Started process (PID=955) to work on /home/airflow/.local/lib/python3.12/site-packages/airflow/example_dags/example_inlet_event_extra.py
[2026-08-12T04:39:10.052+0000] {processor.py:914} INFO - Processing file /home/airflow/.local/lib/python3.12/site-packages/airflow/example_dags/example_inlet_event_extra.py for tasks to queue
[2026-08-12T04:39:10.056+0000] {logging_mixin.py:190} INFO - [2026-08-12T04:39:10.055+0000] {dagbag.py:587} INFO - Filling up the DagBag from /home/airflow/.local/lib/python3.12/site-packages/airflow/example_dags/example_inlet_event_extra.py
[2026-08-12T04:39:10.271+0000] {processor.py:925} INFO - DAG(s) 'read_dataset_event_from_classic', 'read_dataset_event' retrieved from /home/airflow/.local/lib/python3.12/site-packages/airflow/example_dags/example_inlet_event_extra.py
[2026-08-12T04:39:10.304+0000] {logging_mixin.py:190} INFO - [2026-08-12T04:39:10.304+0000] {dag.py:3211} INFO - Sync 2 DAGs
[2026-08-12T04:39:10.339+0000] {logging_mixin.py:190} INFO - [2026-08-12T04:39:10.339+0000] {dag.py:4138} INFO - Setting next_dagrun for read_dataset_event to 2026-08-11 00:00:00+00:00, run_after=2026-08-12 00:00:00+00:00
[2026-08-12T04:39:10.347+0000] {logging_mixin.py:190} INFO - [2026-08-12T04:39:10.345+0000] {dag.py:4138} INFO - Setting next_dagrun for read_dataset_event_from_classic to 2026-08-11 00:00:00+00:00, run_after=2026-08-12 00:00:00+00:00
[2026-08-12T04:39:10.373+0000] {processor.py:208} INFO - Processing /home/airflow/.local/lib/python3.12/site-packages/airflow/example_dags/example_inlet_event_extra.py took 0.328 seconds
[2026-08-12T04:39:41.037+0000] {processor.py:186} INFO - Started process (PID=1017) to work on /home/airflow/.local/lib/python3.12/site-packages/airflow/example_dags/example_inlet_event_extra.py
[2026-08-12T04:39:41.038+0000] {processor.py:914} INFO - Processing file /home/airflow/.local/lib/python3.12/site-packages/airflow/example_dags/example_inlet_event_extra.py for tasks to queue
[2026-08-12T04:39:41.044+0000] {logging_mixin.py:190} INFO - [2026-08-12T04:39:41.044+0000] {dagbag.py:587} INFO - Filling up the DagBag from /home/airflow/.local/lib/python3.12/site-packages/airflow/example_dags/example_inlet_event_extra.py
[2026-08-12T04:39:41.188+0000] {processor.py:925} INFO - DAG(s) 'read_dataset_event_from_classic', 'read_dataset_event' retrieved from /home/airflow/.local/lib/python3.12/site-packages/airflow/example_dags/example_inlet_event_extra.py
[2026-08-12T04:39:41.213+0000] {logging_mixin.py:190} INFO - [2026-08-12T04:39:41.213+0000] {dag.py:3211} INFO - Sync 2 DAGs
[2026-08-12T04:39:41.246+0000] {logging_mixin.py:190} INFO - [2026-08-12T04:39:41.246+0000] {dag.py:4138} INFO - Setting next_dagrun for read_dataset_event to 2026-08-11 00:00:00+00:00, run_after=2026-08-12 00:00:00+00:00
[2026-08-12T04:39:41.253+0000] {logging_mixin.py:190} INFO - [2026-08-12T04:39:41.253+0000] {dag.py:4138} INFO - Setting next_dagrun for read_dataset_event_from_classic to 2026-08-11 00:00:00+00:00, run_after=2026-08-12 00:00:00+00:00
[2026-08-12T04:39:41.280+0000] {processor.py:208} INFO - Processing /home/airflow/.local/lib/python3.12/site-packages/airflow/example_dags/example_inlet_event_extra.py took 0.252 seconds
[2026-08-12T04:40:11.382+0000] {processor.py:186} INFO - Started process (PID=1079) to work on /home/airflow/.local/lib/python3.12/site-packages/airflow/example_dags/example_inlet_event_extra.py
[2026-08-12T04:40:11.384+0000] {processor.py:914} INFO - Processing file /home/airflow/.local/lib/python3.12/site-packages/airflow/example_dags/example_inlet_event_extra.py for tasks to queue
[2026-08-12T04:40:11.390+0000] {logging_mixin.py:190} INFO - [2026-08-12T04:40:11.390+0000] {dagbag.py:587} INFO - Filling up the DagBag from /home/airflow/.local/lib/python3.12/site-packages/airflow/example_dags/example_inlet_event_extra.py
[2026-08-12T04:40:11.542+0000] {processor.py:925} INFO - DAG(s) 'read_dataset_event_from_classic', 'read_dataset_event' retrieved from /home/airflow/.local/lib/python3.12/site-packages/airflow/example_dags/example_inlet_event_extra.py
[2026-08-12T04:40:11.580+0000] {logging_mixin.py:190} INFO - [2026-08-12T04:40:11.579+0000] {dag.py:3211} INFO - Sync 2 DAGs
[2026-08-12T04:40:11.615+0000] {logging_mixin.py:190} INFO - [2026-08-12T04:40:11.615+0000] {dag.py:4138} INFO - Setting next_dagrun for read_dataset_event to 2026-08-11 00:00:00+00:00, run_after=2026-08-12 00:00:00+00:00
[2026-08-12T04:40:11.622+0000] {logging_mixin.py:190} INFO - [2026-08-12T04:40:11.622+0000] {dag.py:4138} INFO - Setting next_dagrun for read_dataset_event_from_classic to 2026-08-11 00:00:00+00:00, run_after=2026-08-12 00:00:00+00:00
[2026-08-12T04:40:11.643+0000] {processor.py:208} INFO - Processing /home/airflow/.local/lib/python3.12/site-packages/airflow/example_dags/example_inlet_event_extra.py took 0.270 seconds
[2026-08-12T04:40:42.184+0000] {processor.py:186} INFO - Started process (PID=1141) to work on /home/airflow/.local/lib/python3.12/site-packages/airflow/example_dags/example_inlet_event_extra.py
[2026-08-12T04:40:42.185+0000] {processor.py:914} INFO - Processing file /home/airflow/.local/lib/python3.12/site-packages/airflow/example_dags/example_inlet_event_extra.py for tasks to queue
[2026-08-12T04:40:42.190+0000] {logging_mixin.py:190} INFO - [2026-08-12T04:40:42.190+0000] {dagbag.py:587} INFO - Filling up the DagBag from /home/airflow/.local/lib/python3.12/site-packages/airflow/example_dags/example_inlet_event_extra.py
[2026-08-12T04:40:42.368+0000] {processor.py:925} INFO - DAG(s) 'read_dataset_event', 'read_dataset_event_from_classic' retrieved from /home/airflow/.local/lib/python3.12/site-packages/airflow/example_dags/example_inlet_event_extra.py
[2026-08-12T04:40:42.411+0000] {logging_mixin.py:190} INFO - [2026-08-12T04:40:42.411+0000] {dag.py:3211} INFO - Sync 2 DAGs
[2026-08-12T04:40:42.442+0000] {logging_mixin.py:190} INFO - [2026-08-12T04:40:42.442+0000] {dag.py:4138} INFO - Setting next_dagrun for read_dataset_event to 2026-08-11 00:00:00+00:00, run_after=2026-08-12 00:00:00+00:00
[2026-08-12T04:40:42.448+0000] {logging_mixin.py:190} INFO - [2026-08-12T04:40:42.448+0000] {dag.py:4138} INFO - Setting next_dagrun for read_dataset_event_from_classic to 2026-08-11 00:00:00+00:00, run_after=2026-08-12 00:00:00+00:00
[2026-08-12T04:40:42.481+0000] {processor.py:208} INFO - Processing /home/airflow/.local/lib/python3.12/site-packages/airflow/example_dags/example_inlet_event_extra.py took 0.307 seconds
[2026-08-12T04:41:12.619+0000] {processor.py:186} INFO - Started process (PID=1203) to work on /home/airflow/.local/lib/python3.12/site-packages/airflow/example_dags/example_inlet_event_extra.py
[2026-08-12T04:41:12.621+0000] {processor.py:914} INFO - Processing file /home/airflow/.local/lib/python3.12/site-packages/airflow/example_dags/example_inlet_event_extra.py for tasks to queue
[2026-08-12T04:41:12.624+0000] {logging_mixin.py:190} INFO - [2026-08-12T04:41:12.624+0000] {dagbag.py:587} INFO - Filling up the DagBag from /home/airflow/.local/lib/python3.12/site-packages/airflow/example_dags/example_inlet_event_extra.py
[2026-08-12T04:41:12.745+0000] {processor.py:925} INFO - DAG(s) 'read_dataset_event', 'read_dataset_event_from_classic' retrieved from /home/airflow/.local/lib/python3.12/site-packages/airflow/example_dags/example_inlet_event_extra.py
[2026-08-12T04:41:12.772+0000] {logging_mixin.py:190} INFO - [2026-08-12T04:41:12.772+0000] {dag.py:3211} INFO - Sync 2 DAGs
[2026-08-12T04:41:12.802+0000] {logging_mixin.py:190} INFO - [2026-08-12T04:41:12.802+0000] {dag.py:4138} INFO - Setting next_dagrun for read_dataset_event to 2026-08-11 00:00:00+00:00, run_after=2026-08-12 00:00:00+00:00
[2026-08-12T04:41:12.808+0000] {logging_mixin.py:190} INFO - [2026-08-12T04:41:12.808+0000] {dag.py:4138} INFO - Setting next_dagrun for read_dataset_event_from_classic to 2026-08-11 00:00:00+00:00, run_after=2026-08-12 00:00:00+00:00
[2026-08-12T04:41:12.828+0000] {processor.py:208} INFO - Processing /home/airflow/.local/lib/python3.12/site-packages/airflow/example_dags/example_inlet_event_extra.py took 0.214 seconds
[2026-08-12T04:41:43.386+0000] {processor.py:186} INFO - Started process (PID=1265) to work on /home/airflow/.local/lib/python3.12/site-packages/airflow/example_dags/example_inlet_event_extra.py
[2026-08-12T04:41:43.387+0000] {processor.py:914} INFO - Processing file /home/airflow/.local/lib/python3.12/site-packages/airflow/example_dags/example_inlet_event_extra.py for tasks to queue
[2026-08-12T04:41:43.391+0000] {logging_mixin.py:190} INFO - [2026-08-12T04:41:43.391+0000] {dagbag.py:587} INFO - Filling up the DagBag from /home/airflow/.local/lib/python3.12/site-packages/airflow/example_dags/example_inlet_event_extra.py
[2026-08-12T04:41:43.521+0000] {processor.py:925} INFO - DAG(s) 'read_dataset_event', 'read_dataset_event_from_classic' retrieved from /home/airflow/.local/lib/python3.12/site-packages/airflow/example_dags/example_inlet_event_extra.py
[2026-08-12T04:41:43.545+0000] {logging_mixin.py:190} INFO - [2026-08-12T04:41:43.545+0000] {dag.py:3211} INFO - Sync 2 DAGs
[2026-08-12T04:41:43.571+0000] {logging_mixin.py:190} INFO - [2026-08-12T04:41:43.571+0000] {dag.py:4138} INFO - Setting next_dagrun for read_dataset_event to 2026-08-11 00:00:00+00:00, run_after=2026-08-12 00:00:00+00:00
[2026-08-12T04:41:43.577+0000] {logging_mixin.py:190} INFO - [2026-08-12T04:41:43.576+0000] {dag.py:4138} INFO - Setting next_dagrun for read_dataset_event_from_classic to 2026-08-11 00:00:00+00:00, run_after=2026-08-12 00:00:00+00:00
[2026-08-12T04:41:43.610+0000] {processor.py:208} INFO - Processing /home/airflow/.local/lib/python3.12/site-packages/airflow/example_dags/example_inlet_event_extra.py took 0.231 seconds
[2026-08-12T04:42:13.750+0000] {processor.py:186} INFO - Started process (PID=1327) to work on /home/airflow/.local/lib/python3.12/site-packages/airflow/example_dags/example_inlet_event_extra.py
[2026-08-12T04:42:13.751+0000] {processor.py:914} INFO - Processing file /home/airflow/.local/lib/python3.12/site-packages/airflow/example_dags/example_inlet_event_extra.py for tasks to queue
[2026-08-12T04:42:13.754+0000] {logging_mixin.py:190} INFO - [2026-08-12T04:42:13.754+0000] {dagbag.py:587} INFO - Filling up the DagBag from /home/airflow/.local/lib/python3.12/site-packages/airflow/example_dags/example_inlet_event_extra.py
[2026-08-12T04:42:13.915+0000] {processor.py:925} INFO - DAG(s) 'read_dataset_event_from_classic', 'read_dataset_event' retrieved from /home/airflow/.local/lib/python3.12/site-packages/airflow/example_dags/example_inlet_event_extra.py
[2026-08-12T04:42:13.945+0000] {logging_mixin.py:190} INFO - [2026-08-12T04:42:13.944+0000] {dag.py:3211} INFO - Sync 2 DAGs
[2026-08-12T04:42:13.973+0000] {logging_mixin.py:190} INFO - [2026-08-12T04:42:13.973+0000] {dag.py:4138} INFO - Setting next_dagrun for read_dataset_event to 2026-08-11 00:00:00+00:00, run_after=2026-08-12 00:00:00+00:00
[2026-08-12T04:42:13.979+0000] {logging_mixin.py:190} INFO - [2026-08-12T04:42:13.979+0000] {dag.py:4138} INFO - Setting next_dagrun for read_dataset_event_from_classic to 2026-08-11 00:00:00+00:00, run_after=2026-08-12 00:00:00+00:00
[2026-08-12T04:42:13.998+0000] {processor.py:208} INFO - Processing /home/airflow/.local/lib/python3.12/site-packages/airflow/example_dags/example_inlet_event_extra.py took 0.254 seconds
[2026-08-12T04:42:44.596+0000] {processor.py:186} INFO - Started process (PID=1389) to work on /home/airflow/.local/lib/python3.12/site-packages/airflow/example_dags/example_inlet_event_extra.py
[2026-08-12T04:42:44.597+0000] {processor.py:914} INFO - Processing file /home/airflow/.local/lib/python3.12/site-packages/airflow/example_dags/example_inlet_event_extra.py for tasks to queue
[2026-08-12T04:42:44.601+0000] {logging_mixin.py:190} INFO - [2026-08-12T04:42:44.601+0000] {dagbag.py:587} INFO - Filling up the DagBag from /home/airflow/.local/lib/python3.12/site-packages/airflow/example_dags/example_inlet_event_extra.py
[2026-08-12T04:42:44.776+0000] {processor.py:925} INFO - DAG(s) 'read_dataset_event', 'read_dataset_event_from_classic' retrieved from /home/airflow/.local/lib/python3.12/site-packages/airflow/example_dags/example_inlet_event_extra.py
[2026-08-12T04:42:44.800+0000] {logging_mixin.py:190} INFO - [2026-08-12T04:42:44.800+0000] {dag.py:3211} INFO - Sync 2 DAGs
[2026-08-12T04:42:44.828+0000] {logging_mixin.py:190} INFO - [2026-08-12T04:42:44.828+0000] {dag.py:4138} INFO - Setting next_dagrun for read_dataset_event to 2026-08-11 00:00:00+00:00, run_after=2026-08-12 00:00:00+00:00
[2026-08-12T04:42:44.833+0000] {logging_mixin.py:190} INFO - [2026-08-12T04:42:44.833+0000] {dag.py:4138} INFO - Setting next_dagrun for read_dataset_event_from_classic to 2026-08-11 00:00:00+00:00, run_after=2026-08-12 00:00:00+00:00
[2026-08-12T04:42:44.867+0000] {processor.py:208} INFO - Processing /home/airflow/.local/lib/python3.12/site-packages/airflow/example_dags/example_inlet_event_extra.py took 0.279 seconds
[2026-08-12T04:43:14.958+0000] {processor.py:186} INFO - Started process (PID=1451) to work on /home/airflow/.local/lib/python3.12/site-packages/airflow/example_dags/example_inlet_event_extra.py
[2026-08-12T04:43:14.960+0000] {processor.py:914} INFO - Processing file /home/airflow/.local/lib/python3.12/site-packages/airflow/example_dags/example_inlet_event_extra.py for tasks to queue
[2026-08-12T04:43:14.962+0000] {logging_mixin.py:190} INFO - [2026-08-12T04:43:14.962+0000] {dagbag.py:587} INFO - Filling up the DagBag from /home/airflow/.local/lib/python3.12/site-packages/airflow/example_dags/example_inlet_event_extra.py
[2026-08-12T04:43:15.101+0000] {processor.py:925} INFO - DAG(s) 'read_dataset_event_from_classic', 'read_dataset_event' retrieved from /home/airflow/.local/lib/python3.12/site-packages/airflow/example_dags/example_inlet_event_extra.py
[2026-08-12T04:43:15.129+0000] {logging_mixin.py:190} INFO - [2026-08-12T04:43:15.129+0000] {dag.py:3211} INFO - Sync 2 DAGs
[2026-08-12T04:43:15.159+0000] {logging_mixin.py:190} INFO - [2026-08-12T04:43:15.159+0000] {dag.py:4138} INFO - Setting next_dagrun for read_dataset_event to 2026-08-11 00:00:00+00:00, run_after=2026-08-12 00:00:00+00:00
[2026-08-12T04:43:15.165+0000] {logging_mixin.py:190} INFO - [2026-08-12T04:43:15.165+0000] {dag.py:4138} INFO - Setting next_dagrun for read_dataset_event_from_classic to 2026-08-11 00:00:00+00:00, run_after=2026-08-12 00:00:00+00:00
[2026-08-12T04:43:15.183+0000] {processor.py:208} INFO - Processing /home/airflow/.local/lib/python3.12/site-packages/airflow/example_dags/example_inlet_event_extra.py took 0.230 seconds
[2026-08-12T04:43:45.655+0000] {processor.py:186} INFO - Started process (PID=1513) to work on /home/airflow/.local/lib/python3.12/site-packages/airflow/example_dags/example_inlet_event_extra.py
[2026-08-12T04:43:45.657+0000] {processor.py:914} INFO - Processing file /home/airflow/.local/lib/python3.12/site-packages/airflow/example_dags/example_inlet_event_extra.py for tasks to queue
[2026-08-12T04:43:45.661+0000] {logging_mixin.py:190} INFO - [2026-08-12T04:43:45.660+0000] {dagbag.py:587} INFO - Filling up the DagBag from /home/airflow/.local/lib/python3.12/site-packages/airflow/example_dags/example_inlet_event_extra.py
[2026-08-12T04:43:45.819+0000] {processor.py:925} INFO - DAG(s) 'read_dataset_event', 'read_dataset_event_from_classic' retrieved from /home/airflow/.local/lib/python3.12/site-packages/airflow/example_dags/example_inlet_event_extra.py
[2026-08-12T04:43:45.847+0000] {logging_mixin.py:190} INFO - [2026-08-12T04:43:45.847+0000] {dag.py:3211} INFO - Sync 2 DAGs
[2026-08-12T04:43:45.880+0000] {logging_mixin.py:190} INFO - [2026-08-12T04:43:45.880+0000] {dag.py:4138} INFO - Setting next_dagrun for read_dataset_event to 2026-08-11 00:00:00+00:00, run_after=2026-08-12 00:00:00+00:00
[2026-08-12T04:43:45.886+0000] {logging_mixin.py:190} INFO - [2026-08-12T04:43:45.886+0000] {dag.py:4138} INFO - Setting next_dagrun for read_dataset_event_from_classic to 2026-08-11 00:00:00+00:00, run_after=2026-08-12 00:00:00+00:00
[2026-08-12T04:43:45.908+0000] {processor.py:208} INFO - Processing /home/airflow/.local/lib/python3.12/site-packages/airflow/example_dags/example_inlet_event_extra.py took 0.260 seconds
[2026-08-12T04:44:15.949+0000] {processor.py:186} INFO - Started process (PID=1574) to work on /home/airflow/.local/lib/python3.12/site-packages/airflow/example_dags/example_inlet_event_extra.py
[2026-08-12T04:44:15.951+0000] {processor.py:914} INFO - Processing file /home/airflow/.local/lib/python3.12/site-packages/airflow/example_dags/example_inlet_event_extra.py for tasks to queue
[2026-08-12T04:44:15.954+0000] {logging_mixin.py:190} INFO - [2026-08-12T04:44:15.953+0000] {dagbag.py:587} INFO - Filling up the DagBag from /home/airflow/.local/lib/python3.12/site-packages/airflow/example_dags/example_inlet_event_extra.py
[2026-08-12T04:44:16.097+0000] {processor.py:925} INFO - DAG(s) 'read_dataset_event', 'read_dataset_event_from_classic' retrieved from /home/airflow/.local/lib/python3.12/site-packages/airflow/example_dags/example_inlet_event_extra.py
[2026-08-12T04:44:16.125+0000] {logging_mixin.py:190} INFO - [2026-08-12T04:44:16.125+0000] {dag.py:3211} INFO - Sync 2 DAGs
[2026-08-12T04:44:16.172+0000] {logging_mixin.py:190} INFO - [2026-08-12T04:44:16.172+0000] {dag.py:4138} INFO - Setting next_dagrun for read_dataset_event to 2026-08-11 00:00:00+00:00, run_after=2026-08-12 00:00:00+00:00
[2026-08-12T04:44:16.178+0000] {logging_mixin.py:190} INFO - [2026-08-12T04:44:16.178+0000] {dag.py:4138} INFO - Setting next_dagrun for read_dataset_event_from_classic to 2026-08-11 00:00:00+00:00, run_after=2026-08-12 00:00:00+00:00
[2026-08-12T04:44:16.213+0000] {processor.py:208} INFO - Processing /home/airflow/.local/lib/python3.12/site-packages/airflow/example_dags/example_inlet_event_extra.py took 0.271 seconds
[2026-08-12T04:44:46.320+0000] {processor.py:186} INFO - Started process (PID=1636) to work on /home/airflow/.local/lib/python3.12/site-packages/airflow/example_dags/example_inlet_event_extra.py
[2026-08-12T04:44:46.321+0000] {processor.py:914} INFO - Processing file /home/airflow/.local/lib/python3.12/site-packages/airflow/example_dags/example_inlet_event_extra.py for tasks to queue
[2026-08-12T04:44:46.324+0000] {logging_mixin.py:190} INFO - [2026-08-12T04:44:46.323+0000] {dagbag.py:587} INFO - Filling up the DagBag from /home/airflow/.local/lib/python3.12/site-packages/airflow/example_dags/example_inlet_event_extra.py
[2026-08-12T04:44:46.447+0000] {processor.py:925} INFO - DAG(s) 'read_dataset_event_from_classic', 'read_dataset_event' retrieved from /home/airflow/.local/lib/python3.12/site-packages/airflow/example_dags/example_inlet_event_extra.py
[2026-08-12T04:44:46.480+0000] {logging_mixin.py:190} INFO - [2026-08-12T04:44:46.480+0000] {dag.py:3211} INFO - Sync 2 DAGs
[2026-08-12T04:44:46.509+0000] {logging_mixin.py:190} INFO - [2026-08-12T04:44:46.509+0000] {dag.py:4138} INFO - Setting next_dagrun for read_dataset_event to 2026-08-11 00:00:00+00:00, run_after=2026-08-12 00:00:00+00:00
[2026-08-12T04:44:46.517+0000] {logging_mixin.py:190} INFO - [2026-08-12T04:44:46.516+0000] {dag.py:4138} INFO - Setting next_dagrun for read_dataset_event_from_classic to 2026-08-11 00:00:00+00:00, run_after=2026-08-12 00:00:00+00:00
[2026-08-12T04:44:46.539+0000] {processor.py:208} INFO - Processing /home/airflow/.local/lib/python3.12/site-packages/airflow/example_dags/example_inlet_event_extra.py took 0.225 seconds
[2026-08-12T04:45:16.875+0000] {processor.py:186} INFO - Started process (PID=1699) to work on /home/airflow/.local/lib/python3.12/site-packages/airflow/example_dags/example_inlet_event_extra.py
[2026-08-12T04:45:16.876+0000] {processor.py:914} INFO - Processing file /home/airflow/.local/lib/python3.12/site-packages/airflow/example_dags/example_inlet_event_extra.py for tasks to queue
[2026-08-12T04:45:16.879+0000] {logging_mixin.py:190} INFO - [2026-08-12T04:45:16.879+0000] {dagbag.py:587} INFO - Filling up the DagBag from /home/airflow/.local/lib/python3.12/site-packages/airflow/example_dags/example_inlet_event_extra.py
[2026-08-12T04:45:17.026+0000] {processor.py:925} INFO - DAG(s) 'read_dataset_event_from_classic', 'read_dataset_event' retrieved from /home/airflow/.local/lib/python3.12/site-packages/airflow/example_dags/example_inlet_event_extra.py
[2026-08-12T04:45:17.051+0000] {logging_mixin.py:190} INFO - [2026-08-12T04:45:17.051+0000] {dag.py:3211} INFO - Sync 2 DAGs
[2026-08-12T04:45:17.074+0000] {logging_mixin.py:190} INFO - [2026-08-12T04:45:17.073+0000] {dag.py:4138} INFO - Setting next_dagrun for read_dataset_event to 2026-08-11 00:00:00+00:00, run_after=2026-08-12 00:00:00+00:00
[2026-08-12T04:45:17.079+0000] {logging_mixin.py:190} INFO - [2026-08-12T04:45:17.079+0000] {dag.py:4138} INFO - Setting next_dagrun for read_dataset_event_from_classic to 2026-08-11 00:00:00+00:00, run_after=2026-08-12 00:00:00+00:00
[2026-08-12T04:45:17.097+0000] {processor.py:208} INFO - Processing /home/airflow/.local/lib/python3.12/site-packages/airflow/example_dags/example_inlet_event_extra.py took 0.227 seconds
[2026-08-12T04:45:47.660+0000] {processor.py:186} INFO - Started process (PID=1761) to work on /home/airflow/.local/lib/python3.12/site-packages/airflow/example_dags/example_inlet_event_extra.py
[2026-08-12T04:45:47.662+0000] {processor.py:914} INFO - Processing file /home/airflow/.local/lib/python3.12/site-packages/airflow/example_dags/example_inlet_event_extra.py for tasks to queue
[2026-08-12T04:45:47.665+0000] {logging_mixin.py:190} INFO - [2026-08-12T04:45:47.665+0000] {dagbag.py:587} INFO - Filling up the DagBag from /home/airflow/.local/lib/python3.12/site-packages/airflow/example_dags/example_inlet_event_extra.py
[2026-08-12T04:45:47.874+0000] {processor.py:925} INFO - DAG(s) 'read_dataset_event', 'read_dataset_event_from_classic' retrieved from /home/airflow/.local/lib/python3.12/site-packages/airflow/example_dags/example_inlet_event_extra.py
[2026-08-12T04:45:47.897+0000] {logging_mixin.py:190} INFO - [2026-08-12T04:45:47.897+0000] {dag.py:3211} INFO - Sync 2 DAGs
[2026-08-12T04:45:47.919+0000] {logging_mixin.py:190} INFO - [2026-08-12T04:45:47.919+0000] {dag.py:4138} INFO - Setting next_dagrun for read_dataset_event to 2026-08-11 00:00:00+00:00, run_after=2026-08-12 00:00:00+00:00
[2026-08-12T04:45:47.925+0000] {logging_mixin.py:190} INFO - [2026-08-12T04:45:47.924+0000] {dag.py:4138} INFO - Setting next_dagrun for read_dataset_event_from_classic to 2026-08-11 00:00:00+00:00, run_after=2026-08-12 00:00:00+00:00
[2026-08-12T04:45:47.956+0000] {processor.py:208} INFO - Processing /home/airflow/.local/lib/python3.12/site-packages/airflow/example_dags/example_inlet_event_extra.py took 0.302 seconds
[2026-08-12T04:46:18.462+0000] {processor.py:186} INFO - Started process (PID=1823) to work on /home/airflow/.local/lib/python3.12/site-packages/airflow/example_dags/example_inlet_event_extra.py
[2026-08-12T04:46:18.463+0000] {processor.py:914} INFO - Processing file /home/airflow/.local/lib/python3.12/site-packages/airflow/example_dags/example_inlet_event_extra.py for tasks to queue
[2026-08-12T04:46:18.466+0000] {logging_mixin.py:190} INFO - [2026-08-12T04:46:18.466+0000] {dagbag.py:587} INFO - Filling up the DagBag from /home/airflow/.local/lib/python3.12/site-packages/airflow/example_dags/example_inlet_event_extra.py
[2026-08-12T04:46:18.618+0000] {processor.py:925} INFO - DAG(s) 'read_dataset_event', 'read_dataset_event_from_classic' retrieved from /home/airflow/.local/lib/python3.12/site-packages/airflow/example_dags/example_inlet_event_extra.py
[2026-08-12T04:46:18.649+0000] {logging_mixin.py:190} INFO - [2026-08-12T04:46:18.649+0000] {dag.py:3211} INFO - Sync 2 DAGs
[2026-08-12T04:46:18.681+0000] {logging_mixin.py:190} INFO - [2026-08-12T04:46:18.681+0000] {dag.py:4138} INFO - Setting next_dagrun for read_dataset_event to 2026-08-11 00:00:00+00:00, run_after=2026-08-12 00:00:00+00:00
[2026-08-12T04:46:18.693+0000] {logging_mixin.py:190} INFO - [2026-08-12T04:46:18.692+0000] {dag.py:4138} INFO - Setting next_dagrun for read_dataset_event_from_classic to 2026-08-11 00:00:00+00:00, run_after=2026-08-12 00:00:00+00:00
[2026-08-12T04:46:18.736+0000] {processor.py:208} INFO - Processing /home/airflow/.local/lib/python3.12/site-packages/airflow/example_dags/example_inlet_event_extra.py took 0.282 seconds
[2026-08-12T04:46:48.824+0000] {processor.py:186} INFO - Started process (PID=1885) to work on /home/airflow/.local/lib/python3.12/site-packages/airflow/example_dags/example_inlet_event_extra.py
[2026-08-12T04:46:48.825+0000] {processor.py:914} INFO - Processing file /home/airflow/.local/lib/python3.12/site-packages/airflow/example_dags/example_inlet_event_extra.py for tasks to queue
[2026-08-12T04:46:48.828+0000] {logging_mixin.py:190} INFO - [2026-08-12T04:46:48.828+0000] {dagbag.py:587} INFO - Filling up the DagBag from /home/airflow/.local/lib/python3.12/site-packages/airflow/example_dags/example_inlet_event_extra.py
[2026-08-12T04:46:48.980+0000] {processor.py:925} INFO - DAG(s) 'read_dataset_event_from_classic', 'read_dataset_event' retrieved from /home/airflow/.local/lib/python3.12/site-packages/airflow/example_dags/example_inlet_event_extra.py
[2026-08-12T04:46:49.005+0000] {logging_mixin.py:190} INFO - [2026-08-12T04:46:49.004+0000] {dag.py:3211} INFO - Sync 2 DAGs
[2026-08-12T04:46:49.031+0000] {logging_mixin.py:190} INFO - [2026-08-12T04:46:49.031+0000] {dag.py:4138} INFO - Setting next_dagrun for read_dataset_event to 2026-08-11 00:00:00+00:00, run_after=2026-08-12 00:00:00+00:00
[2026-08-12T04:46:49.037+0000] {logging_mixin.py:190} INFO - [2026-08-12T04:46:49.037+0000] {dag.py:4138} INFO - Setting next_dagrun for read_dataset_event_from_classic to 2026-08-11 00:00:00+00:00, run_after=2026-08-12 00:00:00+00:00
[2026-08-12T04:46:49.057+0000] {processor.py:208} INFO - Processing /home/airflow/.local/lib/python3.12/site-packages/airflow/example_dags/example_inlet_event_extra.py took 0.239 seconds
[2026-08-12T04:47:19.360+0000] {processor.py:186} INFO - Started process (PID=1947) to work on /home/airflow/.local/lib/python3.12/site-packages/airflow/example_dags/example_inlet_event_extra.py
[2026-08-12T04:47:19.362+0000] {processor.py:914} INFO - Processing file /home/airflow/.local/lib/python3.12/site-packages/airflow/example_dags/example_inlet_event_extra.py for tasks to queue
[2026-08-12T04:47:19.365+0000] {logging_mixin.py:190} INFO - [2026-08-12T04:47:19.364+0000] {dagbag.py:587} INFO - Filling up the DagBag from /home/airflow/.local/lib/python3.12/site-packages/airflow/example_dags/example_inlet_event_extra.py
[2026-08-12T04:47:19.510+0000] {processor.py:925} INFO - DAG(s) 'read_dataset_event_from_classic', 'read_dataset_event' retrieved from /home/airflow/.local/lib/python3.12/site-packages/airflow/example_dags/example_inlet_event_extra.py
[2026-08-12T04:47:19.536+0000] {logging_mixin.py:190} INFO - [2026-08-12T04:47:19.536+0000] {dag.py:3211} INFO - Sync 2 DAGs
[2026-08-12T04:47:19.771+0000] {logging_mixin.py:190} INFO - [2026-08-12T04:47:19.771+0000] {dag.py:4138} INFO - Setting next_dagrun for read_dataset_event to 2026-08-11 00:00:00+00:00, run_after=2026-08-12 00:00:00+00:00
[2026-08-12T04:47:19.780+0000] {logging_mixin.py:190} INFO - [2026-08-12T04:47:19.780+0000] {dag.py:4138} INFO - Setting next_dagrun for read_dataset_event_from_classic to 2026-08-11 00:00:00+00:00, run_after=2026-08-12 00:00:00+00:00
[2026-08-12T04:47:19.804+0000] {processor.py:208} INFO - Processing /home/airflow/.local/lib/python3.12/site-packages/airflow/example_dags/example_inlet_event_extra.py took 0.450 seconds
[2026-08-12T04:47:50.184+0000] {processor.py:186} INFO - Started process (PID=2009) to work on /home/airflow/.local/lib/python3.12/site-packages/airflow/example_dags/example_inlet_event_extra.py
[2026-08-12T04:47:50.186+0000] {processor.py:914} INFO - Processing file /home/airflow/.local/lib/python3.12/site-packages/airflow/example_dags/example_inlet_event_extra.py for tasks to queue
[2026-08-12T04:47:50.189+0000] {logging_mixin.py:190} INFO - [2026-08-12T04:47:50.189+0000] {dagbag.py:587} INFO - Filling up the DagBag from /home/airflow/.local/lib/python3.12/site-packages/airflow/example_dags/example_inlet_event_extra.py
[2026-08-12T04:47:50.349+0000] {processor.py:925} INFO - DAG(s) 'read_dataset_event', 'read_dataset_event_from_classic' retrieved from /home/airflow/.local/lib/python3.12/site-packages/airflow/example_dags/example_inlet_event_extra.py
[2026-08-12T04:47:50.376+0000] {logging_mixin.py:190} INFO - [2026-08-12T04:47:50.376+0000] {dag.py:3211} INFO - Sync 2 DAGs
[2026-08-12T04:47:50.402+0000] {logging_mixin.py:190} INFO - [2026-08-12T04:47:50.402+0000] {dag.py:4138} INFO - Setting next_dagrun for read_dataset_event to 2026-08-11 00:00:00+00:00, run_after=2026-08-12 00:00:00+00:00
[2026-08-12T04:47:50.408+0000] {logging_mixin.py:190} INFO - [2026-08-12T04:47:50.407+0000] {dag.py:4138} INFO - Setting next_dagrun for read_dataset_event_from_classic to 2026-08-11 00:00:00+00:00, run_after=2026-08-12 00:00:00+00:00
[2026-08-12T04:47:50.440+0000] {processor.py:208} INFO - Processing /home/airflow/.local/lib/python3.12/site-packages/airflow/example_dags/example_inlet_event_extra.py took 0.263 seconds
[2026-08-12T04:48:20.518+0000] {processor.py:186} INFO - Started process (PID=2070) to work on /home/airflow/.local/lib/python3.12/site-packages/airflow/example_dags/example_inlet_event_extra.py
[2026-08-12T04:48:20.520+0000] {processor.py:914} INFO - Processing file /home/airflow/.local/lib/python3.12/site-packages/airflow/example_dags/example_inlet_event_extra.py for tasks to queue
[2026-08-12T04:48:20.523+0000] {logging_mixin.py:190} INFO - [2026-08-12T04:48:20.522+0000] {dagbag.py:587} INFO - Filling up the DagBag from /home/airflow/.local/lib/python3.12/site-packages/airflow/example_dags/example_inlet_event_extra.py
[2026-08-12T04:48:20.666+0000] {processor.py:925} INFO - DAG(s) 'read_dataset_event', 'read_dataset_event_from_classic' retrieved from /home/airflow/.local/lib/python3.12/site-packages/airflow/example_dags/example_inlet_event_extra.py
[2026-08-12T04:48:20.689+0000] {logging_mixin.py:190} INFO - [2026-08-12T04:48:20.689+0000] {dag.py:3211} INFO - Sync 2 DAGs
[2026-08-12T04:48:20.712+0000] {logging_mixin.py:190} INFO - [2026-08-12T04:48:20.711+0000] {dag.py:4138} INFO - Setting next_dagrun for read_dataset_event to 2026-08-11 00:00:00+00:00, run_after=2026-08-12 00:00:00+00:00
[2026-08-12T04:48:20.717+0000] {logging_mixin.py:190} INFO - [2026-08-12T04:48:20.717+0000] {dag.py:4138} INFO - Setting next_dagrun for read_dataset_event_from_classic to 2026-08-11 00:00:00+00:00, run_after=2026-08-12 00:00:00+00:00
[2026-08-12T04:48:20.746+0000] {processor.py:208} INFO - Processing /home/airflow/.local/lib/python3.12/site-packages/airflow/example_dags/example_inlet_event_extra.py took 0.233 seconds
