[2026-08-12T04:32:01.849+0000] {processor.py:186} INFO - Started process (PID=98) to work on /home/airflow/.local/lib/python3.12/site-packages/airflow/example_dags/example_trigger_target_dag.py
[2026-08-12T04:32:01.862+0000] {processor.py:914} INFO - Processing file /home/airflow/.local/lib/python3.12/site-packages/airflow/example_dags/example_trigger_target_dag.py for tasks to queue
[2026-08-12T04:32:01.867+0000] {logging_mixin.py:190} INFO - [2026-08-12T04:32:01.867+0000] {dagbag.py:587} INFO - Filling up the DagBag from /home/airflow/.local/lib/python3.12/site-packages/airflow/example_dags/example_trigger_target_dag.py
[2026-08-12T04:32:01.878+0000] {processor.py:925} INFO - DAG(s) 'example_trigger_target_dag' retrieved from /home/airflow/.local/lib/python3.12/site-packages/airflow/example_dags/example_trigger_target_dag.py
[2026-08-12T04:32:01.986+0000] {logging_mixin.py:190} INFO - [2026-08-12T04:32:01.985+0000] {override.py:1858} INFO - Created Permission View: can read on DAG:example_trigger_target_dag
[2026-08-12T04:32:01.999+0000] {logging_mixin.py:190} INFO - [2026-08-12T04:32:01.999+0000] {override.py:1858} INFO - Created Permission View: can delete on DAG:example_trigger_target_dag
[2026-08-12T04:32:02.007+0000] {logging_mixin.py:190} INFO - [2026-08-12T04:32:02.007+0000] {override.py:1858} INFO - Created Permission View: can edit on DAG:example_trigger_target_dag
[2026-08-12T04:32:02.012+0000] {logging_mixin.py:190} INFO - [2026-08-12T04:32:02.011+0000] {dag.py:3211} INFO - Sync 1 DAGs
[2026-08-12T04:32:02.024+0000] {logging_mixin.py:190} INFO - [2026-08-12T04:32:02.024+0000] {dag.py:3234} INFO - Creating ORM DAG for example_trigger_target_dag
[2026-08-12T04:32:02.026+0000] {logging_mixin.py:190} INFO - [2026-08-12T04:32:02.026+0000] {dag.py:4138} INFO - Setting next_dagrun for example_trigger_target_dag to None, run_after=None
[2026-08-12T04:32:02.056+0000] {processor.py:208} INFO - Processing /home/airflow/.local/lib/python3.12/site-packages/airflow/example_dags/example_trigger_target_dag.py took 0.213 seconds
[2026-08-12T04:32:32.119+0000] {processor.py:186} INFO - Started process (PID=160) to work on /home/airflow/.local/lib/python3.12/site-packages/airflow/example_dags/example_trigger_target_dag.py
[2026-08-12T04:32:32.121+0000] {processor.py:914} INFO - Processing file /home/airflow/.local/lib/python3.12/site-packages/airflow/example_dags/example_trigger_target_dag.py for tasks to queue
[2026-08-12T04:32:32.123+0000] {logging_mixin.py:190} INFO - [2026-08-12T04:32:32.123+0000] {dagbag.py:587} INFO - Filling up the DagBag from /home/airflow/.local/lib/python3.12/site-packages/airflow/example_dags/example_trigger_target_dag.py
[2026-08-12T04:32:32.131+0000] {processor.py:925} INFO - DAG(s) 'example_trigger_target_dag' retrieved from /home/airflow/.local/lib/python3.12/site-packages/airflow/example_dags/example_trigger_target_dag.py
[2026-08-12T04:32:32.150+0000] {logging_mixin.py:190} INFO - [2026-08-12T04:32:32.150+0000] {dag.py:3211} INFO - Sync 1 DAGs
[2026-08-12T04:32:32.165+0000] {logging_mixin.py:190} INFO - [2026-08-12T04:32:32.164+0000] {dag.py:4138} INFO - Setting next_dagrun for example_trigger_target_dag to None, run_after=None
[2026-08-12T04:32:32.185+0000] {processor.py:208} INFO - Processing /home/airflow/.local/lib/python3.12/site-packages/airflow/example_dags/example_trigger_target_dag.py took 0.071 seconds
[2026-08-12T04:33:03.410+0000] {processor.py:186} INFO - Started process (PID=222) to work on /home/airflow/.local/lib/python3.12/site-packages/airflow/example_dags/example_trigger_target_dag.py
[2026-08-12T04:33:03.413+0000] {processor.py:914} INFO - Processing file /home/airflow/.local/lib/python3.12/site-packages/airflow/example_dags/example_trigger_target_dag.py for tasks to queue
[2026-08-12T04:33:03.421+0000] {logging_mixin.py:190} INFO - [2026-08-12T04:33:03.421+0000] {dagbag.py:587} INFO - Filling up the DagBag from /home/airflow/.local/lib/python3.12/site-packages/airflow/example_dags/example_trigger_target_dag.py
[2026-08-12T04:33:03.438+0000] {processor.py:925} INFO - DAG(s) 'example_trigger_target_dag' retrieved from /home/airflow/.local/lib/python3.12/site-packages/airflow/example_dags/example_trigger_target_dag.py
[2026-08-12T04:33:03.465+0000] {logging_mixin.py:190} INFO - [2026-08-12T04:33:03.464+0000] {dag.py:3211} INFO - Sync 1 DAGs
[2026-08-12T04:33:03.480+0000] {logging_mixin.py:190} INFO - [2026-08-12T04:33:03.480+0000] {dag.py:4138} INFO - Setting next_dagrun for example_trigger_target_dag to None, run_after=None
[2026-08-12T04:33:03.503+0000] {processor.py:208} INFO - Processing /home/airflow/.local/lib/python3.12/site-packages/airflow/example_dags/example_trigger_target_dag.py took 0.114 seconds
[2026-08-12T04:33:34.711+0000] {processor.py:186} INFO - Started process (PID=284) to work on /home/airflow/.local/lib/python3.12/site-packages/airflow/example_dags/example_trigger_target_dag.py
[2026-08-12T04:33:34.713+0000] {processor.py:914} INFO - Processing file /home/airflow/.local/lib/python3.12/site-packages/airflow/example_dags/example_trigger_target_dag.py for tasks to queue
[2026-08-12T04:33:34.716+0000] {logging_mixin.py:190} INFO - [2026-08-12T04:33:34.716+0000] {dagbag.py:587} INFO - Filling up the DagBag from /home/airflow/.local/lib/python3.12/site-packages/airflow/example_dags/example_trigger_target_dag.py
[2026-08-12T04:33:34.729+0000] {processor.py:925} INFO - DAG(s) 'example_trigger_target_dag' retrieved from /home/airflow/.local/lib/python3.12/site-packages/airflow/example_dags/example_trigger_target_dag.py
[2026-08-12T04:33:34.751+0000] {logging_mixin.py:190} INFO - [2026-08-12T04:33:34.751+0000] {dag.py:3211} INFO - Sync 1 DAGs
[2026-08-12T04:33:34.767+0000] {logging_mixin.py:190} INFO - [2026-08-12T04:33:34.766+0000] {dag.py:4138} INFO - Setting next_dagrun for example_trigger_target_dag to None, run_after=None
[2026-08-12T04:33:34.791+0000] {processor.py:208} INFO - Processing /home/airflow/.local/lib/python3.12/site-packages/airflow/example_dags/example_trigger_target_dag.py took 0.085 seconds
[2026-08-12T04:34:05.262+0000] {processor.py:186} INFO - Started process (PID=346) to work on /home/airflow/.local/lib/python3.12/site-packages/airflow/example_dags/example_trigger_target_dag.py
[2026-08-12T04:34:05.263+0000] {processor.py:914} INFO - Processing file /home/airflow/.local/lib/python3.12/site-packages/airflow/example_dags/example_trigger_target_dag.py for tasks to queue
[2026-08-12T04:34:05.266+0000] {logging_mixin.py:190} INFO - [2026-08-12T04:34:05.266+0000] {dagbag.py:587} INFO - Filling up the DagBag from /home/airflow/.local/lib/python3.12/site-packages/airflow/example_dags/example_trigger_target_dag.py
[2026-08-12T04:34:05.273+0000] {processor.py:925} INFO - DAG(s) 'example_trigger_target_dag' retrieved from /home/airflow/.local/lib/python3.12/site-packages/airflow/example_dags/example_trigger_target_dag.py
[2026-08-12T04:34:05.292+0000] {logging_mixin.py:190} INFO - [2026-08-12T04:34:05.291+0000] {dag.py:3211} INFO - Sync 1 DAGs
[2026-08-12T04:34:05.305+0000] {logging_mixin.py:190} INFO - [2026-08-12T04:34:05.304+0000] {dag.py:4138} INFO - Setting next_dagrun for example_trigger_target_dag to None, run_after=None
[2026-08-12T04:34:05.324+0000] {processor.py:208} INFO - Processing /home/airflow/.local/lib/python3.12/site-packages/airflow/example_dags/example_trigger_target_dag.py took 0.067 seconds
[2026-08-12T04:34:35.724+0000] {processor.py:186} INFO - Started process (PID=408) to work on /home/airflow/.local/lib/python3.12/site-packages/airflow/example_dags/example_trigger_target_dag.py
[2026-08-12T04:34:35.726+0000] {processor.py:914} INFO - Processing file /home/airflow/.local/lib/python3.12/site-packages/airflow/example_dags/example_trigger_target_dag.py for tasks to queue
[2026-08-12T04:34:35.729+0000] {logging_mixin.py:190} INFO - [2026-08-12T04:34:35.729+0000] {dagbag.py:587} INFO - Filling up the DagBag from /home/airflow/.local/lib/python3.12/site-packages/airflow/example_dags/example_trigger_target_dag.py
[2026-08-12T04:34:35.738+0000] {processor.py:925} INFO - DAG(s) 'example_trigger_target_dag' retrieved from /home/airflow/.local/lib/python3.12/site-packages/airflow/example_dags/example_trigger_target_dag.py
[2026-08-12T04:34:35.761+0000] {logging_mixin.py:190} INFO - [2026-08-12T04:34:35.760+0000] {dag.py:3211} INFO - Sync 1 DAGs
[2026-08-12T04:34:35.775+0000] {logging_mixin.py:190} INFO - [2026-08-12T04:34:35.775+0000] {dag.py:4138} INFO - Setting next_dagrun for example_trigger_target_dag to None, run_after=None
[2026-08-12T04:34:35.797+0000] {processor.py:208} INFO - Processing /home/airflow/.local/lib/python3.12/site-packages/airflow/example_dags/example_trigger_target_dag.py took 0.078 seconds
[2026-08-12T04:35:06.244+0000] {processor.py:186} INFO - Started process (PID=470) to work on /home/airflow/.local/lib/python3.12/site-packages/airflow/example_dags/example_trigger_target_dag.py
[2026-08-12T04:35:06.245+0000] {processor.py:914} INFO - Processing file /home/airflow/.local/lib/python3.12/site-packages/airflow/example_dags/example_trigger_target_dag.py for tasks to queue
[2026-08-12T04:35:06.248+0000] {logging_mixin.py:190} INFO - [2026-08-12T04:35:06.248+0000] {dagbag.py:587} INFO - Filling up the DagBag from /home/airflow/.local/lib/python3.12/site-packages/airflow/example_dags/example_trigger_target_dag.py
[2026-08-12T04:35:06.258+0000] {processor.py:925} INFO - DAG(s) 'example_trigger_target_dag' retrieved from /home/airflow/.local/lib/python3.12/site-packages/airflow/example_dags/example_trigger_target_dag.py
[2026-08-12T04:35:06.282+0000] {logging_mixin.py:190} INFO - [2026-08-12T04:35:06.282+0000] {dag.py:3211} INFO - Sync 1 DAGs
[2026-08-12T04:35:06.297+0000] {logging_mixin.py:190} INFO - [2026-08-12T04:35:06.297+0000] {dag.py:4138} INFO - Setting next_dagrun for example_trigger_target_dag to None, run_after=None
[2026-08-12T04:35:06.320+0000] {processor.py:208} INFO - Processing /home/airflow/.local/lib/python3.12/site-packages/airflow/example_dags/example_trigger_target_dag.py took 0.083 seconds
[2026-08-12T04:35:36.743+0000] {processor.py:186} INFO - Started process (PID=532) to work on /home/airflow/.local/lib/python3.12/site-packages/airflow/example_dags/example_trigger_target_dag.py
[2026-08-12T04:35:36.744+0000] {processor.py:914} INFO - Processing file /home/airflow/.local/lib/python3.12/site-packages/airflow/example_dags/example_trigger_target_dag.py for tasks to queue
[2026-08-12T04:35:36.747+0000] {logging_mixin.py:190} INFO - [2026-08-12T04:35:36.747+0000] {dagbag.py:587} INFO - Filling up the DagBag from /home/airflow/.local/lib/python3.12/site-packages/airflow/example_dags/example_trigger_target_dag.py
[2026-08-12T04:35:36.755+0000] {processor.py:925} INFO - DAG(s) 'example_trigger_target_dag' retrieved from /home/airflow/.local/lib/python3.12/site-packages/airflow/example_dags/example_trigger_target_dag.py
[2026-08-12T04:35:36.775+0000] {logging_mixin.py:190} INFO - [2026-08-12T04:35:36.775+0000] {dag.py:3211} INFO - Sync 1 DAGs
[2026-08-12T04:35:36.791+0000] {logging_mixin.py:190} INFO - [2026-08-12T04:35:36.790+0000] {dag.py:4138} INFO - Setting next_dagrun for example_trigger_target_dag to None, run_after=None
[2026-08-12T04:35:36.811+0000] {processor.py:208} INFO - Processing /home/airflow/.local/lib/python3.12/site-packages/airflow/example_dags/example_trigger_target_dag.py took 0.074 seconds
[2026-08-12T04:36:07.028+0000] {processor.py:186} INFO - Started process (PID=594) to work on /home/airflow/.local/lib/python3.12/site-packages/airflow/example_dags/example_trigger_target_dag.py
[2026-08-12T04:36:07.029+0000] {processor.py:914} INFO - Processing file /home/airflow/.local/lib/python3.12/site-packages/airflow/example_dags/example_trigger_target_dag.py for tasks to queue
[2026-08-12T04:36:07.032+0000] {logging_mixin.py:190} INFO - [2026-08-12T04:36:07.032+0000] {dagbag.py:587} INFO - Filling up the DagBag from /home/airflow/.local/lib/python3.12/site-packages/airflow/example_dags/example_trigger_target_dag.py
[2026-08-12T04:36:07.040+0000] {processor.py:925} INFO - DAG(s) 'example_trigger_target_dag' retrieved from /home/airflow/.local/lib/python3.12/site-packages/airflow/example_dags/example_trigger_target_dag.py
[2026-08-12T04:36:07.061+0000] {logging_mixin.py:190} INFO - [2026-08-12T04:36:07.060+0000] {dag.py:3211} INFO - Sync 1 DAGs
[2026-08-12T04:36:07.076+0000] {logging_mixin.py:190} INFO - [2026-08-12T04:36:07.075+0000] {dag.py:4138} INFO - Setting next_dagrun for example_trigger_target_dag to None, run_after=None
[2026-08-12T04:36:07.101+0000] {processor.py:208} INFO - Processing /home/airflow/.local/lib/python3.12/site-packages/airflow/example_dags/example_trigger_target_dag.py took 0.079 seconds
[2026-08-12T04:36:37.550+0000] {processor.py:186} INFO - Started process (PID=656) to work on /home/airflow/.local/lib/python3.12/site-packages/airflow/example_dags/example_trigger_target_dag.py
[2026-08-12T04:36:37.552+0000] {processor.py:914} INFO - Processing file /home/airflow/.local/lib/python3.12/site-packages/airflow/example_dags/example_trigger_target_dag.py for tasks to queue
[2026-08-12T04:36:37.556+0000] {logging_mixin.py:190} INFO - [2026-08-12T04:36:37.555+0000] {dagbag.py:587} INFO - Filling up the DagBag from /home/airflow/.local/lib/python3.12/site-packages/airflow/example_dags/example_trigger_target_dag.py
[2026-08-12T04:36:37.565+0000] {processor.py:925} INFO - DAG(s) 'example_trigger_target_dag' retrieved from /home/airflow/.local/lib/python3.12/site-packages/airflow/example_dags/example_trigger_target_dag.py
[2026-08-12T04:36:37.586+0000] {logging_mixin.py:190} INFO - [2026-08-12T04:36:37.585+0000] {dag.py:3211} INFO - Sync 1 DAGs
[2026-08-12T04:36:37.603+0000] {logging_mixin.py:190} INFO - [2026-08-12T04:36:37.602+0000] {dag.py:4138} INFO - Setting next_dagrun for example_trigger_target_dag to None, run_after=None
[2026-08-12T04:36:37.621+0000] {processor.py:208} INFO - Processing /home/airflow/.local/lib/python3.12/site-packages/airflow/example_dags/example_trigger_target_dag.py took 0.078 seconds
[2026-08-12T04:37:08.398+0000] {processor.py:186} INFO - Started process (PID=718) to work on /home/airflow/.local/lib/python3.12/site-packages/airflow/example_dags/example_trigger_target_dag.py
[2026-08-12T04:37:08.399+0000] {processor.py:914} INFO - Processing file /home/airflow/.local/lib/python3.12/site-packages/airflow/example_dags/example_trigger_target_dag.py for tasks to queue
[2026-08-12T04:37:08.402+0000] {logging_mixin.py:190} INFO - [2026-08-12T04:37:08.401+0000] {dagbag.py:587} INFO - Filling up the DagBag from /home/airflow/.local/lib/python3.12/site-packages/airflow/example_dags/example_trigger_target_dag.py
[2026-08-12T04:37:08.409+0000] {processor.py:925} INFO - DAG(s) 'example_trigger_target_dag' retrieved from /home/airflow/.local/lib/python3.12/site-packages/airflow/example_dags/example_trigger_target_dag.py
[2026-08-12T04:37:08.428+0000] {logging_mixin.py:190} INFO - [2026-08-12T04:37:08.428+0000] {dag.py:3211} INFO - Sync 1 DAGs
[2026-08-12T04:37:08.441+0000] {logging_mixin.py:190} INFO - [2026-08-12T04:37:08.441+0000] {dag.py:4138} INFO - Setting next_dagrun for example_trigger_target_dag to None, run_after=None
[2026-08-12T04:37:08.460+0000] {processor.py:208} INFO - Processing /home/airflow/.local/lib/python3.12/site-packages/airflow/example_dags/example_trigger_target_dag.py took 0.068 seconds
[2026-08-12T04:37:38.663+0000] {processor.py:186} INFO - Started process (PID=780) to work on /home/airflow/.local/lib/python3.12/site-packages/airflow/example_dags/example_trigger_target_dag.py
[2026-08-12T04:37:38.666+0000] {processor.py:914} INFO - Processing file /home/airflow/.local/lib/python3.12/site-packages/airflow/example_dags/example_trigger_target_dag.py for tasks to queue
[2026-08-12T04:37:38.670+0000] {logging_mixin.py:190} INFO - [2026-08-12T04:37:38.670+0000] {dagbag.py:587} INFO - Filling up the DagBag from /home/airflow/.local/lib/python3.12/site-packages/airflow/example_dags/example_trigger_target_dag.py
[2026-08-12T04:37:38.684+0000] {processor.py:925} INFO - DAG(s) 'example_trigger_target_dag' retrieved from /home/airflow/.local/lib/python3.12/site-packages/airflow/example_dags/example_trigger_target_dag.py
[2026-08-12T04:37:38.711+0000] {logging_mixin.py:190} INFO - [2026-08-12T04:37:38.710+0000] {dag.py:3211} INFO - Sync 1 DAGs
[2026-08-12T04:37:38.731+0000] {logging_mixin.py:190} INFO - [2026-08-12T04:37:38.730+0000] {dag.py:4138} INFO - Setting next_dagrun for example_trigger_target_dag to None, run_after=None
[2026-08-12T04:37:38.755+0000] {processor.py:208} INFO - Processing /home/airflow/.local/lib/python3.12/site-packages/airflow/example_dags/example_trigger_target_dag.py took 0.102 seconds
[2026-08-12T04:38:09.528+0000] {processor.py:186} INFO - Started process (PID=842) to work on /home/airflow/.local/lib/python3.12/site-packages/airflow/example_dags/example_trigger_target_dag.py
[2026-08-12T04:38:09.531+0000] {processor.py:914} INFO - Processing file /home/airflow/.local/lib/python3.12/site-packages/airflow/example_dags/example_trigger_target_dag.py for tasks to queue
[2026-08-12T04:38:09.534+0000] {logging_mixin.py:190} INFO - [2026-08-12T04:38:09.533+0000] {dagbag.py:587} INFO - Filling up the DagBag from /home/airflow/.local/lib/python3.12/site-packages/airflow/example_dags/example_trigger_target_dag.py
[2026-08-12T04:38:09.543+0000] {processor.py:925} INFO - DAG(s) 'example_trigger_target_dag' retrieved from /home/airflow/.local/lib/python3.12/site-packages/airflow/example_dags/example_trigger_target_dag.py
[2026-08-12T04:38:09.564+0000] {logging_mixin.py:190} INFO - [2026-08-12T04:38:09.564+0000] {dag.py:3211} INFO - Sync 1 DAGs
[2026-08-12T04:38:09.582+0000] {logging_mixin.py:190} INFO - [2026-08-12T04:38:09.582+0000] {dag.py:4138} INFO - Setting next_dagrun for example_trigger_target_dag to None, run_after=None
[2026-08-12T04:38:09.606+0000] {processor.py:208} INFO - Processing /home/airflow/.local/lib/python3.12/site-packages/airflow/example_dags/example_trigger_target_dag.py took 0.085 seconds
[2026-08-12T04:38:40.166+0000] {processor.py:186} INFO - Started process (PID=904) to work on /home/airflow/.local/lib/python3.12/site-packages/airflow/example_dags/example_trigger_target_dag.py
[2026-08-12T04:38:40.181+0000] {processor.py:914} INFO - Processing file /home/airflow/.local/lib/python3.12/site-packages/airflow/example_dags/example_trigger_target_dag.py for tasks to queue
[2026-08-12T04:38:40.186+0000] {logging_mixin.py:190} INFO - [2026-08-12T04:38:40.186+0000] {dagbag.py:587} INFO - Filling up the DagBag from /home/airflow/.local/lib/python3.12/site-packages/airflow/example_dags/example_trigger_target_dag.py
[2026-08-12T04:38:40.196+0000] {processor.py:925} INFO - DAG(s) 'example_trigger_target_dag' retrieved from /home/airflow/.local/lib/python3.12/site-packages/airflow/example_dags/example_trigger_target_dag.py
[2026-08-12T04:38:40.222+0000] {logging_mixin.py:190} INFO - [2026-08-12T04:38:40.222+0000] {dag.py:3211} INFO - Sync 1 DAGs
[2026-08-12T04:38:40.241+0000] {logging_mixin.py:190} INFO - [2026-08-12T04:38:40.241+0000] {dag.py:4138} INFO - Setting next_dagrun for example_trigger_target_dag to None, run_after=None
[2026-08-12T04:38:40.272+0000] {processor.py:208} INFO - Processing /home/airflow/.local/lib/python3.12/site-packages/airflow/example_dags/example_trigger_target_dag.py took 0.112 seconds
[2026-08-12T04:39:11.198+0000] {processor.py:186} INFO - Started process (PID=966) to work on /home/airflow/.local/lib/python3.12/site-packages/airflow/example_dags/example_trigger_target_dag.py
[2026-08-12T04:39:11.200+0000] {processor.py:914} INFO - Processing file /home/airflow/.local/lib/python3.12/site-packages/airflow/example_dags/example_trigger_target_dag.py for tasks to queue
[2026-08-12T04:39:11.203+0000] {logging_mixin.py:190} INFO - [2026-08-12T04:39:11.203+0000] {dagbag.py:587} INFO - Filling up the DagBag from /home/airflow/.local/lib/python3.12/site-packages/airflow/example_dags/example_trigger_target_dag.py
[2026-08-12T04:39:11.210+0000] {processor.py:925} INFO - DAG(s) 'example_trigger_target_dag' retrieved from /home/airflow/.local/lib/python3.12/site-packages/airflow/example_dags/example_trigger_target_dag.py
[2026-08-12T04:39:11.244+0000] {logging_mixin.py:190} INFO - [2026-08-12T04:39:11.243+0000] {dag.py:3211} INFO - Sync 1 DAGs
[2026-08-12T04:39:11.257+0000] {logging_mixin.py:190} INFO - [2026-08-12T04:39:11.257+0000] {dag.py:4138} INFO - Setting next_dagrun for example_trigger_target_dag to None, run_after=None
[2026-08-12T04:39:11.277+0000] {processor.py:208} INFO - Processing /home/airflow/.local/lib/python3.12/site-packages/airflow/example_dags/example_trigger_target_dag.py took 0.085 seconds
[2026-08-12T04:39:42.345+0000] {processor.py:186} INFO - Started process (PID=1028) to work on /home/airflow/.local/lib/python3.12/site-packages/airflow/example_dags/example_trigger_target_dag.py
[2026-08-12T04:39:42.347+0000] {processor.py:914} INFO - Processing file /home/airflow/.local/lib/python3.12/site-packages/airflow/example_dags/example_trigger_target_dag.py for tasks to queue
[2026-08-12T04:39:42.350+0000] {logging_mixin.py:190} INFO - [2026-08-12T04:39:42.349+0000] {dagbag.py:587} INFO - Filling up the DagBag from /home/airflow/.local/lib/python3.12/site-packages/airflow/example_dags/example_trigger_target_dag.py
[2026-08-12T04:39:42.360+0000] {processor.py:925} INFO - DAG(s) 'example_trigger_target_dag' retrieved from /home/airflow/.local/lib/python3.12/site-packages/airflow/example_dags/example_trigger_target_dag.py
[2026-08-12T04:39:42.380+0000] {logging_mixin.py:190} INFO - [2026-08-12T04:39:42.380+0000] {dag.py:3211} INFO - Sync 1 DAGs
[2026-08-12T04:39:42.395+0000] {logging_mixin.py:190} INFO - [2026-08-12T04:39:42.395+0000] {dag.py:4138} INFO - Setting next_dagrun for example_trigger_target_dag to None, run_after=None
[2026-08-12T04:39:42.416+0000] {processor.py:208} INFO - Processing /home/airflow/.local/lib/python3.12/site-packages/airflow/example_dags/example_trigger_target_dag.py took 0.077 seconds
[2026-08-12T04:40:12.637+0000] {processor.py:186} INFO - Started process (PID=1090) to work on /home/airflow/.local/lib/python3.12/site-packages/airflow/example_dags/example_trigger_target_dag.py
[2026-08-12T04:40:12.639+0000] {processor.py:914} INFO - Processing file /home/airflow/.local/lib/python3.12/site-packages/airflow/example_dags/example_trigger_target_dag.py for tasks to queue
[2026-08-12T04:40:12.643+0000] {logging_mixin.py:190} INFO - [2026-08-12T04:40:12.642+0000] {dagbag.py:587} INFO - Filling up the DagBag from /home/airflow/.local/lib/python3.12/site-packages/airflow/example_dags/example_trigger_target_dag.py
[2026-08-12T04:40:12.655+0000] {processor.py:925} INFO - DAG(s) 'example_trigger_target_dag' retrieved from /home/airflow/.local/lib/python3.12/site-packages/airflow/example_dags/example_trigger_target_dag.py
[2026-08-12T04:40:12.682+0000] {logging_mixin.py:190} INFO - [2026-08-12T04:40:12.681+0000] {dag.py:3211} INFO - Sync 1 DAGs
[2026-08-12T04:40:12.699+0000] {logging_mixin.py:190} INFO - [2026-08-12T04:40:12.699+0000] {dag.py:4138} INFO - Setting next_dagrun for example_trigger_target_dag to None, run_after=None
[2026-08-12T04:40:12.725+0000] {processor.py:208} INFO - Processing /home/airflow/.local/lib/python3.12/site-packages/airflow/example_dags/example_trigger_target_dag.py took 0.097 seconds
[2026-08-12T04:40:43.505+0000] {processor.py:186} INFO - Started process (PID=1152) to work on /home/airflow/.local/lib/python3.12/site-packages/airflow/example_dags/example_trigger_target_dag.py
[2026-08-12T04:40:43.506+0000] {processor.py:914} INFO - Processing file /home/airflow/.local/lib/python3.12/site-packages/airflow/example_dags/example_trigger_target_dag.py for tasks to queue
[2026-08-12T04:40:43.510+0000] {logging_mixin.py:190} INFO - [2026-08-12T04:40:43.509+0000] {dagbag.py:587} INFO - Filling up the DagBag from /home/airflow/.local/lib/python3.12/site-packages/airflow/example_dags/example_trigger_target_dag.py
[2026-08-12T04:40:43.519+0000] {processor.py:925} INFO - DAG(s) 'example_trigger_target_dag' retrieved from /home/airflow/.local/lib/python3.12/site-packages/airflow/example_dags/example_trigger_target_dag.py
[2026-08-12T04:40:43.546+0000] {logging_mixin.py:190} INFO - [2026-08-12T04:40:43.546+0000] {dag.py:3211} INFO - Sync 1 DAGs
[2026-08-12T04:40:43.561+0000] {logging_mixin.py:190} INFO - [2026-08-12T04:40:43.561+0000] {dag.py:4138} INFO - Setting next_dagrun for example_trigger_target_dag to None, run_after=None
[2026-08-12T04:40:43.584+0000] {processor.py:208} INFO - Processing /home/airflow/.local/lib/python3.12/site-packages/airflow/example_dags/example_trigger_target_dag.py took 0.086 seconds
[2026-08-12T04:41:14.594+0000] {processor.py:186} INFO - Started process (PID=1214) to work on /home/airflow/.local/lib/python3.12/site-packages/airflow/example_dags/example_trigger_target_dag.py
[2026-08-12T04:41:14.596+0000] {processor.py:914} INFO - Processing file /home/airflow/.local/lib/python3.12/site-packages/airflow/example_dags/example_trigger_target_dag.py for tasks to queue
[2026-08-12T04:41:14.601+0000] {logging_mixin.py:190} INFO - [2026-08-12T04:41:14.600+0000] {dagbag.py:587} INFO - Filling up the DagBag from /home/airflow/.local/lib/python3.12/site-packages/airflow/example_dags/example_trigger_target_dag.py
[2026-08-12T04:41:14.615+0000] {processor.py:925} INFO - DAG(s) 'example_trigger_target_dag' retrieved from /home/airflow/.local/lib/python3.12/site-packages/airflow/example_dags/example_trigger_target_dag.py
[2026-08-12T04:41:14.644+0000] {logging_mixin.py:190} INFO - [2026-08-12T04:41:14.643+0000] {dag.py:3211} INFO - Sync 1 DAGs
[2026-08-12T04:41:14.663+0000] {logging_mixin.py:190} INFO - [2026-08-12T04:41:14.663+0000] {dag.py:4138} INFO - Setting next_dagrun for example_trigger_target_dag to None, run_after=None
[2026-08-12T04:41:14.689+0000] {processor.py:208} INFO - Processing /home/airflow/.local/lib/python3.12/site-packages/airflow/example_dags/example_trigger_target_dag.py took 0.105 seconds
[2026-08-12T04:41:45.491+0000] {processor.py:186} INFO - Started process (PID=1276) to work on /home/airflow/.local/lib/python3.12/site-packages/airflow/example_dags/example_trigger_target_dag.py
[2026-08-12T04:41:45.493+0000] {processor.py:914} INFO - Processing file /home/airflow/.local/lib/python3.12/site-packages/airflow/example_dags/example_trigger_target_dag.py for tasks to queue
[2026-08-12T04:41:45.497+0000] {logging_mixin.py:190} INFO - [2026-08-12T04:41:45.496+0000] {dagbag.py:587} INFO - Filling up the DagBag from /home/airflow/.local/lib/python3.12/site-packages/airflow/example_dags/example_trigger_target_dag.py
[2026-08-12T04:41:45.506+0000] {processor.py:925} INFO - DAG(s) 'example_trigger_target_dag' retrieved from /home/airflow/.local/lib/python3.12/site-packages/airflow/example_dags/example_trigger_target_dag.py
[2026-08-12T04:41:45.529+0000] {logging_mixin.py:190} INFO - [2026-08-12T04:41:45.529+0000] {dag.py:3211} INFO - Sync 1 DAGs
[2026-08-12T04:41:45.545+0000] {logging_mixin.py:190} INFO - [2026-08-12T04:41:45.544+0000] {dag.py:4138} INFO - Setting next_dagrun for example_trigger_target_dag to None, run_after=None
[2026-08-12T04:41:45.565+0000] {processor.py:208} INFO - Processing /home/airflow/.local/lib/python3.12/site-packages/airflow/example_dags/example_trigger_target_dag.py took 0.081 seconds
[2026-08-12T04:42:16.099+0000] {processor.py:186} INFO - Started process (PID=1338) to work on /home/airflow/.local/lib/python3.12/site-packages/airflow/example_dags/example_trigger_target_dag.py
[2026-08-12T04:42:16.101+0000] {processor.py:914} INFO - Processing file /home/airflow/.local/lib/python3.12/site-packages/airflow/example_dags/example_trigger_target_dag.py for tasks to queue
[2026-08-12T04:42:16.104+0000] {logging_mixin.py:190} INFO - [2026-08-12T04:42:16.104+0000] {dagbag.py:587} INFO - Filling up the DagBag from /home/airflow/.local/lib/python3.12/site-packages/airflow/example_dags/example_trigger_target_dag.py
[2026-08-12T04:42:16.114+0000] {processor.py:925} INFO - DAG(s) 'example_trigger_target_dag' retrieved from /home/airflow/.local/lib/python3.12/site-packages/airflow/example_dags/example_trigger_target_dag.py
[2026-08-12T04:42:16.137+0000] {logging_mixin.py:190} INFO - [2026-08-12T04:42:16.137+0000] {dag.py:3211} INFO - Sync 1 DAGs
[2026-08-12T04:42:16.155+0000] {logging_mixin.py:190} INFO - [2026-08-12T04:42:16.155+0000] {dag.py:4138} INFO - Setting next_dagrun for example_trigger_target_dag to None, run_after=None
[2026-08-12T04:42:16.177+0000] {processor.py:208} INFO - Processing /home/airflow/.local/lib/python3.12/site-packages/airflow/example_dags/example_trigger_target_dag.py took 0.085 seconds
[2026-08-12T04:42:46.697+0000] {processor.py:186} INFO - Started process (PID=1400) to work on /home/airflow/.local/lib/python3.12/site-packages/airflow/example_dags/example_trigger_target_dag.py
[2026-08-12T04:42:46.699+0000] {processor.py:914} INFO - Processing file /home/airflow/.local/lib/python3.12/site-packages/airflow/example_dags/example_trigger_target_dag.py for tasks to queue
[2026-08-12T04:42:46.703+0000] {logging_mixin.py:190} INFO - [2026-08-12T04:42:46.702+0000] {dagbag.py:587} INFO - Filling up the DagBag from /home/airflow/.local/lib/python3.12/site-packages/airflow/example_dags/example_trigger_target_dag.py
[2026-08-12T04:42:46.712+0000] {processor.py:925} INFO - DAG(s) 'example_trigger_target_dag' retrieved from /home/airflow/.local/lib/python3.12/site-packages/airflow/example_dags/example_trigger_target_dag.py
[2026-08-12T04:42:46.735+0000] {logging_mixin.py:190} INFO - [2026-08-12T04:42:46.735+0000] {dag.py:3211} INFO - Sync 1 DAGs
[2026-08-12T04:42:46.754+0000] {logging_mixin.py:190} INFO - [2026-08-12T04:42:46.754+0000] {dag.py:4138} INFO - Setting next_dagrun for example_trigger_target_dag to None, run_after=None
[2026-08-12T04:42:46.777+0000] {processor.py:208} INFO - Processing /home/airflow/.local/lib/python3.12/site-packages/airflow/example_dags/example_trigger_target_dag.py took 0.087 seconds
[2026-08-12T04:43:16.996+0000] {processor.py:186} INFO - Started process (PID=1462) to work on /home/airflow/.local/lib/python3.12/site-packages/airflow/example_dags/example_trigger_target_dag.py
[2026-08-12T04:43:16.997+0000] {processor.py:914} INFO - Processing file /home/airflow/.local/lib/python3.12/site-packages/airflow/example_dags/example_trigger_target_dag.py for tasks to queue
[2026-08-12T04:43:17.000+0000] {logging_mixin.py:190} INFO - [2026-08-12T04:43:17.000+0000] {dagbag.py:587} INFO - Filling up the DagBag from /home/airflow/.local/lib/python3.12/site-packages/airflow/example_dags/example_trigger_target_dag.py
[2026-08-12T04:43:17.008+0000] {processor.py:925} INFO - DAG(s) 'example_trigger_target_dag' retrieved from /home/airflow/.local/lib/python3.12/site-packages/airflow/example_dags/example_trigger_target_dag.py
[2026-08-12T04:43:17.029+0000] {logging_mixin.py:190} INFO - [2026-08-12T04:43:17.028+0000] {dag.py:3211} INFO - Sync 1 DAGs
[2026-08-12T04:43:17.042+0000] {logging_mixin.py:190} INFO - [2026-08-12T04:43:17.042+0000] {dag.py:4138} INFO - Setting next_dagrun for example_trigger_target_dag to None, run_after=None
[2026-08-12T04:43:17.063+0000] {processor.py:208} INFO - Processing /home/airflow/.local/lib/python3.12/site-packages/airflow/example_dags/example_trigger_target_dag.py took 0.073 seconds
[2026-08-12T04:43:47.707+0000] {processor.py:186} INFO - Started process (PID=1524) to work on /home/airflow/.local/lib/python3.12/site-packages/airflow/example_dags/example_trigger_target_dag.py
[2026-08-12T04:43:47.709+0000] {processor.py:914} INFO - Processing file /home/airflow/.local/lib/python3.12/site-packages/airflow/example_dags/example_trigger_target_dag.py for tasks to queue
[2026-08-12T04:43:47.712+0000] {logging_mixin.py:190} INFO - [2026-08-12T04:43:47.711+0000] {dagbag.py:587} INFO - Filling up the DagBag from /home/airflow/.local/lib/python3.12/site-packages/airflow/example_dags/example_trigger_target_dag.py
[2026-08-12T04:43:47.720+0000] {processor.py:925} INFO - DAG(s) 'example_trigger_target_dag' retrieved from /home/airflow/.local/lib/python3.12/site-packages/airflow/example_dags/example_trigger_target_dag.py
[2026-08-12T04:43:47.742+0000] {logging_mixin.py:190} INFO - [2026-08-12T04:43:47.742+0000] {dag.py:3211} INFO - Sync 1 DAGs
[2026-08-12T04:43:47.758+0000] {logging_mixin.py:190} INFO - [2026-08-12T04:43:47.758+0000] {dag.py:4138} INFO - Setting next_dagrun for example_trigger_target_dag to None, run_after=None
[2026-08-12T04:43:47.777+0000] {processor.py:208} INFO - Processing /home/airflow/.local/lib/python3.12/site-packages/airflow/example_dags/example_trigger_target_dag.py took 0.076 seconds
[2026-08-12T04:44:18.045+0000] {processor.py:186} INFO - Started process (PID=1586) to work on /home/airflow/.local/lib/python3.12/site-packages/airflow/example_dags/example_trigger_target_dag.py
[2026-08-12T04:44:18.047+0000] {processor.py:914} INFO - Processing file /home/airflow/.local/lib/python3.12/site-packages/airflow/example_dags/example_trigger_target_dag.py for tasks to queue
[2026-08-12T04:44:18.051+0000] {logging_mixin.py:190} INFO - [2026-08-12T04:44:18.050+0000] {dagbag.py:587} INFO - Filling up the DagBag from /home/airflow/.local/lib/python3.12/site-packages/airflow/example_dags/example_trigger_target_dag.py
[2026-08-12T04:44:18.060+0000] {processor.py:925} INFO - DAG(s) 'example_trigger_target_dag' retrieved from /home/airflow/.local/lib/python3.12/site-packages/airflow/example_dags/example_trigger_target_dag.py
[2026-08-12T04:44:18.085+0000] {logging_mixin.py:190} INFO - [2026-08-12T04:44:18.085+0000] {dag.py:3211} INFO - Sync 1 DAGs
[2026-08-12T04:44:18.102+0000] {logging_mixin.py:190} INFO - [2026-08-12T04:44:18.102+0000] {dag.py:4138} INFO - Setting next_dagrun for example_trigger_target_dag to None, run_after=None
[2026-08-12T04:44:18.124+0000] {processor.py:208} INFO - Processing /home/airflow/.local/lib/python3.12/site-packages/airflow/example_dags/example_trigger_target_dag.py took 0.086 seconds
[2026-08-12T04:44:48.288+0000] {processor.py:186} INFO - Started process (PID=1648) to work on /home/airflow/.local/lib/python3.12/site-packages/airflow/example_dags/example_trigger_target_dag.py
[2026-08-12T04:44:48.289+0000] {processor.py:914} INFO - Processing file /home/airflow/.local/lib/python3.12/site-packages/airflow/example_dags/example_trigger_target_dag.py for tasks to queue
[2026-08-12T04:44:48.292+0000] {logging_mixin.py:190} INFO - [2026-08-12T04:44:48.292+0000] {dagbag.py:587} INFO - Filling up the DagBag from /home/airflow/.local/lib/python3.12/site-packages/airflow/example_dags/example_trigger_target_dag.py
[2026-08-12T04:44:48.302+0000] {processor.py:925} INFO - DAG(s) 'example_trigger_target_dag' retrieved from /home/airflow/.local/lib/python3.12/site-packages/airflow/example_dags/example_trigger_target_dag.py
[2026-08-12T04:44:48.322+0000] {logging_mixin.py:190} INFO - [2026-08-12T04:44:48.321+0000] {dag.py:3211} INFO - Sync 1 DAGs
[2026-08-12T04:44:48.335+0000] {logging_mixin.py:190} INFO - [2026-08-12T04:44:48.335+0000] {dag.py:4138} INFO - Setting next_dagrun for example_trigger_target_dag to None, run_after=None
[2026-08-12T04:44:48.358+0000] {processor.py:208} INFO - Processing /home/airflow/.local/lib/python3.12/site-packages/airflow/example_dags/example_trigger_target_dag.py took 0.077 seconds
[2026-08-12T04:45:18.970+0000] {processor.py:186} INFO - Started process (PID=1710) to work on /home/airflow/.local/lib/python3.12/site-packages/airflow/example_dags/example_trigger_target_dag.py
[2026-08-12T04:45:18.973+0000] {processor.py:914} INFO - Processing file /home/airflow/.local/lib/python3.12/site-packages/airflow/example_dags/example_trigger_target_dag.py for tasks to queue
[2026-08-12T04:45:18.977+0000] {logging_mixin.py:190} INFO - [2026-08-12T04:45:18.976+0000] {dagbag.py:587} INFO - Filling up the DagBag from /home/airflow/.local/lib/python3.12/site-packages/airflow/example_dags/example_trigger_target_dag.py
[2026-08-12T04:45:19.000+0000] {processor.py:925} INFO - DAG(s) 'example_trigger_target_dag' retrieved from /home/airflow/.local/lib/python3.12/site-packages/airflow/example_dags/example_trigger_target_dag.py
[2026-08-12T04:45:19.024+0000] {logging_mixin.py:190} INFO - [2026-08-12T04:45:19.024+0000] {dag.py:3211} INFO - Sync 1 DAGs
[2026-08-12T04:45:19.039+0000] {logging_mixin.py:190} INFO - [2026-08-12T04:45:19.039+0000] {dag.py:4138} INFO - Setting next_dagrun for example_trigger_target_dag to None, run_after=None
[2026-08-12T04:45:19.061+0000] {processor.py:208} INFO - Processing /home/airflow/.local/lib/python3.12/site-packages/airflow/example_dags/example_trigger_target_dag.py took 0.102 seconds
[2026-08-12T04:45:49.739+0000] {processor.py:186} INFO - Started process (PID=1772) to work on /home/airflow/.local/lib/python3.12/site-packages/airflow/example_dags/example_trigger_target_dag.py
[2026-08-12T04:45:49.741+0000] {processor.py:914} INFO - Processing file /home/airflow/.local/lib/python3.12/site-packages/airflow/example_dags/example_trigger_target_dag.py for tasks to queue
[2026-08-12T04:45:49.746+0000] {logging_mixin.py:190} INFO - [2026-08-12T04:45:49.746+0000] {dagbag.py:587} INFO - Filling up the DagBag from /home/airflow/.local/lib/python3.12/site-packages/airflow/example_dags/example_trigger_target_dag.py
[2026-08-12T04:45:49.757+0000] {processor.py:925} INFO - DAG(s) 'example_trigger_target_dag' retrieved from /home/airflow/.local/lib/python3.12/site-packages/airflow/example_dags/example_trigger_target_dag.py
[2026-08-12T04:45:49.780+0000] {logging_mixin.py:190} INFO - [2026-08-12T04:45:49.780+0000] {dag.py:3211} INFO - Sync 1 DAGs
[2026-08-12T04:45:49.795+0000] {logging_mixin.py:190} INFO - [2026-08-12T04:45:49.795+0000] {dag.py:4138} INFO - Setting next_dagrun for example_trigger_target_dag to None, run_after=None
[2026-08-12T04:45:49.817+0000] {processor.py:208} INFO - Processing /home/airflow/.local/lib/python3.12/site-packages/airflow/example_dags/example_trigger_target_dag.py took 0.088 seconds
[2026-08-12T04:46:20.408+0000] {processor.py:186} INFO - Started process (PID=1834) to work on /home/airflow/.local/lib/python3.12/site-packages/airflow/example_dags/example_trigger_target_dag.py
[2026-08-12T04:46:20.410+0000] {processor.py:914} INFO - Processing file /home/airflow/.local/lib/python3.12/site-packages/airflow/example_dags/example_trigger_target_dag.py for tasks to queue
[2026-08-12T04:46:20.413+0000] {logging_mixin.py:190} INFO - [2026-08-12T04:46:20.413+0000] {dagbag.py:587} INFO - Filling up the DagBag from /home/airflow/.local/lib/python3.12/site-packages/airflow/example_dags/example_trigger_target_dag.py
[2026-08-12T04:46:20.423+0000] {processor.py:925} INFO - DAG(s) 'example_trigger_target_dag' retrieved from /home/airflow/.local/lib/python3.12/site-packages/airflow/example_dags/example_trigger_target_dag.py
[2026-08-12T04:46:20.448+0000] {logging_mixin.py:190} INFO - [2026-08-12T04:46:20.447+0000] {dag.py:3211} INFO - Sync 1 DAGs
[2026-08-12T04:46:20.463+0000] {logging_mixin.py:190} INFO - [2026-08-12T04:46:20.463+0000] {dag.py:4138} INFO - Setting next_dagrun for example_trigger_target_dag to None, run_after=None
[2026-08-12T04:46:20.491+0000] {processor.py:208} INFO - Processing /home/airflow/.local/lib/python3.12/site-packages/airflow/example_dags/example_trigger_target_dag.py took 0.094 seconds
[2026-08-12T04:46:50.782+0000] {processor.py:186} INFO - Started process (PID=1896) to work on /home/airflow/.local/lib/python3.12/site-packages/airflow/example_dags/example_trigger_target_dag.py
[2026-08-12T04:46:50.784+0000] {processor.py:914} INFO - Processing file /home/airflow/.local/lib/python3.12/site-packages/airflow/example_dags/example_trigger_target_dag.py for tasks to queue
[2026-08-12T04:46:50.788+0000] {logging_mixin.py:190} INFO - [2026-08-12T04:46:50.787+0000] {dagbag.py:587} INFO - Filling up the DagBag from /home/airflow/.local/lib/python3.12/site-packages/airflow/example_dags/example_trigger_target_dag.py
[2026-08-12T04:46:50.819+0000] {processor.py:925} INFO - DAG(s) 'example_trigger_target_dag' retrieved from /home/airflow/.local/lib/python3.12/site-packages/airflow/example_dags/example_trigger_target_dag.py
[2026-08-12T04:46:50.843+0000] {logging_mixin.py:190} INFO - [2026-08-12T04:46:50.843+0000] {dag.py:3211} INFO - Sync 1 DAGs
[2026-08-12T04:46:50.859+0000] {logging_mixin.py:190} INFO - [2026-08-12T04:46:50.858+0000] {dag.py:4138} INFO - Setting next_dagrun for example_trigger_target_dag to None, run_after=None
[2026-08-12T04:46:50.882+0000] {processor.py:208} INFO - Processing /home/airflow/.local/lib/python3.12/site-packages/airflow/example_dags/example_trigger_target_dag.py took 0.108 seconds
[2026-08-12T04:47:21.555+0000] {processor.py:186} INFO - Started process (PID=1958) to work on /home/airflow/.local/lib/python3.12/site-packages/airflow/example_dags/example_trigger_target_dag.py
[2026-08-12T04:47:21.557+0000] {processor.py:914} INFO - Processing file /home/airflow/.local/lib/python3.12/site-packages/airflow/example_dags/example_trigger_target_dag.py for tasks to queue
[2026-08-12T04:47:21.560+0000] {logging_mixin.py:190} INFO - [2026-08-12T04:47:21.560+0000] {dagbag.py:587} INFO - Filling up the DagBag from /home/airflow/.local/lib/python3.12/site-packages/airflow/example_dags/example_trigger_target_dag.py
[2026-08-12T04:47:21.572+0000] {processor.py:925} INFO - DAG(s) 'example_trigger_target_dag' retrieved from /home/airflow/.local/lib/python3.12/site-packages/airflow/example_dags/example_trigger_target_dag.py
[2026-08-12T04:47:21.598+0000] {logging_mixin.py:190} INFO - [2026-08-12T04:47:21.597+0000] {dag.py:3211} INFO - Sync 1 DAGs
[2026-08-12T04:47:21.615+0000] {logging_mixin.py:190} INFO - [2026-08-12T04:47:21.614+0000] {dag.py:4138} INFO - Setting next_dagrun for example_trigger_target_dag to None, run_after=None
[2026-08-12T04:47:21.687+0000] {processor.py:208} INFO - Processing /home/airflow/.local/lib/python3.12/site-packages/airflow/example_dags/example_trigger_target_dag.py took 0.143 seconds
[2026-08-12T04:47:52.291+0000] {processor.py:186} INFO - Started process (PID=2020) to work on /home/airflow/.local/lib/python3.12/site-packages/airflow/example_dags/example_trigger_target_dag.py
[2026-08-12T04:47:52.292+0000] {processor.py:914} INFO - Processing file /home/airflow/.local/lib/python3.12/site-packages/airflow/example_dags/example_trigger_target_dag.py for tasks to queue
[2026-08-12T04:47:52.295+0000] {logging_mixin.py:190} INFO - [2026-08-12T04:47:52.295+0000] {dagbag.py:587} INFO - Filling up the DagBag from /home/airflow/.local/lib/python3.12/site-packages/airflow/example_dags/example_trigger_target_dag.py
[2026-08-12T04:47:52.303+0000] {processor.py:925} INFO - DAG(s) 'example_trigger_target_dag' retrieved from /home/airflow/.local/lib/python3.12/site-packages/airflow/example_dags/example_trigger_target_dag.py
[2026-08-12T04:47:52.323+0000] {logging_mixin.py:190} INFO - [2026-08-12T04:47:52.323+0000] {dag.py:3211} INFO - Sync 1 DAGs
[2026-08-12T04:47:52.336+0000] {logging_mixin.py:190} INFO - [2026-08-12T04:47:52.335+0000] {dag.py:4138} INFO - Setting next_dagrun for example_trigger_target_dag to None, run_after=None
[2026-08-12T04:47:52.357+0000] {processor.py:208} INFO - Processing /home/airflow/.local/lib/python3.12/site-packages/airflow/example_dags/example_trigger_target_dag.py took 0.071 seconds
[2026-08-12T04:48:22.670+0000] {processor.py:186} INFO - Started process (PID=2082) to work on /home/airflow/.local/lib/python3.12/site-packages/airflow/example_dags/example_trigger_target_dag.py
[2026-08-12T04:48:22.672+0000] {processor.py:914} INFO - Processing file /home/airflow/.local/lib/python3.12/site-packages/airflow/example_dags/example_trigger_target_dag.py for tasks to queue
[2026-08-12T04:48:22.675+0000] {logging_mixin.py:190} INFO - [2026-08-12T04:48:22.675+0000] {dagbag.py:587} INFO - Filling up the DagBag from /home/airflow/.local/lib/python3.12/site-packages/airflow/example_dags/example_trigger_target_dag.py
[2026-08-12T04:48:22.688+0000] {processor.py:925} INFO - DAG(s) 'example_trigger_target_dag' retrieved from /home/airflow/.local/lib/python3.12/site-packages/airflow/example_dags/example_trigger_target_dag.py
[2026-08-12T04:48:22.712+0000] {logging_mixin.py:190} INFO - [2026-08-12T04:48:22.712+0000] {dag.py:3211} INFO - Sync 1 DAGs
[2026-08-12T04:48:22.727+0000] {logging_mixin.py:190} INFO - [2026-08-12T04:48:22.727+0000] {dag.py:4138} INFO - Setting next_dagrun for example_trigger_target_dag to None, run_after=None
[2026-08-12T04:48:22.748+0000] {processor.py:208} INFO - Processing /home/airflow/.local/lib/python3.12/site-packages/airflow/example_dags/example_trigger_target_dag.py took 0.085 seconds
