[2026-08-12T04:31:58.727+0000] {processor.py:186} INFO - Started process (PID=79) to work on /home/airflow/.local/lib/python3.12/site-packages/airflow/example_dags/example_bash_decorator.py
[2026-08-12T04:31:58.729+0000] {processor.py:914} INFO - Processing file /home/airflow/.local/lib/python3.12/site-packages/airflow/example_dags/example_bash_decorator.py for tasks to queue
[2026-08-12T04:31:58.735+0000] {logging_mixin.py:190} INFO - [2026-08-12T04:31:58.735+0000] {dagbag.py:587} INFO - Filling up the DagBag from /home/airflow/.local/lib/python3.12/site-packages/airflow/example_dags/example_bash_decorator.py
[2026-08-12T04:31:58.760+0000] {processor.py:925} INFO - DAG(s) 'example_bash_decorator' retrieved from /home/airflow/.local/lib/python3.12/site-packages/airflow/example_dags/example_bash_decorator.py
[2026-08-12T04:31:58.934+0000] {logging_mixin.py:190} INFO - [2026-08-12T04:31:58.933+0000] {override.py:1858} INFO - Created Permission View: can read on DAG:example_bash_decorator
[2026-08-12T04:31:58.950+0000] {logging_mixin.py:190} INFO - [2026-08-12T04:31:58.949+0000] {override.py:1858} INFO - Created Permission View: can delete on DAG:example_bash_decorator
[2026-08-12T04:31:58.959+0000] {logging_mixin.py:190} INFO - [2026-08-12T04:31:58.959+0000] {override.py:1858} INFO - Created Permission View: can edit on DAG:example_bash_decorator
[2026-08-12T04:31:58.961+0000] {logging_mixin.py:190} INFO - [2026-08-12T04:31:58.961+0000] {dag.py:3211} INFO - Sync 1 DAGs
[2026-08-12T04:31:58.978+0000] {logging_mixin.py:190} INFO - [2026-08-12T04:31:58.978+0000] {dag.py:3234} INFO - Creating ORM DAG for example_bash_decorator
[2026-08-12T04:31:58.980+0000] {logging_mixin.py:190} INFO - [2026-08-12T04:31:58.980+0000] {dag.py:4138} INFO - Setting next_dagrun for example_bash_decorator to None, run_after=None
[2026-08-12T04:31:58.998+0000] {processor.py:208} INFO - Processing /home/airflow/.local/lib/python3.12/site-packages/airflow/example_dags/example_bash_decorator.py took 0.277 seconds
[2026-08-12T04:32:29.606+0000] {processor.py:186} INFO - Started process (PID=141) to work on /home/airflow/.local/lib/python3.12/site-packages/airflow/example_dags/example_bash_decorator.py
[2026-08-12T04:32:29.608+0000] {processor.py:914} INFO - Processing file /home/airflow/.local/lib/python3.12/site-packages/airflow/example_dags/example_bash_decorator.py for tasks to queue
[2026-08-12T04:32:29.611+0000] {logging_mixin.py:190} INFO - [2026-08-12T04:32:29.611+0000] {dagbag.py:587} INFO - Filling up the DagBag from /home/airflow/.local/lib/python3.12/site-packages/airflow/example_dags/example_bash_decorator.py
[2026-08-12T04:32:29.628+0000] {processor.py:925} INFO - DAG(s) 'example_bash_decorator' retrieved from /home/airflow/.local/lib/python3.12/site-packages/airflow/example_dags/example_bash_decorator.py
[2026-08-12T04:32:29.656+0000] {logging_mixin.py:190} INFO - [2026-08-12T04:32:29.656+0000] {dag.py:3211} INFO - Sync 1 DAGs
[2026-08-12T04:32:29.673+0000] {logging_mixin.py:190} INFO - [2026-08-12T04:32:29.673+0000] {dag.py:4138} INFO - Setting next_dagrun for example_bash_decorator to None, run_after=None
[2026-08-12T04:32:29.696+0000] {processor.py:208} INFO - Processing /home/airflow/.local/lib/python3.12/site-packages/airflow/example_dags/example_bash_decorator.py took 0.095 seconds
[2026-08-12T04:33:00.527+0000] {processor.py:186} INFO - Started process (PID=203) to work on /home/airflow/.local/lib/python3.12/site-packages/airflow/example_dags/example_bash_decorator.py
[2026-08-12T04:33:00.528+0000] {processor.py:914} INFO - Processing file /home/airflow/.local/lib/python3.12/site-packages/airflow/example_dags/example_bash_decorator.py for tasks to queue
[2026-08-12T04:33:00.531+0000] {logging_mixin.py:190} INFO - [2026-08-12T04:33:00.531+0000] {dagbag.py:587} INFO - Filling up the DagBag from /home/airflow/.local/lib/python3.12/site-packages/airflow/example_dags/example_bash_decorator.py
[2026-08-12T04:33:00.546+0000] {processor.py:925} INFO - DAG(s) 'example_bash_decorator' retrieved from /home/airflow/.local/lib/python3.12/site-packages/airflow/example_dags/example_bash_decorator.py
[2026-08-12T04:33:00.600+0000] {logging_mixin.py:190} INFO - [2026-08-12T04:33:00.594+0000] {dag.py:3211} INFO - Sync 1 DAGs
[2026-08-12T04:33:00.620+0000] {logging_mixin.py:190} INFO - [2026-08-12T04:33:00.620+0000] {dag.py:4138} INFO - Setting next_dagrun for example_bash_decorator to None, run_after=None
[2026-08-12T04:33:00.642+0000] {processor.py:208} INFO - Processing /home/airflow/.local/lib/python3.12/site-packages/airflow/example_dags/example_bash_decorator.py took 0.122 seconds
[2026-08-12T04:33:30.855+0000] {processor.py:186} INFO - Started process (PID=265) to work on /home/airflow/.local/lib/python3.12/site-packages/airflow/example_dags/example_bash_decorator.py
[2026-08-12T04:33:30.857+0000] {processor.py:914} INFO - Processing file /home/airflow/.local/lib/python3.12/site-packages/airflow/example_dags/example_bash_decorator.py for tasks to queue
[2026-08-12T04:33:30.860+0000] {logging_mixin.py:190} INFO - [2026-08-12T04:33:30.859+0000] {dagbag.py:587} INFO - Filling up the DagBag from /home/airflow/.local/lib/python3.12/site-packages/airflow/example_dags/example_bash_decorator.py
[2026-08-12T04:33:30.875+0000] {processor.py:925} INFO - DAG(s) 'example_bash_decorator' retrieved from /home/airflow/.local/lib/python3.12/site-packages/airflow/example_dags/example_bash_decorator.py
[2026-08-12T04:33:30.902+0000] {logging_mixin.py:190} INFO - [2026-08-12T04:33:30.902+0000] {dag.py:3211} INFO - Sync 1 DAGs
[2026-08-12T04:33:30.918+0000] {logging_mixin.py:190} INFO - [2026-08-12T04:33:30.918+0000] {dag.py:4138} INFO - Setting next_dagrun for example_bash_decorator to None, run_after=None
[2026-08-12T04:33:30.940+0000] {processor.py:208} INFO - Processing /home/airflow/.local/lib/python3.12/site-packages/airflow/example_dags/example_bash_decorator.py took 0.091 seconds
[2026-08-12T04:34:01.512+0000] {processor.py:186} INFO - Started process (PID=327) to work on /home/airflow/.local/lib/python3.12/site-packages/airflow/example_dags/example_bash_decorator.py
[2026-08-12T04:34:01.514+0000] {processor.py:914} INFO - Processing file /home/airflow/.local/lib/python3.12/site-packages/airflow/example_dags/example_bash_decorator.py for tasks to queue
[2026-08-12T04:34:01.517+0000] {logging_mixin.py:190} INFO - [2026-08-12T04:34:01.516+0000] {dagbag.py:587} INFO - Filling up the DagBag from /home/airflow/.local/lib/python3.12/site-packages/airflow/example_dags/example_bash_decorator.py
[2026-08-12T04:34:01.535+0000] {processor.py:925} INFO - DAG(s) 'example_bash_decorator' retrieved from /home/airflow/.local/lib/python3.12/site-packages/airflow/example_dags/example_bash_decorator.py
[2026-08-12T04:34:01.562+0000] {logging_mixin.py:190} INFO - [2026-08-12T04:34:01.562+0000] {dag.py:3211} INFO - Sync 1 DAGs
[2026-08-12T04:34:01.580+0000] {logging_mixin.py:190} INFO - [2026-08-12T04:34:01.580+0000] {dag.py:4138} INFO - Setting next_dagrun for example_bash_decorator to None, run_after=None
[2026-08-12T04:34:01.608+0000] {processor.py:208} INFO - Processing /home/airflow/.local/lib/python3.12/site-packages/airflow/example_dags/example_bash_decorator.py took 0.103 seconds
[2026-08-12T04:34:32.298+0000] {processor.py:186} INFO - Started process (PID=389) to work on /home/airflow/.local/lib/python3.12/site-packages/airflow/example_dags/example_bash_decorator.py
[2026-08-12T04:34:32.299+0000] {processor.py:914} INFO - Processing file /home/airflow/.local/lib/python3.12/site-packages/airflow/example_dags/example_bash_decorator.py for tasks to queue
[2026-08-12T04:34:32.302+0000] {logging_mixin.py:190} INFO - [2026-08-12T04:34:32.302+0000] {dagbag.py:587} INFO - Filling up the DagBag from /home/airflow/.local/lib/python3.12/site-packages/airflow/example_dags/example_bash_decorator.py
[2026-08-12T04:34:32.335+0000] {processor.py:925} INFO - DAG(s) 'example_bash_decorator' retrieved from /home/airflow/.local/lib/python3.12/site-packages/airflow/example_dags/example_bash_decorator.py
[2026-08-12T04:34:32.364+0000] {logging_mixin.py:190} INFO - [2026-08-12T04:34:32.363+0000] {dag.py:3211} INFO - Sync 1 DAGs
[2026-08-12T04:34:32.381+0000] {logging_mixin.py:190} INFO - [2026-08-12T04:34:32.380+0000] {dag.py:4138} INFO - Setting next_dagrun for example_bash_decorator to None, run_after=None
[2026-08-12T04:34:32.417+0000] {processor.py:208} INFO - Processing /home/airflow/.local/lib/python3.12/site-packages/airflow/example_dags/example_bash_decorator.py took 0.124 seconds
[2026-08-12T04:35:02.702+0000] {processor.py:186} INFO - Started process (PID=451) to work on /home/airflow/.local/lib/python3.12/site-packages/airflow/example_dags/example_bash_decorator.py
[2026-08-12T04:35:02.704+0000] {processor.py:914} INFO - Processing file /home/airflow/.local/lib/python3.12/site-packages/airflow/example_dags/example_bash_decorator.py for tasks to queue
[2026-08-12T04:35:02.707+0000] {logging_mixin.py:190} INFO - [2026-08-12T04:35:02.707+0000] {dagbag.py:587} INFO - Filling up the DagBag from /home/airflow/.local/lib/python3.12/site-packages/airflow/example_dags/example_bash_decorator.py
[2026-08-12T04:35:02.724+0000] {processor.py:925} INFO - DAG(s) 'example_bash_decorator' retrieved from /home/airflow/.local/lib/python3.12/site-packages/airflow/example_dags/example_bash_decorator.py
[2026-08-12T04:35:02.750+0000] {logging_mixin.py:190} INFO - [2026-08-12T04:35:02.750+0000] {dag.py:3211} INFO - Sync 1 DAGs
[2026-08-12T04:35:02.766+0000] {logging_mixin.py:190} INFO - [2026-08-12T04:35:02.766+0000] {dag.py:4138} INFO - Setting next_dagrun for example_bash_decorator to None, run_after=None
[2026-08-12T04:35:02.787+0000] {processor.py:208} INFO - Processing /home/airflow/.local/lib/python3.12/site-packages/airflow/example_dags/example_bash_decorator.py took 0.091 seconds
[2026-08-12T04:35:33.075+0000] {processor.py:186} INFO - Started process (PID=513) to work on /home/airflow/.local/lib/python3.12/site-packages/airflow/example_dags/example_bash_decorator.py
[2026-08-12T04:35:33.076+0000] {processor.py:914} INFO - Processing file /home/airflow/.local/lib/python3.12/site-packages/airflow/example_dags/example_bash_decorator.py for tasks to queue
[2026-08-12T04:35:33.079+0000] {logging_mixin.py:190} INFO - [2026-08-12T04:35:33.079+0000] {dagbag.py:587} INFO - Filling up the DagBag from /home/airflow/.local/lib/python3.12/site-packages/airflow/example_dags/example_bash_decorator.py
[2026-08-12T04:35:33.095+0000] {processor.py:925} INFO - DAG(s) 'example_bash_decorator' retrieved from /home/airflow/.local/lib/python3.12/site-packages/airflow/example_dags/example_bash_decorator.py
[2026-08-12T04:35:33.123+0000] {logging_mixin.py:190} INFO - [2026-08-12T04:35:33.123+0000] {dag.py:3211} INFO - Sync 1 DAGs
[2026-08-12T04:35:33.139+0000] {logging_mixin.py:190} INFO - [2026-08-12T04:35:33.138+0000] {dag.py:4138} INFO - Setting next_dagrun for example_bash_decorator to None, run_after=None
[2026-08-12T04:35:33.160+0000] {processor.py:208} INFO - Processing /home/airflow/.local/lib/python3.12/site-packages/airflow/example_dags/example_bash_decorator.py took 0.090 seconds
[2026-08-12T04:36:03.367+0000] {processor.py:186} INFO - Started process (PID=575) to work on /home/airflow/.local/lib/python3.12/site-packages/airflow/example_dags/example_bash_decorator.py
[2026-08-12T04:36:03.369+0000] {processor.py:914} INFO - Processing file /home/airflow/.local/lib/python3.12/site-packages/airflow/example_dags/example_bash_decorator.py for tasks to queue
[2026-08-12T04:36:03.373+0000] {logging_mixin.py:190} INFO - [2026-08-12T04:36:03.372+0000] {dagbag.py:587} INFO - Filling up the DagBag from /home/airflow/.local/lib/python3.12/site-packages/airflow/example_dags/example_bash_decorator.py
[2026-08-12T04:36:03.395+0000] {processor.py:925} INFO - DAG(s) 'example_bash_decorator' retrieved from /home/airflow/.local/lib/python3.12/site-packages/airflow/example_dags/example_bash_decorator.py
[2026-08-12T04:36:03.433+0000] {logging_mixin.py:190} INFO - [2026-08-12T04:36:03.433+0000] {dag.py:3211} INFO - Sync 1 DAGs
[2026-08-12T04:36:03.449+0000] {logging_mixin.py:190} INFO - [2026-08-12T04:36:03.449+0000] {dag.py:4138} INFO - Setting next_dagrun for example_bash_decorator to None, run_after=None
[2026-08-12T04:36:03.469+0000] {processor.py:208} INFO - Processing /home/airflow/.local/lib/python3.12/site-packages/airflow/example_dags/example_bash_decorator.py took 0.107 seconds
[2026-08-12T04:36:33.847+0000] {processor.py:186} INFO - Started process (PID=637) to work on /home/airflow/.local/lib/python3.12/site-packages/airflow/example_dags/example_bash_decorator.py
[2026-08-12T04:36:33.849+0000] {processor.py:914} INFO - Processing file /home/airflow/.local/lib/python3.12/site-packages/airflow/example_dags/example_bash_decorator.py for tasks to queue
[2026-08-12T04:36:33.853+0000] {logging_mixin.py:190} INFO - [2026-08-12T04:36:33.852+0000] {dagbag.py:587} INFO - Filling up the DagBag from /home/airflow/.local/lib/python3.12/site-packages/airflow/example_dags/example_bash_decorator.py
[2026-08-12T04:36:33.873+0000] {processor.py:925} INFO - DAG(s) 'example_bash_decorator' retrieved from /home/airflow/.local/lib/python3.12/site-packages/airflow/example_dags/example_bash_decorator.py
[2026-08-12T04:36:33.913+0000] {logging_mixin.py:190} INFO - [2026-08-12T04:36:33.912+0000] {dag.py:3211} INFO - Sync 1 DAGs
[2026-08-12T04:36:33.950+0000] {logging_mixin.py:190} INFO - [2026-08-12T04:36:33.949+0000] {dag.py:4138} INFO - Setting next_dagrun for example_bash_decorator to None, run_after=None
[2026-08-12T04:36:33.995+0000] {processor.py:208} INFO - Processing /home/airflow/.local/lib/python3.12/site-packages/airflow/example_dags/example_bash_decorator.py took 0.157 seconds
[2026-08-12T04:37:04.702+0000] {processor.py:186} INFO - Started process (PID=699) to work on /home/airflow/.local/lib/python3.12/site-packages/airflow/example_dags/example_bash_decorator.py
[2026-08-12T04:37:04.704+0000] {processor.py:914} INFO - Processing file /home/airflow/.local/lib/python3.12/site-packages/airflow/example_dags/example_bash_decorator.py for tasks to queue
[2026-08-12T04:37:04.707+0000] {logging_mixin.py:190} INFO - [2026-08-12T04:37:04.707+0000] {dagbag.py:587} INFO - Filling up the DagBag from /home/airflow/.local/lib/python3.12/site-packages/airflow/example_dags/example_bash_decorator.py
[2026-08-12T04:37:04.723+0000] {processor.py:925} INFO - DAG(s) 'example_bash_decorator' retrieved from /home/airflow/.local/lib/python3.12/site-packages/airflow/example_dags/example_bash_decorator.py
[2026-08-12T04:37:04.747+0000] {logging_mixin.py:190} INFO - [2026-08-12T04:37:04.746+0000] {dag.py:3211} INFO - Sync 1 DAGs
[2026-08-12T04:37:04.765+0000] {logging_mixin.py:190} INFO - [2026-08-12T04:37:04.765+0000] {dag.py:4138} INFO - Setting next_dagrun for example_bash_decorator to None, run_after=None
[2026-08-12T04:37:04.789+0000] {processor.py:208} INFO - Processing /home/airflow/.local/lib/python3.12/site-packages/airflow/example_dags/example_bash_decorator.py took 0.093 seconds
[2026-08-12T04:37:34.963+0000] {processor.py:186} INFO - Started process (PID=761) to work on /home/airflow/.local/lib/python3.12/site-packages/airflow/example_dags/example_bash_decorator.py
[2026-08-12T04:37:34.965+0000] {processor.py:914} INFO - Processing file /home/airflow/.local/lib/python3.12/site-packages/airflow/example_dags/example_bash_decorator.py for tasks to queue
[2026-08-12T04:37:34.968+0000] {logging_mixin.py:190} INFO - [2026-08-12T04:37:34.967+0000] {dagbag.py:587} INFO - Filling up the DagBag from /home/airflow/.local/lib/python3.12/site-packages/airflow/example_dags/example_bash_decorator.py
[2026-08-12T04:37:34.986+0000] {processor.py:925} INFO - DAG(s) 'example_bash_decorator' retrieved from /home/airflow/.local/lib/python3.12/site-packages/airflow/example_dags/example_bash_decorator.py
[2026-08-12T04:37:35.018+0000] {logging_mixin.py:190} INFO - [2026-08-12T04:37:35.018+0000] {dag.py:3211} INFO - Sync 1 DAGs
[2026-08-12T04:37:35.036+0000] {logging_mixin.py:190} INFO - [2026-08-12T04:37:35.036+0000] {dag.py:4138} INFO - Setting next_dagrun for example_bash_decorator to None, run_after=None
[2026-08-12T04:37:35.061+0000] {processor.py:208} INFO - Processing /home/airflow/.local/lib/python3.12/site-packages/airflow/example_dags/example_bash_decorator.py took 0.106 seconds
[2026-08-12T04:38:05.783+0000] {processor.py:186} INFO - Started process (PID=823) to work on /home/airflow/.local/lib/python3.12/site-packages/airflow/example_dags/example_bash_decorator.py
[2026-08-12T04:38:05.784+0000] {processor.py:914} INFO - Processing file /home/airflow/.local/lib/python3.12/site-packages/airflow/example_dags/example_bash_decorator.py for tasks to queue
[2026-08-12T04:38:05.788+0000] {logging_mixin.py:190} INFO - [2026-08-12T04:38:05.788+0000] {dagbag.py:587} INFO - Filling up the DagBag from /home/airflow/.local/lib/python3.12/site-packages/airflow/example_dags/example_bash_decorator.py
[2026-08-12T04:38:05.803+0000] {processor.py:925} INFO - DAG(s) 'example_bash_decorator' retrieved from /home/airflow/.local/lib/python3.12/site-packages/airflow/example_dags/example_bash_decorator.py
[2026-08-12T04:38:05.828+0000] {logging_mixin.py:190} INFO - [2026-08-12T04:38:05.828+0000] {dag.py:3211} INFO - Sync 1 DAGs
[2026-08-12T04:38:05.845+0000] {logging_mixin.py:190} INFO - [2026-08-12T04:38:05.844+0000] {dag.py:4138} INFO - Setting next_dagrun for example_bash_decorator to None, run_after=None
[2026-08-12T04:38:05.866+0000] {processor.py:208} INFO - Processing /home/airflow/.local/lib/python3.12/site-packages/airflow/example_dags/example_bash_decorator.py took 0.089 seconds
[2026-08-12T04:38:36.605+0000] {processor.py:186} INFO - Started process (PID=885) to work on /home/airflow/.local/lib/python3.12/site-packages/airflow/example_dags/example_bash_decorator.py
[2026-08-12T04:38:36.607+0000] {processor.py:914} INFO - Processing file /home/airflow/.local/lib/python3.12/site-packages/airflow/example_dags/example_bash_decorator.py for tasks to queue
[2026-08-12T04:38:36.611+0000] {logging_mixin.py:190} INFO - [2026-08-12T04:38:36.611+0000] {dagbag.py:587} INFO - Filling up the DagBag from /home/airflow/.local/lib/python3.12/site-packages/airflow/example_dags/example_bash_decorator.py
[2026-08-12T04:38:36.636+0000] {processor.py:925} INFO - DAG(s) 'example_bash_decorator' retrieved from /home/airflow/.local/lib/python3.12/site-packages/airflow/example_dags/example_bash_decorator.py
[2026-08-12T04:38:36.663+0000] {logging_mixin.py:190} INFO - [2026-08-12T04:38:36.663+0000] {dag.py:3211} INFO - Sync 1 DAGs
[2026-08-12T04:38:36.696+0000] {logging_mixin.py:190} INFO - [2026-08-12T04:38:36.695+0000] {dag.py:4138} INFO - Setting next_dagrun for example_bash_decorator to None, run_after=None
[2026-08-12T04:38:36.724+0000] {processor.py:208} INFO - Processing /home/airflow/.local/lib/python3.12/site-packages/airflow/example_dags/example_bash_decorator.py took 0.128 seconds
[2026-08-12T04:39:07.480+0000] {processor.py:186} INFO - Started process (PID=947) to work on /home/airflow/.local/lib/python3.12/site-packages/airflow/example_dags/example_bash_decorator.py
[2026-08-12T04:39:07.482+0000] {processor.py:914} INFO - Processing file /home/airflow/.local/lib/python3.12/site-packages/airflow/example_dags/example_bash_decorator.py for tasks to queue
[2026-08-12T04:39:07.485+0000] {logging_mixin.py:190} INFO - [2026-08-12T04:39:07.484+0000] {dagbag.py:587} INFO - Filling up the DagBag from /home/airflow/.local/lib/python3.12/site-packages/airflow/example_dags/example_bash_decorator.py
[2026-08-12T04:39:07.503+0000] {processor.py:925} INFO - DAG(s) 'example_bash_decorator' retrieved from /home/airflow/.local/lib/python3.12/site-packages/airflow/example_dags/example_bash_decorator.py
[2026-08-12T04:39:07.532+0000] {logging_mixin.py:190} INFO - [2026-08-12T04:39:07.531+0000] {dag.py:3211} INFO - Sync 1 DAGs
[2026-08-12T04:39:07.552+0000] {logging_mixin.py:190} INFO - [2026-08-12T04:39:07.552+0000] {dag.py:4138} INFO - Setting next_dagrun for example_bash_decorator to None, run_after=None
[2026-08-12T04:39:07.574+0000] {processor.py:208} INFO - Processing /home/airflow/.local/lib/python3.12/site-packages/airflow/example_dags/example_bash_decorator.py took 0.102 seconds
[2026-08-12T04:39:38.460+0000] {processor.py:186} INFO - Started process (PID=1009) to work on /home/airflow/.local/lib/python3.12/site-packages/airflow/example_dags/example_bash_decorator.py
[2026-08-12T04:39:38.462+0000] {processor.py:914} INFO - Processing file /home/airflow/.local/lib/python3.12/site-packages/airflow/example_dags/example_bash_decorator.py for tasks to queue
[2026-08-12T04:39:38.465+0000] {logging_mixin.py:190} INFO - [2026-08-12T04:39:38.465+0000] {dagbag.py:587} INFO - Filling up the DagBag from /home/airflow/.local/lib/python3.12/site-packages/airflow/example_dags/example_bash_decorator.py
[2026-08-12T04:39:38.484+0000] {processor.py:925} INFO - DAG(s) 'example_bash_decorator' retrieved from /home/airflow/.local/lib/python3.12/site-packages/airflow/example_dags/example_bash_decorator.py
[2026-08-12T04:39:38.513+0000] {logging_mixin.py:190} INFO - [2026-08-12T04:39:38.513+0000] {dag.py:3211} INFO - Sync 1 DAGs
[2026-08-12T04:39:38.533+0000] {logging_mixin.py:190} INFO - [2026-08-12T04:39:38.532+0000] {dag.py:4138} INFO - Setting next_dagrun for example_bash_decorator to None, run_after=None
[2026-08-12T04:39:38.553+0000] {processor.py:208} INFO - Processing /home/airflow/.local/lib/python3.12/site-packages/airflow/example_dags/example_bash_decorator.py took 0.100 seconds
[2026-08-12T04:40:08.774+0000] {processor.py:186} INFO - Started process (PID=1071) to work on /home/airflow/.local/lib/python3.12/site-packages/airflow/example_dags/example_bash_decorator.py
[2026-08-12T04:40:08.776+0000] {processor.py:914} INFO - Processing file /home/airflow/.local/lib/python3.12/site-packages/airflow/example_dags/example_bash_decorator.py for tasks to queue
[2026-08-12T04:40:08.779+0000] {logging_mixin.py:190} INFO - [2026-08-12T04:40:08.779+0000] {dagbag.py:587} INFO - Filling up the DagBag from /home/airflow/.local/lib/python3.12/site-packages/airflow/example_dags/example_bash_decorator.py
[2026-08-12T04:40:08.794+0000] {processor.py:925} INFO - DAG(s) 'example_bash_decorator' retrieved from /home/airflow/.local/lib/python3.12/site-packages/airflow/example_dags/example_bash_decorator.py
[2026-08-12T04:40:08.820+0000] {logging_mixin.py:190} INFO - [2026-08-12T04:40:08.820+0000] {dag.py:3211} INFO - Sync 1 DAGs
[2026-08-12T04:40:08.835+0000] {logging_mixin.py:190} INFO - [2026-08-12T04:40:08.834+0000] {dag.py:4138} INFO - Setting next_dagrun for example_bash_decorator to None, run_after=None
[2026-08-12T04:40:08.856+0000] {processor.py:208} INFO - Processing /home/airflow/.local/lib/python3.12/site-packages/airflow/example_dags/example_bash_decorator.py took 0.087 seconds
[2026-08-12T04:40:39.738+0000] {processor.py:186} INFO - Started process (PID=1133) to work on /home/airflow/.local/lib/python3.12/site-packages/airflow/example_dags/example_bash_decorator.py
[2026-08-12T04:40:39.740+0000] {processor.py:914} INFO - Processing file /home/airflow/.local/lib/python3.12/site-packages/airflow/example_dags/example_bash_decorator.py for tasks to queue
[2026-08-12T04:40:39.744+0000] {logging_mixin.py:190} INFO - [2026-08-12T04:40:39.743+0000] {dagbag.py:587} INFO - Filling up the DagBag from /home/airflow/.local/lib/python3.12/site-packages/airflow/example_dags/example_bash_decorator.py
[2026-08-12T04:40:39.761+0000] {processor.py:925} INFO - DAG(s) 'example_bash_decorator' retrieved from /home/airflow/.local/lib/python3.12/site-packages/airflow/example_dags/example_bash_decorator.py
[2026-08-12T04:40:39.785+0000] {logging_mixin.py:190} INFO - [2026-08-12T04:40:39.785+0000] {dag.py:3211} INFO - Sync 1 DAGs
[2026-08-12T04:40:39.802+0000] {logging_mixin.py:190} INFO - [2026-08-12T04:40:39.802+0000] {dag.py:4138} INFO - Setting next_dagrun for example_bash_decorator to None, run_after=None
[2026-08-12T04:40:39.823+0000] {processor.py:208} INFO - Processing /home/airflow/.local/lib/python3.12/site-packages/airflow/example_dags/example_bash_decorator.py took 0.090 seconds
[2026-08-12T04:41:10.174+0000] {processor.py:186} INFO - Started process (PID=1195) to work on /home/airflow/.local/lib/python3.12/site-packages/airflow/example_dags/example_bash_decorator.py
[2026-08-12T04:41:10.177+0000] {processor.py:914} INFO - Processing file /home/airflow/.local/lib/python3.12/site-packages/airflow/example_dags/example_bash_decorator.py for tasks to queue
[2026-08-12T04:41:10.183+0000] {logging_mixin.py:190} INFO - [2026-08-12T04:41:10.182+0000] {dagbag.py:587} INFO - Filling up the DagBag from /home/airflow/.local/lib/python3.12/site-packages/airflow/example_dags/example_bash_decorator.py
[2026-08-12T04:41:10.213+0000] {processor.py:925} INFO - DAG(s) 'example_bash_decorator' retrieved from /home/airflow/.local/lib/python3.12/site-packages/airflow/example_dags/example_bash_decorator.py
[2026-08-12T04:41:10.240+0000] {logging_mixin.py:190} INFO - [2026-08-12T04:41:10.240+0000] {dag.py:3211} INFO - Sync 1 DAGs
[2026-08-12T04:41:10.256+0000] {logging_mixin.py:190} INFO - [2026-08-12T04:41:10.256+0000] {dag.py:4138} INFO - Setting next_dagrun for example_bash_decorator to None, run_after=None
[2026-08-12T04:41:10.276+0000] {processor.py:208} INFO - Processing /home/airflow/.local/lib/python3.12/site-packages/airflow/example_dags/example_bash_decorator.py took 0.113 seconds
[2026-08-12T04:41:40.911+0000] {processor.py:186} INFO - Started process (PID=1257) to work on /home/airflow/.local/lib/python3.12/site-packages/airflow/example_dags/example_bash_decorator.py
[2026-08-12T04:41:40.913+0000] {processor.py:914} INFO - Processing file /home/airflow/.local/lib/python3.12/site-packages/airflow/example_dags/example_bash_decorator.py for tasks to queue
[2026-08-12T04:41:40.916+0000] {logging_mixin.py:190} INFO - [2026-08-12T04:41:40.916+0000] {dagbag.py:587} INFO - Filling up the DagBag from /home/airflow/.local/lib/python3.12/site-packages/airflow/example_dags/example_bash_decorator.py
[2026-08-12T04:41:40.933+0000] {processor.py:925} INFO - DAG(s) 'example_bash_decorator' retrieved from /home/airflow/.local/lib/python3.12/site-packages/airflow/example_dags/example_bash_decorator.py
[2026-08-12T04:41:40.960+0000] {logging_mixin.py:190} INFO - [2026-08-12T04:41:40.959+0000] {dag.py:3211} INFO - Sync 1 DAGs
[2026-08-12T04:41:40.976+0000] {logging_mixin.py:190} INFO - [2026-08-12T04:41:40.976+0000] {dag.py:4138} INFO - Setting next_dagrun for example_bash_decorator to None, run_after=None
[2026-08-12T04:41:40.998+0000] {processor.py:208} INFO - Processing /home/airflow/.local/lib/python3.12/site-packages/airflow/example_dags/example_bash_decorator.py took 0.093 seconds
[2026-08-12T04:42:11.262+0000] {processor.py:186} INFO - Started process (PID=1319) to work on /home/airflow/.local/lib/python3.12/site-packages/airflow/example_dags/example_bash_decorator.py
[2026-08-12T04:42:11.264+0000] {processor.py:914} INFO - Processing file /home/airflow/.local/lib/python3.12/site-packages/airflow/example_dags/example_bash_decorator.py for tasks to queue
[2026-08-12T04:42:11.267+0000] {logging_mixin.py:190} INFO - [2026-08-12T04:42:11.267+0000] {dagbag.py:587} INFO - Filling up the DagBag from /home/airflow/.local/lib/python3.12/site-packages/airflow/example_dags/example_bash_decorator.py
[2026-08-12T04:42:11.281+0000] {processor.py:925} INFO - DAG(s) 'example_bash_decorator' retrieved from /home/airflow/.local/lib/python3.12/site-packages/airflow/example_dags/example_bash_decorator.py
[2026-08-12T04:42:11.306+0000] {logging_mixin.py:190} INFO - [2026-08-12T04:42:11.306+0000] {dag.py:3211} INFO - Sync 1 DAGs
[2026-08-12T04:42:11.322+0000] {logging_mixin.py:190} INFO - [2026-08-12T04:42:11.321+0000] {dag.py:4138} INFO - Setting next_dagrun for example_bash_decorator to None, run_after=None
[2026-08-12T04:42:11.343+0000] {processor.py:208} INFO - Processing /home/airflow/.local/lib/python3.12/site-packages/airflow/example_dags/example_bash_decorator.py took 0.086 seconds
[2026-08-12T04:42:42.124+0000] {processor.py:186} INFO - Started process (PID=1381) to work on /home/airflow/.local/lib/python3.12/site-packages/airflow/example_dags/example_bash_decorator.py
[2026-08-12T04:42:42.126+0000] {processor.py:914} INFO - Processing file /home/airflow/.local/lib/python3.12/site-packages/airflow/example_dags/example_bash_decorator.py for tasks to queue
[2026-08-12T04:42:42.129+0000] {logging_mixin.py:190} INFO - [2026-08-12T04:42:42.129+0000] {dagbag.py:587} INFO - Filling up the DagBag from /home/airflow/.local/lib/python3.12/site-packages/airflow/example_dags/example_bash_decorator.py
[2026-08-12T04:42:42.144+0000] {processor.py:925} INFO - DAG(s) 'example_bash_decorator' retrieved from /home/airflow/.local/lib/python3.12/site-packages/airflow/example_dags/example_bash_decorator.py
[2026-08-12T04:42:42.172+0000] {logging_mixin.py:190} INFO - [2026-08-12T04:42:42.172+0000] {dag.py:3211} INFO - Sync 1 DAGs
[2026-08-12T04:42:42.187+0000] {logging_mixin.py:190} INFO - [2026-08-12T04:42:42.186+0000] {dag.py:4138} INFO - Setting next_dagrun for example_bash_decorator to None, run_after=None
[2026-08-12T04:42:42.207+0000] {processor.py:208} INFO - Processing /home/airflow/.local/lib/python3.12/site-packages/airflow/example_dags/example_bash_decorator.py took 0.088 seconds
[2026-08-12T04:43:12.464+0000] {processor.py:186} INFO - Started process (PID=1443) to work on /home/airflow/.local/lib/python3.12/site-packages/airflow/example_dags/example_bash_decorator.py
[2026-08-12T04:43:12.466+0000] {processor.py:914} INFO - Processing file /home/airflow/.local/lib/python3.12/site-packages/airflow/example_dags/example_bash_decorator.py for tasks to queue
[2026-08-12T04:43:12.470+0000] {logging_mixin.py:190} INFO - [2026-08-12T04:43:12.469+0000] {dagbag.py:587} INFO - Filling up the DagBag from /home/airflow/.local/lib/python3.12/site-packages/airflow/example_dags/example_bash_decorator.py
[2026-08-12T04:43:12.485+0000] {processor.py:925} INFO - DAG(s) 'example_bash_decorator' retrieved from /home/airflow/.local/lib/python3.12/site-packages/airflow/example_dags/example_bash_decorator.py
[2026-08-12T04:43:12.511+0000] {logging_mixin.py:190} INFO - [2026-08-12T04:43:12.510+0000] {dag.py:3211} INFO - Sync 1 DAGs
[2026-08-12T04:43:12.528+0000] {logging_mixin.py:190} INFO - [2026-08-12T04:43:12.527+0000] {dag.py:4138} INFO - Setting next_dagrun for example_bash_decorator to None, run_after=None
[2026-08-12T04:43:12.553+0000] {processor.py:208} INFO - Processing /home/airflow/.local/lib/python3.12/site-packages/airflow/example_dags/example_bash_decorator.py took 0.096 seconds
[2026-08-12T04:43:42.772+0000] {processor.py:186} INFO - Started process (PID=1505) to work on /home/airflow/.local/lib/python3.12/site-packages/airflow/example_dags/example_bash_decorator.py
[2026-08-12T04:43:42.774+0000] {processor.py:914} INFO - Processing file /home/airflow/.local/lib/python3.12/site-packages/airflow/example_dags/example_bash_decorator.py for tasks to queue
[2026-08-12T04:43:42.777+0000] {logging_mixin.py:190} INFO - [2026-08-12T04:43:42.777+0000] {dagbag.py:587} INFO - Filling up the DagBag from /home/airflow/.local/lib/python3.12/site-packages/airflow/example_dags/example_bash_decorator.py
[2026-08-12T04:43:42.794+0000] {processor.py:925} INFO - DAG(s) 'example_bash_decorator' retrieved from /home/airflow/.local/lib/python3.12/site-packages/airflow/example_dags/example_bash_decorator.py
[2026-08-12T04:43:42.827+0000] {logging_mixin.py:190} INFO - [2026-08-12T04:43:42.827+0000] {dag.py:3211} INFO - Sync 1 DAGs
[2026-08-12T04:43:42.857+0000] {logging_mixin.py:190} INFO - [2026-08-12T04:43:42.856+0000] {dag.py:4138} INFO - Setting next_dagrun for example_bash_decorator to None, run_after=None
[2026-08-12T04:43:42.893+0000] {processor.py:208} INFO - Processing /home/airflow/.local/lib/python3.12/site-packages/airflow/example_dags/example_bash_decorator.py took 0.132 seconds
[2026-08-12T04:44:13.541+0000] {processor.py:186} INFO - Started process (PID=1567) to work on /home/airflow/.local/lib/python3.12/site-packages/airflow/example_dags/example_bash_decorator.py
[2026-08-12T04:44:13.545+0000] {processor.py:914} INFO - Processing file /home/airflow/.local/lib/python3.12/site-packages/airflow/example_dags/example_bash_decorator.py for tasks to queue
[2026-08-12T04:44:13.547+0000] {logging_mixin.py:190} INFO - [2026-08-12T04:44:13.547+0000] {dagbag.py:587} INFO - Filling up the DagBag from /home/airflow/.local/lib/python3.12/site-packages/airflow/example_dags/example_bash_decorator.py
[2026-08-12T04:44:13.562+0000] {processor.py:925} INFO - DAG(s) 'example_bash_decorator' retrieved from /home/airflow/.local/lib/python3.12/site-packages/airflow/example_dags/example_bash_decorator.py
[2026-08-12T04:44:13.586+0000] {logging_mixin.py:190} INFO - [2026-08-12T04:44:13.585+0000] {dag.py:3211} INFO - Sync 1 DAGs
[2026-08-12T04:44:13.601+0000] {logging_mixin.py:190} INFO - [2026-08-12T04:44:13.600+0000] {dag.py:4138} INFO - Setting next_dagrun for example_bash_decorator to None, run_after=None
[2026-08-12T04:44:13.619+0000] {processor.py:208} INFO - Processing /home/airflow/.local/lib/python3.12/site-packages/airflow/example_dags/example_bash_decorator.py took 0.084 seconds
[2026-08-12T04:44:43.924+0000] {processor.py:186} INFO - Started process (PID=1629) to work on /home/airflow/.local/lib/python3.12/site-packages/airflow/example_dags/example_bash_decorator.py
[2026-08-12T04:44:43.926+0000] {processor.py:914} INFO - Processing file /home/airflow/.local/lib/python3.12/site-packages/airflow/example_dags/example_bash_decorator.py for tasks to queue
[2026-08-12T04:44:43.928+0000] {logging_mixin.py:190} INFO - [2026-08-12T04:44:43.928+0000] {dagbag.py:587} INFO - Filling up the DagBag from /home/airflow/.local/lib/python3.12/site-packages/airflow/example_dags/example_bash_decorator.py
[2026-08-12T04:44:43.950+0000] {processor.py:925} INFO - DAG(s) 'example_bash_decorator' retrieved from /home/airflow/.local/lib/python3.12/site-packages/airflow/example_dags/example_bash_decorator.py
[2026-08-12T04:44:43.979+0000] {logging_mixin.py:190} INFO - [2026-08-12T04:44:43.979+0000] {dag.py:3211} INFO - Sync 1 DAGs
[2026-08-12T04:44:43.996+0000] {logging_mixin.py:190} INFO - [2026-08-12T04:44:43.996+0000] {dag.py:4138} INFO - Setting next_dagrun for example_bash_decorator to None, run_after=None
[2026-08-12T04:44:44.018+0000] {processor.py:208} INFO - Processing /home/airflow/.local/lib/python3.12/site-packages/airflow/example_dags/example_bash_decorator.py took 0.099 seconds
[2026-08-12T04:45:14.344+0000] {processor.py:186} INFO - Started process (PID=1691) to work on /home/airflow/.local/lib/python3.12/site-packages/airflow/example_dags/example_bash_decorator.py
[2026-08-12T04:45:14.346+0000] {processor.py:914} INFO - Processing file /home/airflow/.local/lib/python3.12/site-packages/airflow/example_dags/example_bash_decorator.py for tasks to queue
[2026-08-12T04:45:14.350+0000] {logging_mixin.py:190} INFO - [2026-08-12T04:45:14.349+0000] {dagbag.py:587} INFO - Filling up the DagBag from /home/airflow/.local/lib/python3.12/site-packages/airflow/example_dags/example_bash_decorator.py
[2026-08-12T04:45:14.370+0000] {processor.py:925} INFO - DAG(s) 'example_bash_decorator' retrieved from /home/airflow/.local/lib/python3.12/site-packages/airflow/example_dags/example_bash_decorator.py
[2026-08-12T04:45:14.408+0000] {logging_mixin.py:190} INFO - [2026-08-12T04:45:14.408+0000] {dag.py:3211} INFO - Sync 1 DAGs
[2026-08-12T04:45:14.439+0000] {logging_mixin.py:190} INFO - [2026-08-12T04:45:14.438+0000] {dag.py:4138} INFO - Setting next_dagrun for example_bash_decorator to None, run_after=None
[2026-08-12T04:45:14.470+0000] {processor.py:208} INFO - Processing /home/airflow/.local/lib/python3.12/site-packages/airflow/example_dags/example_bash_decorator.py took 0.135 seconds
[2026-08-12T04:45:45.075+0000] {processor.py:186} INFO - Started process (PID=1753) to work on /home/airflow/.local/lib/python3.12/site-packages/airflow/example_dags/example_bash_decorator.py
[2026-08-12T04:45:45.077+0000] {processor.py:914} INFO - Processing file /home/airflow/.local/lib/python3.12/site-packages/airflow/example_dags/example_bash_decorator.py for tasks to queue
[2026-08-12T04:45:45.080+0000] {logging_mixin.py:190} INFO - [2026-08-12T04:45:45.079+0000] {dagbag.py:587} INFO - Filling up the DagBag from /home/airflow/.local/lib/python3.12/site-packages/airflow/example_dags/example_bash_decorator.py
[2026-08-12T04:45:45.095+0000] {processor.py:925} INFO - DAG(s) 'example_bash_decorator' retrieved from /home/airflow/.local/lib/python3.12/site-packages/airflow/example_dags/example_bash_decorator.py
[2026-08-12T04:45:45.119+0000] {logging_mixin.py:190} INFO - [2026-08-12T04:45:45.118+0000] {dag.py:3211} INFO - Sync 1 DAGs
[2026-08-12T04:45:45.133+0000] {logging_mixin.py:190} INFO - [2026-08-12T04:45:45.133+0000] {dag.py:4138} INFO - Setting next_dagrun for example_bash_decorator to None, run_after=None
[2026-08-12T04:45:45.154+0000] {processor.py:208} INFO - Processing /home/airflow/.local/lib/python3.12/site-packages/airflow/example_dags/example_bash_decorator.py took 0.085 seconds
[2026-08-12T04:46:15.915+0000] {processor.py:186} INFO - Started process (PID=1815) to work on /home/airflow/.local/lib/python3.12/site-packages/airflow/example_dags/example_bash_decorator.py
[2026-08-12T04:46:15.917+0000] {processor.py:914} INFO - Processing file /home/airflow/.local/lib/python3.12/site-packages/airflow/example_dags/example_bash_decorator.py for tasks to queue
[2026-08-12T04:46:15.922+0000] {logging_mixin.py:190} INFO - [2026-08-12T04:46:15.921+0000] {dagbag.py:587} INFO - Filling up the DagBag from /home/airflow/.local/lib/python3.12/site-packages/airflow/example_dags/example_bash_decorator.py
[2026-08-12T04:46:15.943+0000] {processor.py:925} INFO - DAG(s) 'example_bash_decorator' retrieved from /home/airflow/.local/lib/python3.12/site-packages/airflow/example_dags/example_bash_decorator.py
[2026-08-12T04:46:15.974+0000] {logging_mixin.py:190} INFO - [2026-08-12T04:46:15.973+0000] {dag.py:3211} INFO - Sync 1 DAGs
[2026-08-12T04:46:15.991+0000] {logging_mixin.py:190} INFO - [2026-08-12T04:46:15.991+0000] {dag.py:4138} INFO - Setting next_dagrun for example_bash_decorator to None, run_after=None
[2026-08-12T04:46:16.012+0000] {processor.py:208} INFO - Processing /home/airflow/.local/lib/python3.12/site-packages/airflow/example_dags/example_bash_decorator.py took 0.118 seconds
[2026-08-12T04:46:47.223+0000] {processor.py:186} INFO - Started process (PID=1877) to work on /home/airflow/.local/lib/python3.12/site-packages/airflow/example_dags/example_bash_decorator.py
[2026-08-12T04:46:47.225+0000] {processor.py:914} INFO - Processing file /home/airflow/.local/lib/python3.12/site-packages/airflow/example_dags/example_bash_decorator.py for tasks to queue
[2026-08-12T04:46:47.228+0000] {logging_mixin.py:190} INFO - [2026-08-12T04:46:47.227+0000] {dagbag.py:587} INFO - Filling up the DagBag from /home/airflow/.local/lib/python3.12/site-packages/airflow/example_dags/example_bash_decorator.py
[2026-08-12T04:46:47.248+0000] {processor.py:925} INFO - DAG(s) 'example_bash_decorator' retrieved from /home/airflow/.local/lib/python3.12/site-packages/airflow/example_dags/example_bash_decorator.py
[2026-08-12T04:46:47.270+0000] {logging_mixin.py:190} INFO - [2026-08-12T04:46:47.270+0000] {dag.py:3211} INFO - Sync 1 DAGs
[2026-08-12T04:46:47.284+0000] {logging_mixin.py:190} INFO - [2026-08-12T04:46:47.283+0000] {dag.py:4138} INFO - Setting next_dagrun for example_bash_decorator to None, run_after=None
[2026-08-12T04:46:47.303+0000] {processor.py:208} INFO - Processing /home/airflow/.local/lib/python3.12/site-packages/airflow/example_dags/example_bash_decorator.py took 0.092 seconds
[2026-08-12T04:47:17.906+0000] {processor.py:186} INFO - Started process (PID=1939) to work on /home/airflow/.local/lib/python3.12/site-packages/airflow/example_dags/example_bash_decorator.py
[2026-08-12T04:47:17.908+0000] {processor.py:914} INFO - Processing file /home/airflow/.local/lib/python3.12/site-packages/airflow/example_dags/example_bash_decorator.py for tasks to queue
[2026-08-12T04:47:17.913+0000] {logging_mixin.py:190} INFO - [2026-08-12T04:47:17.912+0000] {dagbag.py:587} INFO - Filling up the DagBag from /home/airflow/.local/lib/python3.12/site-packages/airflow/example_dags/example_bash_decorator.py
[2026-08-12T04:47:17.935+0000] {processor.py:925} INFO - DAG(s) 'example_bash_decorator' retrieved from /home/airflow/.local/lib/python3.12/site-packages/airflow/example_dags/example_bash_decorator.py
[2026-08-12T04:47:17.964+0000] {logging_mixin.py:190} INFO - [2026-08-12T04:47:17.963+0000] {dag.py:3211} INFO - Sync 1 DAGs
[2026-08-12T04:47:17.978+0000] {logging_mixin.py:190} INFO - [2026-08-12T04:47:17.978+0000] {dag.py:4138} INFO - Setting next_dagrun for example_bash_decorator to None, run_after=None
[2026-08-12T04:47:17.998+0000] {processor.py:208} INFO - Processing /home/airflow/.local/lib/python3.12/site-packages/airflow/example_dags/example_bash_decorator.py took 0.101 seconds
[2026-08-12T04:47:48.549+0000] {processor.py:186} INFO - Started process (PID=2001) to work on /home/airflow/.local/lib/python3.12/site-packages/airflow/example_dags/example_bash_decorator.py
[2026-08-12T04:47:48.551+0000] {processor.py:914} INFO - Processing file /home/airflow/.local/lib/python3.12/site-packages/airflow/example_dags/example_bash_decorator.py for tasks to queue
[2026-08-12T04:47:48.554+0000] {logging_mixin.py:190} INFO - [2026-08-12T04:47:48.554+0000] {dagbag.py:587} INFO - Filling up the DagBag from /home/airflow/.local/lib/python3.12/site-packages/airflow/example_dags/example_bash_decorator.py
[2026-08-12T04:47:48.580+0000] {processor.py:925} INFO - DAG(s) 'example_bash_decorator' retrieved from /home/airflow/.local/lib/python3.12/site-packages/airflow/example_dags/example_bash_decorator.py
[2026-08-12T04:47:48.612+0000] {logging_mixin.py:190} INFO - [2026-08-12T04:47:48.611+0000] {dag.py:3211} INFO - Sync 1 DAGs
[2026-08-12T04:47:48.627+0000] {logging_mixin.py:190} INFO - [2026-08-12T04:47:48.627+0000] {dag.py:4138} INFO - Setting next_dagrun for example_bash_decorator to None, run_after=None
[2026-08-12T04:47:48.648+0000] {processor.py:208} INFO - Processing /home/airflow/.local/lib/python3.12/site-packages/airflow/example_dags/example_bash_decorator.py took 0.104 seconds
[2026-08-12T04:48:18.995+0000] {processor.py:186} INFO - Started process (PID=2063) to work on /home/airflow/.local/lib/python3.12/site-packages/airflow/example_dags/example_bash_decorator.py
[2026-08-12T04:48:18.997+0000] {processor.py:914} INFO - Processing file /home/airflow/.local/lib/python3.12/site-packages/airflow/example_dags/example_bash_decorator.py for tasks to queue
[2026-08-12T04:48:18.999+0000] {logging_mixin.py:190} INFO - [2026-08-12T04:48:18.999+0000] {dagbag.py:587} INFO - Filling up the DagBag from /home/airflow/.local/lib/python3.12/site-packages/airflow/example_dags/example_bash_decorator.py
[2026-08-12T04:48:19.013+0000] {processor.py:925} INFO - DAG(s) 'example_bash_decorator' retrieved from /home/airflow/.local/lib/python3.12/site-packages/airflow/example_dags/example_bash_decorator.py
[2026-08-12T04:48:19.037+0000] {logging_mixin.py:190} INFO - [2026-08-12T04:48:19.037+0000] {dag.py:3211} INFO - Sync 1 DAGs
[2026-08-12T04:48:19.054+0000] {logging_mixin.py:190} INFO - [2026-08-12T04:48:19.053+0000] {dag.py:4138} INFO - Setting next_dagrun for example_bash_decorator to None, run_after=None
[2026-08-12T04:48:19.075+0000] {processor.py:208} INFO - Processing /home/airflow/.local/lib/python3.12/site-packages/airflow/example_dags/example_bash_decorator.py took 0.085 seconds
