[2026-08-12T04:32:04.020+0000] {processor.py:186} INFO - Started process (PID=110) to work on /home/airflow/.local/lib/python3.12/site-packages/airflow/example_dags/example_xcomargs.py
[2026-08-12T04:32:04.024+0000] {processor.py:914} INFO - Processing file /home/airflow/.local/lib/python3.12/site-packages/airflow/example_dags/example_xcomargs.py for tasks to queue
[2026-08-12T04:32:04.032+0000] {logging_mixin.py:190} INFO - [2026-08-12T04:32:04.031+0000] {dagbag.py:587} INFO - Filling up the DagBag from /home/airflow/.local/lib/python3.12/site-packages/airflow/example_dags/example_xcomargs.py
[2026-08-12T04:32:04.063+0000] {processor.py:925} INFO - DAG(s) 'example_xcom_args_with_operators', 'example_xcom_args' retrieved from /home/airflow/.local/lib/python3.12/site-packages/airflow/example_dags/example_xcomargs.py
[2026-08-12T04:32:04.242+0000] {logging_mixin.py:190} INFO - [2026-08-12T04:32:04.241+0000] {override.py:1858} INFO - Created Permission View: can read on DAG:example_xcom_args_with_operators
[2026-08-12T04:32:04.256+0000] {logging_mixin.py:190} INFO - [2026-08-12T04:32:04.255+0000] {override.py:1858} INFO - Created Permission View: can delete on DAG:example_xcom_args_with_operators
[2026-08-12T04:32:04.264+0000] {logging_mixin.py:190} INFO - [2026-08-12T04:32:04.264+0000] {override.py:1858} INFO - Created Permission View: can edit on DAG:example_xcom_args_with_operators
[2026-08-12T04:32:04.281+0000] {logging_mixin.py:190} INFO - [2026-08-12T04:32:04.280+0000] {override.py:1858} INFO - Created Permission View: can read on DAG:example_xcom_args
[2026-08-12T04:32:04.290+0000] {logging_mixin.py:190} INFO - [2026-08-12T04:32:04.290+0000] {override.py:1858} INFO - Created Permission View: can delete on DAG:example_xcom_args
[2026-08-12T04:32:04.300+0000] {logging_mixin.py:190} INFO - [2026-08-12T04:32:04.300+0000] {override.py:1858} INFO - Created Permission View: can edit on DAG:example_xcom_args
[2026-08-12T04:32:04.302+0000] {logging_mixin.py:190} INFO - [2026-08-12T04:32:04.301+0000] {dag.py:3211} INFO - Sync 2 DAGs
[2026-08-12T04:32:04.318+0000] {logging_mixin.py:190} INFO - [2026-08-12T04:32:04.317+0000] {dag.py:3234} INFO - Creating ORM DAG for example_xcom_args
[2026-08-12T04:32:04.319+0000] {logging_mixin.py:190} INFO - [2026-08-12T04:32:04.319+0000] {dag.py:3234} INFO - Creating ORM DAG for example_xcom_args_with_operators
[2026-08-12T04:32:04.321+0000] {logging_mixin.py:190} INFO - [2026-08-12T04:32:04.320+0000] {dag.py:4138} INFO - Setting next_dagrun for example_xcom_args to None, run_after=None
[2026-08-12T04:32:04.323+0000] {logging_mixin.py:190} INFO - [2026-08-12T04:32:04.322+0000] {dag.py:4138} INFO - Setting next_dagrun for example_xcom_args_with_operators to None, run_after=None
[2026-08-12T04:32:04.346+0000] {processor.py:208} INFO - Processing /home/airflow/.local/lib/python3.12/site-packages/airflow/example_dags/example_xcomargs.py took 0.348 seconds
[2026-08-12T04:32:34.466+0000] {processor.py:186} INFO - Started process (PID=172) to work on /home/airflow/.local/lib/python3.12/site-packages/airflow/example_dags/example_xcomargs.py
[2026-08-12T04:32:34.467+0000] {processor.py:914} INFO - Processing file /home/airflow/.local/lib/python3.12/site-packages/airflow/example_dags/example_xcomargs.py for tasks to queue
[2026-08-12T04:32:34.471+0000] {logging_mixin.py:190} INFO - [2026-08-12T04:32:34.470+0000] {dagbag.py:587} INFO - Filling up the DagBag from /home/airflow/.local/lib/python3.12/site-packages/airflow/example_dags/example_xcomargs.py
[2026-08-12T04:32:34.483+0000] {processor.py:925} INFO - DAG(s) 'example_xcom_args', 'example_xcom_args_with_operators' retrieved from /home/airflow/.local/lib/python3.12/site-packages/airflow/example_dags/example_xcomargs.py
[2026-08-12T04:32:34.523+0000] {logging_mixin.py:190} INFO - [2026-08-12T04:32:34.522+0000] {dag.py:3211} INFO - Sync 2 DAGs
[2026-08-12T04:32:34.549+0000] {logging_mixin.py:190} INFO - [2026-08-12T04:32:34.549+0000] {dag.py:4138} INFO - Setting next_dagrun for example_xcom_args to None, run_after=None
[2026-08-12T04:32:34.556+0000] {logging_mixin.py:190} INFO - [2026-08-12T04:32:34.555+0000] {dag.py:4138} INFO - Setting next_dagrun for example_xcom_args_with_operators to None, run_after=None
[2026-08-12T04:32:34.575+0000] {processor.py:208} INFO - Processing /home/airflow/.local/lib/python3.12/site-packages/airflow/example_dags/example_xcomargs.py took 0.115 seconds
[2026-08-12T04:33:04.987+0000] {processor.py:186} INFO - Started process (PID=234) to work on /home/airflow/.local/lib/python3.12/site-packages/airflow/example_dags/example_xcomargs.py
[2026-08-12T04:33:04.989+0000] {processor.py:914} INFO - Processing file /home/airflow/.local/lib/python3.12/site-packages/airflow/example_dags/example_xcomargs.py for tasks to queue
[2026-08-12T04:33:04.994+0000] {logging_mixin.py:190} INFO - [2026-08-12T04:33:04.993+0000] {dagbag.py:587} INFO - Filling up the DagBag from /home/airflow/.local/lib/python3.12/site-packages/airflow/example_dags/example_xcomargs.py
[2026-08-12T04:33:05.015+0000] {processor.py:925} INFO - DAG(s) 'example_xcom_args_with_operators', 'example_xcom_args' retrieved from /home/airflow/.local/lib/python3.12/site-packages/airflow/example_dags/example_xcomargs.py
[2026-08-12T04:33:05.047+0000] {logging_mixin.py:190} INFO - [2026-08-12T04:33:05.047+0000] {dag.py:3211} INFO - Sync 2 DAGs
[2026-08-12T04:33:05.065+0000] {logging_mixin.py:190} INFO - [2026-08-12T04:33:05.065+0000] {dag.py:4138} INFO - Setting next_dagrun for example_xcom_args to None, run_after=None
[2026-08-12T04:33:05.069+0000] {logging_mixin.py:190} INFO - [2026-08-12T04:33:05.069+0000] {dag.py:4138} INFO - Setting next_dagrun for example_xcom_args_with_operators to None, run_after=None
[2026-08-12T04:33:05.090+0000] {processor.py:208} INFO - Processing /home/airflow/.local/lib/python3.12/site-packages/airflow/example_dags/example_xcomargs.py took 0.109 seconds
[2026-08-12T04:33:36.220+0000] {processor.py:186} INFO - Started process (PID=296) to work on /home/airflow/.local/lib/python3.12/site-packages/airflow/example_dags/example_xcomargs.py
[2026-08-12T04:33:36.222+0000] {processor.py:914} INFO - Processing file /home/airflow/.local/lib/python3.12/site-packages/airflow/example_dags/example_xcomargs.py for tasks to queue
[2026-08-12T04:33:36.227+0000] {logging_mixin.py:190} INFO - [2026-08-12T04:33:36.226+0000] {dagbag.py:587} INFO - Filling up the DagBag from /home/airflow/.local/lib/python3.12/site-packages/airflow/example_dags/example_xcomargs.py
[2026-08-12T04:33:36.243+0000] {processor.py:925} INFO - DAG(s) 'example_xcom_args_with_operators', 'example_xcom_args' retrieved from /home/airflow/.local/lib/python3.12/site-packages/airflow/example_dags/example_xcomargs.py
[2026-08-12T04:33:36.280+0000] {logging_mixin.py:190} INFO - [2026-08-12T04:33:36.280+0000] {dag.py:3211} INFO - Sync 2 DAGs
[2026-08-12T04:33:36.302+0000] {logging_mixin.py:190} INFO - [2026-08-12T04:33:36.301+0000] {dag.py:4138} INFO - Setting next_dagrun for example_xcom_args to None, run_after=None
[2026-08-12T04:33:36.308+0000] {logging_mixin.py:190} INFO - [2026-08-12T04:33:36.308+0000] {dag.py:4138} INFO - Setting next_dagrun for example_xcom_args_with_operators to None, run_after=None
[2026-08-12T04:33:36.332+0000] {processor.py:208} INFO - Processing /home/airflow/.local/lib/python3.12/site-packages/airflow/example_dags/example_xcomargs.py took 0.121 seconds
[2026-08-12T04:34:06.597+0000] {processor.py:186} INFO - Started process (PID=358) to work on /home/airflow/.local/lib/python3.12/site-packages/airflow/example_dags/example_xcomargs.py
[2026-08-12T04:34:06.599+0000] {processor.py:914} INFO - Processing file /home/airflow/.local/lib/python3.12/site-packages/airflow/example_dags/example_xcomargs.py for tasks to queue
[2026-08-12T04:34:06.605+0000] {logging_mixin.py:190} INFO - [2026-08-12T04:34:06.605+0000] {dagbag.py:587} INFO - Filling up the DagBag from /home/airflow/.local/lib/python3.12/site-packages/airflow/example_dags/example_xcomargs.py
[2026-08-12T04:34:06.626+0000] {processor.py:925} INFO - DAG(s) 'example_xcom_args', 'example_xcom_args_with_operators' retrieved from /home/airflow/.local/lib/python3.12/site-packages/airflow/example_dags/example_xcomargs.py
[2026-08-12T04:34:06.658+0000] {logging_mixin.py:190} INFO - [2026-08-12T04:34:06.657+0000] {dag.py:3211} INFO - Sync 2 DAGs
[2026-08-12T04:34:06.674+0000] {logging_mixin.py:190} INFO - [2026-08-12T04:34:06.674+0000] {dag.py:4138} INFO - Setting next_dagrun for example_xcom_args to None, run_after=None
[2026-08-12T04:34:06.678+0000] {logging_mixin.py:190} INFO - [2026-08-12T04:34:06.678+0000] {dag.py:4138} INFO - Setting next_dagrun for example_xcom_args_with_operators to None, run_after=None
[2026-08-12T04:34:06.697+0000] {processor.py:208} INFO - Processing /home/airflow/.local/lib/python3.12/site-packages/airflow/example_dags/example_xcomargs.py took 0.112 seconds
[2026-08-12T04:34:36.969+0000] {processor.py:186} INFO - Started process (PID=420) to work on /home/airflow/.local/lib/python3.12/site-packages/airflow/example_dags/example_xcomargs.py
[2026-08-12T04:34:36.971+0000] {processor.py:914} INFO - Processing file /home/airflow/.local/lib/python3.12/site-packages/airflow/example_dags/example_xcomargs.py for tasks to queue
[2026-08-12T04:34:36.975+0000] {logging_mixin.py:190} INFO - [2026-08-12T04:34:36.974+0000] {dagbag.py:587} INFO - Filling up the DagBag from /home/airflow/.local/lib/python3.12/site-packages/airflow/example_dags/example_xcomargs.py
[2026-08-12T04:34:36.989+0000] {processor.py:925} INFO - DAG(s) 'example_xcom_args', 'example_xcom_args_with_operators' retrieved from /home/airflow/.local/lib/python3.12/site-packages/airflow/example_dags/example_xcomargs.py
[2026-08-12T04:34:37.016+0000] {logging_mixin.py:190} INFO - [2026-08-12T04:34:37.016+0000] {dag.py:3211} INFO - Sync 2 DAGs
[2026-08-12T04:34:37.033+0000] {logging_mixin.py:190} INFO - [2026-08-12T04:34:37.032+0000] {dag.py:4138} INFO - Setting next_dagrun for example_xcom_args to None, run_after=None
[2026-08-12T04:34:37.037+0000] {logging_mixin.py:190} INFO - [2026-08-12T04:34:37.037+0000] {dag.py:4138} INFO - Setting next_dagrun for example_xcom_args_with_operators to None, run_after=None
[2026-08-12T04:34:37.057+0000] {processor.py:208} INFO - Processing /home/airflow/.local/lib/python3.12/site-packages/airflow/example_dags/example_xcomargs.py took 0.098 seconds
[2026-08-12T04:35:07.335+0000] {processor.py:186} INFO - Started process (PID=482) to work on /home/airflow/.local/lib/python3.12/site-packages/airflow/example_dags/example_xcomargs.py
[2026-08-12T04:35:07.337+0000] {processor.py:914} INFO - Processing file /home/airflow/.local/lib/python3.12/site-packages/airflow/example_dags/example_xcomargs.py for tasks to queue
[2026-08-12T04:35:07.341+0000] {logging_mixin.py:190} INFO - [2026-08-12T04:35:07.341+0000] {dagbag.py:587} INFO - Filling up the DagBag from /home/airflow/.local/lib/python3.12/site-packages/airflow/example_dags/example_xcomargs.py
[2026-08-12T04:35:07.353+0000] {processor.py:925} INFO - DAG(s) 'example_xcom_args', 'example_xcom_args_with_operators' retrieved from /home/airflow/.local/lib/python3.12/site-packages/airflow/example_dags/example_xcomargs.py
[2026-08-12T04:35:07.380+0000] {logging_mixin.py:190} INFO - [2026-08-12T04:35:07.380+0000] {dag.py:3211} INFO - Sync 2 DAGs
[2026-08-12T04:35:07.394+0000] {logging_mixin.py:190} INFO - [2026-08-12T04:35:07.394+0000] {dag.py:4138} INFO - Setting next_dagrun for example_xcom_args to None, run_after=None
[2026-08-12T04:35:07.398+0000] {logging_mixin.py:190} INFO - [2026-08-12T04:35:07.398+0000] {dag.py:4138} INFO - Setting next_dagrun for example_xcom_args_with_operators to None, run_after=None
[2026-08-12T04:35:07.416+0000] {processor.py:208} INFO - Processing /home/airflow/.local/lib/python3.12/site-packages/airflow/example_dags/example_xcomargs.py took 0.086 seconds
[2026-08-12T04:35:37.744+0000] {processor.py:186} INFO - Started process (PID=544) to work on /home/airflow/.local/lib/python3.12/site-packages/airflow/example_dags/example_xcomargs.py
[2026-08-12T04:35:37.746+0000] {processor.py:914} INFO - Processing file /home/airflow/.local/lib/python3.12/site-packages/airflow/example_dags/example_xcomargs.py for tasks to queue
[2026-08-12T04:35:37.749+0000] {logging_mixin.py:190} INFO - [2026-08-12T04:35:37.749+0000] {dagbag.py:587} INFO - Filling up the DagBag from /home/airflow/.local/lib/python3.12/site-packages/airflow/example_dags/example_xcomargs.py
[2026-08-12T04:35:37.761+0000] {processor.py:925} INFO - DAG(s) 'example_xcom_args', 'example_xcom_args_with_operators' retrieved from /home/airflow/.local/lib/python3.12/site-packages/airflow/example_dags/example_xcomargs.py
[2026-08-12T04:35:37.790+0000] {logging_mixin.py:190} INFO - [2026-08-12T04:35:37.790+0000] {dag.py:3211} INFO - Sync 2 DAGs
[2026-08-12T04:35:37.806+0000] {logging_mixin.py:190} INFO - [2026-08-12T04:35:37.805+0000] {dag.py:4138} INFO - Setting next_dagrun for example_xcom_args to None, run_after=None
[2026-08-12T04:35:37.811+0000] {logging_mixin.py:190} INFO - [2026-08-12T04:35:37.810+0000] {dag.py:4138} INFO - Setting next_dagrun for example_xcom_args_with_operators to None, run_after=None
[2026-08-12T04:35:37.829+0000] {processor.py:208} INFO - Processing /home/airflow/.local/lib/python3.12/site-packages/airflow/example_dags/example_xcomargs.py took 0.091 seconds
[2026-08-12T04:36:08.217+0000] {processor.py:186} INFO - Started process (PID=606) to work on /home/airflow/.local/lib/python3.12/site-packages/airflow/example_dags/example_xcomargs.py
[2026-08-12T04:36:08.219+0000] {processor.py:914} INFO - Processing file /home/airflow/.local/lib/python3.12/site-packages/airflow/example_dags/example_xcomargs.py for tasks to queue
[2026-08-12T04:36:08.223+0000] {logging_mixin.py:190} INFO - [2026-08-12T04:36:08.222+0000] {dagbag.py:587} INFO - Filling up the DagBag from /home/airflow/.local/lib/python3.12/site-packages/airflow/example_dags/example_xcomargs.py
[2026-08-12T04:36:08.237+0000] {processor.py:925} INFO - DAG(s) 'example_xcom_args_with_operators', 'example_xcom_args' retrieved from /home/airflow/.local/lib/python3.12/site-packages/airflow/example_dags/example_xcomargs.py
[2026-08-12T04:36:08.271+0000] {logging_mixin.py:190} INFO - [2026-08-12T04:36:08.270+0000] {dag.py:3211} INFO - Sync 2 DAGs
[2026-08-12T04:36:08.287+0000] {logging_mixin.py:190} INFO - [2026-08-12T04:36:08.287+0000] {dag.py:4138} INFO - Setting next_dagrun for example_xcom_args to None, run_after=None
[2026-08-12T04:36:08.292+0000] {logging_mixin.py:190} INFO - [2026-08-12T04:36:08.291+0000] {dag.py:4138} INFO - Setting next_dagrun for example_xcom_args_with_operators to None, run_after=None
[2026-08-12T04:36:08.311+0000] {processor.py:208} INFO - Processing /home/airflow/.local/lib/python3.12/site-packages/airflow/example_dags/example_xcomargs.py took 0.102 seconds
[2026-08-12T04:36:38.608+0000] {processor.py:186} INFO - Started process (PID=668) to work on /home/airflow/.local/lib/python3.12/site-packages/airflow/example_dags/example_xcomargs.py
[2026-08-12T04:36:38.610+0000] {processor.py:914} INFO - Processing file /home/airflow/.local/lib/python3.12/site-packages/airflow/example_dags/example_xcomargs.py for tasks to queue
[2026-08-12T04:36:38.613+0000] {logging_mixin.py:190} INFO - [2026-08-12T04:36:38.613+0000] {dagbag.py:587} INFO - Filling up the DagBag from /home/airflow/.local/lib/python3.12/site-packages/airflow/example_dags/example_xcomargs.py
[2026-08-12T04:36:38.628+0000] {processor.py:925} INFO - DAG(s) 'example_xcom_args', 'example_xcom_args_with_operators' retrieved from /home/airflow/.local/lib/python3.12/site-packages/airflow/example_dags/example_xcomargs.py
[2026-08-12T04:36:38.655+0000] {logging_mixin.py:190} INFO - [2026-08-12T04:36:38.654+0000] {dag.py:3211} INFO - Sync 2 DAGs
[2026-08-12T04:36:38.669+0000] {logging_mixin.py:190} INFO - [2026-08-12T04:36:38.669+0000] {dag.py:4138} INFO - Setting next_dagrun for example_xcom_args to None, run_after=None
[2026-08-12T04:36:38.674+0000] {logging_mixin.py:190} INFO - [2026-08-12T04:36:38.674+0000] {dag.py:4138} INFO - Setting next_dagrun for example_xcom_args_with_operators to None, run_after=None
[2026-08-12T04:36:38.695+0000] {processor.py:208} INFO - Processing /home/airflow/.local/lib/python3.12/site-packages/airflow/example_dags/example_xcomargs.py took 0.105 seconds
[2026-08-12T04:37:09.309+0000] {processor.py:186} INFO - Started process (PID=730) to work on /home/airflow/.local/lib/python3.12/site-packages/airflow/example_dags/example_xcomargs.py
[2026-08-12T04:37:09.311+0000] {processor.py:914} INFO - Processing file /home/airflow/.local/lib/python3.12/site-packages/airflow/example_dags/example_xcomargs.py for tasks to queue
[2026-08-12T04:37:09.314+0000] {logging_mixin.py:190} INFO - [2026-08-12T04:37:09.314+0000] {dagbag.py:587} INFO - Filling up the DagBag from /home/airflow/.local/lib/python3.12/site-packages/airflow/example_dags/example_xcomargs.py
[2026-08-12T04:37:09.325+0000] {processor.py:925} INFO - DAG(s) 'example_xcom_args', 'example_xcom_args_with_operators' retrieved from /home/airflow/.local/lib/python3.12/site-packages/airflow/example_dags/example_xcomargs.py
[2026-08-12T04:37:09.351+0000] {logging_mixin.py:190} INFO - [2026-08-12T04:37:09.351+0000] {dag.py:3211} INFO - Sync 2 DAGs
[2026-08-12T04:37:09.367+0000] {logging_mixin.py:190} INFO - [2026-08-12T04:37:09.366+0000] {dag.py:4138} INFO - Setting next_dagrun for example_xcom_args to None, run_after=None
[2026-08-12T04:37:09.371+0000] {logging_mixin.py:190} INFO - [2026-08-12T04:37:09.371+0000] {dag.py:4138} INFO - Setting next_dagrun for example_xcom_args_with_operators to None, run_after=None
[2026-08-12T04:37:09.390+0000] {processor.py:208} INFO - Processing /home/airflow/.local/lib/python3.12/site-packages/airflow/example_dags/example_xcomargs.py took 0.086 seconds
[2026-08-12T04:37:39.787+0000] {processor.py:186} INFO - Started process (PID=792) to work on /home/airflow/.local/lib/python3.12/site-packages/airflow/example_dags/example_xcomargs.py
[2026-08-12T04:37:39.788+0000] {processor.py:914} INFO - Processing file /home/airflow/.local/lib/python3.12/site-packages/airflow/example_dags/example_xcomargs.py for tasks to queue
[2026-08-12T04:37:39.791+0000] {logging_mixin.py:190} INFO - [2026-08-12T04:37:39.791+0000] {dagbag.py:587} INFO - Filling up the DagBag from /home/airflow/.local/lib/python3.12/site-packages/airflow/example_dags/example_xcomargs.py
[2026-08-12T04:37:39.806+0000] {processor.py:925} INFO - DAG(s) 'example_xcom_args', 'example_xcom_args_with_operators' retrieved from /home/airflow/.local/lib/python3.12/site-packages/airflow/example_dags/example_xcomargs.py
[2026-08-12T04:37:39.834+0000] {logging_mixin.py:190} INFO - [2026-08-12T04:37:39.834+0000] {dag.py:3211} INFO - Sync 2 DAGs
[2026-08-12T04:37:39.850+0000] {logging_mixin.py:190} INFO - [2026-08-12T04:37:39.850+0000] {dag.py:4138} INFO - Setting next_dagrun for example_xcom_args to None, run_after=None
[2026-08-12T04:37:39.855+0000] {logging_mixin.py:190} INFO - [2026-08-12T04:37:39.854+0000] {dag.py:4138} INFO - Setting next_dagrun for example_xcom_args_with_operators to None, run_after=None
[2026-08-12T04:37:39.874+0000] {processor.py:208} INFO - Processing /home/airflow/.local/lib/python3.12/site-packages/airflow/example_dags/example_xcomargs.py took 0.093 seconds
[2026-08-12T04:38:10.707+0000] {processor.py:186} INFO - Started process (PID=854) to work on /home/airflow/.local/lib/python3.12/site-packages/airflow/example_dags/example_xcomargs.py
[2026-08-12T04:38:10.710+0000] {processor.py:914} INFO - Processing file /home/airflow/.local/lib/python3.12/site-packages/airflow/example_dags/example_xcomargs.py for tasks to queue
[2026-08-12T04:38:10.713+0000] {logging_mixin.py:190} INFO - [2026-08-12T04:38:10.712+0000] {dagbag.py:587} INFO - Filling up the DagBag from /home/airflow/.local/lib/python3.12/site-packages/airflow/example_dags/example_xcomargs.py
[2026-08-12T04:38:10.730+0000] {processor.py:925} INFO - DAG(s) 'example_xcom_args_with_operators', 'example_xcom_args' retrieved from /home/airflow/.local/lib/python3.12/site-packages/airflow/example_dags/example_xcomargs.py
[2026-08-12T04:38:10.756+0000] {logging_mixin.py:190} INFO - [2026-08-12T04:38:10.755+0000] {dag.py:3211} INFO - Sync 2 DAGs
[2026-08-12T04:38:10.788+0000] {logging_mixin.py:190} INFO - [2026-08-12T04:38:10.788+0000] {dag.py:4138} INFO - Setting next_dagrun for example_xcom_args to None, run_after=None
[2026-08-12T04:38:10.806+0000] {logging_mixin.py:190} INFO - [2026-08-12T04:38:10.806+0000] {dag.py:4138} INFO - Setting next_dagrun for example_xcom_args_with_operators to None, run_after=None
[2026-08-12T04:38:10.828+0000] {processor.py:208} INFO - Processing /home/airflow/.local/lib/python3.12/site-packages/airflow/example_dags/example_xcomargs.py took 0.127 seconds
[2026-08-12T04:38:41.569+0000] {processor.py:186} INFO - Started process (PID=916) to work on /home/airflow/.local/lib/python3.12/site-packages/airflow/example_dags/example_xcomargs.py
[2026-08-12T04:38:41.571+0000] {processor.py:914} INFO - Processing file /home/airflow/.local/lib/python3.12/site-packages/airflow/example_dags/example_xcomargs.py for tasks to queue
[2026-08-12T04:38:41.574+0000] {logging_mixin.py:190} INFO - [2026-08-12T04:38:41.574+0000] {dagbag.py:587} INFO - Filling up the DagBag from /home/airflow/.local/lib/python3.12/site-packages/airflow/example_dags/example_xcomargs.py
[2026-08-12T04:38:41.587+0000] {processor.py:925} INFO - DAG(s) 'example_xcom_args_with_operators', 'example_xcom_args' retrieved from /home/airflow/.local/lib/python3.12/site-packages/airflow/example_dags/example_xcomargs.py
[2026-08-12T04:38:41.612+0000] {logging_mixin.py:190} INFO - [2026-08-12T04:38:41.612+0000] {dag.py:3211} INFO - Sync 2 DAGs
[2026-08-12T04:38:41.626+0000] {logging_mixin.py:190} INFO - [2026-08-12T04:38:41.626+0000] {dag.py:4138} INFO - Setting next_dagrun for example_xcom_args to None, run_after=None
[2026-08-12T04:38:41.631+0000] {logging_mixin.py:190} INFO - [2026-08-12T04:38:41.630+0000] {dag.py:4138} INFO - Setting next_dagrun for example_xcom_args_with_operators to None, run_after=None
[2026-08-12T04:38:41.648+0000] {processor.py:208} INFO - Processing /home/airflow/.local/lib/python3.12/site-packages/airflow/example_dags/example_xcomargs.py took 0.085 seconds
[2026-08-12T04:39:12.318+0000] {processor.py:186} INFO - Started process (PID=978) to work on /home/airflow/.local/lib/python3.12/site-packages/airflow/example_dags/example_xcomargs.py
[2026-08-12T04:39:12.319+0000] {processor.py:914} INFO - Processing file /home/airflow/.local/lib/python3.12/site-packages/airflow/example_dags/example_xcomargs.py for tasks to queue
[2026-08-12T04:39:12.322+0000] {logging_mixin.py:190} INFO - [2026-08-12T04:39:12.322+0000] {dagbag.py:587} INFO - Filling up the DagBag from /home/airflow/.local/lib/python3.12/site-packages/airflow/example_dags/example_xcomargs.py
[2026-08-12T04:39:12.335+0000] {processor.py:925} INFO - DAG(s) 'example_xcom_args', 'example_xcom_args_with_operators' retrieved from /home/airflow/.local/lib/python3.12/site-packages/airflow/example_dags/example_xcomargs.py
[2026-08-12T04:39:12.363+0000] {logging_mixin.py:190} INFO - [2026-08-12T04:39:12.362+0000] {dag.py:3211} INFO - Sync 2 DAGs
[2026-08-12T04:39:12.383+0000] {logging_mixin.py:190} INFO - [2026-08-12T04:39:12.382+0000] {dag.py:4138} INFO - Setting next_dagrun for example_xcom_args to None, run_after=None
[2026-08-12T04:39:12.389+0000] {logging_mixin.py:190} INFO - [2026-08-12T04:39:12.389+0000] {dag.py:4138} INFO - Setting next_dagrun for example_xcom_args_with_operators to None, run_after=None
[2026-08-12T04:39:12.414+0000] {processor.py:208} INFO - Processing /home/airflow/.local/lib/python3.12/site-packages/airflow/example_dags/example_xcomargs.py took 0.105 seconds
[2026-08-12T04:39:43.403+0000] {processor.py:186} INFO - Started process (PID=1040) to work on /home/airflow/.local/lib/python3.12/site-packages/airflow/example_dags/example_xcomargs.py
[2026-08-12T04:39:43.406+0000] {processor.py:914} INFO - Processing file /home/airflow/.local/lib/python3.12/site-packages/airflow/example_dags/example_xcomargs.py for tasks to queue
[2026-08-12T04:39:43.410+0000] {logging_mixin.py:190} INFO - [2026-08-12T04:39:43.410+0000] {dagbag.py:587} INFO - Filling up the DagBag from /home/airflow/.local/lib/python3.12/site-packages/airflow/example_dags/example_xcomargs.py
[2026-08-12T04:39:43.421+0000] {processor.py:925} INFO - DAG(s) 'example_xcom_args', 'example_xcom_args_with_operators' retrieved from /home/airflow/.local/lib/python3.12/site-packages/airflow/example_dags/example_xcomargs.py
[2026-08-12T04:39:43.450+0000] {logging_mixin.py:190} INFO - [2026-08-12T04:39:43.450+0000] {dag.py:3211} INFO - Sync 2 DAGs
[2026-08-12T04:39:43.465+0000] {logging_mixin.py:190} INFO - [2026-08-12T04:39:43.465+0000] {dag.py:4138} INFO - Setting next_dagrun for example_xcom_args to None, run_after=None
[2026-08-12T04:39:43.470+0000] {logging_mixin.py:190} INFO - [2026-08-12T04:39:43.470+0000] {dag.py:4138} INFO - Setting next_dagrun for example_xcom_args_with_operators to None, run_after=None
[2026-08-12T04:39:43.504+0000] {processor.py:208} INFO - Processing /home/airflow/.local/lib/python3.12/site-packages/airflow/example_dags/example_xcomargs.py took 0.106 seconds
[2026-08-12T04:40:13.847+0000] {processor.py:186} INFO - Started process (PID=1102) to work on /home/airflow/.local/lib/python3.12/site-packages/airflow/example_dags/example_xcomargs.py
[2026-08-12T04:40:13.849+0000] {processor.py:914} INFO - Processing file /home/airflow/.local/lib/python3.12/site-packages/airflow/example_dags/example_xcomargs.py for tasks to queue
[2026-08-12T04:40:13.854+0000] {logging_mixin.py:190} INFO - [2026-08-12T04:40:13.853+0000] {dagbag.py:587} INFO - Filling up the DagBag from /home/airflow/.local/lib/python3.12/site-packages/airflow/example_dags/example_xcomargs.py
[2026-08-12T04:40:13.866+0000] {processor.py:925} INFO - DAG(s) 'example_xcom_args', 'example_xcom_args_with_operators' retrieved from /home/airflow/.local/lib/python3.12/site-packages/airflow/example_dags/example_xcomargs.py
[2026-08-12T04:40:13.896+0000] {logging_mixin.py:190} INFO - [2026-08-12T04:40:13.895+0000] {dag.py:3211} INFO - Sync 2 DAGs
[2026-08-12T04:40:13.914+0000] {logging_mixin.py:190} INFO - [2026-08-12T04:40:13.913+0000] {dag.py:4138} INFO - Setting next_dagrun for example_xcom_args to None, run_after=None
[2026-08-12T04:40:13.919+0000] {logging_mixin.py:190} INFO - [2026-08-12T04:40:13.919+0000] {dag.py:4138} INFO - Setting next_dagrun for example_xcom_args_with_operators to None, run_after=None
[2026-08-12T04:40:13.941+0000] {processor.py:208} INFO - Processing /home/airflow/.local/lib/python3.12/site-packages/airflow/example_dags/example_xcomargs.py took 0.101 seconds
[2026-08-12T04:40:44.618+0000] {processor.py:186} INFO - Started process (PID=1164) to work on /home/airflow/.local/lib/python3.12/site-packages/airflow/example_dags/example_xcomargs.py
[2026-08-12T04:40:44.619+0000] {processor.py:914} INFO - Processing file /home/airflow/.local/lib/python3.12/site-packages/airflow/example_dags/example_xcomargs.py for tasks to queue
[2026-08-12T04:40:44.622+0000] {logging_mixin.py:190} INFO - [2026-08-12T04:40:44.622+0000] {dagbag.py:587} INFO - Filling up the DagBag from /home/airflow/.local/lib/python3.12/site-packages/airflow/example_dags/example_xcomargs.py
[2026-08-12T04:40:44.633+0000] {processor.py:925} INFO - DAG(s) 'example_xcom_args', 'example_xcom_args_with_operators' retrieved from /home/airflow/.local/lib/python3.12/site-packages/airflow/example_dags/example_xcomargs.py
[2026-08-12T04:40:44.655+0000] {logging_mixin.py:190} INFO - [2026-08-12T04:40:44.655+0000] {dag.py:3211} INFO - Sync 2 DAGs
[2026-08-12T04:40:44.671+0000] {logging_mixin.py:190} INFO - [2026-08-12T04:40:44.671+0000] {dag.py:4138} INFO - Setting next_dagrun for example_xcom_args to None, run_after=None
[2026-08-12T04:40:44.676+0000] {logging_mixin.py:190} INFO - [2026-08-12T04:40:44.676+0000] {dag.py:4138} INFO - Setting next_dagrun for example_xcom_args_with_operators to None, run_after=None
[2026-08-12T04:40:44.695+0000] {processor.py:208} INFO - Processing /home/airflow/.local/lib/python3.12/site-packages/airflow/example_dags/example_xcomargs.py took 0.083 seconds
[2026-08-12T04:41:15.990+0000] {processor.py:186} INFO - Started process (PID=1226) to work on /home/airflow/.local/lib/python3.12/site-packages/airflow/example_dags/example_xcomargs.py
[2026-08-12T04:41:15.992+0000] {processor.py:914} INFO - Processing file /home/airflow/.local/lib/python3.12/site-packages/airflow/example_dags/example_xcomargs.py for tasks to queue
[2026-08-12T04:41:15.996+0000] {logging_mixin.py:190} INFO - [2026-08-12T04:41:15.995+0000] {dagbag.py:587} INFO - Filling up the DagBag from /home/airflow/.local/lib/python3.12/site-packages/airflow/example_dags/example_xcomargs.py
[2026-08-12T04:41:16.011+0000] {processor.py:925} INFO - DAG(s) 'example_xcom_args_with_operators', 'example_xcom_args' retrieved from /home/airflow/.local/lib/python3.12/site-packages/airflow/example_dags/example_xcomargs.py
[2026-08-12T04:41:16.040+0000] {logging_mixin.py:190} INFO - [2026-08-12T04:41:16.039+0000] {dag.py:3211} INFO - Sync 2 DAGs
[2026-08-12T04:41:16.057+0000] {logging_mixin.py:190} INFO - [2026-08-12T04:41:16.057+0000] {dag.py:4138} INFO - Setting next_dagrun for example_xcom_args to None, run_after=None
[2026-08-12T04:41:16.062+0000] {logging_mixin.py:190} INFO - [2026-08-12T04:41:16.062+0000] {dag.py:4138} INFO - Setting next_dagrun for example_xcom_args_with_operators to None, run_after=None
[2026-08-12T04:41:16.083+0000] {processor.py:208} INFO - Processing /home/airflow/.local/lib/python3.12/site-packages/airflow/example_dags/example_xcomargs.py took 0.101 seconds
[2026-08-12T04:41:46.659+0000] {processor.py:186} INFO - Started process (PID=1288) to work on /home/airflow/.local/lib/python3.12/site-packages/airflow/example_dags/example_xcomargs.py
[2026-08-12T04:41:46.661+0000] {processor.py:914} INFO - Processing file /home/airflow/.local/lib/python3.12/site-packages/airflow/example_dags/example_xcomargs.py for tasks to queue
[2026-08-12T04:41:46.664+0000] {logging_mixin.py:190} INFO - [2026-08-12T04:41:46.663+0000] {dagbag.py:587} INFO - Filling up the DagBag from /home/airflow/.local/lib/python3.12/site-packages/airflow/example_dags/example_xcomargs.py
[2026-08-12T04:41:46.676+0000] {processor.py:925} INFO - DAG(s) 'example_xcom_args_with_operators', 'example_xcom_args' retrieved from /home/airflow/.local/lib/python3.12/site-packages/airflow/example_dags/example_xcomargs.py
[2026-08-12T04:41:46.706+0000] {logging_mixin.py:190} INFO - [2026-08-12T04:41:46.706+0000] {dag.py:3211} INFO - Sync 2 DAGs
[2026-08-12T04:41:46.736+0000] {logging_mixin.py:190} INFO - [2026-08-12T04:41:46.735+0000] {dag.py:4138} INFO - Setting next_dagrun for example_xcom_args to None, run_after=None
[2026-08-12T04:41:46.740+0000] {logging_mixin.py:190} INFO - [2026-08-12T04:41:46.740+0000] {dag.py:4138} INFO - Setting next_dagrun for example_xcom_args_with_operators to None, run_after=None
[2026-08-12T04:41:46.757+0000] {processor.py:208} INFO - Processing /home/airflow/.local/lib/python3.12/site-packages/airflow/example_dags/example_xcomargs.py took 0.104 seconds
[2026-08-12T04:42:17.465+0000] {processor.py:186} INFO - Started process (PID=1350) to work on /home/airflow/.local/lib/python3.12/site-packages/airflow/example_dags/example_xcomargs.py
[2026-08-12T04:42:17.467+0000] {processor.py:914} INFO - Processing file /home/airflow/.local/lib/python3.12/site-packages/airflow/example_dags/example_xcomargs.py for tasks to queue
[2026-08-12T04:42:17.470+0000] {logging_mixin.py:190} INFO - [2026-08-12T04:42:17.470+0000] {dagbag.py:587} INFO - Filling up the DagBag from /home/airflow/.local/lib/python3.12/site-packages/airflow/example_dags/example_xcomargs.py
[2026-08-12T04:42:17.480+0000] {processor.py:925} INFO - DAG(s) 'example_xcom_args_with_operators', 'example_xcom_args' retrieved from /home/airflow/.local/lib/python3.12/site-packages/airflow/example_dags/example_xcomargs.py
[2026-08-12T04:42:17.505+0000] {logging_mixin.py:190} INFO - [2026-08-12T04:42:17.504+0000] {dag.py:3211} INFO - Sync 2 DAGs
[2026-08-12T04:42:17.519+0000] {logging_mixin.py:190} INFO - [2026-08-12T04:42:17.519+0000] {dag.py:4138} INFO - Setting next_dagrun for example_xcom_args to None, run_after=None
[2026-08-12T04:42:17.524+0000] {logging_mixin.py:190} INFO - [2026-08-12T04:42:17.523+0000] {dag.py:4138} INFO - Setting next_dagrun for example_xcom_args_with_operators to None, run_after=None
[2026-08-12T04:42:17.542+0000] {processor.py:208} INFO - Processing /home/airflow/.local/lib/python3.12/site-packages/airflow/example_dags/example_xcomargs.py took 0.082 seconds
[2026-08-12T04:42:47.938+0000] {processor.py:186} INFO - Started process (PID=1412) to work on /home/airflow/.local/lib/python3.12/site-packages/airflow/example_dags/example_xcomargs.py
[2026-08-12T04:42:47.939+0000] {processor.py:914} INFO - Processing file /home/airflow/.local/lib/python3.12/site-packages/airflow/example_dags/example_xcomargs.py for tasks to queue
[2026-08-12T04:42:47.944+0000] {logging_mixin.py:190} INFO - [2026-08-12T04:42:47.943+0000] {dagbag.py:587} INFO - Filling up the DagBag from /home/airflow/.local/lib/python3.12/site-packages/airflow/example_dags/example_xcomargs.py
[2026-08-12T04:42:47.974+0000] {processor.py:925} INFO - DAG(s) 'example_xcom_args', 'example_xcom_args_with_operators' retrieved from /home/airflow/.local/lib/python3.12/site-packages/airflow/example_dags/example_xcomargs.py
[2026-08-12T04:42:48.007+0000] {logging_mixin.py:190} INFO - [2026-08-12T04:42:48.007+0000] {dag.py:3211} INFO - Sync 2 DAGs
[2026-08-12T04:42:48.026+0000] {logging_mixin.py:190} INFO - [2026-08-12T04:42:48.026+0000] {dag.py:4138} INFO - Setting next_dagrun for example_xcom_args to None, run_after=None
[2026-08-12T04:42:48.031+0000] {logging_mixin.py:190} INFO - [2026-08-12T04:42:48.031+0000] {dag.py:4138} INFO - Setting next_dagrun for example_xcom_args_with_operators to None, run_after=None
[2026-08-12T04:42:48.054+0000] {processor.py:208} INFO - Processing /home/airflow/.local/lib/python3.12/site-packages/airflow/example_dags/example_xcomargs.py took 0.124 seconds
[2026-08-12T04:43:18.939+0000] {processor.py:186} INFO - Started process (PID=1474) to work on /home/airflow/.local/lib/python3.12/site-packages/airflow/example_dags/example_xcomargs.py
[2026-08-12T04:43:18.941+0000] {processor.py:914} INFO - Processing file /home/airflow/.local/lib/python3.12/site-packages/airflow/example_dags/example_xcomargs.py for tasks to queue
[2026-08-12T04:43:18.945+0000] {logging_mixin.py:190} INFO - [2026-08-12T04:43:18.945+0000] {dagbag.py:587} INFO - Filling up the DagBag from /home/airflow/.local/lib/python3.12/site-packages/airflow/example_dags/example_xcomargs.py
[2026-08-12T04:43:18.959+0000] {processor.py:925} INFO - DAG(s) 'example_xcom_args_with_operators', 'example_xcom_args' retrieved from /home/airflow/.local/lib/python3.12/site-packages/airflow/example_dags/example_xcomargs.py
[2026-08-12T04:43:18.987+0000] {logging_mixin.py:190} INFO - [2026-08-12T04:43:18.987+0000] {dag.py:3211} INFO - Sync 2 DAGs
[2026-08-12T04:43:19.003+0000] {logging_mixin.py:190} INFO - [2026-08-12T04:43:19.003+0000] {dag.py:4138} INFO - Setting next_dagrun for example_xcom_args to None, run_after=None
[2026-08-12T04:43:19.008+0000] {logging_mixin.py:190} INFO - [2026-08-12T04:43:19.008+0000] {dag.py:4138} INFO - Setting next_dagrun for example_xcom_args_with_operators to None, run_after=None
[2026-08-12T04:43:19.025+0000] {processor.py:208} INFO - Processing /home/airflow/.local/lib/python3.12/site-packages/airflow/example_dags/example_xcomargs.py took 0.095 seconds
[2026-08-12T04:43:49.774+0000] {processor.py:186} INFO - Started process (PID=1536) to work on /home/airflow/.local/lib/python3.12/site-packages/airflow/example_dags/example_xcomargs.py
[2026-08-12T04:43:49.775+0000] {processor.py:914} INFO - Processing file /home/airflow/.local/lib/python3.12/site-packages/airflow/example_dags/example_xcomargs.py for tasks to queue
[2026-08-12T04:43:49.779+0000] {logging_mixin.py:190} INFO - [2026-08-12T04:43:49.778+0000] {dagbag.py:587} INFO - Filling up the DagBag from /home/airflow/.local/lib/python3.12/site-packages/airflow/example_dags/example_xcomargs.py
[2026-08-12T04:43:49.793+0000] {processor.py:925} INFO - DAG(s) 'example_xcom_args_with_operators', 'example_xcom_args' retrieved from /home/airflow/.local/lib/python3.12/site-packages/airflow/example_dags/example_xcomargs.py
[2026-08-12T04:43:49.821+0000] {logging_mixin.py:190} INFO - [2026-08-12T04:43:49.820+0000] {dag.py:3211} INFO - Sync 2 DAGs
[2026-08-12T04:43:49.842+0000] {logging_mixin.py:190} INFO - [2026-08-12T04:43:49.842+0000] {dag.py:4138} INFO - Setting next_dagrun for example_xcom_args to None, run_after=None
[2026-08-12T04:43:49.849+0000] {logging_mixin.py:190} INFO - [2026-08-12T04:43:49.849+0000] {dag.py:4138} INFO - Setting next_dagrun for example_xcom_args_with_operators to None, run_after=None
[2026-08-12T04:43:49.872+0000] {processor.py:208} INFO - Processing /home/airflow/.local/lib/python3.12/site-packages/airflow/example_dags/example_xcomargs.py took 0.104 seconds
[2026-08-12T04:44:20.136+0000] {processor.py:186} INFO - Started process (PID=1598) to work on /home/airflow/.local/lib/python3.12/site-packages/airflow/example_dags/example_xcomargs.py
[2026-08-12T04:44:20.137+0000] {processor.py:914} INFO - Processing file /home/airflow/.local/lib/python3.12/site-packages/airflow/example_dags/example_xcomargs.py for tasks to queue
[2026-08-12T04:44:20.140+0000] {logging_mixin.py:190} INFO - [2026-08-12T04:44:20.139+0000] {dagbag.py:587} INFO - Filling up the DagBag from /home/airflow/.local/lib/python3.12/site-packages/airflow/example_dags/example_xcomargs.py
[2026-08-12T04:44:20.150+0000] {processor.py:925} INFO - DAG(s) 'example_xcom_args', 'example_xcom_args_with_operators' retrieved from /home/airflow/.local/lib/python3.12/site-packages/airflow/example_dags/example_xcomargs.py
[2026-08-12T04:44:20.172+0000] {logging_mixin.py:190} INFO - [2026-08-12T04:44:20.172+0000] {dag.py:3211} INFO - Sync 2 DAGs
[2026-08-12T04:44:20.185+0000] {logging_mixin.py:190} INFO - [2026-08-12T04:44:20.184+0000] {dag.py:4138} INFO - Setting next_dagrun for example_xcom_args to None, run_after=None
[2026-08-12T04:44:20.189+0000] {logging_mixin.py:190} INFO - [2026-08-12T04:44:20.189+0000] {dag.py:4138} INFO - Setting next_dagrun for example_xcom_args_with_operators to None, run_after=None
[2026-08-12T04:44:20.204+0000] {processor.py:208} INFO - Processing /home/airflow/.local/lib/python3.12/site-packages/airflow/example_dags/example_xcomargs.py took 0.074 seconds
[2026-08-12T04:44:51.269+0000] {processor.py:186} INFO - Started process (PID=1660) to work on /home/airflow/.local/lib/python3.12/site-packages/airflow/example_dags/example_xcomargs.py
[2026-08-12T04:44:51.271+0000] {processor.py:914} INFO - Processing file /home/airflow/.local/lib/python3.12/site-packages/airflow/example_dags/example_xcomargs.py for tasks to queue
[2026-08-12T04:44:51.275+0000] {logging_mixin.py:190} INFO - [2026-08-12T04:44:51.274+0000] {dagbag.py:587} INFO - Filling up the DagBag from /home/airflow/.local/lib/python3.12/site-packages/airflow/example_dags/example_xcomargs.py
[2026-08-12T04:44:51.288+0000] {processor.py:925} INFO - DAG(s) 'example_xcom_args_with_operators', 'example_xcom_args' retrieved from /home/airflow/.local/lib/python3.12/site-packages/airflow/example_dags/example_xcomargs.py
[2026-08-12T04:44:51.313+0000] {logging_mixin.py:190} INFO - [2026-08-12T04:44:51.312+0000] {dag.py:3211} INFO - Sync 2 DAGs
[2026-08-12T04:44:51.328+0000] {logging_mixin.py:190} INFO - [2026-08-12T04:44:51.327+0000] {dag.py:4138} INFO - Setting next_dagrun for example_xcom_args to None, run_after=None
[2026-08-12T04:44:51.332+0000] {logging_mixin.py:190} INFO - [2026-08-12T04:44:51.332+0000] {dag.py:4138} INFO - Setting next_dagrun for example_xcom_args_with_operators to None, run_after=None
[2026-08-12T04:44:51.352+0000] {processor.py:208} INFO - Processing /home/airflow/.local/lib/python3.12/site-packages/airflow/example_dags/example_xcomargs.py took 0.091 seconds
[2026-08-12T04:45:22.395+0000] {processor.py:186} INFO - Started process (PID=1722) to work on /home/airflow/.local/lib/python3.12/site-packages/airflow/example_dags/example_xcomargs.py
[2026-08-12T04:45:22.396+0000] {processor.py:914} INFO - Processing file /home/airflow/.local/lib/python3.12/site-packages/airflow/example_dags/example_xcomargs.py for tasks to queue
[2026-08-12T04:45:22.399+0000] {logging_mixin.py:190} INFO - [2026-08-12T04:45:22.399+0000] {dagbag.py:587} INFO - Filling up the DagBag from /home/airflow/.local/lib/python3.12/site-packages/airflow/example_dags/example_xcomargs.py
[2026-08-12T04:45:22.412+0000] {processor.py:925} INFO - DAG(s) 'example_xcom_args_with_operators', 'example_xcom_args' retrieved from /home/airflow/.local/lib/python3.12/site-packages/airflow/example_dags/example_xcomargs.py
[2026-08-12T04:45:22.438+0000] {logging_mixin.py:190} INFO - [2026-08-12T04:45:22.438+0000] {dag.py:3211} INFO - Sync 2 DAGs
[2026-08-12T04:45:22.452+0000] {logging_mixin.py:190} INFO - [2026-08-12T04:45:22.452+0000] {dag.py:4138} INFO - Setting next_dagrun for example_xcom_args to None, run_after=None
[2026-08-12T04:45:22.458+0000] {logging_mixin.py:190} INFO - [2026-08-12T04:45:22.458+0000] {dag.py:4138} INFO - Setting next_dagrun for example_xcom_args_with_operators to None, run_after=None
[2026-08-12T04:45:22.476+0000] {processor.py:208} INFO - Processing /home/airflow/.local/lib/python3.12/site-packages/airflow/example_dags/example_xcomargs.py took 0.087 seconds
[2026-08-12T04:45:53.060+0000] {processor.py:186} INFO - Started process (PID=1784) to work on /home/airflow/.local/lib/python3.12/site-packages/airflow/example_dags/example_xcomargs.py
[2026-08-12T04:45:53.062+0000] {processor.py:914} INFO - Processing file /home/airflow/.local/lib/python3.12/site-packages/airflow/example_dags/example_xcomargs.py for tasks to queue
[2026-08-12T04:45:53.066+0000] {logging_mixin.py:190} INFO - [2026-08-12T04:45:53.065+0000] {dagbag.py:587} INFO - Filling up the DagBag from /home/airflow/.local/lib/python3.12/site-packages/airflow/example_dags/example_xcomargs.py
[2026-08-12T04:45:53.076+0000] {processor.py:925} INFO - DAG(s) 'example_xcom_args', 'example_xcom_args_with_operators' retrieved from /home/airflow/.local/lib/python3.12/site-packages/airflow/example_dags/example_xcomargs.py
[2026-08-12T04:45:53.102+0000] {logging_mixin.py:190} INFO - [2026-08-12T04:45:53.102+0000] {dag.py:3211} INFO - Sync 2 DAGs
[2026-08-12T04:45:53.118+0000] {logging_mixin.py:190} INFO - [2026-08-12T04:45:53.118+0000] {dag.py:4138} INFO - Setting next_dagrun for example_xcom_args to None, run_after=None
[2026-08-12T04:45:53.123+0000] {logging_mixin.py:190} INFO - [2026-08-12T04:45:53.123+0000] {dag.py:4138} INFO - Setting next_dagrun for example_xcom_args_with_operators to None, run_after=None
[2026-08-12T04:45:53.141+0000] {processor.py:208} INFO - Processing /home/airflow/.local/lib/python3.12/site-packages/airflow/example_dags/example_xcomargs.py took 0.086 seconds
[2026-08-12T04:46:23.483+0000] {processor.py:186} INFO - Started process (PID=1846) to work on /home/airflow/.local/lib/python3.12/site-packages/airflow/example_dags/example_xcomargs.py
[2026-08-12T04:46:23.485+0000] {processor.py:914} INFO - Processing file /home/airflow/.local/lib/python3.12/site-packages/airflow/example_dags/example_xcomargs.py for tasks to queue
[2026-08-12T04:46:23.488+0000] {logging_mixin.py:190} INFO - [2026-08-12T04:46:23.488+0000] {dagbag.py:587} INFO - Filling up the DagBag from /home/airflow/.local/lib/python3.12/site-packages/airflow/example_dags/example_xcomargs.py
[2026-08-12T04:46:23.499+0000] {processor.py:925} INFO - DAG(s) 'example_xcom_args_with_operators', 'example_xcom_args' retrieved from /home/airflow/.local/lib/python3.12/site-packages/airflow/example_dags/example_xcomargs.py
[2026-08-12T04:46:23.522+0000] {logging_mixin.py:190} INFO - [2026-08-12T04:46:23.521+0000] {dag.py:3211} INFO - Sync 2 DAGs
[2026-08-12T04:46:23.536+0000] {logging_mixin.py:190} INFO - [2026-08-12T04:46:23.536+0000] {dag.py:4138} INFO - Setting next_dagrun for example_xcom_args to None, run_after=None
[2026-08-12T04:46:23.540+0000] {logging_mixin.py:190} INFO - [2026-08-12T04:46:23.540+0000] {dag.py:4138} INFO - Setting next_dagrun for example_xcom_args_with_operators to None, run_after=None
[2026-08-12T04:46:23.557+0000] {processor.py:208} INFO - Processing /home/airflow/.local/lib/python3.12/site-packages/airflow/example_dags/example_xcomargs.py took 0.080 seconds
[2026-08-12T04:46:53.993+0000] {processor.py:186} INFO - Started process (PID=1908) to work on /home/airflow/.local/lib/python3.12/site-packages/airflow/example_dags/example_xcomargs.py
[2026-08-12T04:46:53.995+0000] {processor.py:914} INFO - Processing file /home/airflow/.local/lib/python3.12/site-packages/airflow/example_dags/example_xcomargs.py for tasks to queue
[2026-08-12T04:46:53.999+0000] {logging_mixin.py:190} INFO - [2026-08-12T04:46:53.998+0000] {dagbag.py:587} INFO - Filling up the DagBag from /home/airflow/.local/lib/python3.12/site-packages/airflow/example_dags/example_xcomargs.py
[2026-08-12T04:46:54.012+0000] {processor.py:925} INFO - DAG(s) 'example_xcom_args_with_operators', 'example_xcom_args' retrieved from /home/airflow/.local/lib/python3.12/site-packages/airflow/example_dags/example_xcomargs.py
[2026-08-12T04:46:54.053+0000] {logging_mixin.py:190} INFO - [2026-08-12T04:46:54.053+0000] {dag.py:3211} INFO - Sync 2 DAGs
[2026-08-12T04:46:54.069+0000] {logging_mixin.py:190} INFO - [2026-08-12T04:46:54.069+0000] {dag.py:4138} INFO - Setting next_dagrun for example_xcom_args to None, run_after=None
[2026-08-12T04:46:54.074+0000] {logging_mixin.py:190} INFO - [2026-08-12T04:46:54.074+0000] {dag.py:4138} INFO - Setting next_dagrun for example_xcom_args_with_operators to None, run_after=None
[2026-08-12T04:46:54.091+0000] {processor.py:208} INFO - Processing /home/airflow/.local/lib/python3.12/site-packages/airflow/example_dags/example_xcomargs.py took 0.105 seconds
[2026-08-12T04:47:24.738+0000] {processor.py:186} INFO - Started process (PID=1970) to work on /home/airflow/.local/lib/python3.12/site-packages/airflow/example_dags/example_xcomargs.py
[2026-08-12T04:47:24.739+0000] {processor.py:914} INFO - Processing file /home/airflow/.local/lib/python3.12/site-packages/airflow/example_dags/example_xcomargs.py for tasks to queue
[2026-08-12T04:47:24.742+0000] {logging_mixin.py:190} INFO - [2026-08-12T04:47:24.742+0000] {dagbag.py:587} INFO - Filling up the DagBag from /home/airflow/.local/lib/python3.12/site-packages/airflow/example_dags/example_xcomargs.py
[2026-08-12T04:47:24.756+0000] {processor.py:925} INFO - DAG(s) 'example_xcom_args', 'example_xcom_args_with_operators' retrieved from /home/airflow/.local/lib/python3.12/site-packages/airflow/example_dags/example_xcomargs.py
[2026-08-12T04:47:24.791+0000] {logging_mixin.py:190} INFO - [2026-08-12T04:47:24.791+0000] {dag.py:3211} INFO - Sync 2 DAGs
[2026-08-12T04:47:24.813+0000] {logging_mixin.py:190} INFO - [2026-08-12T04:47:24.813+0000] {dag.py:4138} INFO - Setting next_dagrun for example_xcom_args to None, run_after=None
[2026-08-12T04:47:24.832+0000] {logging_mixin.py:190} INFO - [2026-08-12T04:47:24.832+0000] {dag.py:4138} INFO - Setting next_dagrun for example_xcom_args_with_operators to None, run_after=None
[2026-08-12T04:47:24.853+0000] {processor.py:208} INFO - Processing /home/airflow/.local/lib/python3.12/site-packages/airflow/example_dags/example_xcomargs.py took 0.121 seconds
[2026-08-12T04:47:55.409+0000] {processor.py:186} INFO - Started process (PID=2032) to work on /home/airflow/.local/lib/python3.12/site-packages/airflow/example_dags/example_xcomargs.py
[2026-08-12T04:47:55.410+0000] {processor.py:914} INFO - Processing file /home/airflow/.local/lib/python3.12/site-packages/airflow/example_dags/example_xcomargs.py for tasks to queue
[2026-08-12T04:47:55.413+0000] {logging_mixin.py:190} INFO - [2026-08-12T04:47:55.413+0000] {dagbag.py:587} INFO - Filling up the DagBag from /home/airflow/.local/lib/python3.12/site-packages/airflow/example_dags/example_xcomargs.py
[2026-08-12T04:47:55.425+0000] {processor.py:925} INFO - DAG(s) 'example_xcom_args_with_operators', 'example_xcom_args' retrieved from /home/airflow/.local/lib/python3.12/site-packages/airflow/example_dags/example_xcomargs.py
[2026-08-12T04:47:55.449+0000] {logging_mixin.py:190} INFO - [2026-08-12T04:47:55.449+0000] {dag.py:3211} INFO - Sync 2 DAGs
[2026-08-12T04:47:55.463+0000] {logging_mixin.py:190} INFO - [2026-08-12T04:47:55.463+0000] {dag.py:4138} INFO - Setting next_dagrun for example_xcom_args to None, run_after=None
[2026-08-12T04:47:55.468+0000] {logging_mixin.py:190} INFO - [2026-08-12T04:47:55.468+0000] {dag.py:4138} INFO - Setting next_dagrun for example_xcom_args_with_operators to None, run_after=None
[2026-08-12T04:47:55.488+0000] {processor.py:208} INFO - Processing /home/airflow/.local/lib/python3.12/site-packages/airflow/example_dags/example_xcomargs.py took 0.085 seconds
[2026-08-12T04:48:26.784+0000] {processor.py:186} INFO - Started process (PID=2094) to work on /home/airflow/.local/lib/python3.12/site-packages/airflow/example_dags/example_xcomargs.py
[2026-08-12T04:48:26.786+0000] {processor.py:914} INFO - Processing file /home/airflow/.local/lib/python3.12/site-packages/airflow/example_dags/example_xcomargs.py for tasks to queue
[2026-08-12T04:48:26.789+0000] {logging_mixin.py:190} INFO - [2026-08-12T04:48:26.788+0000] {dagbag.py:587} INFO - Filling up the DagBag from /home/airflow/.local/lib/python3.12/site-packages/airflow/example_dags/example_xcomargs.py
[2026-08-12T04:48:26.799+0000] {processor.py:925} INFO - DAG(s) 'example_xcom_args', 'example_xcom_args_with_operators' retrieved from /home/airflow/.local/lib/python3.12/site-packages/airflow/example_dags/example_xcomargs.py
[2026-08-12T04:48:26.824+0000] {logging_mixin.py:190} INFO - [2026-08-12T04:48:26.824+0000] {dag.py:3211} INFO - Sync 2 DAGs
[2026-08-12T04:48:26.858+0000] {logging_mixin.py:190} INFO - [2026-08-12T04:48:26.857+0000] {dag.py:4138} INFO - Setting next_dagrun for example_xcom_args to None, run_after=None
[2026-08-12T04:48:26.863+0000] {logging_mixin.py:190} INFO - [2026-08-12T04:48:26.863+0000] {dag.py:4138} INFO - Setting next_dagrun for example_xcom_args_with_operators to None, run_after=None
[2026-08-12T04:48:26.886+0000] {processor.py:208} INFO - Processing /home/airflow/.local/lib/python3.12/site-packages/airflow/example_dags/example_xcomargs.py took 0.108 seconds
