[2026-08-12T04:32:03.424+0000] {processor.py:186} INFO - Started process (PID=107) to work on /home/airflow/.local/lib/python3.12/site-packages/airflow/example_dags/example_setup_teardown.py
[2026-08-12T04:32:03.427+0000] {processor.py:914} INFO - Processing file /home/airflow/.local/lib/python3.12/site-packages/airflow/example_dags/example_setup_teardown.py for tasks to queue
[2026-08-12T04:32:03.431+0000] {logging_mixin.py:190} INFO - [2026-08-12T04:32:03.430+0000] {dagbag.py:587} INFO - Filling up the DagBag from /home/airflow/.local/lib/python3.12/site-packages/airflow/example_dags/example_setup_teardown.py
[2026-08-12T04:32:03.445+0000] {processor.py:925} INFO - DAG(s) 'example_setup_teardown' retrieved from /home/airflow/.local/lib/python3.12/site-packages/airflow/example_dags/example_setup_teardown.py
[2026-08-12T04:32:03.695+0000] {logging_mixin.py:190} INFO - [2026-08-12T04:32:03.694+0000] {override.py:1858} INFO - Created Permission View: can read on DAG:example_setup_teardown
[2026-08-12T04:32:03.719+0000] {logging_mixin.py:190} INFO - [2026-08-12T04:32:03.719+0000] {override.py:1858} INFO - Created Permission View: can delete on DAG:example_setup_teardown
[2026-08-12T04:32:03.738+0000] {logging_mixin.py:190} INFO - [2026-08-12T04:32:03.738+0000] {override.py:1858} INFO - Created Permission View: can edit on DAG:example_setup_teardown
[2026-08-12T04:32:03.740+0000] {logging_mixin.py:190} INFO - [2026-08-12T04:32:03.739+0000] {dag.py:3211} INFO - Sync 1 DAGs
[2026-08-12T04:32:03.767+0000] {logging_mixin.py:190} INFO - [2026-08-12T04:32:03.766+0000] {dag.py:3234} INFO - Creating ORM DAG for example_setup_teardown
[2026-08-12T04:32:03.788+0000] {logging_mixin.py:190} INFO - [2026-08-12T04:32:03.787+0000] {dag.py:4138} INFO - Setting next_dagrun for example_setup_teardown to 2026-08-11 00:00:00+00:00, run_after=2026-08-12 00:00:00+00:00
[2026-08-12T04:32:03.850+0000] {processor.py:208} INFO - Processing /home/airflow/.local/lib/python3.12/site-packages/airflow/example_dags/example_setup_teardown.py took 0.434 seconds
[2026-08-12T04:32:34.142+0000] {processor.py:186} INFO - Started process (PID=169) to work on /home/airflow/.local/lib/python3.12/site-packages/airflow/example_dags/example_setup_teardown.py
[2026-08-12T04:32:34.143+0000] {processor.py:914} INFO - Processing file /home/airflow/.local/lib/python3.12/site-packages/airflow/example_dags/example_setup_teardown.py for tasks to queue
[2026-08-12T04:32:34.146+0000] {logging_mixin.py:190} INFO - [2026-08-12T04:32:34.146+0000] {dagbag.py:587} INFO - Filling up the DagBag from /home/airflow/.local/lib/python3.12/site-packages/airflow/example_dags/example_setup_teardown.py
[2026-08-12T04:32:34.155+0000] {processor.py:925} INFO - DAG(s) 'example_setup_teardown' retrieved from /home/airflow/.local/lib/python3.12/site-packages/airflow/example_dags/example_setup_teardown.py
[2026-08-12T04:32:34.181+0000] {logging_mixin.py:190} INFO - [2026-08-12T04:32:34.180+0000] {dag.py:3211} INFO - Sync 1 DAGs
[2026-08-12T04:32:34.209+0000] {logging_mixin.py:190} INFO - [2026-08-12T04:32:34.209+0000] {dag.py:4138} INFO - Setting next_dagrun for example_setup_teardown to 2026-08-11 00:00:00+00:00, run_after=2026-08-12 00:00:00+00:00
[2026-08-12T04:32:34.234+0000] {processor.py:208} INFO - Processing /home/airflow/.local/lib/python3.12/site-packages/airflow/example_dags/example_setup_teardown.py took 0.100 seconds
[2026-08-12T04:33:04.687+0000] {processor.py:186} INFO - Started process (PID=231) to work on /home/airflow/.local/lib/python3.12/site-packages/airflow/example_dags/example_setup_teardown.py
[2026-08-12T04:33:04.690+0000] {processor.py:914} INFO - Processing file /home/airflow/.local/lib/python3.12/site-packages/airflow/example_dags/example_setup_teardown.py for tasks to queue
[2026-08-12T04:33:04.695+0000] {logging_mixin.py:190} INFO - [2026-08-12T04:33:04.694+0000] {dagbag.py:587} INFO - Filling up the DagBag from /home/airflow/.local/lib/python3.12/site-packages/airflow/example_dags/example_setup_teardown.py
[2026-08-12T04:33:04.707+0000] {processor.py:925} INFO - DAG(s) 'example_setup_teardown' retrieved from /home/airflow/.local/lib/python3.12/site-packages/airflow/example_dags/example_setup_teardown.py
[2026-08-12T04:33:04.735+0000] {logging_mixin.py:190} INFO - [2026-08-12T04:33:04.735+0000] {dag.py:3211} INFO - Sync 1 DAGs
[2026-08-12T04:33:04.762+0000] {logging_mixin.py:190} INFO - [2026-08-12T04:33:04.762+0000] {dag.py:4138} INFO - Setting next_dagrun for example_setup_teardown to 2026-08-11 00:00:00+00:00, run_after=2026-08-12 00:00:00+00:00
[2026-08-12T04:33:04.785+0000] {processor.py:208} INFO - Processing /home/airflow/.local/lib/python3.12/site-packages/airflow/example_dags/example_setup_teardown.py took 0.106 seconds
[2026-08-12T04:33:35.828+0000] {processor.py:186} INFO - Started process (PID=293) to work on /home/airflow/.local/lib/python3.12/site-packages/airflow/example_dags/example_setup_teardown.py
[2026-08-12T04:33:35.830+0000] {processor.py:914} INFO - Processing file /home/airflow/.local/lib/python3.12/site-packages/airflow/example_dags/example_setup_teardown.py for tasks to queue
[2026-08-12T04:33:35.836+0000] {logging_mixin.py:190} INFO - [2026-08-12T04:33:35.835+0000] {dagbag.py:587} INFO - Filling up the DagBag from /home/airflow/.local/lib/python3.12/site-packages/airflow/example_dags/example_setup_teardown.py
[2026-08-12T04:33:35.845+0000] {processor.py:925} INFO - DAG(s) 'example_setup_teardown' retrieved from /home/airflow/.local/lib/python3.12/site-packages/airflow/example_dags/example_setup_teardown.py
[2026-08-12T04:33:35.877+0000] {logging_mixin.py:190} INFO - [2026-08-12T04:33:35.877+0000] {dag.py:3211} INFO - Sync 1 DAGs
[2026-08-12T04:33:35.913+0000] {logging_mixin.py:190} INFO - [2026-08-12T04:33:35.913+0000] {dag.py:4138} INFO - Setting next_dagrun for example_setup_teardown to 2026-08-11 00:00:00+00:00, run_after=2026-08-12 00:00:00+00:00
[2026-08-12T04:33:35.940+0000] {processor.py:208} INFO - Processing /home/airflow/.local/lib/python3.12/site-packages/airflow/example_dags/example_setup_teardown.py took 0.119 seconds
[2026-08-12T04:34:06.032+0000] {processor.py:186} INFO - Started process (PID=354) to work on /home/airflow/.local/lib/python3.12/site-packages/airflow/example_dags/example_setup_teardown.py
[2026-08-12T04:34:06.033+0000] {processor.py:914} INFO - Processing file /home/airflow/.local/lib/python3.12/site-packages/airflow/example_dags/example_setup_teardown.py for tasks to queue
[2026-08-12T04:34:06.036+0000] {logging_mixin.py:190} INFO - [2026-08-12T04:34:06.036+0000] {dagbag.py:587} INFO - Filling up the DagBag from /home/airflow/.local/lib/python3.12/site-packages/airflow/example_dags/example_setup_teardown.py
[2026-08-12T04:34:06.045+0000] {processor.py:925} INFO - DAG(s) 'example_setup_teardown' retrieved from /home/airflow/.local/lib/python3.12/site-packages/airflow/example_dags/example_setup_teardown.py
[2026-08-12T04:34:06.069+0000] {logging_mixin.py:190} INFO - [2026-08-12T04:34:06.069+0000] {dag.py:3211} INFO - Sync 1 DAGs
[2026-08-12T04:34:06.095+0000] {logging_mixin.py:190} INFO - [2026-08-12T04:34:06.095+0000] {dag.py:4138} INFO - Setting next_dagrun for example_setup_teardown to 2026-08-11 00:00:00+00:00, run_after=2026-08-12 00:00:00+00:00
[2026-08-12T04:34:06.117+0000] {processor.py:208} INFO - Processing /home/airflow/.local/lib/python3.12/site-packages/airflow/example_dags/example_setup_teardown.py took 0.104 seconds
[2026-08-12T04:34:36.531+0000] {processor.py:186} INFO - Started process (PID=416) to work on /home/airflow/.local/lib/python3.12/site-packages/airflow/example_dags/example_setup_teardown.py
[2026-08-12T04:34:36.532+0000] {processor.py:914} INFO - Processing file /home/airflow/.local/lib/python3.12/site-packages/airflow/example_dags/example_setup_teardown.py for tasks to queue
[2026-08-12T04:34:36.535+0000] {logging_mixin.py:190} INFO - [2026-08-12T04:34:36.535+0000] {dagbag.py:587} INFO - Filling up the DagBag from /home/airflow/.local/lib/python3.12/site-packages/airflow/example_dags/example_setup_teardown.py
[2026-08-12T04:34:36.545+0000] {processor.py:925} INFO - DAG(s) 'example_setup_teardown' retrieved from /home/airflow/.local/lib/python3.12/site-packages/airflow/example_dags/example_setup_teardown.py
[2026-08-12T04:34:36.569+0000] {logging_mixin.py:190} INFO - [2026-08-12T04:34:36.569+0000] {dag.py:3211} INFO - Sync 1 DAGs
[2026-08-12T04:34:36.598+0000] {logging_mixin.py:190} INFO - [2026-08-12T04:34:36.598+0000] {dag.py:4138} INFO - Setting next_dagrun for example_setup_teardown to 2026-08-11 00:00:00+00:00, run_after=2026-08-12 00:00:00+00:00
[2026-08-12T04:34:36.621+0000] {processor.py:208} INFO - Processing /home/airflow/.local/lib/python3.12/site-packages/airflow/example_dags/example_setup_teardown.py took 0.098 seconds
[2026-08-12T04:35:06.972+0000] {processor.py:186} INFO - Started process (PID=478) to work on /home/airflow/.local/lib/python3.12/site-packages/airflow/example_dags/example_setup_teardown.py
[2026-08-12T04:35:06.978+0000] {processor.py:914} INFO - Processing file /home/airflow/.local/lib/python3.12/site-packages/airflow/example_dags/example_setup_teardown.py for tasks to queue
[2026-08-12T04:35:06.981+0000] {logging_mixin.py:190} INFO - [2026-08-12T04:35:06.980+0000] {dagbag.py:587} INFO - Filling up the DagBag from /home/airflow/.local/lib/python3.12/site-packages/airflow/example_dags/example_setup_teardown.py
[2026-08-12T04:35:06.990+0000] {processor.py:925} INFO - DAG(s) 'example_setup_teardown' retrieved from /home/airflow/.local/lib/python3.12/site-packages/airflow/example_dags/example_setup_teardown.py
[2026-08-12T04:35:07.013+0000] {logging_mixin.py:190} INFO - [2026-08-12T04:35:07.013+0000] {dag.py:3211} INFO - Sync 1 DAGs
[2026-08-12T04:35:07.038+0000] {logging_mixin.py:190} INFO - [2026-08-12T04:35:07.037+0000] {dag.py:4138} INFO - Setting next_dagrun for example_setup_teardown to 2026-08-11 00:00:00+00:00, run_after=2026-08-12 00:00:00+00:00
[2026-08-12T04:35:07.061+0000] {processor.py:208} INFO - Processing /home/airflow/.local/lib/python3.12/site-packages/airflow/example_dags/example_setup_teardown.py took 0.095 seconds
[2026-08-12T04:35:37.413+0000] {processor.py:186} INFO - Started process (PID=540) to work on /home/airflow/.local/lib/python3.12/site-packages/airflow/example_dags/example_setup_teardown.py
[2026-08-12T04:35:37.415+0000] {processor.py:914} INFO - Processing file /home/airflow/.local/lib/python3.12/site-packages/airflow/example_dags/example_setup_teardown.py for tasks to queue
[2026-08-12T04:35:37.419+0000] {logging_mixin.py:190} INFO - [2026-08-12T04:35:37.419+0000] {dagbag.py:587} INFO - Filling up the DagBag from /home/airflow/.local/lib/python3.12/site-packages/airflow/example_dags/example_setup_teardown.py
[2026-08-12T04:35:37.430+0000] {processor.py:925} INFO - DAG(s) 'example_setup_teardown' retrieved from /home/airflow/.local/lib/python3.12/site-packages/airflow/example_dags/example_setup_teardown.py
[2026-08-12T04:35:37.451+0000] {logging_mixin.py:190} INFO - [2026-08-12T04:35:37.451+0000] {dag.py:3211} INFO - Sync 1 DAGs
[2026-08-12T04:35:37.474+0000] {logging_mixin.py:190} INFO - [2026-08-12T04:35:37.474+0000] {dag.py:4138} INFO - Setting next_dagrun for example_setup_teardown to 2026-08-11 00:00:00+00:00, run_after=2026-08-12 00:00:00+00:00
[2026-08-12T04:35:37.494+0000] {processor.py:208} INFO - Processing /home/airflow/.local/lib/python3.12/site-packages/airflow/example_dags/example_setup_teardown.py took 0.088 seconds
[2026-08-12T04:36:07.828+0000] {processor.py:186} INFO - Started process (PID=603) to work on /home/airflow/.local/lib/python3.12/site-packages/airflow/example_dags/example_setup_teardown.py
[2026-08-12T04:36:07.830+0000] {processor.py:914} INFO - Processing file /home/airflow/.local/lib/python3.12/site-packages/airflow/example_dags/example_setup_teardown.py for tasks to queue
[2026-08-12T04:36:07.834+0000] {logging_mixin.py:190} INFO - [2026-08-12T04:36:07.834+0000] {dagbag.py:587} INFO - Filling up the DagBag from /home/airflow/.local/lib/python3.12/site-packages/airflow/example_dags/example_setup_teardown.py
[2026-08-12T04:36:07.845+0000] {processor.py:925} INFO - DAG(s) 'example_setup_teardown' retrieved from /home/airflow/.local/lib/python3.12/site-packages/airflow/example_dags/example_setup_teardown.py
[2026-08-12T04:36:07.869+0000] {logging_mixin.py:190} INFO - [2026-08-12T04:36:07.868+0000] {dag.py:3211} INFO - Sync 1 DAGs
[2026-08-12T04:36:07.893+0000] {logging_mixin.py:190} INFO - [2026-08-12T04:36:07.893+0000] {dag.py:4138} INFO - Setting next_dagrun for example_setup_teardown to 2026-08-11 00:00:00+00:00, run_after=2026-08-12 00:00:00+00:00
[2026-08-12T04:36:07.915+0000] {processor.py:208} INFO - Processing /home/airflow/.local/lib/python3.12/site-packages/airflow/example_dags/example_setup_teardown.py took 0.093 seconds
[2026-08-12T04:36:38.164+0000] {processor.py:186} INFO - Started process (PID=664) to work on /home/airflow/.local/lib/python3.12/site-packages/airflow/example_dags/example_setup_teardown.py
[2026-08-12T04:36:38.166+0000] {processor.py:914} INFO - Processing file /home/airflow/.local/lib/python3.12/site-packages/airflow/example_dags/example_setup_teardown.py for tasks to queue
[2026-08-12T04:36:38.169+0000] {logging_mixin.py:190} INFO - [2026-08-12T04:36:38.168+0000] {dagbag.py:587} INFO - Filling up the DagBag from /home/airflow/.local/lib/python3.12/site-packages/airflow/example_dags/example_setup_teardown.py
[2026-08-12T04:36:38.180+0000] {processor.py:925} INFO - DAG(s) 'example_setup_teardown' retrieved from /home/airflow/.local/lib/python3.12/site-packages/airflow/example_dags/example_setup_teardown.py
[2026-08-12T04:36:38.206+0000] {logging_mixin.py:190} INFO - [2026-08-12T04:36:38.206+0000] {dag.py:3211} INFO - Sync 1 DAGs
[2026-08-12T04:36:38.251+0000] {logging_mixin.py:190} INFO - [2026-08-12T04:36:38.251+0000] {dag.py:4138} INFO - Setting next_dagrun for example_setup_teardown to 2026-08-11 00:00:00+00:00, run_after=2026-08-12 00:00:00+00:00
[2026-08-12T04:36:38.277+0000] {processor.py:208} INFO - Processing /home/airflow/.local/lib/python3.12/site-packages/airflow/example_dags/example_setup_teardown.py took 0.119 seconds
[2026-08-12T04:37:09.141+0000] {processor.py:186} INFO - Started process (PID=727) to work on /home/airflow/.local/lib/python3.12/site-packages/airflow/example_dags/example_setup_teardown.py
[2026-08-12T04:37:09.143+0000] {processor.py:914} INFO - Processing file /home/airflow/.local/lib/python3.12/site-packages/airflow/example_dags/example_setup_teardown.py for tasks to queue
[2026-08-12T04:37:09.146+0000] {logging_mixin.py:190} INFO - [2026-08-12T04:37:09.146+0000] {dagbag.py:587} INFO - Filling up the DagBag from /home/airflow/.local/lib/python3.12/site-packages/airflow/example_dags/example_setup_teardown.py
[2026-08-12T04:37:09.157+0000] {processor.py:925} INFO - DAG(s) 'example_setup_teardown' retrieved from /home/airflow/.local/lib/python3.12/site-packages/airflow/example_dags/example_setup_teardown.py
[2026-08-12T04:37:09.178+0000] {logging_mixin.py:190} INFO - [2026-08-12T04:37:09.178+0000] {dag.py:3211} INFO - Sync 1 DAGs
[2026-08-12T04:37:09.215+0000] {logging_mixin.py:190} INFO - [2026-08-12T04:37:09.215+0000] {dag.py:4138} INFO - Setting next_dagrun for example_setup_teardown to 2026-08-11 00:00:00+00:00, run_after=2026-08-12 00:00:00+00:00
[2026-08-12T04:37:09.236+0000] {processor.py:208} INFO - Processing /home/airflow/.local/lib/python3.12/site-packages/airflow/example_dags/example_setup_teardown.py took 0.104 seconds
[2026-08-12T04:37:39.543+0000] {processor.py:186} INFO - Started process (PID=789) to work on /home/airflow/.local/lib/python3.12/site-packages/airflow/example_dags/example_setup_teardown.py
[2026-08-12T04:37:39.547+0000] {processor.py:914} INFO - Processing file /home/airflow/.local/lib/python3.12/site-packages/airflow/example_dags/example_setup_teardown.py for tasks to queue
[2026-08-12T04:37:39.550+0000] {logging_mixin.py:190} INFO - [2026-08-12T04:37:39.550+0000] {dagbag.py:587} INFO - Filling up the DagBag from /home/airflow/.local/lib/python3.12/site-packages/airflow/example_dags/example_setup_teardown.py
[2026-08-12T04:37:39.560+0000] {processor.py:925} INFO - DAG(s) 'example_setup_teardown' retrieved from /home/airflow/.local/lib/python3.12/site-packages/airflow/example_dags/example_setup_teardown.py
[2026-08-12T04:37:39.588+0000] {logging_mixin.py:190} INFO - [2026-08-12T04:37:39.587+0000] {dag.py:3211} INFO - Sync 1 DAGs
[2026-08-12T04:37:39.620+0000] {logging_mixin.py:190} INFO - [2026-08-12T04:37:39.620+0000] {dag.py:4138} INFO - Setting next_dagrun for example_setup_teardown to 2026-08-11 00:00:00+00:00, run_after=2026-08-12 00:00:00+00:00
[2026-08-12T04:37:39.640+0000] {processor.py:208} INFO - Processing /home/airflow/.local/lib/python3.12/site-packages/airflow/example_dags/example_setup_teardown.py took 0.104 seconds
[2026-08-12T04:38:10.485+0000] {processor.py:186} INFO - Started process (PID=851) to work on /home/airflow/.local/lib/python3.12/site-packages/airflow/example_dags/example_setup_teardown.py
[2026-08-12T04:38:10.486+0000] {processor.py:914} INFO - Processing file /home/airflow/.local/lib/python3.12/site-packages/airflow/example_dags/example_setup_teardown.py for tasks to queue
[2026-08-12T04:38:10.492+0000] {logging_mixin.py:190} INFO - [2026-08-12T04:38:10.491+0000] {dagbag.py:587} INFO - Filling up the DagBag from /home/airflow/.local/lib/python3.12/site-packages/airflow/example_dags/example_setup_teardown.py
[2026-08-12T04:38:10.502+0000] {processor.py:925} INFO - DAG(s) 'example_setup_teardown' retrieved from /home/airflow/.local/lib/python3.12/site-packages/airflow/example_dags/example_setup_teardown.py
[2026-08-12T04:38:10.542+0000] {logging_mixin.py:190} INFO - [2026-08-12T04:38:10.542+0000] {dag.py:3211} INFO - Sync 1 DAGs
[2026-08-12T04:38:10.566+0000] {logging_mixin.py:190} INFO - [2026-08-12T04:38:10.566+0000] {dag.py:4138} INFO - Setting next_dagrun for example_setup_teardown to 2026-08-11 00:00:00+00:00, run_after=2026-08-12 00:00:00+00:00
[2026-08-12T04:38:10.586+0000] {processor.py:208} INFO - Processing /home/airflow/.local/lib/python3.12/site-packages/airflow/example_dags/example_setup_teardown.py took 0.107 seconds
[2026-08-12T04:38:41.186+0000] {processor.py:186} INFO - Started process (PID=913) to work on /home/airflow/.local/lib/python3.12/site-packages/airflow/example_dags/example_setup_teardown.py
[2026-08-12T04:38:41.188+0000] {processor.py:914} INFO - Processing file /home/airflow/.local/lib/python3.12/site-packages/airflow/example_dags/example_setup_teardown.py for tasks to queue
[2026-08-12T04:38:41.195+0000] {logging_mixin.py:190} INFO - [2026-08-12T04:38:41.195+0000] {dagbag.py:587} INFO - Filling up the DagBag from /home/airflow/.local/lib/python3.12/site-packages/airflow/example_dags/example_setup_teardown.py
[2026-08-12T04:38:41.208+0000] {processor.py:925} INFO - DAG(s) 'example_setup_teardown' retrieved from /home/airflow/.local/lib/python3.12/site-packages/airflow/example_dags/example_setup_teardown.py
[2026-08-12T04:38:41.235+0000] {logging_mixin.py:190} INFO - [2026-08-12T04:38:41.234+0000] {dag.py:3211} INFO - Sync 1 DAGs
[2026-08-12T04:38:41.283+0000] {logging_mixin.py:190} INFO - [2026-08-12T04:38:41.283+0000] {dag.py:4138} INFO - Setting next_dagrun for example_setup_teardown to 2026-08-11 00:00:00+00:00, run_after=2026-08-12 00:00:00+00:00
[2026-08-12T04:38:41.320+0000] {processor.py:208} INFO - Processing /home/airflow/.local/lib/python3.12/site-packages/airflow/example_dags/example_setup_teardown.py took 0.144 seconds
[2026-08-12T04:39:12.050+0000] {processor.py:186} INFO - Started process (PID=975) to work on /home/airflow/.local/lib/python3.12/site-packages/airflow/example_dags/example_setup_teardown.py
[2026-08-12T04:39:12.051+0000] {processor.py:914} INFO - Processing file /home/airflow/.local/lib/python3.12/site-packages/airflow/example_dags/example_setup_teardown.py for tasks to queue
[2026-08-12T04:39:12.054+0000] {logging_mixin.py:190} INFO - [2026-08-12T04:39:12.054+0000] {dagbag.py:587} INFO - Filling up the DagBag from /home/airflow/.local/lib/python3.12/site-packages/airflow/example_dags/example_setup_teardown.py
[2026-08-12T04:39:12.063+0000] {processor.py:925} INFO - DAG(s) 'example_setup_teardown' retrieved from /home/airflow/.local/lib/python3.12/site-packages/airflow/example_dags/example_setup_teardown.py
[2026-08-12T04:39:12.088+0000] {logging_mixin.py:190} INFO - [2026-08-12T04:39:12.088+0000] {dag.py:3211} INFO - Sync 1 DAGs
[2026-08-12T04:39:12.114+0000] {logging_mixin.py:190} INFO - [2026-08-12T04:39:12.114+0000] {dag.py:4138} INFO - Setting next_dagrun for example_setup_teardown to 2026-08-11 00:00:00+00:00, run_after=2026-08-12 00:00:00+00:00
[2026-08-12T04:39:12.138+0000] {processor.py:208} INFO - Processing /home/airflow/.local/lib/python3.12/site-packages/airflow/example_dags/example_setup_teardown.py took 0.096 seconds
[2026-08-12T04:39:43.159+0000] {processor.py:186} INFO - Started process (PID=1037) to work on /home/airflow/.local/lib/python3.12/site-packages/airflow/example_dags/example_setup_teardown.py
[2026-08-12T04:39:43.161+0000] {processor.py:914} INFO - Processing file /home/airflow/.local/lib/python3.12/site-packages/airflow/example_dags/example_setup_teardown.py for tasks to queue
[2026-08-12T04:39:43.164+0000] {logging_mixin.py:190} INFO - [2026-08-12T04:39:43.164+0000] {dagbag.py:587} INFO - Filling up the DagBag from /home/airflow/.local/lib/python3.12/site-packages/airflow/example_dags/example_setup_teardown.py
[2026-08-12T04:39:43.174+0000] {processor.py:925} INFO - DAG(s) 'example_setup_teardown' retrieved from /home/airflow/.local/lib/python3.12/site-packages/airflow/example_dags/example_setup_teardown.py
[2026-08-12T04:39:43.196+0000] {logging_mixin.py:190} INFO - [2026-08-12T04:39:43.195+0000] {dag.py:3211} INFO - Sync 1 DAGs
[2026-08-12T04:39:43.219+0000] {logging_mixin.py:190} INFO - [2026-08-12T04:39:43.218+0000] {dag.py:4138} INFO - Setting next_dagrun for example_setup_teardown to 2026-08-11 00:00:00+00:00, run_after=2026-08-12 00:00:00+00:00
[2026-08-12T04:39:43.241+0000] {processor.py:208} INFO - Processing /home/airflow/.local/lib/python3.12/site-packages/airflow/example_dags/example_setup_teardown.py took 0.089 seconds
[2026-08-12T04:40:13.629+0000] {processor.py:186} INFO - Started process (PID=1099) to work on /home/airflow/.local/lib/python3.12/site-packages/airflow/example_dags/example_setup_teardown.py
[2026-08-12T04:40:13.631+0000] {processor.py:914} INFO - Processing file /home/airflow/.local/lib/python3.12/site-packages/airflow/example_dags/example_setup_teardown.py for tasks to queue
[2026-08-12T04:40:13.634+0000] {logging_mixin.py:190} INFO - [2026-08-12T04:40:13.634+0000] {dagbag.py:587} INFO - Filling up the DagBag from /home/airflow/.local/lib/python3.12/site-packages/airflow/example_dags/example_setup_teardown.py
[2026-08-12T04:40:13.650+0000] {processor.py:925} INFO - DAG(s) 'example_setup_teardown' retrieved from /home/airflow/.local/lib/python3.12/site-packages/airflow/example_dags/example_setup_teardown.py
[2026-08-12T04:40:13.683+0000] {logging_mixin.py:190} INFO - [2026-08-12T04:40:13.683+0000] {dag.py:3211} INFO - Sync 1 DAGs
[2026-08-12T04:40:13.724+0000] {logging_mixin.py:190} INFO - [2026-08-12T04:40:13.724+0000] {dag.py:4138} INFO - Setting next_dagrun for example_setup_teardown to 2026-08-11 00:00:00+00:00, run_after=2026-08-12 00:00:00+00:00
[2026-08-12T04:40:13.744+0000] {processor.py:208} INFO - Processing /home/airflow/.local/lib/python3.12/site-packages/airflow/example_dags/example_setup_teardown.py took 0.123 seconds
[2026-08-12T04:40:44.309+0000] {processor.py:186} INFO - Started process (PID=1161) to work on /home/airflow/.local/lib/python3.12/site-packages/airflow/example_dags/example_setup_teardown.py
[2026-08-12T04:40:44.311+0000] {processor.py:914} INFO - Processing file /home/airflow/.local/lib/python3.12/site-packages/airflow/example_dags/example_setup_teardown.py for tasks to queue
[2026-08-12T04:40:44.315+0000] {logging_mixin.py:190} INFO - [2026-08-12T04:40:44.315+0000] {dagbag.py:587} INFO - Filling up the DagBag from /home/airflow/.local/lib/python3.12/site-packages/airflow/example_dags/example_setup_teardown.py
[2026-08-12T04:40:44.331+0000] {processor.py:925} INFO - DAG(s) 'example_setup_teardown' retrieved from /home/airflow/.local/lib/python3.12/site-packages/airflow/example_dags/example_setup_teardown.py
[2026-08-12T04:40:44.361+0000] {logging_mixin.py:190} INFO - [2026-08-12T04:40:44.361+0000] {dag.py:3211} INFO - Sync 1 DAGs
[2026-08-12T04:40:44.391+0000] {logging_mixin.py:190} INFO - [2026-08-12T04:40:44.391+0000] {dag.py:4138} INFO - Setting next_dagrun for example_setup_teardown to 2026-08-11 00:00:00+00:00, run_after=2026-08-12 00:00:00+00:00
[2026-08-12T04:40:44.412+0000] {processor.py:208} INFO - Processing /home/airflow/.local/lib/python3.12/site-packages/airflow/example_dags/example_setup_teardown.py took 0.114 seconds
[2026-08-12T04:41:15.676+0000] {processor.py:186} INFO - Started process (PID=1223) to work on /home/airflow/.local/lib/python3.12/site-packages/airflow/example_dags/example_setup_teardown.py
[2026-08-12T04:41:15.678+0000] {processor.py:914} INFO - Processing file /home/airflow/.local/lib/python3.12/site-packages/airflow/example_dags/example_setup_teardown.py for tasks to queue
[2026-08-12T04:41:15.682+0000] {logging_mixin.py:190} INFO - [2026-08-12T04:41:15.682+0000] {dagbag.py:587} INFO - Filling up the DagBag from /home/airflow/.local/lib/python3.12/site-packages/airflow/example_dags/example_setup_teardown.py
[2026-08-12T04:41:15.694+0000] {processor.py:925} INFO - DAG(s) 'example_setup_teardown' retrieved from /home/airflow/.local/lib/python3.12/site-packages/airflow/example_dags/example_setup_teardown.py
[2026-08-12T04:41:15.722+0000] {logging_mixin.py:190} INFO - [2026-08-12T04:41:15.721+0000] {dag.py:3211} INFO - Sync 1 DAGs
[2026-08-12T04:41:15.752+0000] {logging_mixin.py:190} INFO - [2026-08-12T04:41:15.752+0000] {dag.py:4138} INFO - Setting next_dagrun for example_setup_teardown to 2026-08-11 00:00:00+00:00, run_after=2026-08-12 00:00:00+00:00
[2026-08-12T04:41:15.777+0000] {processor.py:208} INFO - Processing /home/airflow/.local/lib/python3.12/site-packages/airflow/example_dags/example_setup_teardown.py took 0.112 seconds
[2026-08-12T04:41:46.470+0000] {processor.py:186} INFO - Started process (PID=1285) to work on /home/airflow/.local/lib/python3.12/site-packages/airflow/example_dags/example_setup_teardown.py
[2026-08-12T04:41:46.472+0000] {processor.py:914} INFO - Processing file /home/airflow/.local/lib/python3.12/site-packages/airflow/example_dags/example_setup_teardown.py for tasks to queue
[2026-08-12T04:41:46.476+0000] {logging_mixin.py:190} INFO - [2026-08-12T04:41:46.475+0000] {dagbag.py:587} INFO - Filling up the DagBag from /home/airflow/.local/lib/python3.12/site-packages/airflow/example_dags/example_setup_teardown.py
[2026-08-12T04:41:46.487+0000] {processor.py:925} INFO - DAG(s) 'example_setup_teardown' retrieved from /home/airflow/.local/lib/python3.12/site-packages/airflow/example_dags/example_setup_teardown.py
[2026-08-12T04:41:46.514+0000] {logging_mixin.py:190} INFO - [2026-08-12T04:41:46.514+0000] {dag.py:3211} INFO - Sync 1 DAGs
[2026-08-12T04:41:46.542+0000] {logging_mixin.py:190} INFO - [2026-08-12T04:41:46.542+0000] {dag.py:4138} INFO - Setting next_dagrun for example_setup_teardown to 2026-08-11 00:00:00+00:00, run_after=2026-08-12 00:00:00+00:00
[2026-08-12T04:41:46.564+0000] {processor.py:208} INFO - Processing /home/airflow/.local/lib/python3.12/site-packages/airflow/example_dags/example_setup_teardown.py took 0.102 seconds
[2026-08-12T04:42:17.061+0000] {processor.py:186} INFO - Started process (PID=1347) to work on /home/airflow/.local/lib/python3.12/site-packages/airflow/example_dags/example_setup_teardown.py
[2026-08-12T04:42:17.063+0000] {processor.py:914} INFO - Processing file /home/airflow/.local/lib/python3.12/site-packages/airflow/example_dags/example_setup_teardown.py for tasks to queue
[2026-08-12T04:42:17.067+0000] {logging_mixin.py:190} INFO - [2026-08-12T04:42:17.066+0000] {dagbag.py:587} INFO - Filling up the DagBag from /home/airflow/.local/lib/python3.12/site-packages/airflow/example_dags/example_setup_teardown.py
[2026-08-12T04:42:17.081+0000] {processor.py:925} INFO - DAG(s) 'example_setup_teardown' retrieved from /home/airflow/.local/lib/python3.12/site-packages/airflow/example_dags/example_setup_teardown.py
[2026-08-12T04:42:17.106+0000] {logging_mixin.py:190} INFO - [2026-08-12T04:42:17.105+0000] {dag.py:3211} INFO - Sync 1 DAGs
[2026-08-12T04:42:17.132+0000] {logging_mixin.py:190} INFO - [2026-08-12T04:42:17.132+0000] {dag.py:4138} INFO - Setting next_dagrun for example_setup_teardown to 2026-08-11 00:00:00+00:00, run_after=2026-08-12 00:00:00+00:00
[2026-08-12T04:42:17.155+0000] {processor.py:208} INFO - Processing /home/airflow/.local/lib/python3.12/site-packages/airflow/example_dags/example_setup_teardown.py took 0.101 seconds
[2026-08-12T04:42:47.634+0000] {processor.py:186} INFO - Started process (PID=1409) to work on /home/airflow/.local/lib/python3.12/site-packages/airflow/example_dags/example_setup_teardown.py
[2026-08-12T04:42:47.636+0000] {processor.py:914} INFO - Processing file /home/airflow/.local/lib/python3.12/site-packages/airflow/example_dags/example_setup_teardown.py for tasks to queue
[2026-08-12T04:42:47.639+0000] {logging_mixin.py:190} INFO - [2026-08-12T04:42:47.639+0000] {dagbag.py:587} INFO - Filling up the DagBag from /home/airflow/.local/lib/python3.12/site-packages/airflow/example_dags/example_setup_teardown.py
[2026-08-12T04:42:47.649+0000] {processor.py:925} INFO - DAG(s) 'example_setup_teardown' retrieved from /home/airflow/.local/lib/python3.12/site-packages/airflow/example_dags/example_setup_teardown.py
[2026-08-12T04:42:47.673+0000] {logging_mixin.py:190} INFO - [2026-08-12T04:42:47.672+0000] {dag.py:3211} INFO - Sync 1 DAGs
[2026-08-12T04:42:47.699+0000] {logging_mixin.py:190} INFO - [2026-08-12T04:42:47.698+0000] {dag.py:4138} INFO - Setting next_dagrun for example_setup_teardown to 2026-08-11 00:00:00+00:00, run_after=2026-08-12 00:00:00+00:00
[2026-08-12T04:42:47.720+0000] {processor.py:208} INFO - Processing /home/airflow/.local/lib/python3.12/site-packages/airflow/example_dags/example_setup_teardown.py took 0.092 seconds
[2026-08-12T04:43:18.729+0000] {processor.py:186} INFO - Started process (PID=1471) to work on /home/airflow/.local/lib/python3.12/site-packages/airflow/example_dags/example_setup_teardown.py
[2026-08-12T04:43:18.731+0000] {processor.py:914} INFO - Processing file /home/airflow/.local/lib/python3.12/site-packages/airflow/example_dags/example_setup_teardown.py for tasks to queue
[2026-08-12T04:43:18.735+0000] {logging_mixin.py:190} INFO - [2026-08-12T04:43:18.734+0000] {dagbag.py:587} INFO - Filling up the DagBag from /home/airflow/.local/lib/python3.12/site-packages/airflow/example_dags/example_setup_teardown.py
[2026-08-12T04:43:18.746+0000] {processor.py:925} INFO - DAG(s) 'example_setup_teardown' retrieved from /home/airflow/.local/lib/python3.12/site-packages/airflow/example_dags/example_setup_teardown.py
[2026-08-12T04:43:18.770+0000] {logging_mixin.py:190} INFO - [2026-08-12T04:43:18.769+0000] {dag.py:3211} INFO - Sync 1 DAGs
[2026-08-12T04:43:18.797+0000] {logging_mixin.py:190} INFO - [2026-08-12T04:43:18.796+0000] {dag.py:4138} INFO - Setting next_dagrun for example_setup_teardown to 2026-08-11 00:00:00+00:00, run_after=2026-08-12 00:00:00+00:00
[2026-08-12T04:43:18.818+0000] {processor.py:208} INFO - Processing /home/airflow/.local/lib/python3.12/site-packages/airflow/example_dags/example_setup_teardown.py took 0.096 seconds
[2026-08-12T04:43:49.555+0000] {processor.py:186} INFO - Started process (PID=1533) to work on /home/airflow/.local/lib/python3.12/site-packages/airflow/example_dags/example_setup_teardown.py
[2026-08-12T04:43:49.557+0000] {processor.py:914} INFO - Processing file /home/airflow/.local/lib/python3.12/site-packages/airflow/example_dags/example_setup_teardown.py for tasks to queue
[2026-08-12T04:43:49.560+0000] {logging_mixin.py:190} INFO - [2026-08-12T04:43:49.560+0000] {dagbag.py:587} INFO - Filling up the DagBag from /home/airflow/.local/lib/python3.12/site-packages/airflow/example_dags/example_setup_teardown.py
[2026-08-12T04:43:49.572+0000] {processor.py:925} INFO - DAG(s) 'example_setup_teardown' retrieved from /home/airflow/.local/lib/python3.12/site-packages/airflow/example_dags/example_setup_teardown.py
[2026-08-12T04:43:49.600+0000] {logging_mixin.py:190} INFO - [2026-08-12T04:43:49.600+0000] {dag.py:3211} INFO - Sync 1 DAGs
[2026-08-12T04:43:49.625+0000] {logging_mixin.py:190} INFO - [2026-08-12T04:43:49.624+0000] {dag.py:4138} INFO - Setting next_dagrun for example_setup_teardown to 2026-08-11 00:00:00+00:00, run_after=2026-08-12 00:00:00+00:00
[2026-08-12T04:43:49.649+0000] {processor.py:208} INFO - Processing /home/airflow/.local/lib/python3.12/site-packages/airflow/example_dags/example_setup_teardown.py took 0.101 seconds
[2026-08-12T04:44:19.873+0000] {processor.py:186} INFO - Started process (PID=1595) to work on /home/airflow/.local/lib/python3.12/site-packages/airflow/example_dags/example_setup_teardown.py
[2026-08-12T04:44:19.875+0000] {processor.py:914} INFO - Processing file /home/airflow/.local/lib/python3.12/site-packages/airflow/example_dags/example_setup_teardown.py for tasks to queue
[2026-08-12T04:44:19.879+0000] {logging_mixin.py:190} INFO - [2026-08-12T04:44:19.878+0000] {dagbag.py:587} INFO - Filling up the DagBag from /home/airflow/.local/lib/python3.12/site-packages/airflow/example_dags/example_setup_teardown.py
[2026-08-12T04:44:19.889+0000] {processor.py:925} INFO - DAG(s) 'example_setup_teardown' retrieved from /home/airflow/.local/lib/python3.12/site-packages/airflow/example_dags/example_setup_teardown.py
[2026-08-12T04:44:19.911+0000] {logging_mixin.py:190} INFO - [2026-08-12T04:44:19.911+0000] {dag.py:3211} INFO - Sync 1 DAGs
[2026-08-12T04:44:19.937+0000] {logging_mixin.py:190} INFO - [2026-08-12T04:44:19.936+0000] {dag.py:4138} INFO - Setting next_dagrun for example_setup_teardown to 2026-08-11 00:00:00+00:00, run_after=2026-08-12 00:00:00+00:00
[2026-08-12T04:44:19.957+0000] {processor.py:208} INFO - Processing /home/airflow/.local/lib/python3.12/site-packages/airflow/example_dags/example_setup_teardown.py took 0.091 seconds
[2026-08-12T04:44:51.047+0000] {processor.py:186} INFO - Started process (PID=1657) to work on /home/airflow/.local/lib/python3.12/site-packages/airflow/example_dags/example_setup_teardown.py
[2026-08-12T04:44:51.049+0000] {processor.py:914} INFO - Processing file /home/airflow/.local/lib/python3.12/site-packages/airflow/example_dags/example_setup_teardown.py for tasks to queue
[2026-08-12T04:44:51.052+0000] {logging_mixin.py:190} INFO - [2026-08-12T04:44:51.051+0000] {dagbag.py:587} INFO - Filling up the DagBag from /home/airflow/.local/lib/python3.12/site-packages/airflow/example_dags/example_setup_teardown.py
[2026-08-12T04:44:51.065+0000] {processor.py:925} INFO - DAG(s) 'example_setup_teardown' retrieved from /home/airflow/.local/lib/python3.12/site-packages/airflow/example_dags/example_setup_teardown.py
[2026-08-12T04:44:51.087+0000] {logging_mixin.py:190} INFO - [2026-08-12T04:44:51.086+0000] {dag.py:3211} INFO - Sync 1 DAGs
[2026-08-12T04:44:51.112+0000] {logging_mixin.py:190} INFO - [2026-08-12T04:44:51.112+0000] {dag.py:4138} INFO - Setting next_dagrun for example_setup_teardown to 2026-08-11 00:00:00+00:00, run_after=2026-08-12 00:00:00+00:00
[2026-08-12T04:44:51.133+0000] {processor.py:208} INFO - Processing /home/airflow/.local/lib/python3.12/site-packages/airflow/example_dags/example_setup_teardown.py took 0.095 seconds
[2026-08-12T04:45:22.176+0000] {processor.py:186} INFO - Started process (PID=1719) to work on /home/airflow/.local/lib/python3.12/site-packages/airflow/example_dags/example_setup_teardown.py
[2026-08-12T04:45:22.177+0000] {processor.py:914} INFO - Processing file /home/airflow/.local/lib/python3.12/site-packages/airflow/example_dags/example_setup_teardown.py for tasks to queue
[2026-08-12T04:45:22.180+0000] {logging_mixin.py:190} INFO - [2026-08-12T04:45:22.180+0000] {dagbag.py:587} INFO - Filling up the DagBag from /home/airflow/.local/lib/python3.12/site-packages/airflow/example_dags/example_setup_teardown.py
[2026-08-12T04:45:22.194+0000] {processor.py:925} INFO - DAG(s) 'example_setup_teardown' retrieved from /home/airflow/.local/lib/python3.12/site-packages/airflow/example_dags/example_setup_teardown.py
[2026-08-12T04:45:22.217+0000] {logging_mixin.py:190} INFO - [2026-08-12T04:45:22.217+0000] {dag.py:3211} INFO - Sync 1 DAGs
[2026-08-12T04:45:22.242+0000] {logging_mixin.py:190} INFO - [2026-08-12T04:45:22.242+0000] {dag.py:4138} INFO - Setting next_dagrun for example_setup_teardown to 2026-08-11 00:00:00+00:00, run_after=2026-08-12 00:00:00+00:00
[2026-08-12T04:45:22.262+0000] {processor.py:208} INFO - Processing /home/airflow/.local/lib/python3.12/site-packages/airflow/example_dags/example_setup_teardown.py took 0.091 seconds
[2026-08-12T04:45:52.855+0000] {processor.py:186} INFO - Started process (PID=1781) to work on /home/airflow/.local/lib/python3.12/site-packages/airflow/example_dags/example_setup_teardown.py
[2026-08-12T04:45:52.857+0000] {processor.py:914} INFO - Processing file /home/airflow/.local/lib/python3.12/site-packages/airflow/example_dags/example_setup_teardown.py for tasks to queue
[2026-08-12T04:45:52.860+0000] {logging_mixin.py:190} INFO - [2026-08-12T04:45:52.860+0000] {dagbag.py:587} INFO - Filling up the DagBag from /home/airflow/.local/lib/python3.12/site-packages/airflow/example_dags/example_setup_teardown.py
[2026-08-12T04:45:52.870+0000] {processor.py:925} INFO - DAG(s) 'example_setup_teardown' retrieved from /home/airflow/.local/lib/python3.12/site-packages/airflow/example_dags/example_setup_teardown.py
[2026-08-12T04:45:52.905+0000] {logging_mixin.py:190} INFO - [2026-08-12T04:45:52.905+0000] {dag.py:3211} INFO - Sync 1 DAGs
[2026-08-12T04:45:52.933+0000] {logging_mixin.py:190} INFO - [2026-08-12T04:45:52.933+0000] {dag.py:4138} INFO - Setting next_dagrun for example_setup_teardown to 2026-08-11 00:00:00+00:00, run_after=2026-08-12 00:00:00+00:00
[2026-08-12T04:45:52.954+0000] {processor.py:208} INFO - Processing /home/airflow/.local/lib/python3.12/site-packages/airflow/example_dags/example_setup_teardown.py took 0.104 seconds
[2026-08-12T04:46:23.264+0000] {processor.py:186} INFO - Started process (PID=1843) to work on /home/airflow/.local/lib/python3.12/site-packages/airflow/example_dags/example_setup_teardown.py
[2026-08-12T04:46:23.265+0000] {processor.py:914} INFO - Processing file /home/airflow/.local/lib/python3.12/site-packages/airflow/example_dags/example_setup_teardown.py for tasks to queue
[2026-08-12T04:46:23.268+0000] {logging_mixin.py:190} INFO - [2026-08-12T04:46:23.268+0000] {dagbag.py:587} INFO - Filling up the DagBag from /home/airflow/.local/lib/python3.12/site-packages/airflow/example_dags/example_setup_teardown.py
[2026-08-12T04:46:23.278+0000] {processor.py:925} INFO - DAG(s) 'example_setup_teardown' retrieved from /home/airflow/.local/lib/python3.12/site-packages/airflow/example_dags/example_setup_teardown.py
[2026-08-12T04:46:23.299+0000] {logging_mixin.py:190} INFO - [2026-08-12T04:46:23.299+0000] {dag.py:3211} INFO - Sync 1 DAGs
[2026-08-12T04:46:23.322+0000] {logging_mixin.py:190} INFO - [2026-08-12T04:46:23.322+0000] {dag.py:4138} INFO - Setting next_dagrun for example_setup_teardown to 2026-08-11 00:00:00+00:00, run_after=2026-08-12 00:00:00+00:00
[2026-08-12T04:46:23.343+0000] {processor.py:208} INFO - Processing /home/airflow/.local/lib/python3.12/site-packages/airflow/example_dags/example_setup_teardown.py took 0.086 seconds
[2026-08-12T04:46:53.655+0000] {processor.py:186} INFO - Started process (PID=1905) to work on /home/airflow/.local/lib/python3.12/site-packages/airflow/example_dags/example_setup_teardown.py
[2026-08-12T04:46:53.657+0000] {processor.py:914} INFO - Processing file /home/airflow/.local/lib/python3.12/site-packages/airflow/example_dags/example_setup_teardown.py for tasks to queue
[2026-08-12T04:46:53.661+0000] {logging_mixin.py:190} INFO - [2026-08-12T04:46:53.661+0000] {dagbag.py:587} INFO - Filling up the DagBag from /home/airflow/.local/lib/python3.12/site-packages/airflow/example_dags/example_setup_teardown.py
[2026-08-12T04:46:53.673+0000] {processor.py:925} INFO - DAG(s) 'example_setup_teardown' retrieved from /home/airflow/.local/lib/python3.12/site-packages/airflow/example_dags/example_setup_teardown.py
[2026-08-12T04:46:53.694+0000] {logging_mixin.py:190} INFO - [2026-08-12T04:46:53.693+0000] {dag.py:3211} INFO - Sync 1 DAGs
[2026-08-12T04:46:53.718+0000] {logging_mixin.py:190} INFO - [2026-08-12T04:46:53.717+0000] {dag.py:4138} INFO - Setting next_dagrun for example_setup_teardown to 2026-08-11 00:00:00+00:00, run_after=2026-08-12 00:00:00+00:00
[2026-08-12T04:46:53.739+0000] {processor.py:208} INFO - Processing /home/airflow/.local/lib/python3.12/site-packages/airflow/example_dags/example_setup_teardown.py took 0.091 seconds
[2026-08-12T04:47:24.404+0000] {processor.py:186} INFO - Started process (PID=1967) to work on /home/airflow/.local/lib/python3.12/site-packages/airflow/example_dags/example_setup_teardown.py
[2026-08-12T04:47:24.406+0000] {processor.py:914} INFO - Processing file /home/airflow/.local/lib/python3.12/site-packages/airflow/example_dags/example_setup_teardown.py for tasks to queue
[2026-08-12T04:47:24.411+0000] {logging_mixin.py:190} INFO - [2026-08-12T04:47:24.410+0000] {dagbag.py:587} INFO - Filling up the DagBag from /home/airflow/.local/lib/python3.12/site-packages/airflow/example_dags/example_setup_teardown.py
[2026-08-12T04:47:24.426+0000] {processor.py:925} INFO - DAG(s) 'example_setup_teardown' retrieved from /home/airflow/.local/lib/python3.12/site-packages/airflow/example_dags/example_setup_teardown.py
[2026-08-12T04:47:24.476+0000] {logging_mixin.py:190} INFO - [2026-08-12T04:47:24.476+0000] {dag.py:3211} INFO - Sync 1 DAGs
[2026-08-12T04:47:24.558+0000] {logging_mixin.py:190} INFO - [2026-08-12T04:47:24.557+0000] {dag.py:4138} INFO - Setting next_dagrun for example_setup_teardown to 2026-08-11 00:00:00+00:00, run_after=2026-08-12 00:00:00+00:00
[2026-08-12T04:47:24.590+0000] {processor.py:208} INFO - Processing /home/airflow/.local/lib/python3.12/site-packages/airflow/example_dags/example_setup_teardown.py took 0.194 seconds
[2026-08-12T04:47:55.207+0000] {processor.py:186} INFO - Started process (PID=2029) to work on /home/airflow/.local/lib/python3.12/site-packages/airflow/example_dags/example_setup_teardown.py
[2026-08-12T04:47:55.208+0000] {processor.py:914} INFO - Processing file /home/airflow/.local/lib/python3.12/site-packages/airflow/example_dags/example_setup_teardown.py for tasks to queue
[2026-08-12T04:47:55.211+0000] {logging_mixin.py:190} INFO - [2026-08-12T04:47:55.211+0000] {dagbag.py:587} INFO - Filling up the DagBag from /home/airflow/.local/lib/python3.12/site-packages/airflow/example_dags/example_setup_teardown.py
[2026-08-12T04:47:55.220+0000] {processor.py:925} INFO - DAG(s) 'example_setup_teardown' retrieved from /home/airflow/.local/lib/python3.12/site-packages/airflow/example_dags/example_setup_teardown.py
[2026-08-12T04:47:55.242+0000] {logging_mixin.py:190} INFO - [2026-08-12T04:47:55.241+0000] {dag.py:3211} INFO - Sync 1 DAGs
[2026-08-12T04:47:55.266+0000] {logging_mixin.py:190} INFO - [2026-08-12T04:47:55.266+0000] {dag.py:4138} INFO - Setting next_dagrun for example_setup_teardown to 2026-08-11 00:00:00+00:00, run_after=2026-08-12 00:00:00+00:00
[2026-08-12T04:47:55.286+0000] {processor.py:208} INFO - Processing /home/airflow/.local/lib/python3.12/site-packages/airflow/example_dags/example_setup_teardown.py took 0.084 seconds
[2026-08-12T04:48:26.624+0000] {processor.py:186} INFO - Started process (PID=2091) to work on /home/airflow/.local/lib/python3.12/site-packages/airflow/example_dags/example_setup_teardown.py
[2026-08-12T04:48:26.625+0000] {processor.py:914} INFO - Processing file /home/airflow/.local/lib/python3.12/site-packages/airflow/example_dags/example_setup_teardown.py for tasks to queue
[2026-08-12T04:48:26.629+0000] {logging_mixin.py:190} INFO - [2026-08-12T04:48:26.628+0000] {dagbag.py:587} INFO - Filling up the DagBag from /home/airflow/.local/lib/python3.12/site-packages/airflow/example_dags/example_setup_teardown.py
[2026-08-12T04:48:26.638+0000] {processor.py:925} INFO - DAG(s) 'example_setup_teardown' retrieved from /home/airflow/.local/lib/python3.12/site-packages/airflow/example_dags/example_setup_teardown.py
[2026-08-12T04:48:26.658+0000] {logging_mixin.py:190} INFO - [2026-08-12T04:48:26.658+0000] {dag.py:3211} INFO - Sync 1 DAGs
[2026-08-12T04:48:26.679+0000] {logging_mixin.py:190} INFO - [2026-08-12T04:48:26.678+0000] {dag.py:4138} INFO - Setting next_dagrun for example_setup_teardown to 2026-08-11 00:00:00+00:00, run_after=2026-08-12 00:00:00+00:00
[2026-08-12T04:48:26.698+0000] {processor.py:208} INFO - Processing /home/airflow/.local/lib/python3.12/site-packages/airflow/example_dags/example_setup_teardown.py took 0.080 seconds
