[2026-08-12T04:31:58.337+0000] {processor.py:186} INFO - Started process (PID=77) to work on /home/airflow/.local/lib/python3.12/site-packages/airflow/example_dags/example_bash_operator.py
[2026-08-12T04:31:58.340+0000] {processor.py:914} INFO - Processing file /home/airflow/.local/lib/python3.12/site-packages/airflow/example_dags/example_bash_operator.py for tasks to queue
[2026-08-12T04:31:58.345+0000] {logging_mixin.py:190} INFO - [2026-08-12T04:31:58.344+0000] {dagbag.py:587} INFO - Filling up the DagBag from /home/airflow/.local/lib/python3.12/site-packages/airflow/example_dags/example_bash_operator.py
[2026-08-12T04:31:58.374+0000] {processor.py:925} INFO - DAG(s) 'example_bash_operator' retrieved from /home/airflow/.local/lib/python3.12/site-packages/airflow/example_dags/example_bash_operator.py
[2026-08-12T04:31:58.587+0000] {logging_mixin.py:190} INFO - [2026-08-12T04:31:58.586+0000] {override.py:1858} INFO - Created Permission View: can read on DAG:example_bash_operator
[2026-08-12T04:31:58.603+0000] {logging_mixin.py:190} INFO - [2026-08-12T04:31:58.602+0000] {override.py:1858} INFO - Created Permission View: can delete on DAG:example_bash_operator
[2026-08-12T04:31:58.615+0000] {logging_mixin.py:190} INFO - [2026-08-12T04:31:58.614+0000] {override.py:1858} INFO - Created Permission View: can edit on DAG:example_bash_operator
[2026-08-12T04:31:58.617+0000] {logging_mixin.py:190} INFO - [2026-08-12T04:31:58.616+0000] {dag.py:3211} INFO - Sync 1 DAGs
[2026-08-12T04:31:58.635+0000] {logging_mixin.py:190} INFO - [2026-08-12T04:31:58.635+0000] {dag.py:3234} INFO - Creating ORM DAG for example_bash_operator
[2026-08-12T04:31:58.659+0000] {logging_mixin.py:190} INFO - [2026-08-12T04:31:58.659+0000] {dag.py:4138} INFO - Setting next_dagrun for example_bash_operator to 2026-08-11 00:00:00+00:00, run_after=2026-08-12 00:00:00+00:00
[2026-08-12T04:31:58.684+0000] {processor.py:208} INFO - Processing /home/airflow/.local/lib/python3.12/site-packages/airflow/example_dags/example_bash_operator.py took 0.357 seconds
[2026-08-12T04:32:29.366+0000] {processor.py:186} INFO - Started process (PID=139) to work on /home/airflow/.local/lib/python3.12/site-packages/airflow/example_dags/example_bash_operator.py
[2026-08-12T04:32:29.368+0000] {processor.py:914} INFO - Processing file /home/airflow/.local/lib/python3.12/site-packages/airflow/example_dags/example_bash_operator.py for tasks to queue
[2026-08-12T04:32:29.373+0000] {logging_mixin.py:190} INFO - [2026-08-12T04:32:29.372+0000] {dagbag.py:587} INFO - Filling up the DagBag from /home/airflow/.local/lib/python3.12/site-packages/airflow/example_dags/example_bash_operator.py
[2026-08-12T04:32:29.395+0000] {processor.py:925} INFO - DAG(s) 'example_bash_operator' retrieved from /home/airflow/.local/lib/python3.12/site-packages/airflow/example_dags/example_bash_operator.py
[2026-08-12T04:32:29.433+0000] {logging_mixin.py:190} INFO - [2026-08-12T04:32:29.433+0000] {dag.py:3211} INFO - Sync 1 DAGs
[2026-08-12T04:32:29.478+0000] {logging_mixin.py:190} INFO - [2026-08-12T04:32:29.478+0000] {dag.py:4138} INFO - Setting next_dagrun for example_bash_operator to 2026-08-11 00:00:00+00:00, run_after=2026-08-12 00:00:00+00:00
[2026-08-12T04:32:29.520+0000] {processor.py:208} INFO - Processing /home/airflow/.local/lib/python3.12/site-packages/airflow/example_dags/example_bash_operator.py took 0.162 seconds
[2026-08-12T04:33:00.271+0000] {processor.py:186} INFO - Started process (PID=201) to work on /home/airflow/.local/lib/python3.12/site-packages/airflow/example_dags/example_bash_operator.py
[2026-08-12T04:33:00.273+0000] {processor.py:914} INFO - Processing file /home/airflow/.local/lib/python3.12/site-packages/airflow/example_dags/example_bash_operator.py for tasks to queue
[2026-08-12T04:33:00.278+0000] {logging_mixin.py:190} INFO - [2026-08-12T04:33:00.277+0000] {dagbag.py:587} INFO - Filling up the DagBag from /home/airflow/.local/lib/python3.12/site-packages/airflow/example_dags/example_bash_operator.py
[2026-08-12T04:33:00.293+0000] {processor.py:925} INFO - DAG(s) 'example_bash_operator' retrieved from /home/airflow/.local/lib/python3.12/site-packages/airflow/example_dags/example_bash_operator.py
[2026-08-12T04:33:00.322+0000] {logging_mixin.py:190} INFO - [2026-08-12T04:33:00.322+0000] {dag.py:3211} INFO - Sync 1 DAGs
[2026-08-12T04:33:00.350+0000] {logging_mixin.py:190} INFO - [2026-08-12T04:33:00.350+0000] {dag.py:4138} INFO - Setting next_dagrun for example_bash_operator to 2026-08-11 00:00:00+00:00, run_after=2026-08-12 00:00:00+00:00
[2026-08-12T04:33:00.385+0000] {processor.py:208} INFO - Processing /home/airflow/.local/lib/python3.12/site-packages/airflow/example_dags/example_bash_operator.py took 0.121 seconds
[2026-08-12T04:33:30.662+0000] {processor.py:186} INFO - Started process (PID=263) to work on /home/airflow/.local/lib/python3.12/site-packages/airflow/example_dags/example_bash_operator.py
[2026-08-12T04:33:30.664+0000] {processor.py:914} INFO - Processing file /home/airflow/.local/lib/python3.12/site-packages/airflow/example_dags/example_bash_operator.py for tasks to queue
[2026-08-12T04:33:30.667+0000] {logging_mixin.py:190} INFO - [2026-08-12T04:33:30.667+0000] {dagbag.py:587} INFO - Filling up the DagBag from /home/airflow/.local/lib/python3.12/site-packages/airflow/example_dags/example_bash_operator.py
[2026-08-12T04:33:30.681+0000] {processor.py:925} INFO - DAG(s) 'example_bash_operator' retrieved from /home/airflow/.local/lib/python3.12/site-packages/airflow/example_dags/example_bash_operator.py
[2026-08-12T04:33:30.707+0000] {logging_mixin.py:190} INFO - [2026-08-12T04:33:30.707+0000] {dag.py:3211} INFO - Sync 1 DAGs
[2026-08-12T04:33:30.736+0000] {logging_mixin.py:190} INFO - [2026-08-12T04:33:30.736+0000] {dag.py:4138} INFO - Setting next_dagrun for example_bash_operator to 2026-08-11 00:00:00+00:00, run_after=2026-08-12 00:00:00+00:00
[2026-08-12T04:33:30.756+0000] {processor.py:208} INFO - Processing /home/airflow/.local/lib/python3.12/site-packages/airflow/example_dags/example_bash_operator.py took 0.101 seconds
[2026-08-12T04:34:01.256+0000] {processor.py:186} INFO - Started process (PID=325) to work on /home/airflow/.local/lib/python3.12/site-packages/airflow/example_dags/example_bash_operator.py
[2026-08-12T04:34:01.258+0000] {processor.py:914} INFO - Processing file /home/airflow/.local/lib/python3.12/site-packages/airflow/example_dags/example_bash_operator.py for tasks to queue
[2026-08-12T04:34:01.263+0000] {logging_mixin.py:190} INFO - [2026-08-12T04:34:01.263+0000] {dagbag.py:587} INFO - Filling up the DagBag from /home/airflow/.local/lib/python3.12/site-packages/airflow/example_dags/example_bash_operator.py
[2026-08-12T04:34:01.278+0000] {processor.py:925} INFO - DAG(s) 'example_bash_operator' retrieved from /home/airflow/.local/lib/python3.12/site-packages/airflow/example_dags/example_bash_operator.py
[2026-08-12T04:34:01.318+0000] {logging_mixin.py:190} INFO - [2026-08-12T04:34:01.318+0000] {dag.py:3211} INFO - Sync 1 DAGs
[2026-08-12T04:34:01.353+0000] {logging_mixin.py:190} INFO - [2026-08-12T04:34:01.352+0000] {dag.py:4138} INFO - Setting next_dagrun for example_bash_operator to 2026-08-11 00:00:00+00:00, run_after=2026-08-12 00:00:00+00:00
[2026-08-12T04:34:01.392+0000] {processor.py:208} INFO - Processing /home/airflow/.local/lib/python3.12/site-packages/airflow/example_dags/example_bash_operator.py took 0.144 seconds
[2026-08-12T04:34:32.111+0000] {processor.py:186} INFO - Started process (PID=387) to work on /home/airflow/.local/lib/python3.12/site-packages/airflow/example_dags/example_bash_operator.py
[2026-08-12T04:34:32.113+0000] {processor.py:914} INFO - Processing file /home/airflow/.local/lib/python3.12/site-packages/airflow/example_dags/example_bash_operator.py for tasks to queue
[2026-08-12T04:34:32.116+0000] {logging_mixin.py:190} INFO - [2026-08-12T04:34:32.115+0000] {dagbag.py:587} INFO - Filling up the DagBag from /home/airflow/.local/lib/python3.12/site-packages/airflow/example_dags/example_bash_operator.py
[2026-08-12T04:34:32.129+0000] {processor.py:925} INFO - DAG(s) 'example_bash_operator' retrieved from /home/airflow/.local/lib/python3.12/site-packages/airflow/example_dags/example_bash_operator.py
[2026-08-12T04:34:32.159+0000] {logging_mixin.py:190} INFO - [2026-08-12T04:34:32.159+0000] {dag.py:3211} INFO - Sync 1 DAGs
[2026-08-12T04:34:32.182+0000] {logging_mixin.py:190} INFO - [2026-08-12T04:34:32.182+0000] {dag.py:4138} INFO - Setting next_dagrun for example_bash_operator to 2026-08-11 00:00:00+00:00, run_after=2026-08-12 00:00:00+00:00
[2026-08-12T04:34:32.216+0000] {processor.py:208} INFO - Processing /home/airflow/.local/lib/python3.12/site-packages/airflow/example_dags/example_bash_operator.py took 0.112 seconds
[2026-08-12T04:35:02.480+0000] {processor.py:186} INFO - Started process (PID=449) to work on /home/airflow/.local/lib/python3.12/site-packages/airflow/example_dags/example_bash_operator.py
[2026-08-12T04:35:02.482+0000] {processor.py:914} INFO - Processing file /home/airflow/.local/lib/python3.12/site-packages/airflow/example_dags/example_bash_operator.py for tasks to queue
[2026-08-12T04:35:02.486+0000] {logging_mixin.py:190} INFO - [2026-08-12T04:35:02.486+0000] {dagbag.py:587} INFO - Filling up the DagBag from /home/airflow/.local/lib/python3.12/site-packages/airflow/example_dags/example_bash_operator.py
[2026-08-12T04:35:02.502+0000] {processor.py:925} INFO - DAG(s) 'example_bash_operator' retrieved from /home/airflow/.local/lib/python3.12/site-packages/airflow/example_dags/example_bash_operator.py
[2026-08-12T04:35:02.534+0000] {logging_mixin.py:190} INFO - [2026-08-12T04:35:02.534+0000] {dag.py:3211} INFO - Sync 1 DAGs
[2026-08-12T04:35:02.566+0000] {logging_mixin.py:190} INFO - [2026-08-12T04:35:02.566+0000] {dag.py:4138} INFO - Setting next_dagrun for example_bash_operator to 2026-08-11 00:00:00+00:00, run_after=2026-08-12 00:00:00+00:00
[2026-08-12T04:35:02.605+0000] {processor.py:208} INFO - Processing /home/airflow/.local/lib/python3.12/site-packages/airflow/example_dags/example_bash_operator.py took 0.131 seconds
[2026-08-12T04:35:32.830+0000] {processor.py:186} INFO - Started process (PID=511) to work on /home/airflow/.local/lib/python3.12/site-packages/airflow/example_dags/example_bash_operator.py
[2026-08-12T04:35:32.831+0000] {processor.py:914} INFO - Processing file /home/airflow/.local/lib/python3.12/site-packages/airflow/example_dags/example_bash_operator.py for tasks to queue
[2026-08-12T04:35:32.836+0000] {logging_mixin.py:190} INFO - [2026-08-12T04:35:32.836+0000] {dagbag.py:587} INFO - Filling up the DagBag from /home/airflow/.local/lib/python3.12/site-packages/airflow/example_dags/example_bash_operator.py
[2026-08-12T04:35:32.850+0000] {processor.py:925} INFO - DAG(s) 'example_bash_operator' retrieved from /home/airflow/.local/lib/python3.12/site-packages/airflow/example_dags/example_bash_operator.py
[2026-08-12T04:35:32.879+0000] {logging_mixin.py:190} INFO - [2026-08-12T04:35:32.878+0000] {dag.py:3211} INFO - Sync 1 DAGs
[2026-08-12T04:35:32.902+0000] {logging_mixin.py:190} INFO - [2026-08-12T04:35:32.902+0000] {dag.py:4138} INFO - Setting next_dagrun for example_bash_operator to 2026-08-11 00:00:00+00:00, run_after=2026-08-12 00:00:00+00:00
[2026-08-12T04:35:32.938+0000] {processor.py:208} INFO - Processing /home/airflow/.local/lib/python3.12/site-packages/airflow/example_dags/example_bash_operator.py took 0.113 seconds
[2026-08-12T04:36:03.150+0000] {processor.py:186} INFO - Started process (PID=573) to work on /home/airflow/.local/lib/python3.12/site-packages/airflow/example_dags/example_bash_operator.py
[2026-08-12T04:36:03.151+0000] {processor.py:914} INFO - Processing file /home/airflow/.local/lib/python3.12/site-packages/airflow/example_dags/example_bash_operator.py for tasks to queue
[2026-08-12T04:36:03.155+0000] {logging_mixin.py:190} INFO - [2026-08-12T04:36:03.155+0000] {dagbag.py:587} INFO - Filling up the DagBag from /home/airflow/.local/lib/python3.12/site-packages/airflow/example_dags/example_bash_operator.py
[2026-08-12T04:36:03.171+0000] {processor.py:925} INFO - DAG(s) 'example_bash_operator' retrieved from /home/airflow/.local/lib/python3.12/site-packages/airflow/example_dags/example_bash_operator.py
[2026-08-12T04:36:03.200+0000] {logging_mixin.py:190} INFO - [2026-08-12T04:36:03.200+0000] {dag.py:3211} INFO - Sync 1 DAGs
[2026-08-12T04:36:03.239+0000] {logging_mixin.py:190} INFO - [2026-08-12T04:36:03.238+0000] {dag.py:4138} INFO - Setting next_dagrun for example_bash_operator to 2026-08-11 00:00:00+00:00, run_after=2026-08-12 00:00:00+00:00
[2026-08-12T04:36:03.260+0000] {processor.py:208} INFO - Processing /home/airflow/.local/lib/python3.12/site-packages/airflow/example_dags/example_bash_operator.py took 0.121 seconds
[2026-08-12T04:36:33.705+0000] {processor.py:186} INFO - Started process (PID=635) to work on /home/airflow/.local/lib/python3.12/site-packages/airflow/example_dags/example_bash_operator.py
[2026-08-12T04:36:33.707+0000] {processor.py:914} INFO - Processing file /home/airflow/.local/lib/python3.12/site-packages/airflow/example_dags/example_bash_operator.py for tasks to queue
[2026-08-12T04:36:33.711+0000] {logging_mixin.py:190} INFO - [2026-08-12T04:36:33.711+0000] {dagbag.py:587} INFO - Filling up the DagBag from /home/airflow/.local/lib/python3.12/site-packages/airflow/example_dags/example_bash_operator.py
[2026-08-12T04:36:33.727+0000] {processor.py:925} INFO - DAG(s) 'example_bash_operator' retrieved from /home/airflow/.local/lib/python3.12/site-packages/airflow/example_dags/example_bash_operator.py
[2026-08-12T04:36:33.755+0000] {logging_mixin.py:190} INFO - [2026-08-12T04:36:33.755+0000] {dag.py:3211} INFO - Sync 1 DAGs
[2026-08-12T04:36:33.780+0000] {logging_mixin.py:190} INFO - [2026-08-12T04:36:33.780+0000] {dag.py:4138} INFO - Setting next_dagrun for example_bash_operator to 2026-08-11 00:00:00+00:00, run_after=2026-08-12 00:00:00+00:00
[2026-08-12T04:36:33.805+0000] {processor.py:208} INFO - Processing /home/airflow/.local/lib/python3.12/site-packages/airflow/example_dags/example_bash_operator.py took 0.106 seconds
[2026-08-12T04:37:04.471+0000] {processor.py:186} INFO - Started process (PID=697) to work on /home/airflow/.local/lib/python3.12/site-packages/airflow/example_dags/example_bash_operator.py
[2026-08-12T04:37:04.472+0000] {processor.py:914} INFO - Processing file /home/airflow/.local/lib/python3.12/site-packages/airflow/example_dags/example_bash_operator.py for tasks to queue
[2026-08-12T04:37:04.476+0000] {logging_mixin.py:190} INFO - [2026-08-12T04:37:04.475+0000] {dagbag.py:587} INFO - Filling up the DagBag from /home/airflow/.local/lib/python3.12/site-packages/airflow/example_dags/example_bash_operator.py
[2026-08-12T04:37:04.490+0000] {processor.py:925} INFO - DAG(s) 'example_bash_operator' retrieved from /home/airflow/.local/lib/python3.12/site-packages/airflow/example_dags/example_bash_operator.py
[2026-08-12T04:37:04.518+0000] {logging_mixin.py:190} INFO - [2026-08-12T04:37:04.518+0000] {dag.py:3211} INFO - Sync 1 DAGs
[2026-08-12T04:37:04.543+0000] {logging_mixin.py:190} INFO - [2026-08-12T04:37:04.543+0000] {dag.py:4138} INFO - Setting next_dagrun for example_bash_operator to 2026-08-11 00:00:00+00:00, run_after=2026-08-12 00:00:00+00:00
[2026-08-12T04:37:04.579+0000] {processor.py:208} INFO - Processing /home/airflow/.local/lib/python3.12/site-packages/airflow/example_dags/example_bash_operator.py took 0.114 seconds
[2026-08-12T04:37:34.762+0000] {processor.py:186} INFO - Started process (PID=759) to work on /home/airflow/.local/lib/python3.12/site-packages/airflow/example_dags/example_bash_operator.py
[2026-08-12T04:37:34.764+0000] {processor.py:914} INFO - Processing file /home/airflow/.local/lib/python3.12/site-packages/airflow/example_dags/example_bash_operator.py for tasks to queue
[2026-08-12T04:37:34.767+0000] {logging_mixin.py:190} INFO - [2026-08-12T04:37:34.766+0000] {dagbag.py:587} INFO - Filling up the DagBag from /home/airflow/.local/lib/python3.12/site-packages/airflow/example_dags/example_bash_operator.py
[2026-08-12T04:37:34.779+0000] {processor.py:925} INFO - DAG(s) 'example_bash_operator' retrieved from /home/airflow/.local/lib/python3.12/site-packages/airflow/example_dags/example_bash_operator.py
[2026-08-12T04:37:34.807+0000] {logging_mixin.py:190} INFO - [2026-08-12T04:37:34.807+0000] {dag.py:3211} INFO - Sync 1 DAGs
[2026-08-12T04:37:34.832+0000] {logging_mixin.py:190} INFO - [2026-08-12T04:37:34.831+0000] {dag.py:4138} INFO - Setting next_dagrun for example_bash_operator to 2026-08-11 00:00:00+00:00, run_after=2026-08-12 00:00:00+00:00
[2026-08-12T04:37:34.866+0000] {processor.py:208} INFO - Processing /home/airflow/.local/lib/python3.12/site-packages/airflow/example_dags/example_bash_operator.py took 0.110 seconds
[2026-08-12T04:38:05.531+0000] {processor.py:186} INFO - Started process (PID=821) to work on /home/airflow/.local/lib/python3.12/site-packages/airflow/example_dags/example_bash_operator.py
[2026-08-12T04:38:05.533+0000] {processor.py:914} INFO - Processing file /home/airflow/.local/lib/python3.12/site-packages/airflow/example_dags/example_bash_operator.py for tasks to queue
[2026-08-12T04:38:05.536+0000] {logging_mixin.py:190} INFO - [2026-08-12T04:38:05.536+0000] {dagbag.py:587} INFO - Filling up the DagBag from /home/airflow/.local/lib/python3.12/site-packages/airflow/example_dags/example_bash_operator.py
[2026-08-12T04:38:05.552+0000] {processor.py:925} INFO - DAG(s) 'example_bash_operator' retrieved from /home/airflow/.local/lib/python3.12/site-packages/airflow/example_dags/example_bash_operator.py
[2026-08-12T04:38:05.615+0000] {logging_mixin.py:190} INFO - [2026-08-12T04:38:05.615+0000] {dag.py:3211} INFO - Sync 1 DAGs
[2026-08-12T04:38:05.648+0000] {logging_mixin.py:190} INFO - [2026-08-12T04:38:05.648+0000] {dag.py:4138} INFO - Setting next_dagrun for example_bash_operator to 2026-08-11 00:00:00+00:00, run_after=2026-08-12 00:00:00+00:00
[2026-08-12T04:38:05.684+0000] {processor.py:208} INFO - Processing /home/airflow/.local/lib/python3.12/site-packages/airflow/example_dags/example_bash_operator.py took 0.159 seconds
[2026-08-12T04:38:36.337+0000] {processor.py:186} INFO - Started process (PID=883) to work on /home/airflow/.local/lib/python3.12/site-packages/airflow/example_dags/example_bash_operator.py
[2026-08-12T04:38:36.338+0000] {processor.py:914} INFO - Processing file /home/airflow/.local/lib/python3.12/site-packages/airflow/example_dags/example_bash_operator.py for tasks to queue
[2026-08-12T04:38:36.342+0000] {logging_mixin.py:190} INFO - [2026-08-12T04:38:36.341+0000] {dagbag.py:587} INFO - Filling up the DagBag from /home/airflow/.local/lib/python3.12/site-packages/airflow/example_dags/example_bash_operator.py
[2026-08-12T04:38:36.356+0000] {processor.py:925} INFO - DAG(s) 'example_bash_operator' retrieved from /home/airflow/.local/lib/python3.12/site-packages/airflow/example_dags/example_bash_operator.py
[2026-08-12T04:38:36.403+0000] {logging_mixin.py:190} INFO - [2026-08-12T04:38:36.402+0000] {dag.py:3211} INFO - Sync 1 DAGs
[2026-08-12T04:38:36.435+0000] {logging_mixin.py:190} INFO - [2026-08-12T04:38:36.435+0000] {dag.py:4138} INFO - Setting next_dagrun for example_bash_operator to 2026-08-11 00:00:00+00:00, run_after=2026-08-12 00:00:00+00:00
[2026-08-12T04:38:36.461+0000] {processor.py:208} INFO - Processing /home/airflow/.local/lib/python3.12/site-packages/airflow/example_dags/example_bash_operator.py took 0.145 seconds
[2026-08-12T04:39:07.216+0000] {processor.py:186} INFO - Started process (PID=945) to work on /home/airflow/.local/lib/python3.12/site-packages/airflow/example_dags/example_bash_operator.py
[2026-08-12T04:39:07.217+0000] {processor.py:914} INFO - Processing file /home/airflow/.local/lib/python3.12/site-packages/airflow/example_dags/example_bash_operator.py for tasks to queue
[2026-08-12T04:39:07.222+0000] {logging_mixin.py:190} INFO - [2026-08-12T04:39:07.221+0000] {dagbag.py:587} INFO - Filling up the DagBag from /home/airflow/.local/lib/python3.12/site-packages/airflow/example_dags/example_bash_operator.py
[2026-08-12T04:39:07.241+0000] {processor.py:925} INFO - DAG(s) 'example_bash_operator' retrieved from /home/airflow/.local/lib/python3.12/site-packages/airflow/example_dags/example_bash_operator.py
[2026-08-12T04:39:07.269+0000] {logging_mixin.py:190} INFO - [2026-08-12T04:39:07.268+0000] {dag.py:3211} INFO - Sync 1 DAGs
[2026-08-12T04:39:07.297+0000] {logging_mixin.py:190} INFO - [2026-08-12T04:39:07.297+0000] {dag.py:4138} INFO - Setting next_dagrun for example_bash_operator to 2026-08-11 00:00:00+00:00, run_after=2026-08-12 00:00:00+00:00
[2026-08-12T04:39:07.334+0000] {processor.py:208} INFO - Processing /home/airflow/.local/lib/python3.12/site-packages/airflow/example_dags/example_bash_operator.py took 0.141 seconds
[2026-08-12T04:39:38.169+0000] {processor.py:186} INFO - Started process (PID=1007) to work on /home/airflow/.local/lib/python3.12/site-packages/airflow/example_dags/example_bash_operator.py
[2026-08-12T04:39:38.171+0000] {processor.py:914} INFO - Processing file /home/airflow/.local/lib/python3.12/site-packages/airflow/example_dags/example_bash_operator.py for tasks to queue
[2026-08-12T04:39:38.177+0000] {logging_mixin.py:190} INFO - [2026-08-12T04:39:38.176+0000] {dagbag.py:587} INFO - Filling up the DagBag from /home/airflow/.local/lib/python3.12/site-packages/airflow/example_dags/example_bash_operator.py
[2026-08-12T04:39:38.196+0000] {processor.py:925} INFO - DAG(s) 'example_bash_operator' retrieved from /home/airflow/.local/lib/python3.12/site-packages/airflow/example_dags/example_bash_operator.py
[2026-08-12T04:39:38.251+0000] {logging_mixin.py:190} INFO - [2026-08-12T04:39:38.251+0000] {dag.py:3211} INFO - Sync 1 DAGs
[2026-08-12T04:39:38.306+0000] {logging_mixin.py:190} INFO - [2026-08-12T04:39:38.305+0000] {dag.py:4138} INFO - Setting next_dagrun for example_bash_operator to 2026-08-11 00:00:00+00:00, run_after=2026-08-12 00:00:00+00:00
[2026-08-12T04:39:38.341+0000] {processor.py:208} INFO - Processing /home/airflow/.local/lib/python3.12/site-packages/airflow/example_dags/example_bash_operator.py took 0.182 seconds
[2026-08-12T04:40:08.528+0000] {processor.py:186} INFO - Started process (PID=1069) to work on /home/airflow/.local/lib/python3.12/site-packages/airflow/example_dags/example_bash_operator.py
[2026-08-12T04:40:08.530+0000] {processor.py:914} INFO - Processing file /home/airflow/.local/lib/python3.12/site-packages/airflow/example_dags/example_bash_operator.py for tasks to queue
[2026-08-12T04:40:08.535+0000] {logging_mixin.py:190} INFO - [2026-08-12T04:40:08.535+0000] {dagbag.py:587} INFO - Filling up the DagBag from /home/airflow/.local/lib/python3.12/site-packages/airflow/example_dags/example_bash_operator.py
[2026-08-12T04:40:08.551+0000] {processor.py:925} INFO - DAG(s) 'example_bash_operator' retrieved from /home/airflow/.local/lib/python3.12/site-packages/airflow/example_dags/example_bash_operator.py
[2026-08-12T04:40:08.581+0000] {logging_mixin.py:190} INFO - [2026-08-12T04:40:08.581+0000] {dag.py:3211} INFO - Sync 1 DAGs
[2026-08-12T04:40:08.606+0000] {logging_mixin.py:190} INFO - [2026-08-12T04:40:08.606+0000] {dag.py:4138} INFO - Setting next_dagrun for example_bash_operator to 2026-08-11 00:00:00+00:00, run_after=2026-08-12 00:00:00+00:00
[2026-08-12T04:40:08.642+0000] {processor.py:208} INFO - Processing /home/airflow/.local/lib/python3.12/site-packages/airflow/example_dags/example_bash_operator.py took 0.119 seconds
[2026-08-12T04:40:39.525+0000] {processor.py:186} INFO - Started process (PID=1131) to work on /home/airflow/.local/lib/python3.12/site-packages/airflow/example_dags/example_bash_operator.py
[2026-08-12T04:40:39.527+0000] {processor.py:914} INFO - Processing file /home/airflow/.local/lib/python3.12/site-packages/airflow/example_dags/example_bash_operator.py for tasks to queue
[2026-08-12T04:40:39.531+0000] {logging_mixin.py:190} INFO - [2026-08-12T04:40:39.531+0000] {dagbag.py:587} INFO - Filling up the DagBag from /home/airflow/.local/lib/python3.12/site-packages/airflow/example_dags/example_bash_operator.py
[2026-08-12T04:40:39.543+0000] {processor.py:925} INFO - DAG(s) 'example_bash_operator' retrieved from /home/airflow/.local/lib/python3.12/site-packages/airflow/example_dags/example_bash_operator.py
[2026-08-12T04:40:39.582+0000] {logging_mixin.py:190} INFO - [2026-08-12T04:40:39.582+0000] {dag.py:3211} INFO - Sync 1 DAGs
[2026-08-12T04:40:39.604+0000] {logging_mixin.py:190} INFO - [2026-08-12T04:40:39.604+0000] {dag.py:4138} INFO - Setting next_dagrun for example_bash_operator to 2026-08-11 00:00:00+00:00, run_after=2026-08-12 00:00:00+00:00
[2026-08-12T04:40:39.628+0000] {processor.py:208} INFO - Processing /home/airflow/.local/lib/python3.12/site-packages/airflow/example_dags/example_bash_operator.py took 0.108 seconds
[2026-08-12T04:41:09.952+0000] {processor.py:186} INFO - Started process (PID=1193) to work on /home/airflow/.local/lib/python3.12/site-packages/airflow/example_dags/example_bash_operator.py
[2026-08-12T04:41:09.953+0000] {processor.py:914} INFO - Processing file /home/airflow/.local/lib/python3.12/site-packages/airflow/example_dags/example_bash_operator.py for tasks to queue
[2026-08-12T04:41:09.957+0000] {logging_mixin.py:190} INFO - [2026-08-12T04:41:09.956+0000] {dagbag.py:587} INFO - Filling up the DagBag from /home/airflow/.local/lib/python3.12/site-packages/airflow/example_dags/example_bash_operator.py
[2026-08-12T04:41:09.971+0000] {processor.py:925} INFO - DAG(s) 'example_bash_operator' retrieved from /home/airflow/.local/lib/python3.12/site-packages/airflow/example_dags/example_bash_operator.py
[2026-08-12T04:41:10.000+0000] {logging_mixin.py:190} INFO - [2026-08-12T04:41:10.000+0000] {dag.py:3211} INFO - Sync 1 DAGs
[2026-08-12T04:41:10.027+0000] {logging_mixin.py:190} INFO - [2026-08-12T04:41:10.027+0000] {dag.py:4138} INFO - Setting next_dagrun for example_bash_operator to 2026-08-11 00:00:00+00:00, run_after=2026-08-12 00:00:00+00:00
[2026-08-12T04:41:10.051+0000] {processor.py:208} INFO - Processing /home/airflow/.local/lib/python3.12/site-packages/airflow/example_dags/example_bash_operator.py took 0.106 seconds
[2026-08-12T04:41:40.714+0000] {processor.py:186} INFO - Started process (PID=1255) to work on /home/airflow/.local/lib/python3.12/site-packages/airflow/example_dags/example_bash_operator.py
[2026-08-12T04:41:40.716+0000] {processor.py:914} INFO - Processing file /home/airflow/.local/lib/python3.12/site-packages/airflow/example_dags/example_bash_operator.py for tasks to queue
[2026-08-12T04:41:40.720+0000] {logging_mixin.py:190} INFO - [2026-08-12T04:41:40.719+0000] {dagbag.py:587} INFO - Filling up the DagBag from /home/airflow/.local/lib/python3.12/site-packages/airflow/example_dags/example_bash_operator.py
[2026-08-12T04:41:40.734+0000] {processor.py:925} INFO - DAG(s) 'example_bash_operator' retrieved from /home/airflow/.local/lib/python3.12/site-packages/airflow/example_dags/example_bash_operator.py
[2026-08-12T04:41:40.761+0000] {logging_mixin.py:190} INFO - [2026-08-12T04:41:40.761+0000] {dag.py:3211} INFO - Sync 1 DAGs
[2026-08-12T04:41:40.784+0000] {logging_mixin.py:190} INFO - [2026-08-12T04:41:40.784+0000] {dag.py:4138} INFO - Setting next_dagrun for example_bash_operator to 2026-08-11 00:00:00+00:00, run_after=2026-08-12 00:00:00+00:00
[2026-08-12T04:41:40.817+0000] {processor.py:208} INFO - Processing /home/airflow/.local/lib/python3.12/site-packages/airflow/example_dags/example_bash_operator.py took 0.109 seconds
[2026-08-12T04:42:11.050+0000] {processor.py:186} INFO - Started process (PID=1317) to work on /home/airflow/.local/lib/python3.12/site-packages/airflow/example_dags/example_bash_operator.py
[2026-08-12T04:42:11.052+0000] {processor.py:914} INFO - Processing file /home/airflow/.local/lib/python3.12/site-packages/airflow/example_dags/example_bash_operator.py for tasks to queue
[2026-08-12T04:42:11.055+0000] {logging_mixin.py:190} INFO - [2026-08-12T04:42:11.055+0000] {dagbag.py:587} INFO - Filling up the DagBag from /home/airflow/.local/lib/python3.12/site-packages/airflow/example_dags/example_bash_operator.py
[2026-08-12T04:42:11.073+0000] {processor.py:925} INFO - DAG(s) 'example_bash_operator' retrieved from /home/airflow/.local/lib/python3.12/site-packages/airflow/example_dags/example_bash_operator.py
[2026-08-12T04:42:11.101+0000] {logging_mixin.py:190} INFO - [2026-08-12T04:42:11.101+0000] {dag.py:3211} INFO - Sync 1 DAGs
[2026-08-12T04:42:11.131+0000] {logging_mixin.py:190} INFO - [2026-08-12T04:42:11.131+0000] {dag.py:4138} INFO - Setting next_dagrun for example_bash_operator to 2026-08-11 00:00:00+00:00, run_after=2026-08-12 00:00:00+00:00
[2026-08-12T04:42:11.166+0000] {processor.py:208} INFO - Processing /home/airflow/.local/lib/python3.12/site-packages/airflow/example_dags/example_bash_operator.py took 0.122 seconds
[2026-08-12T04:42:41.927+0000] {processor.py:186} INFO - Started process (PID=1379) to work on /home/airflow/.local/lib/python3.12/site-packages/airflow/example_dags/example_bash_operator.py
[2026-08-12T04:42:41.928+0000] {processor.py:914} INFO - Processing file /home/airflow/.local/lib/python3.12/site-packages/airflow/example_dags/example_bash_operator.py for tasks to queue
[2026-08-12T04:42:41.931+0000] {logging_mixin.py:190} INFO - [2026-08-12T04:42:41.931+0000] {dagbag.py:587} INFO - Filling up the DagBag from /home/airflow/.local/lib/python3.12/site-packages/airflow/example_dags/example_bash_operator.py
[2026-08-12T04:42:41.943+0000] {processor.py:925} INFO - DAG(s) 'example_bash_operator' retrieved from /home/airflow/.local/lib/python3.12/site-packages/airflow/example_dags/example_bash_operator.py
[2026-08-12T04:42:41.969+0000] {logging_mixin.py:190} INFO - [2026-08-12T04:42:41.969+0000] {dag.py:3211} INFO - Sync 1 DAGs
[2026-08-12T04:42:42.006+0000] {logging_mixin.py:190} INFO - [2026-08-12T04:42:42.006+0000] {dag.py:4138} INFO - Setting next_dagrun for example_bash_operator to 2026-08-11 00:00:00+00:00, run_after=2026-08-12 00:00:00+00:00
[2026-08-12T04:42:42.028+0000] {processor.py:208} INFO - Processing /home/airflow/.local/lib/python3.12/site-packages/airflow/example_dags/example_bash_operator.py took 0.106 seconds
[2026-08-12T04:43:12.275+0000] {processor.py:186} INFO - Started process (PID=1441) to work on /home/airflow/.local/lib/python3.12/site-packages/airflow/example_dags/example_bash_operator.py
[2026-08-12T04:43:12.276+0000] {processor.py:914} INFO - Processing file /home/airflow/.local/lib/python3.12/site-packages/airflow/example_dags/example_bash_operator.py for tasks to queue
[2026-08-12T04:43:12.280+0000] {logging_mixin.py:190} INFO - [2026-08-12T04:43:12.279+0000] {dagbag.py:587} INFO - Filling up the DagBag from /home/airflow/.local/lib/python3.12/site-packages/airflow/example_dags/example_bash_operator.py
[2026-08-12T04:43:12.291+0000] {processor.py:925} INFO - DAG(s) 'example_bash_operator' retrieved from /home/airflow/.local/lib/python3.12/site-packages/airflow/example_dags/example_bash_operator.py
[2026-08-12T04:43:12.319+0000] {logging_mixin.py:190} INFO - [2026-08-12T04:43:12.318+0000] {dag.py:3211} INFO - Sync 1 DAGs
[2026-08-12T04:43:12.343+0000] {logging_mixin.py:190} INFO - [2026-08-12T04:43:12.343+0000] {dag.py:4138} INFO - Setting next_dagrun for example_bash_operator to 2026-08-11 00:00:00+00:00, run_after=2026-08-12 00:00:00+00:00
[2026-08-12T04:43:12.376+0000] {processor.py:208} INFO - Processing /home/airflow/.local/lib/python3.12/site-packages/airflow/example_dags/example_bash_operator.py took 0.106 seconds
[2026-08-12T04:43:42.454+0000] {processor.py:186} INFO - Started process (PID=1502) to work on /home/airflow/.local/lib/python3.12/site-packages/airflow/example_dags/example_bash_operator.py
[2026-08-12T04:43:42.456+0000] {processor.py:914} INFO - Processing file /home/airflow/.local/lib/python3.12/site-packages/airflow/example_dags/example_bash_operator.py for tasks to queue
[2026-08-12T04:43:42.461+0000] {logging_mixin.py:190} INFO - [2026-08-12T04:43:42.461+0000] {dagbag.py:587} INFO - Filling up the DagBag from /home/airflow/.local/lib/python3.12/site-packages/airflow/example_dags/example_bash_operator.py
[2026-08-12T04:43:42.482+0000] {processor.py:925} INFO - DAG(s) 'example_bash_operator' retrieved from /home/airflow/.local/lib/python3.12/site-packages/airflow/example_dags/example_bash_operator.py
[2026-08-12T04:43:42.520+0000] {logging_mixin.py:190} INFO - [2026-08-12T04:43:42.519+0000] {dag.py:3211} INFO - Sync 1 DAGs
[2026-08-12T04:43:42.555+0000] {logging_mixin.py:190} INFO - [2026-08-12T04:43:42.554+0000] {dag.py:4138} INFO - Setting next_dagrun for example_bash_operator to 2026-08-11 00:00:00+00:00, run_after=2026-08-12 00:00:00+00:00
[2026-08-12T04:43:42.582+0000] {processor.py:208} INFO - Processing /home/airflow/.local/lib/python3.12/site-packages/airflow/example_dags/example_bash_operator.py took 0.141 seconds
[2026-08-12T04:44:13.282+0000] {processor.py:186} INFO - Started process (PID=1565) to work on /home/airflow/.local/lib/python3.12/site-packages/airflow/example_dags/example_bash_operator.py
[2026-08-12T04:44:13.284+0000] {processor.py:914} INFO - Processing file /home/airflow/.local/lib/python3.12/site-packages/airflow/example_dags/example_bash_operator.py for tasks to queue
[2026-08-12T04:44:13.287+0000] {logging_mixin.py:190} INFO - [2026-08-12T04:44:13.286+0000] {dagbag.py:587} INFO - Filling up the DagBag from /home/airflow/.local/lib/python3.12/site-packages/airflow/example_dags/example_bash_operator.py
[2026-08-12T04:44:13.299+0000] {processor.py:925} INFO - DAG(s) 'example_bash_operator' retrieved from /home/airflow/.local/lib/python3.12/site-packages/airflow/example_dags/example_bash_operator.py
[2026-08-12T04:44:13.324+0000] {logging_mixin.py:190} INFO - [2026-08-12T04:44:13.324+0000] {dag.py:3211} INFO - Sync 1 DAGs
[2026-08-12T04:44:13.348+0000] {logging_mixin.py:190} INFO - [2026-08-12T04:44:13.348+0000] {dag.py:4138} INFO - Setting next_dagrun for example_bash_operator to 2026-08-11 00:00:00+00:00, run_after=2026-08-12 00:00:00+00:00
[2026-08-12T04:44:13.368+0000] {processor.py:208} INFO - Processing /home/airflow/.local/lib/python3.12/site-packages/airflow/example_dags/example_bash_operator.py took 0.091 seconds
[2026-08-12T04:44:43.655+0000] {processor.py:186} INFO - Started process (PID=1627) to work on /home/airflow/.local/lib/python3.12/site-packages/airflow/example_dags/example_bash_operator.py
[2026-08-12T04:44:43.657+0000] {processor.py:914} INFO - Processing file /home/airflow/.local/lib/python3.12/site-packages/airflow/example_dags/example_bash_operator.py for tasks to queue
[2026-08-12T04:44:43.660+0000] {logging_mixin.py:190} INFO - [2026-08-12T04:44:43.660+0000] {dagbag.py:587} INFO - Filling up the DagBag from /home/airflow/.local/lib/python3.12/site-packages/airflow/example_dags/example_bash_operator.py
[2026-08-12T04:44:43.673+0000] {processor.py:925} INFO - DAG(s) 'example_bash_operator' retrieved from /home/airflow/.local/lib/python3.12/site-packages/airflow/example_dags/example_bash_operator.py
[2026-08-12T04:44:43.715+0000] {logging_mixin.py:190} INFO - [2026-08-12T04:44:43.714+0000] {dag.py:3211} INFO - Sync 1 DAGs
[2026-08-12T04:44:43.746+0000] {logging_mixin.py:190} INFO - [2026-08-12T04:44:43.745+0000] {dag.py:4138} INFO - Setting next_dagrun for example_bash_operator to 2026-08-11 00:00:00+00:00, run_after=2026-08-12 00:00:00+00:00
[2026-08-12T04:44:43.771+0000] {processor.py:208} INFO - Processing /home/airflow/.local/lib/python3.12/site-packages/airflow/example_dags/example_bash_operator.py took 0.122 seconds
[2026-08-12T04:45:14.188+0000] {processor.py:186} INFO - Started process (PID=1689) to work on /home/airflow/.local/lib/python3.12/site-packages/airflow/example_dags/example_bash_operator.py
[2026-08-12T04:45:14.190+0000] {processor.py:914} INFO - Processing file /home/airflow/.local/lib/python3.12/site-packages/airflow/example_dags/example_bash_operator.py for tasks to queue
[2026-08-12T04:45:14.194+0000] {logging_mixin.py:190} INFO - [2026-08-12T04:45:14.193+0000] {dagbag.py:587} INFO - Filling up the DagBag from /home/airflow/.local/lib/python3.12/site-packages/airflow/example_dags/example_bash_operator.py
[2026-08-12T04:45:14.209+0000] {processor.py:925} INFO - DAG(s) 'example_bash_operator' retrieved from /home/airflow/.local/lib/python3.12/site-packages/airflow/example_dags/example_bash_operator.py
[2026-08-12T04:45:14.241+0000] {logging_mixin.py:190} INFO - [2026-08-12T04:45:14.241+0000] {dag.py:3211} INFO - Sync 1 DAGs
[2026-08-12T04:45:14.269+0000] {logging_mixin.py:190} INFO - [2026-08-12T04:45:14.269+0000] {dag.py:4138} INFO - Setting next_dagrun for example_bash_operator to 2026-08-11 00:00:00+00:00, run_after=2026-08-12 00:00:00+00:00
[2026-08-12T04:45:14.292+0000] {processor.py:208} INFO - Processing /home/airflow/.local/lib/python3.12/site-packages/airflow/example_dags/example_bash_operator.py took 0.111 seconds
[2026-08-12T04:45:44.933+0000] {processor.py:186} INFO - Started process (PID=1751) to work on /home/airflow/.local/lib/python3.12/site-packages/airflow/example_dags/example_bash_operator.py
[2026-08-12T04:45:44.936+0000] {processor.py:914} INFO - Processing file /home/airflow/.local/lib/python3.12/site-packages/airflow/example_dags/example_bash_operator.py for tasks to queue
[2026-08-12T04:45:44.940+0000] {logging_mixin.py:190} INFO - [2026-08-12T04:45:44.939+0000] {dagbag.py:587} INFO - Filling up the DagBag from /home/airflow/.local/lib/python3.12/site-packages/airflow/example_dags/example_bash_operator.py
[2026-08-12T04:45:44.955+0000] {processor.py:925} INFO - DAG(s) 'example_bash_operator' retrieved from /home/airflow/.local/lib/python3.12/site-packages/airflow/example_dags/example_bash_operator.py
[2026-08-12T04:45:44.985+0000] {logging_mixin.py:190} INFO - [2026-08-12T04:45:44.985+0000] {dag.py:3211} INFO - Sync 1 DAGs
[2026-08-12T04:45:45.015+0000] {logging_mixin.py:190} INFO - [2026-08-12T04:45:45.015+0000] {dag.py:4138} INFO - Setting next_dagrun for example_bash_operator to 2026-08-11 00:00:00+00:00, run_after=2026-08-12 00:00:00+00:00
[2026-08-12T04:45:45.036+0000] {processor.py:208} INFO - Processing /home/airflow/.local/lib/python3.12/site-packages/airflow/example_dags/example_bash_operator.py took 0.111 seconds
[2026-08-12T04:46:15.639+0000] {processor.py:186} INFO - Started process (PID=1813) to work on /home/airflow/.local/lib/python3.12/site-packages/airflow/example_dags/example_bash_operator.py
[2026-08-12T04:46:15.641+0000] {processor.py:914} INFO - Processing file /home/airflow/.local/lib/python3.12/site-packages/airflow/example_dags/example_bash_operator.py for tasks to queue
[2026-08-12T04:46:15.646+0000] {logging_mixin.py:190} INFO - [2026-08-12T04:46:15.645+0000] {dagbag.py:587} INFO - Filling up the DagBag from /home/airflow/.local/lib/python3.12/site-packages/airflow/example_dags/example_bash_operator.py
[2026-08-12T04:46:15.662+0000] {processor.py:925} INFO - DAG(s) 'example_bash_operator' retrieved from /home/airflow/.local/lib/python3.12/site-packages/airflow/example_dags/example_bash_operator.py
[2026-08-12T04:46:15.703+0000] {logging_mixin.py:190} INFO - [2026-08-12T04:46:15.702+0000] {dag.py:3211} INFO - Sync 1 DAGs
[2026-08-12T04:46:15.728+0000] {logging_mixin.py:190} INFO - [2026-08-12T04:46:15.728+0000] {dag.py:4138} INFO - Setting next_dagrun for example_bash_operator to 2026-08-11 00:00:00+00:00, run_after=2026-08-12 00:00:00+00:00
[2026-08-12T04:46:15.749+0000] {processor.py:208} INFO - Processing /home/airflow/.local/lib/python3.12/site-packages/airflow/example_dags/example_bash_operator.py took 0.116 seconds
[2026-08-12T04:46:47.084+0000] {processor.py:186} INFO - Started process (PID=1875) to work on /home/airflow/.local/lib/python3.12/site-packages/airflow/example_dags/example_bash_operator.py
[2026-08-12T04:46:47.086+0000] {processor.py:914} INFO - Processing file /home/airflow/.local/lib/python3.12/site-packages/airflow/example_dags/example_bash_operator.py for tasks to queue
[2026-08-12T04:46:47.089+0000] {logging_mixin.py:190} INFO - [2026-08-12T04:46:47.088+0000] {dagbag.py:587} INFO - Filling up the DagBag from /home/airflow/.local/lib/python3.12/site-packages/airflow/example_dags/example_bash_operator.py
[2026-08-12T04:46:47.102+0000] {processor.py:925} INFO - DAG(s) 'example_bash_operator' retrieved from /home/airflow/.local/lib/python3.12/site-packages/airflow/example_dags/example_bash_operator.py
[2026-08-12T04:46:47.133+0000] {logging_mixin.py:190} INFO - [2026-08-12T04:46:47.132+0000] {dag.py:3211} INFO - Sync 1 DAGs
[2026-08-12T04:46:47.155+0000] {logging_mixin.py:190} INFO - [2026-08-12T04:46:47.155+0000] {dag.py:4138} INFO - Setting next_dagrun for example_bash_operator to 2026-08-11 00:00:00+00:00, run_after=2026-08-12 00:00:00+00:00
[2026-08-12T04:46:47.173+0000] {processor.py:208} INFO - Processing /home/airflow/.local/lib/python3.12/site-packages/airflow/example_dags/example_bash_operator.py took 0.095 seconds
[2026-08-12T04:47:17.769+0000] {processor.py:186} INFO - Started process (PID=1937) to work on /home/airflow/.local/lib/python3.12/site-packages/airflow/example_dags/example_bash_operator.py
[2026-08-12T04:47:17.770+0000] {processor.py:914} INFO - Processing file /home/airflow/.local/lib/python3.12/site-packages/airflow/example_dags/example_bash_operator.py for tasks to queue
[2026-08-12T04:47:17.774+0000] {logging_mixin.py:190} INFO - [2026-08-12T04:47:17.773+0000] {dagbag.py:587} INFO - Filling up the DagBag from /home/airflow/.local/lib/python3.12/site-packages/airflow/example_dags/example_bash_operator.py
[2026-08-12T04:47:17.787+0000] {processor.py:925} INFO - DAG(s) 'example_bash_operator' retrieved from /home/airflow/.local/lib/python3.12/site-packages/airflow/example_dags/example_bash_operator.py
[2026-08-12T04:47:17.818+0000] {logging_mixin.py:190} INFO - [2026-08-12T04:47:17.817+0000] {dag.py:3211} INFO - Sync 1 DAGs
[2026-08-12T04:47:17.839+0000] {logging_mixin.py:190} INFO - [2026-08-12T04:47:17.839+0000] {dag.py:4138} INFO - Setting next_dagrun for example_bash_operator to 2026-08-11 00:00:00+00:00, run_after=2026-08-12 00:00:00+00:00
[2026-08-12T04:47:17.862+0000] {processor.py:208} INFO - Processing /home/airflow/.local/lib/python3.12/site-packages/airflow/example_dags/example_bash_operator.py took 0.099 seconds
[2026-08-12T04:47:48.382+0000] {processor.py:186} INFO - Started process (PID=1999) to work on /home/airflow/.local/lib/python3.12/site-packages/airflow/example_dags/example_bash_operator.py
[2026-08-12T04:47:48.384+0000] {processor.py:914} INFO - Processing file /home/airflow/.local/lib/python3.12/site-packages/airflow/example_dags/example_bash_operator.py for tasks to queue
[2026-08-12T04:47:48.387+0000] {logging_mixin.py:190} INFO - [2026-08-12T04:47:48.387+0000] {dagbag.py:587} INFO - Filling up the DagBag from /home/airflow/.local/lib/python3.12/site-packages/airflow/example_dags/example_bash_operator.py
[2026-08-12T04:47:48.402+0000] {processor.py:925} INFO - DAG(s) 'example_bash_operator' retrieved from /home/airflow/.local/lib/python3.12/site-packages/airflow/example_dags/example_bash_operator.py
[2026-08-12T04:47:48.428+0000] {logging_mixin.py:190} INFO - [2026-08-12T04:47:48.428+0000] {dag.py:3211} INFO - Sync 1 DAGs
[2026-08-12T04:47:48.460+0000] {logging_mixin.py:190} INFO - [2026-08-12T04:47:48.459+0000] {dag.py:4138} INFO - Setting next_dagrun for example_bash_operator to 2026-08-11 00:00:00+00:00, run_after=2026-08-12 00:00:00+00:00
[2026-08-12T04:47:48.484+0000] {processor.py:208} INFO - Processing /home/airflow/.local/lib/python3.12/site-packages/airflow/example_dags/example_bash_operator.py took 0.107 seconds
[2026-08-12T04:48:18.833+0000] {processor.py:186} INFO - Started process (PID=2061) to work on /home/airflow/.local/lib/python3.12/site-packages/airflow/example_dags/example_bash_operator.py
[2026-08-12T04:48:18.834+0000] {processor.py:914} INFO - Processing file /home/airflow/.local/lib/python3.12/site-packages/airflow/example_dags/example_bash_operator.py for tasks to queue
[2026-08-12T04:48:18.837+0000] {logging_mixin.py:190} INFO - [2026-08-12T04:48:18.837+0000] {dagbag.py:587} INFO - Filling up the DagBag from /home/airflow/.local/lib/python3.12/site-packages/airflow/example_dags/example_bash_operator.py
[2026-08-12T04:48:18.850+0000] {processor.py:925} INFO - DAG(s) 'example_bash_operator' retrieved from /home/airflow/.local/lib/python3.12/site-packages/airflow/example_dags/example_bash_operator.py
[2026-08-12T04:48:18.875+0000] {logging_mixin.py:190} INFO - [2026-08-12T04:48:18.874+0000] {dag.py:3211} INFO - Sync 1 DAGs
[2026-08-12T04:48:18.896+0000] {logging_mixin.py:190} INFO - [2026-08-12T04:48:18.896+0000] {dag.py:4138} INFO - Setting next_dagrun for example_bash_operator to 2026-08-11 00:00:00+00:00, run_after=2026-08-12 00:00:00+00:00
[2026-08-12T04:48:18.916+0000] {processor.py:208} INFO - Processing /home/airflow/.local/lib/python3.12/site-packages/airflow/example_dags/example_bash_operator.py took 0.090 seconds
