[2026-08-12T04:31:58.898+0000] {processor.py:186} INFO - Started process (PID=80) to work on /home/airflow/.local/lib/python3.12/site-packages/airflow/example_dags/example_branch_operator.py
[2026-08-12T04:31:58.901+0000] {processor.py:914} INFO - Processing file /home/airflow/.local/lib/python3.12/site-packages/airflow/example_dags/example_branch_operator.py for tasks to queue
[2026-08-12T04:31:58.906+0000] {logging_mixin.py:190} INFO - [2026-08-12T04:31:58.905+0000] {dagbag.py:587} INFO - Filling up the DagBag from /home/airflow/.local/lib/python3.12/site-packages/airflow/example_dags/example_branch_operator.py
[2026-08-12T04:31:58.937+0000] {processor.py:925} INFO - DAG(s) 'example_branch_operator' retrieved from /home/airflow/.local/lib/python3.12/site-packages/airflow/example_dags/example_branch_operator.py
[2026-08-12T04:31:59.095+0000] {logging_mixin.py:190} INFO - [2026-08-12T04:31:59.094+0000] {override.py:1858} INFO - Created Permission View: can read on DAG:example_branch_operator
[2026-08-12T04:31:59.108+0000] {logging_mixin.py:190} INFO - [2026-08-12T04:31:59.107+0000] {override.py:1858} INFO - Created Permission View: can delete on DAG:example_branch_operator
[2026-08-12T04:31:59.117+0000] {logging_mixin.py:190} INFO - [2026-08-12T04:31:59.117+0000] {override.py:1858} INFO - Created Permission View: can edit on DAG:example_branch_operator
[2026-08-12T04:31:59.119+0000] {logging_mixin.py:190} INFO - [2026-08-12T04:31:59.118+0000] {dag.py:3211} INFO - Sync 1 DAGs
[2026-08-12T04:31:59.137+0000] {logging_mixin.py:190} INFO - [2026-08-12T04:31:59.137+0000] {dag.py:3234} INFO - Creating ORM DAG for example_branch_operator
[2026-08-12T04:31:59.154+0000] {logging_mixin.py:190} INFO - [2026-08-12T04:31:59.153+0000] {dag.py:4138} INFO - Setting next_dagrun for example_branch_operator to 2026-08-11 00:00:00+00:00, run_after=2026-08-12 00:00:00+00:00
[2026-08-12T04:31:59.178+0000] {processor.py:208} INFO - Processing /home/airflow/.local/lib/python3.12/site-packages/airflow/example_dags/example_branch_operator.py took 0.289 seconds
[2026-08-12T04:32:29.696+0000] {processor.py:186} INFO - Started process (PID=142) to work on /home/airflow/.local/lib/python3.12/site-packages/airflow/example_dags/example_branch_operator.py
[2026-08-12T04:32:29.698+0000] {processor.py:914} INFO - Processing file /home/airflow/.local/lib/python3.12/site-packages/airflow/example_dags/example_branch_operator.py for tasks to queue
[2026-08-12T04:32:29.702+0000] {logging_mixin.py:190} INFO - [2026-08-12T04:32:29.701+0000] {dagbag.py:587} INFO - Filling up the DagBag from /home/airflow/.local/lib/python3.12/site-packages/airflow/example_dags/example_branch_operator.py
[2026-08-12T04:32:29.729+0000] {processor.py:925} INFO - DAG(s) 'example_branch_operator' retrieved from /home/airflow/.local/lib/python3.12/site-packages/airflow/example_dags/example_branch_operator.py
[2026-08-12T04:32:29.764+0000] {logging_mixin.py:190} INFO - [2026-08-12T04:32:29.763+0000] {dag.py:3211} INFO - Sync 1 DAGs
[2026-08-12T04:32:29.797+0000] {logging_mixin.py:190} INFO - [2026-08-12T04:32:29.797+0000] {dag.py:4138} INFO - Setting next_dagrun for example_branch_operator to 2026-08-11 00:00:00+00:00, run_after=2026-08-12 00:00:00+00:00
[2026-08-12T04:32:29.819+0000] {processor.py:208} INFO - Processing /home/airflow/.local/lib/python3.12/site-packages/airflow/example_dags/example_branch_operator.py took 0.131 seconds
[2026-08-12T04:33:00.627+0000] {processor.py:186} INFO - Started process (PID=204) to work on /home/airflow/.local/lib/python3.12/site-packages/airflow/example_dags/example_branch_operator.py
[2026-08-12T04:33:00.629+0000] {processor.py:914} INFO - Processing file /home/airflow/.local/lib/python3.12/site-packages/airflow/example_dags/example_branch_operator.py for tasks to queue
[2026-08-12T04:33:00.633+0000] {logging_mixin.py:190} INFO - [2026-08-12T04:33:00.632+0000] {dagbag.py:587} INFO - Filling up the DagBag from /home/airflow/.local/lib/python3.12/site-packages/airflow/example_dags/example_branch_operator.py
[2026-08-12T04:33:00.655+0000] {processor.py:925} INFO - DAG(s) 'example_branch_operator' retrieved from /home/airflow/.local/lib/python3.12/site-packages/airflow/example_dags/example_branch_operator.py
[2026-08-12T04:33:00.702+0000] {logging_mixin.py:190} INFO - [2026-08-12T04:33:00.702+0000] {dag.py:3211} INFO - Sync 1 DAGs
[2026-08-12T04:33:00.730+0000] {logging_mixin.py:190} INFO - [2026-08-12T04:33:00.730+0000] {dag.py:4138} INFO - Setting next_dagrun for example_branch_operator to 2026-08-11 00:00:00+00:00, run_after=2026-08-12 00:00:00+00:00
[2026-08-12T04:33:00.766+0000] {processor.py:208} INFO - Processing /home/airflow/.local/lib/python3.12/site-packages/airflow/example_dags/example_branch_operator.py took 0.148 seconds
[2026-08-12T04:33:30.918+0000] {processor.py:186} INFO - Started process (PID=266) to work on /home/airflow/.local/lib/python3.12/site-packages/airflow/example_dags/example_branch_operator.py
[2026-08-12T04:33:30.920+0000] {processor.py:914} INFO - Processing file /home/airflow/.local/lib/python3.12/site-packages/airflow/example_dags/example_branch_operator.py for tasks to queue
[2026-08-12T04:33:30.923+0000] {logging_mixin.py:190} INFO - [2026-08-12T04:33:30.922+0000] {dagbag.py:587} INFO - Filling up the DagBag from /home/airflow/.local/lib/python3.12/site-packages/airflow/example_dags/example_branch_operator.py
[2026-08-12T04:33:30.944+0000] {processor.py:925} INFO - DAG(s) 'example_branch_operator' retrieved from /home/airflow/.local/lib/python3.12/site-packages/airflow/example_dags/example_branch_operator.py
[2026-08-12T04:33:30.974+0000] {logging_mixin.py:190} INFO - [2026-08-12T04:33:30.974+0000] {dag.py:3211} INFO - Sync 1 DAGs
[2026-08-12T04:33:31.003+0000] {logging_mixin.py:190} INFO - [2026-08-12T04:33:31.003+0000] {dag.py:4138} INFO - Setting next_dagrun for example_branch_operator to 2026-08-11 00:00:00+00:00, run_after=2026-08-12 00:00:00+00:00
[2026-08-12T04:33:31.023+0000] {processor.py:208} INFO - Processing /home/airflow/.local/lib/python3.12/site-packages/airflow/example_dags/example_branch_operator.py took 0.112 seconds
[2026-08-12T04:34:01.593+0000] {processor.py:186} INFO - Started process (PID=328) to work on /home/airflow/.local/lib/python3.12/site-packages/airflow/example_dags/example_branch_operator.py
[2026-08-12T04:34:01.596+0000] {processor.py:914} INFO - Processing file /home/airflow/.local/lib/python3.12/site-packages/airflow/example_dags/example_branch_operator.py for tasks to queue
[2026-08-12T04:34:01.601+0000] {logging_mixin.py:190} INFO - [2026-08-12T04:34:01.600+0000] {dagbag.py:587} INFO - Filling up the DagBag from /home/airflow/.local/lib/python3.12/site-packages/airflow/example_dags/example_branch_operator.py
[2026-08-12T04:34:01.630+0000] {processor.py:925} INFO - DAG(s) 'example_branch_operator' retrieved from /home/airflow/.local/lib/python3.12/site-packages/airflow/example_dags/example_branch_operator.py
[2026-08-12T04:34:01.689+0000] {logging_mixin.py:190} INFO - [2026-08-12T04:34:01.688+0000] {dag.py:3211} INFO - Sync 1 DAGs
[2026-08-12T04:34:01.736+0000] {logging_mixin.py:190} INFO - [2026-08-12T04:34:01.735+0000] {dag.py:4138} INFO - Setting next_dagrun for example_branch_operator to 2026-08-11 00:00:00+00:00, run_after=2026-08-12 00:00:00+00:00
[2026-08-12T04:34:01.767+0000] {processor.py:208} INFO - Processing /home/airflow/.local/lib/python3.12/site-packages/airflow/example_dags/example_branch_operator.py took 0.183 seconds
[2026-08-12T04:34:32.412+0000] {processor.py:186} INFO - Started process (PID=390) to work on /home/airflow/.local/lib/python3.12/site-packages/airflow/example_dags/example_branch_operator.py
[2026-08-12T04:34:32.414+0000] {processor.py:914} INFO - Processing file /home/airflow/.local/lib/python3.12/site-packages/airflow/example_dags/example_branch_operator.py for tasks to queue
[2026-08-12T04:34:32.418+0000] {logging_mixin.py:190} INFO - [2026-08-12T04:34:32.417+0000] {dagbag.py:587} INFO - Filling up the DagBag from /home/airflow/.local/lib/python3.12/site-packages/airflow/example_dags/example_branch_operator.py
[2026-08-12T04:34:32.440+0000] {processor.py:925} INFO - DAG(s) 'example_branch_operator' retrieved from /home/airflow/.local/lib/python3.12/site-packages/airflow/example_dags/example_branch_operator.py
[2026-08-12T04:34:32.468+0000] {logging_mixin.py:190} INFO - [2026-08-12T04:34:32.467+0000] {dag.py:3211} INFO - Sync 1 DAGs
[2026-08-12T04:34:32.492+0000] {logging_mixin.py:190} INFO - [2026-08-12T04:34:32.492+0000] {dag.py:4138} INFO - Setting next_dagrun for example_branch_operator to 2026-08-11 00:00:00+00:00, run_after=2026-08-12 00:00:00+00:00
[2026-08-12T04:34:32.512+0000] {processor.py:208} INFO - Processing /home/airflow/.local/lib/python3.12/site-packages/airflow/example_dags/example_branch_operator.py took 0.107 seconds
[2026-08-12T04:35:02.787+0000] {processor.py:186} INFO - Started process (PID=452) to work on /home/airflow/.local/lib/python3.12/site-packages/airflow/example_dags/example_branch_operator.py
[2026-08-12T04:35:02.789+0000] {processor.py:914} INFO - Processing file /home/airflow/.local/lib/python3.12/site-packages/airflow/example_dags/example_branch_operator.py for tasks to queue
[2026-08-12T04:35:02.792+0000] {logging_mixin.py:190} INFO - [2026-08-12T04:35:02.792+0000] {dagbag.py:587} INFO - Filling up the DagBag from /home/airflow/.local/lib/python3.12/site-packages/airflow/example_dags/example_branch_operator.py
[2026-08-12T04:35:02.810+0000] {processor.py:925} INFO - DAG(s) 'example_branch_operator' retrieved from /home/airflow/.local/lib/python3.12/site-packages/airflow/example_dags/example_branch_operator.py
[2026-08-12T04:35:02.840+0000] {logging_mixin.py:190} INFO - [2026-08-12T04:35:02.839+0000] {dag.py:3211} INFO - Sync 1 DAGs
[2026-08-12T04:35:02.863+0000] {logging_mixin.py:190} INFO - [2026-08-12T04:35:02.863+0000] {dag.py:4138} INFO - Setting next_dagrun for example_branch_operator to 2026-08-11 00:00:00+00:00, run_after=2026-08-12 00:00:00+00:00
[2026-08-12T04:35:02.884+0000] {processor.py:208} INFO - Processing /home/airflow/.local/lib/python3.12/site-packages/airflow/example_dags/example_branch_operator.py took 0.104 seconds
[2026-08-12T04:35:33.144+0000] {processor.py:186} INFO - Started process (PID=514) to work on /home/airflow/.local/lib/python3.12/site-packages/airflow/example_dags/example_branch_operator.py
[2026-08-12T04:35:33.148+0000] {processor.py:914} INFO - Processing file /home/airflow/.local/lib/python3.12/site-packages/airflow/example_dags/example_branch_operator.py for tasks to queue
[2026-08-12T04:35:33.152+0000] {logging_mixin.py:190} INFO - [2026-08-12T04:35:33.151+0000] {dagbag.py:587} INFO - Filling up the DagBag from /home/airflow/.local/lib/python3.12/site-packages/airflow/example_dags/example_branch_operator.py
[2026-08-12T04:35:33.172+0000] {processor.py:925} INFO - DAG(s) 'example_branch_operator' retrieved from /home/airflow/.local/lib/python3.12/site-packages/airflow/example_dags/example_branch_operator.py
[2026-08-12T04:35:33.200+0000] {logging_mixin.py:190} INFO - [2026-08-12T04:35:33.200+0000] {dag.py:3211} INFO - Sync 1 DAGs
[2026-08-12T04:35:33.226+0000] {logging_mixin.py:190} INFO - [2026-08-12T04:35:33.226+0000] {dag.py:4138} INFO - Setting next_dagrun for example_branch_operator to 2026-08-11 00:00:00+00:00, run_after=2026-08-12 00:00:00+00:00
[2026-08-12T04:35:33.246+0000] {processor.py:208} INFO - Processing /home/airflow/.local/lib/python3.12/site-packages/airflow/example_dags/example_branch_operator.py took 0.107 seconds
[2026-08-12T04:36:03.443+0000] {processor.py:186} INFO - Started process (PID=576) to work on /home/airflow/.local/lib/python3.12/site-packages/airflow/example_dags/example_branch_operator.py
[2026-08-12T04:36:03.445+0000] {processor.py:914} INFO - Processing file /home/airflow/.local/lib/python3.12/site-packages/airflow/example_dags/example_branch_operator.py for tasks to queue
[2026-08-12T04:36:03.448+0000] {logging_mixin.py:190} INFO - [2026-08-12T04:36:03.447+0000] {dagbag.py:587} INFO - Filling up the DagBag from /home/airflow/.local/lib/python3.12/site-packages/airflow/example_dags/example_branch_operator.py
[2026-08-12T04:36:03.465+0000] {processor.py:925} INFO - DAG(s) 'example_branch_operator' retrieved from /home/airflow/.local/lib/python3.12/site-packages/airflow/example_dags/example_branch_operator.py
[2026-08-12T04:36:03.498+0000] {logging_mixin.py:190} INFO - [2026-08-12T04:36:03.498+0000] {dag.py:3211} INFO - Sync 1 DAGs
[2026-08-12T04:36:03.519+0000] {logging_mixin.py:190} INFO - [2026-08-12T04:36:03.519+0000] {dag.py:4138} INFO - Setting next_dagrun for example_branch_operator to 2026-08-11 00:00:00+00:00, run_after=2026-08-12 00:00:00+00:00
[2026-08-12T04:36:03.538+0000] {processor.py:208} INFO - Processing /home/airflow/.local/lib/python3.12/site-packages/airflow/example_dags/example_branch_operator.py took 0.100 seconds
[2026-08-12T04:36:34.082+0000] {processor.py:186} INFO - Started process (PID=638) to work on /home/airflow/.local/lib/python3.12/site-packages/airflow/example_dags/example_branch_operator.py
[2026-08-12T04:36:34.085+0000] {processor.py:914} INFO - Processing file /home/airflow/.local/lib/python3.12/site-packages/airflow/example_dags/example_branch_operator.py for tasks to queue
[2026-08-12T04:36:34.090+0000] {logging_mixin.py:190} INFO - [2026-08-12T04:36:34.089+0000] {dagbag.py:587} INFO - Filling up the DagBag from /home/airflow/.local/lib/python3.12/site-packages/airflow/example_dags/example_branch_operator.py
[2026-08-12T04:36:34.127+0000] {processor.py:925} INFO - DAG(s) 'example_branch_operator' retrieved from /home/airflow/.local/lib/python3.12/site-packages/airflow/example_dags/example_branch_operator.py
[2026-08-12T04:36:34.162+0000] {logging_mixin.py:190} INFO - [2026-08-12T04:36:34.161+0000] {dag.py:3211} INFO - Sync 1 DAGs
[2026-08-12T04:36:34.188+0000] {logging_mixin.py:190} INFO - [2026-08-12T04:36:34.188+0000] {dag.py:4138} INFO - Setting next_dagrun for example_branch_operator to 2026-08-11 00:00:00+00:00, run_after=2026-08-12 00:00:00+00:00
[2026-08-12T04:36:34.207+0000] {processor.py:208} INFO - Processing /home/airflow/.local/lib/python3.12/site-packages/airflow/example_dags/example_branch_operator.py took 0.136 seconds
[2026-08-12T04:37:04.770+0000] {processor.py:186} INFO - Started process (PID=700) to work on /home/airflow/.local/lib/python3.12/site-packages/airflow/example_dags/example_branch_operator.py
[2026-08-12T04:37:04.771+0000] {processor.py:914} INFO - Processing file /home/airflow/.local/lib/python3.12/site-packages/airflow/example_dags/example_branch_operator.py for tasks to queue
[2026-08-12T04:37:04.774+0000] {logging_mixin.py:190} INFO - [2026-08-12T04:37:04.774+0000] {dagbag.py:587} INFO - Filling up the DagBag from /home/airflow/.local/lib/python3.12/site-packages/airflow/example_dags/example_branch_operator.py
[2026-08-12T04:37:04.794+0000] {processor.py:925} INFO - DAG(s) 'example_branch_operator' retrieved from /home/airflow/.local/lib/python3.12/site-packages/airflow/example_dags/example_branch_operator.py
[2026-08-12T04:37:04.828+0000] {logging_mixin.py:190} INFO - [2026-08-12T04:37:04.828+0000] {dag.py:3211} INFO - Sync 1 DAGs
[2026-08-12T04:37:04.873+0000] {logging_mixin.py:190} INFO - [2026-08-12T04:37:04.873+0000] {dag.py:4138} INFO - Setting next_dagrun for example_branch_operator to 2026-08-11 00:00:00+00:00, run_after=2026-08-12 00:00:00+00:00
[2026-08-12T04:37:04.897+0000] {processor.py:208} INFO - Processing /home/airflow/.local/lib/python3.12/site-packages/airflow/example_dags/example_branch_operator.py took 0.135 seconds
[2026-08-12T04:37:35.052+0000] {processor.py:186} INFO - Started process (PID=762) to work on /home/airflow/.local/lib/python3.12/site-packages/airflow/example_dags/example_branch_operator.py
[2026-08-12T04:37:35.054+0000] {processor.py:914} INFO - Processing file /home/airflow/.local/lib/python3.12/site-packages/airflow/example_dags/example_branch_operator.py for tasks to queue
[2026-08-12T04:37:35.056+0000] {logging_mixin.py:190} INFO - [2026-08-12T04:37:35.056+0000] {dagbag.py:587} INFO - Filling up the DagBag from /home/airflow/.local/lib/python3.12/site-packages/airflow/example_dags/example_branch_operator.py
[2026-08-12T04:37:35.082+0000] {processor.py:925} INFO - DAG(s) 'example_branch_operator' retrieved from /home/airflow/.local/lib/python3.12/site-packages/airflow/example_dags/example_branch_operator.py
[2026-08-12T04:37:35.123+0000] {logging_mixin.py:190} INFO - [2026-08-12T04:37:35.123+0000] {dag.py:3211} INFO - Sync 1 DAGs
[2026-08-12T04:37:35.169+0000] {logging_mixin.py:190} INFO - [2026-08-12T04:37:35.168+0000] {dag.py:4138} INFO - Setting next_dagrun for example_branch_operator to 2026-08-11 00:00:00+00:00, run_after=2026-08-12 00:00:00+00:00
[2026-08-12T04:37:35.192+0000] {processor.py:208} INFO - Processing /home/airflow/.local/lib/python3.12/site-packages/airflow/example_dags/example_branch_operator.py took 0.146 seconds
[2026-08-12T04:38:05.880+0000] {processor.py:186} INFO - Started process (PID=824) to work on /home/airflow/.local/lib/python3.12/site-packages/airflow/example_dags/example_branch_operator.py
[2026-08-12T04:38:05.882+0000] {processor.py:914} INFO - Processing file /home/airflow/.local/lib/python3.12/site-packages/airflow/example_dags/example_branch_operator.py for tasks to queue
[2026-08-12T04:38:05.885+0000] {logging_mixin.py:190} INFO - [2026-08-12T04:38:05.884+0000] {dagbag.py:587} INFO - Filling up the DagBag from /home/airflow/.local/lib/python3.12/site-packages/airflow/example_dags/example_branch_operator.py
[2026-08-12T04:38:05.902+0000] {processor.py:925} INFO - DAG(s) 'example_branch_operator' retrieved from /home/airflow/.local/lib/python3.12/site-packages/airflow/example_dags/example_branch_operator.py
[2026-08-12T04:38:05.944+0000] {logging_mixin.py:190} INFO - [2026-08-12T04:38:05.944+0000] {dag.py:3211} INFO - Sync 1 DAGs
[2026-08-12T04:38:05.967+0000] {logging_mixin.py:190} INFO - [2026-08-12T04:38:05.967+0000] {dag.py:4138} INFO - Setting next_dagrun for example_branch_operator to 2026-08-11 00:00:00+00:00, run_after=2026-08-12 00:00:00+00:00
[2026-08-12T04:38:06.000+0000] {processor.py:208} INFO - Processing /home/airflow/.local/lib/python3.12/site-packages/airflow/example_dags/example_branch_operator.py took 0.127 seconds
[2026-08-12T04:38:36.693+0000] {processor.py:186} INFO - Started process (PID=886) to work on /home/airflow/.local/lib/python3.12/site-packages/airflow/example_dags/example_branch_operator.py
[2026-08-12T04:38:36.695+0000] {processor.py:914} INFO - Processing file /home/airflow/.local/lib/python3.12/site-packages/airflow/example_dags/example_branch_operator.py for tasks to queue
[2026-08-12T04:38:36.700+0000] {logging_mixin.py:190} INFO - [2026-08-12T04:38:36.700+0000] {dagbag.py:587} INFO - Filling up the DagBag from /home/airflow/.local/lib/python3.12/site-packages/airflow/example_dags/example_branch_operator.py
[2026-08-12T04:38:36.728+0000] {processor.py:925} INFO - DAG(s) 'example_branch_operator' retrieved from /home/airflow/.local/lib/python3.12/site-packages/airflow/example_dags/example_branch_operator.py
[2026-08-12T04:38:36.764+0000] {logging_mixin.py:190} INFO - [2026-08-12T04:38:36.764+0000] {dag.py:3211} INFO - Sync 1 DAGs
[2026-08-12T04:38:36.792+0000] {logging_mixin.py:190} INFO - [2026-08-12T04:38:36.791+0000] {dag.py:4138} INFO - Setting next_dagrun for example_branch_operator to 2026-08-11 00:00:00+00:00, run_after=2026-08-12 00:00:00+00:00
[2026-08-12T04:38:36.814+0000] {processor.py:208} INFO - Processing /home/airflow/.local/lib/python3.12/site-packages/airflow/example_dags/example_branch_operator.py took 0.139 seconds
[2026-08-12T04:39:07.535+0000] {processor.py:186} INFO - Started process (PID=948) to work on /home/airflow/.local/lib/python3.12/site-packages/airflow/example_dags/example_branch_operator.py
[2026-08-12T04:39:07.537+0000] {processor.py:914} INFO - Processing file /home/airflow/.local/lib/python3.12/site-packages/airflow/example_dags/example_branch_operator.py for tasks to queue
[2026-08-12T04:39:07.541+0000] {logging_mixin.py:190} INFO - [2026-08-12T04:39:07.540+0000] {dagbag.py:587} INFO - Filling up the DagBag from /home/airflow/.local/lib/python3.12/site-packages/airflow/example_dags/example_branch_operator.py
[2026-08-12T04:39:07.563+0000] {processor.py:925} INFO - DAG(s) 'example_branch_operator' retrieved from /home/airflow/.local/lib/python3.12/site-packages/airflow/example_dags/example_branch_operator.py
[2026-08-12T04:39:07.611+0000] {logging_mixin.py:190} INFO - [2026-08-12T04:39:07.610+0000] {dag.py:3211} INFO - Sync 1 DAGs
[2026-08-12T04:39:07.644+0000] {logging_mixin.py:190} INFO - [2026-08-12T04:39:07.643+0000] {dag.py:4138} INFO - Setting next_dagrun for example_branch_operator to 2026-08-11 00:00:00+00:00, run_after=2026-08-12 00:00:00+00:00
[2026-08-12T04:39:07.681+0000] {processor.py:208} INFO - Processing /home/airflow/.local/lib/python3.12/site-packages/airflow/example_dags/example_branch_operator.py took 0.155 seconds
[2026-08-12T04:39:38.551+0000] {processor.py:186} INFO - Started process (PID=1010) to work on /home/airflow/.local/lib/python3.12/site-packages/airflow/example_dags/example_branch_operator.py
[2026-08-12T04:39:38.553+0000] {processor.py:914} INFO - Processing file /home/airflow/.local/lib/python3.12/site-packages/airflow/example_dags/example_branch_operator.py for tasks to queue
[2026-08-12T04:39:38.557+0000] {logging_mixin.py:190} INFO - [2026-08-12T04:39:38.556+0000] {dagbag.py:587} INFO - Filling up the DagBag from /home/airflow/.local/lib/python3.12/site-packages/airflow/example_dags/example_branch_operator.py
[2026-08-12T04:39:38.580+0000] {processor.py:925} INFO - DAG(s) 'example_branch_operator' retrieved from /home/airflow/.local/lib/python3.12/site-packages/airflow/example_dags/example_branch_operator.py
[2026-08-12T04:39:38.643+0000] {logging_mixin.py:190} INFO - [2026-08-12T04:39:38.642+0000] {dag.py:3211} INFO - Sync 1 DAGs
[2026-08-12T04:39:38.695+0000] {logging_mixin.py:190} INFO - [2026-08-12T04:39:38.695+0000] {dag.py:4138} INFO - Setting next_dagrun for example_branch_operator to 2026-08-11 00:00:00+00:00, run_after=2026-08-12 00:00:00+00:00
[2026-08-12T04:39:38.715+0000] {processor.py:208} INFO - Processing /home/airflow/.local/lib/python3.12/site-packages/airflow/example_dags/example_branch_operator.py took 0.169 seconds
[2026-08-12T04:40:08.826+0000] {processor.py:186} INFO - Started process (PID=1072) to work on /home/airflow/.local/lib/python3.12/site-packages/airflow/example_dags/example_branch_operator.py
[2026-08-12T04:40:08.827+0000] {processor.py:914} INFO - Processing file /home/airflow/.local/lib/python3.12/site-packages/airflow/example_dags/example_branch_operator.py for tasks to queue
[2026-08-12T04:40:08.831+0000] {logging_mixin.py:190} INFO - [2026-08-12T04:40:08.830+0000] {dagbag.py:587} INFO - Filling up the DagBag from /home/airflow/.local/lib/python3.12/site-packages/airflow/example_dags/example_branch_operator.py
[2026-08-12T04:40:08.849+0000] {processor.py:925} INFO - DAG(s) 'example_branch_operator' retrieved from /home/airflow/.local/lib/python3.12/site-packages/airflow/example_dags/example_branch_operator.py
[2026-08-12T04:40:08.887+0000] {logging_mixin.py:190} INFO - [2026-08-12T04:40:08.886+0000] {dag.py:3211} INFO - Sync 1 DAGs
[2026-08-12T04:40:08.916+0000] {logging_mixin.py:190} INFO - [2026-08-12T04:40:08.916+0000] {dag.py:4138} INFO - Setting next_dagrun for example_branch_operator to 2026-08-11 00:00:00+00:00, run_after=2026-08-12 00:00:00+00:00
[2026-08-12T04:40:08.953+0000] {processor.py:208} INFO - Processing /home/airflow/.local/lib/python3.12/site-packages/airflow/example_dags/example_branch_operator.py took 0.133 seconds
[2026-08-12T04:40:39.800+0000] {processor.py:186} INFO - Started process (PID=1134) to work on /home/airflow/.local/lib/python3.12/site-packages/airflow/example_dags/example_branch_operator.py
[2026-08-12T04:40:39.801+0000] {processor.py:914} INFO - Processing file /home/airflow/.local/lib/python3.12/site-packages/airflow/example_dags/example_branch_operator.py for tasks to queue
[2026-08-12T04:40:39.804+0000] {logging_mixin.py:190} INFO - [2026-08-12T04:40:39.804+0000] {dagbag.py:587} INFO - Filling up the DagBag from /home/airflow/.local/lib/python3.12/site-packages/airflow/example_dags/example_branch_operator.py
[2026-08-12T04:40:39.822+0000] {processor.py:925} INFO - DAG(s) 'example_branch_operator' retrieved from /home/airflow/.local/lib/python3.12/site-packages/airflow/example_dags/example_branch_operator.py
[2026-08-12T04:40:39.852+0000] {logging_mixin.py:190} INFO - [2026-08-12T04:40:39.851+0000] {dag.py:3211} INFO - Sync 1 DAGs
[2026-08-12T04:40:39.876+0000] {logging_mixin.py:190} INFO - [2026-08-12T04:40:39.875+0000] {dag.py:4138} INFO - Setting next_dagrun for example_branch_operator to 2026-08-11 00:00:00+00:00, run_after=2026-08-12 00:00:00+00:00
[2026-08-12T04:40:39.898+0000] {processor.py:208} INFO - Processing /home/airflow/.local/lib/python3.12/site-packages/airflow/example_dags/example_branch_operator.py took 0.106 seconds
[2026-08-12T04:41:10.259+0000] {processor.py:186} INFO - Started process (PID=1196) to work on /home/airflow/.local/lib/python3.12/site-packages/airflow/example_dags/example_branch_operator.py
[2026-08-12T04:41:10.260+0000] {processor.py:914} INFO - Processing file /home/airflow/.local/lib/python3.12/site-packages/airflow/example_dags/example_branch_operator.py for tasks to queue
[2026-08-12T04:41:10.263+0000] {logging_mixin.py:190} INFO - [2026-08-12T04:41:10.263+0000] {dagbag.py:587} INFO - Filling up the DagBag from /home/airflow/.local/lib/python3.12/site-packages/airflow/example_dags/example_branch_operator.py
[2026-08-12T04:41:10.283+0000] {processor.py:925} INFO - DAG(s) 'example_branch_operator' retrieved from /home/airflow/.local/lib/python3.12/site-packages/airflow/example_dags/example_branch_operator.py
[2026-08-12T04:41:10.315+0000] {logging_mixin.py:190} INFO - [2026-08-12T04:41:10.314+0000] {dag.py:3211} INFO - Sync 1 DAGs
[2026-08-12T04:41:10.338+0000] {logging_mixin.py:190} INFO - [2026-08-12T04:41:10.338+0000] {dag.py:4138} INFO - Setting next_dagrun for example_branch_operator to 2026-08-11 00:00:00+00:00, run_after=2026-08-12 00:00:00+00:00
[2026-08-12T04:41:10.359+0000] {processor.py:208} INFO - Processing /home/airflow/.local/lib/python3.12/site-packages/airflow/example_dags/example_branch_operator.py took 0.107 seconds
[2026-08-12T04:41:40.977+0000] {processor.py:186} INFO - Started process (PID=1258) to work on /home/airflow/.local/lib/python3.12/site-packages/airflow/example_dags/example_branch_operator.py
[2026-08-12T04:41:40.978+0000] {processor.py:914} INFO - Processing file /home/airflow/.local/lib/python3.12/site-packages/airflow/example_dags/example_branch_operator.py for tasks to queue
[2026-08-12T04:41:40.982+0000] {logging_mixin.py:190} INFO - [2026-08-12T04:41:40.982+0000] {dagbag.py:587} INFO - Filling up the DagBag from /home/airflow/.local/lib/python3.12/site-packages/airflow/example_dags/example_branch_operator.py
[2026-08-12T04:41:41.004+0000] {processor.py:925} INFO - DAG(s) 'example_branch_operator' retrieved from /home/airflow/.local/lib/python3.12/site-packages/airflow/example_dags/example_branch_operator.py
[2026-08-12T04:41:41.037+0000] {logging_mixin.py:190} INFO - [2026-08-12T04:41:41.036+0000] {dag.py:3211} INFO - Sync 1 DAGs
[2026-08-12T04:41:41.064+0000] {logging_mixin.py:190} INFO - [2026-08-12T04:41:41.063+0000] {dag.py:4138} INFO - Setting next_dagrun for example_branch_operator to 2026-08-11 00:00:00+00:00, run_after=2026-08-12 00:00:00+00:00
[2026-08-12T04:41:41.084+0000] {processor.py:208} INFO - Processing /home/airflow/.local/lib/python3.12/site-packages/airflow/example_dags/example_branch_operator.py took 0.115 seconds
[2026-08-12T04:42:11.343+0000] {processor.py:186} INFO - Started process (PID=1320) to work on /home/airflow/.local/lib/python3.12/site-packages/airflow/example_dags/example_branch_operator.py
[2026-08-12T04:42:11.344+0000] {processor.py:914} INFO - Processing file /home/airflow/.local/lib/python3.12/site-packages/airflow/example_dags/example_branch_operator.py for tasks to queue
[2026-08-12T04:42:11.348+0000] {logging_mixin.py:190} INFO - [2026-08-12T04:42:11.347+0000] {dagbag.py:587} INFO - Filling up the DagBag from /home/airflow/.local/lib/python3.12/site-packages/airflow/example_dags/example_branch_operator.py
[2026-08-12T04:42:11.367+0000] {processor.py:925} INFO - DAG(s) 'example_branch_operator' retrieved from /home/airflow/.local/lib/python3.12/site-packages/airflow/example_dags/example_branch_operator.py
[2026-08-12T04:42:11.397+0000] {logging_mixin.py:190} INFO - [2026-08-12T04:42:11.397+0000] {dag.py:3211} INFO - Sync 1 DAGs
[2026-08-12T04:42:11.425+0000] {logging_mixin.py:190} INFO - [2026-08-12T04:42:11.425+0000] {dag.py:4138} INFO - Setting next_dagrun for example_branch_operator to 2026-08-11 00:00:00+00:00, run_after=2026-08-12 00:00:00+00:00
[2026-08-12T04:42:11.446+0000] {processor.py:208} INFO - Processing /home/airflow/.local/lib/python3.12/site-packages/airflow/example_dags/example_branch_operator.py took 0.109 seconds
[2026-08-12T04:42:42.181+0000] {processor.py:186} INFO - Started process (PID=1382) to work on /home/airflow/.local/lib/python3.12/site-packages/airflow/example_dags/example_branch_operator.py
[2026-08-12T04:42:42.183+0000] {processor.py:914} INFO - Processing file /home/airflow/.local/lib/python3.12/site-packages/airflow/example_dags/example_branch_operator.py for tasks to queue
[2026-08-12T04:42:42.186+0000] {logging_mixin.py:190} INFO - [2026-08-12T04:42:42.185+0000] {dagbag.py:587} INFO - Filling up the DagBag from /home/airflow/.local/lib/python3.12/site-packages/airflow/example_dags/example_branch_operator.py
[2026-08-12T04:42:42.203+0000] {processor.py:925} INFO - DAG(s) 'example_branch_operator' retrieved from /home/airflow/.local/lib/python3.12/site-packages/airflow/example_dags/example_branch_operator.py
[2026-08-12T04:42:42.230+0000] {logging_mixin.py:190} INFO - [2026-08-12T04:42:42.230+0000] {dag.py:3211} INFO - Sync 1 DAGs
[2026-08-12T04:42:42.256+0000] {logging_mixin.py:190} INFO - [2026-08-12T04:42:42.256+0000] {dag.py:4138} INFO - Setting next_dagrun for example_branch_operator to 2026-08-11 00:00:00+00:00, run_after=2026-08-12 00:00:00+00:00
[2026-08-12T04:42:42.277+0000] {processor.py:208} INFO - Processing /home/airflow/.local/lib/python3.12/site-packages/airflow/example_dags/example_branch_operator.py took 0.101 seconds
[2026-08-12T04:43:12.539+0000] {processor.py:186} INFO - Started process (PID=1444) to work on /home/airflow/.local/lib/python3.12/site-packages/airflow/example_dags/example_branch_operator.py
[2026-08-12T04:43:12.540+0000] {processor.py:914} INFO - Processing file /home/airflow/.local/lib/python3.12/site-packages/airflow/example_dags/example_branch_operator.py for tasks to queue
[2026-08-12T04:43:12.543+0000] {logging_mixin.py:190} INFO - [2026-08-12T04:43:12.543+0000] {dagbag.py:587} INFO - Filling up the DagBag from /home/airflow/.local/lib/python3.12/site-packages/airflow/example_dags/example_branch_operator.py
[2026-08-12T04:43:12.570+0000] {processor.py:925} INFO - DAG(s) 'example_branch_operator' retrieved from /home/airflow/.local/lib/python3.12/site-packages/airflow/example_dags/example_branch_operator.py
[2026-08-12T04:43:12.607+0000] {logging_mixin.py:190} INFO - [2026-08-12T04:43:12.606+0000] {dag.py:3211} INFO - Sync 1 DAGs
[2026-08-12T04:43:12.653+0000] {logging_mixin.py:190} INFO - [2026-08-12T04:43:12.653+0000] {dag.py:4138} INFO - Setting next_dagrun for example_branch_operator to 2026-08-11 00:00:00+00:00, run_after=2026-08-12 00:00:00+00:00
[2026-08-12T04:43:12.676+0000] {processor.py:208} INFO - Processing /home/airflow/.local/lib/python3.12/site-packages/airflow/example_dags/example_branch_operator.py took 0.144 seconds
[2026-08-12T04:43:42.929+0000] {processor.py:186} INFO - Started process (PID=1506) to work on /home/airflow/.local/lib/python3.12/site-packages/airflow/example_dags/example_branch_operator.py
[2026-08-12T04:43:42.944+0000] {processor.py:914} INFO - Processing file /home/airflow/.local/lib/python3.12/site-packages/airflow/example_dags/example_branch_operator.py for tasks to queue
[2026-08-12T04:43:42.948+0000] {logging_mixin.py:190} INFO - [2026-08-12T04:43:42.947+0000] {dagbag.py:587} INFO - Filling up the DagBag from /home/airflow/.local/lib/python3.12/site-packages/airflow/example_dags/example_branch_operator.py
[2026-08-12T04:43:42.967+0000] {processor.py:925} INFO - DAG(s) 'example_branch_operator' retrieved from /home/airflow/.local/lib/python3.12/site-packages/airflow/example_dags/example_branch_operator.py
[2026-08-12T04:43:42.996+0000] {logging_mixin.py:190} INFO - [2026-08-12T04:43:42.996+0000] {dag.py:3211} INFO - Sync 1 DAGs
[2026-08-12T04:43:43.022+0000] {logging_mixin.py:190} INFO - [2026-08-12T04:43:43.021+0000] {dag.py:4138} INFO - Setting next_dagrun for example_branch_operator to 2026-08-11 00:00:00+00:00, run_after=2026-08-12 00:00:00+00:00
[2026-08-12T04:43:43.045+0000] {processor.py:208} INFO - Processing /home/airflow/.local/lib/python3.12/site-packages/airflow/example_dags/example_branch_operator.py took 0.122 seconds
[2026-08-12T04:44:13.543+0000] {processor.py:186} INFO - Started process (PID=1568) to work on /home/airflow/.local/lib/python3.12/site-packages/airflow/example_dags/example_branch_operator.py
[2026-08-12T04:44:13.545+0000] {processor.py:914} INFO - Processing file /home/airflow/.local/lib/python3.12/site-packages/airflow/example_dags/example_branch_operator.py for tasks to queue
[2026-08-12T04:44:13.548+0000] {logging_mixin.py:190} INFO - [2026-08-12T04:44:13.547+0000] {dagbag.py:587} INFO - Filling up the DagBag from /home/airflow/.local/lib/python3.12/site-packages/airflow/example_dags/example_branch_operator.py
[2026-08-12T04:44:13.566+0000] {processor.py:925} INFO - DAG(s) 'example_branch_operator' retrieved from /home/airflow/.local/lib/python3.12/site-packages/airflow/example_dags/example_branch_operator.py
[2026-08-12T04:44:13.595+0000] {logging_mixin.py:190} INFO - [2026-08-12T04:44:13.594+0000] {dag.py:3211} INFO - Sync 1 DAGs
[2026-08-12T04:44:13.619+0000] {logging_mixin.py:190} INFO - [2026-08-12T04:44:13.619+0000] {dag.py:4138} INFO - Setting next_dagrun for example_branch_operator to 2026-08-11 00:00:00+00:00, run_after=2026-08-12 00:00:00+00:00
[2026-08-12T04:44:13.643+0000] {processor.py:208} INFO - Processing /home/airflow/.local/lib/python3.12/site-packages/airflow/example_dags/example_branch_operator.py took 0.107 seconds
[2026-08-12T04:44:43.928+0000] {processor.py:186} INFO - Started process (PID=1630) to work on /home/airflow/.local/lib/python3.12/site-packages/airflow/example_dags/example_branch_operator.py
[2026-08-12T04:44:43.933+0000] {processor.py:914} INFO - Processing file /home/airflow/.local/lib/python3.12/site-packages/airflow/example_dags/example_branch_operator.py for tasks to queue
[2026-08-12T04:44:43.936+0000] {logging_mixin.py:190} INFO - [2026-08-12T04:44:43.935+0000] {dagbag.py:587} INFO - Filling up the DagBag from /home/airflow/.local/lib/python3.12/site-packages/airflow/example_dags/example_branch_operator.py
[2026-08-12T04:44:43.958+0000] {processor.py:925} INFO - DAG(s) 'example_branch_operator' retrieved from /home/airflow/.local/lib/python3.12/site-packages/airflow/example_dags/example_branch_operator.py
[2026-08-12T04:44:43.984+0000] {logging_mixin.py:190} INFO - [2026-08-12T04:44:43.984+0000] {dag.py:3211} INFO - Sync 1 DAGs
[2026-08-12T04:44:44.009+0000] {logging_mixin.py:190} INFO - [2026-08-12T04:44:44.008+0000] {dag.py:4138} INFO - Setting next_dagrun for example_branch_operator to 2026-08-11 00:00:00+00:00, run_after=2026-08-12 00:00:00+00:00
[2026-08-12T04:44:44.031+0000] {processor.py:208} INFO - Processing /home/airflow/.local/lib/python3.12/site-packages/airflow/example_dags/example_branch_operator.py took 0.109 seconds
[2026-08-12T04:45:14.450+0000] {processor.py:186} INFO - Started process (PID=1692) to work on /home/airflow/.local/lib/python3.12/site-packages/airflow/example_dags/example_branch_operator.py
[2026-08-12T04:45:14.452+0000] {processor.py:914} INFO - Processing file /home/airflow/.local/lib/python3.12/site-packages/airflow/example_dags/example_branch_operator.py for tasks to queue
[2026-08-12T04:45:14.457+0000] {logging_mixin.py:190} INFO - [2026-08-12T04:45:14.457+0000] {dagbag.py:587} INFO - Filling up the DagBag from /home/airflow/.local/lib/python3.12/site-packages/airflow/example_dags/example_branch_operator.py
[2026-08-12T04:45:14.493+0000] {processor.py:925} INFO - DAG(s) 'example_branch_operator' retrieved from /home/airflow/.local/lib/python3.12/site-packages/airflow/example_dags/example_branch_operator.py
[2026-08-12T04:45:14.526+0000] {logging_mixin.py:190} INFO - [2026-08-12T04:45:14.525+0000] {dag.py:3211} INFO - Sync 1 DAGs
[2026-08-12T04:45:14.559+0000] {logging_mixin.py:190} INFO - [2026-08-12T04:45:14.559+0000] {dag.py:4138} INFO - Setting next_dagrun for example_branch_operator to 2026-08-11 00:00:00+00:00, run_after=2026-08-12 00:00:00+00:00
[2026-08-12T04:45:14.578+0000] {processor.py:208} INFO - Processing /home/airflow/.local/lib/python3.12/site-packages/airflow/example_dags/example_branch_operator.py took 0.141 seconds
[2026-08-12T04:45:45.193+0000] {processor.py:186} INFO - Started process (PID=1754) to work on /home/airflow/.local/lib/python3.12/site-packages/airflow/example_dags/example_branch_operator.py
[2026-08-12T04:45:45.195+0000] {processor.py:914} INFO - Processing file /home/airflow/.local/lib/python3.12/site-packages/airflow/example_dags/example_branch_operator.py for tasks to queue
[2026-08-12T04:45:45.198+0000] {logging_mixin.py:190} INFO - [2026-08-12T04:45:45.197+0000] {dagbag.py:587} INFO - Filling up the DagBag from /home/airflow/.local/lib/python3.12/site-packages/airflow/example_dags/example_branch_operator.py
[2026-08-12T04:45:45.214+0000] {processor.py:925} INFO - DAG(s) 'example_branch_operator' retrieved from /home/airflow/.local/lib/python3.12/site-packages/airflow/example_dags/example_branch_operator.py
[2026-08-12T04:45:45.239+0000] {logging_mixin.py:190} INFO - [2026-08-12T04:45:45.239+0000] {dag.py:3211} INFO - Sync 1 DAGs
[2026-08-12T04:45:45.263+0000] {logging_mixin.py:190} INFO - [2026-08-12T04:45:45.263+0000] {dag.py:4138} INFO - Setting next_dagrun for example_branch_operator to 2026-08-11 00:00:00+00:00, run_after=2026-08-12 00:00:00+00:00
[2026-08-12T04:45:45.281+0000] {processor.py:208} INFO - Processing /home/airflow/.local/lib/python3.12/site-packages/airflow/example_dags/example_branch_operator.py took 0.095 seconds
[2026-08-12T04:46:15.921+0000] {processor.py:186} INFO - Started process (PID=1816) to work on /home/airflow/.local/lib/python3.12/site-packages/airflow/example_dags/example_branch_operator.py
[2026-08-12T04:46:15.923+0000] {processor.py:914} INFO - Processing file /home/airflow/.local/lib/python3.12/site-packages/airflow/example_dags/example_branch_operator.py for tasks to queue
[2026-08-12T04:46:15.927+0000] {logging_mixin.py:190} INFO - [2026-08-12T04:46:15.926+0000] {dagbag.py:587} INFO - Filling up the DagBag from /home/airflow/.local/lib/python3.12/site-packages/airflow/example_dags/example_branch_operator.py
[2026-08-12T04:46:15.951+0000] {processor.py:925} INFO - DAG(s) 'example_branch_operator' retrieved from /home/airflow/.local/lib/python3.12/site-packages/airflow/example_dags/example_branch_operator.py
[2026-08-12T04:46:15.984+0000] {logging_mixin.py:190} INFO - [2026-08-12T04:46:15.983+0000] {dag.py:3211} INFO - Sync 1 DAGs
[2026-08-12T04:46:16.011+0000] {logging_mixin.py:190} INFO - [2026-08-12T04:46:16.011+0000] {dag.py:4138} INFO - Setting next_dagrun for example_branch_operator to 2026-08-11 00:00:00+00:00, run_after=2026-08-12 00:00:00+00:00
[2026-08-12T04:46:16.035+0000] {processor.py:208} INFO - Processing /home/airflow/.local/lib/python3.12/site-packages/airflow/example_dags/example_branch_operator.py took 0.135 seconds
[2026-08-12T04:46:47.346+0000] {processor.py:186} INFO - Started process (PID=1878) to work on /home/airflow/.local/lib/python3.12/site-packages/airflow/example_dags/example_branch_operator.py
[2026-08-12T04:46:47.348+0000] {processor.py:914} INFO - Processing file /home/airflow/.local/lib/python3.12/site-packages/airflow/example_dags/example_branch_operator.py for tasks to queue
[2026-08-12T04:46:47.351+0000] {logging_mixin.py:190} INFO - [2026-08-12T04:46:47.351+0000] {dagbag.py:587} INFO - Filling up the DagBag from /home/airflow/.local/lib/python3.12/site-packages/airflow/example_dags/example_branch_operator.py
[2026-08-12T04:46:47.371+0000] {processor.py:925} INFO - DAG(s) 'example_branch_operator' retrieved from /home/airflow/.local/lib/python3.12/site-packages/airflow/example_dags/example_branch_operator.py
[2026-08-12T04:46:47.407+0000] {logging_mixin.py:190} INFO - [2026-08-12T04:46:47.402+0000] {dag.py:3211} INFO - Sync 1 DAGs
[2026-08-12T04:46:47.445+0000] {logging_mixin.py:190} INFO - [2026-08-12T04:46:47.445+0000] {dag.py:4138} INFO - Setting next_dagrun for example_branch_operator to 2026-08-11 00:00:00+00:00, run_after=2026-08-12 00:00:00+00:00
[2026-08-12T04:46:47.464+0000] {processor.py:208} INFO - Processing /home/airflow/.local/lib/python3.12/site-packages/airflow/example_dags/example_branch_operator.py took 0.124 seconds
[2026-08-12T04:47:17.971+0000] {processor.py:186} INFO - Started process (PID=1940) to work on /home/airflow/.local/lib/python3.12/site-packages/airflow/example_dags/example_branch_operator.py
[2026-08-12T04:47:17.973+0000] {processor.py:914} INFO - Processing file /home/airflow/.local/lib/python3.12/site-packages/airflow/example_dags/example_branch_operator.py for tasks to queue
[2026-08-12T04:47:17.975+0000] {logging_mixin.py:190} INFO - [2026-08-12T04:47:17.975+0000] {dagbag.py:587} INFO - Filling up the DagBag from /home/airflow/.local/lib/python3.12/site-packages/airflow/example_dags/example_branch_operator.py
[2026-08-12T04:47:17.993+0000] {processor.py:925} INFO - DAG(s) 'example_branch_operator' retrieved from /home/airflow/.local/lib/python3.12/site-packages/airflow/example_dags/example_branch_operator.py
[2026-08-12T04:47:18.030+0000] {logging_mixin.py:190} INFO - [2026-08-12T04:47:18.029+0000] {dag.py:3211} INFO - Sync 1 DAGs
[2026-08-12T04:47:18.056+0000] {logging_mixin.py:190} INFO - [2026-08-12T04:47:18.056+0000] {dag.py:4138} INFO - Setting next_dagrun for example_branch_operator to 2026-08-11 00:00:00+00:00, run_after=2026-08-12 00:00:00+00:00
[2026-08-12T04:47:18.075+0000] {processor.py:208} INFO - Processing /home/airflow/.local/lib/python3.12/site-packages/airflow/example_dags/example_branch_operator.py took 0.110 seconds
[2026-08-12T04:47:48.677+0000] {processor.py:186} INFO - Started process (PID=2002) to work on /home/airflow/.local/lib/python3.12/site-packages/airflow/example_dags/example_branch_operator.py
[2026-08-12T04:47:48.679+0000] {processor.py:914} INFO - Processing file /home/airflow/.local/lib/python3.12/site-packages/airflow/example_dags/example_branch_operator.py for tasks to queue
[2026-08-12T04:47:48.683+0000] {logging_mixin.py:190} INFO - [2026-08-12T04:47:48.682+0000] {dagbag.py:587} INFO - Filling up the DagBag from /home/airflow/.local/lib/python3.12/site-packages/airflow/example_dags/example_branch_operator.py
[2026-08-12T04:47:48.714+0000] {processor.py:925} INFO - DAG(s) 'example_branch_operator' retrieved from /home/airflow/.local/lib/python3.12/site-packages/airflow/example_dags/example_branch_operator.py
[2026-08-12T04:47:48.748+0000] {logging_mixin.py:190} INFO - [2026-08-12T04:47:48.748+0000] {dag.py:3211} INFO - Sync 1 DAGs
[2026-08-12T04:47:48.780+0000] {logging_mixin.py:190} INFO - [2026-08-12T04:47:48.779+0000] {dag.py:4138} INFO - Setting next_dagrun for example_branch_operator to 2026-08-11 00:00:00+00:00, run_after=2026-08-12 00:00:00+00:00
[2026-08-12T04:47:48.801+0000] {processor.py:208} INFO - Processing /home/airflow/.local/lib/python3.12/site-packages/airflow/example_dags/example_branch_operator.py took 0.131 seconds
[2026-08-12T04:48:19.080+0000] {processor.py:186} INFO - Started process (PID=2064) to work on /home/airflow/.local/lib/python3.12/site-packages/airflow/example_dags/example_branch_operator.py
[2026-08-12T04:48:19.081+0000] {processor.py:914} INFO - Processing file /home/airflow/.local/lib/python3.12/site-packages/airflow/example_dags/example_branch_operator.py for tasks to queue
[2026-08-12T04:48:19.085+0000] {logging_mixin.py:190} INFO - [2026-08-12T04:48:19.084+0000] {dagbag.py:587} INFO - Filling up the DagBag from /home/airflow/.local/lib/python3.12/site-packages/airflow/example_dags/example_branch_operator.py
[2026-08-12T04:48:19.104+0000] {processor.py:925} INFO - DAG(s) 'example_branch_operator' retrieved from /home/airflow/.local/lib/python3.12/site-packages/airflow/example_dags/example_branch_operator.py
[2026-08-12T04:48:19.148+0000] {logging_mixin.py:190} INFO - [2026-08-12T04:48:19.148+0000] {dag.py:3211} INFO - Sync 1 DAGs
[2026-08-12T04:48:19.174+0000] {logging_mixin.py:190} INFO - [2026-08-12T04:48:19.173+0000] {dag.py:4138} INFO - Setting next_dagrun for example_branch_operator to 2026-08-11 00:00:00+00:00, run_after=2026-08-12 00:00:00+00:00
[2026-08-12T04:48:19.193+0000] {processor.py:208} INFO - Processing /home/airflow/.local/lib/python3.12/site-packages/airflow/example_dags/example_branch_operator.py took 0.119 seconds
