[2026-08-12T04:32:02.658+0000] {processor.py:186} INFO - Started process (PID=104) to work on /home/airflow/.local/lib/python3.12/site-packages/airflow/example_dags/tutorial_dag.py
[2026-08-12T04:32:02.660+0000] {processor.py:914} INFO - Processing file /home/airflow/.local/lib/python3.12/site-packages/airflow/example_dags/tutorial_dag.py for tasks to queue
[2026-08-12T04:32:02.663+0000] {logging_mixin.py:190} INFO - [2026-08-12T04:32:02.663+0000] {dagbag.py:587} INFO - Filling up the DagBag from /home/airflow/.local/lib/python3.12/site-packages/airflow/example_dags/tutorial_dag.py
[2026-08-12T04:32:02.674+0000] {processor.py:925} INFO - DAG(s) 'tutorial_dag' retrieved from /home/airflow/.local/lib/python3.12/site-packages/airflow/example_dags/tutorial_dag.py
[2026-08-12T04:32:02.801+0000] {logging_mixin.py:190} INFO - [2026-08-12T04:32:02.800+0000] {override.py:1858} INFO - Created Permission View: can read on DAG:tutorial_dag
[2026-08-12T04:32:02.814+0000] {logging_mixin.py:190} INFO - [2026-08-12T04:32:02.814+0000] {override.py:1858} INFO - Created Permission View: can delete on DAG:tutorial_dag
[2026-08-12T04:32:02.824+0000] {logging_mixin.py:190} INFO - [2026-08-12T04:32:02.823+0000] {override.py:1858} INFO - Created Permission View: can edit on DAG:tutorial_dag
[2026-08-12T04:32:02.825+0000] {logging_mixin.py:190} INFO - [2026-08-12T04:32:02.825+0000] {dag.py:3211} INFO - Sync 1 DAGs
[2026-08-12T04:32:02.839+0000] {logging_mixin.py:190} INFO - [2026-08-12T04:32:02.839+0000] {dag.py:3234} INFO - Creating ORM DAG for tutorial_dag
[2026-08-12T04:32:02.841+0000] {logging_mixin.py:190} INFO - [2026-08-12T04:32:02.840+0000] {dag.py:4138} INFO - Setting next_dagrun for tutorial_dag to None, run_after=None
[2026-08-12T04:32:02.876+0000] {processor.py:208} INFO - Processing /home/airflow/.local/lib/python3.12/site-packages/airflow/example_dags/tutorial_dag.py took 0.224 seconds
[2026-08-12T04:32:33.616+0000] {processor.py:186} INFO - Started process (PID=166) to work on /home/airflow/.local/lib/python3.12/site-packages/airflow/example_dags/tutorial_dag.py
[2026-08-12T04:32:33.618+0000] {processor.py:914} INFO - Processing file /home/airflow/.local/lib/python3.12/site-packages/airflow/example_dags/tutorial_dag.py for tasks to queue
[2026-08-12T04:32:33.621+0000] {logging_mixin.py:190} INFO - [2026-08-12T04:32:33.621+0000] {dagbag.py:587} INFO - Filling up the DagBag from /home/airflow/.local/lib/python3.12/site-packages/airflow/example_dags/tutorial_dag.py
[2026-08-12T04:32:33.631+0000] {processor.py:925} INFO - DAG(s) 'tutorial_dag' retrieved from /home/airflow/.local/lib/python3.12/site-packages/airflow/example_dags/tutorial_dag.py
[2026-08-12T04:32:33.663+0000] {logging_mixin.py:190} INFO - [2026-08-12T04:32:33.663+0000] {dag.py:3211} INFO - Sync 1 DAGs
[2026-08-12T04:32:33.690+0000] {logging_mixin.py:190} INFO - [2026-08-12T04:32:33.689+0000] {dag.py:4138} INFO - Setting next_dagrun for tutorial_dag to None, run_after=None
[2026-08-12T04:32:33.724+0000] {processor.py:208} INFO - Processing /home/airflow/.local/lib/python3.12/site-packages/airflow/example_dags/tutorial_dag.py took 0.115 seconds
[2026-08-12T04:33:04.157+0000] {processor.py:186} INFO - Started process (PID=228) to work on /home/airflow/.local/lib/python3.12/site-packages/airflow/example_dags/tutorial_dag.py
[2026-08-12T04:33:04.159+0000] {processor.py:914} INFO - Processing file /home/airflow/.local/lib/python3.12/site-packages/airflow/example_dags/tutorial_dag.py for tasks to queue
[2026-08-12T04:33:04.164+0000] {logging_mixin.py:190} INFO - [2026-08-12T04:33:04.163+0000] {dagbag.py:587} INFO - Filling up the DagBag from /home/airflow/.local/lib/python3.12/site-packages/airflow/example_dags/tutorial_dag.py
[2026-08-12T04:33:04.176+0000] {processor.py:925} INFO - DAG(s) 'tutorial_dag' retrieved from /home/airflow/.local/lib/python3.12/site-packages/airflow/example_dags/tutorial_dag.py
[2026-08-12T04:33:04.205+0000] {logging_mixin.py:190} INFO - [2026-08-12T04:33:04.205+0000] {dag.py:3211} INFO - Sync 1 DAGs
[2026-08-12T04:33:04.228+0000] {logging_mixin.py:190} INFO - [2026-08-12T04:33:04.227+0000] {dag.py:4138} INFO - Setting next_dagrun for tutorial_dag to None, run_after=None
[2026-08-12T04:33:04.266+0000] {processor.py:208} INFO - Processing /home/airflow/.local/lib/python3.12/site-packages/airflow/example_dags/tutorial_dag.py took 0.117 seconds
[2026-08-12T04:33:35.417+0000] {processor.py:186} INFO - Started process (PID=290) to work on /home/airflow/.local/lib/python3.12/site-packages/airflow/example_dags/tutorial_dag.py
[2026-08-12T04:33:35.420+0000] {processor.py:914} INFO - Processing file /home/airflow/.local/lib/python3.12/site-packages/airflow/example_dags/tutorial_dag.py for tasks to queue
[2026-08-12T04:33:35.424+0000] {logging_mixin.py:190} INFO - [2026-08-12T04:33:35.424+0000] {dagbag.py:587} INFO - Filling up the DagBag from /home/airflow/.local/lib/python3.12/site-packages/airflow/example_dags/tutorial_dag.py
[2026-08-12T04:33:35.438+0000] {processor.py:925} INFO - DAG(s) 'tutorial_dag' retrieved from /home/airflow/.local/lib/python3.12/site-packages/airflow/example_dags/tutorial_dag.py
[2026-08-12T04:33:35.474+0000] {logging_mixin.py:190} INFO - [2026-08-12T04:33:35.473+0000] {dag.py:3211} INFO - Sync 1 DAGs
[2026-08-12T04:33:35.501+0000] {logging_mixin.py:190} INFO - [2026-08-12T04:33:35.500+0000] {dag.py:4138} INFO - Setting next_dagrun for tutorial_dag to None, run_after=None
[2026-08-12T04:33:35.542+0000] {processor.py:208} INFO - Processing /home/airflow/.local/lib/python3.12/site-packages/airflow/example_dags/tutorial_dag.py took 0.134 seconds
[2026-08-12T04:34:05.583+0000] {processor.py:186} INFO - Started process (PID=351) to work on /home/airflow/.local/lib/python3.12/site-packages/airflow/example_dags/tutorial_dag.py
[2026-08-12T04:34:05.585+0000] {processor.py:914} INFO - Processing file /home/airflow/.local/lib/python3.12/site-packages/airflow/example_dags/tutorial_dag.py for tasks to queue
[2026-08-12T04:34:05.589+0000] {logging_mixin.py:190} INFO - [2026-08-12T04:34:05.589+0000] {dagbag.py:587} INFO - Filling up the DagBag from /home/airflow/.local/lib/python3.12/site-packages/airflow/example_dags/tutorial_dag.py
[2026-08-12T04:34:05.600+0000] {processor.py:925} INFO - DAG(s) 'tutorial_dag' retrieved from /home/airflow/.local/lib/python3.12/site-packages/airflow/example_dags/tutorial_dag.py
[2026-08-12T04:34:05.620+0000] {logging_mixin.py:190} INFO - [2026-08-12T04:34:05.620+0000] {dag.py:3211} INFO - Sync 1 DAGs
[2026-08-12T04:34:05.635+0000] {logging_mixin.py:190} INFO - [2026-08-12T04:34:05.634+0000] {dag.py:4138} INFO - Setting next_dagrun for tutorial_dag to None, run_after=None
[2026-08-12T04:34:05.655+0000] {processor.py:208} INFO - Processing /home/airflow/.local/lib/python3.12/site-packages/airflow/example_dags/tutorial_dag.py took 0.079 seconds
[2026-08-12T04:34:36.042+0000] {processor.py:186} INFO - Started process (PID=413) to work on /home/airflow/.local/lib/python3.12/site-packages/airflow/example_dags/tutorial_dag.py
[2026-08-12T04:34:36.046+0000] {processor.py:914} INFO - Processing file /home/airflow/.local/lib/python3.12/site-packages/airflow/example_dags/tutorial_dag.py for tasks to queue
[2026-08-12T04:34:36.050+0000] {logging_mixin.py:190} INFO - [2026-08-12T04:34:36.050+0000] {dagbag.py:587} INFO - Filling up the DagBag from /home/airflow/.local/lib/python3.12/site-packages/airflow/example_dags/tutorial_dag.py
[2026-08-12T04:34:36.064+0000] {processor.py:925} INFO - DAG(s) 'tutorial_dag' retrieved from /home/airflow/.local/lib/python3.12/site-packages/airflow/example_dags/tutorial_dag.py
[2026-08-12T04:34:36.107+0000] {logging_mixin.py:190} INFO - [2026-08-12T04:34:36.107+0000] {dag.py:3211} INFO - Sync 1 DAGs
[2026-08-12T04:34:36.129+0000] {logging_mixin.py:190} INFO - [2026-08-12T04:34:36.128+0000] {dag.py:4138} INFO - Setting next_dagrun for tutorial_dag to None, run_after=None
[2026-08-12T04:34:36.156+0000] {processor.py:208} INFO - Processing /home/airflow/.local/lib/python3.12/site-packages/airflow/example_dags/tutorial_dag.py took 0.125 seconds
[2026-08-12T04:35:06.795+0000] {processor.py:186} INFO - Started process (PID=476) to work on /home/airflow/.local/lib/python3.12/site-packages/airflow/example_dags/tutorial_dag.py
[2026-08-12T04:35:06.797+0000] {processor.py:914} INFO - Processing file /home/airflow/.local/lib/python3.12/site-packages/airflow/example_dags/tutorial_dag.py for tasks to queue
[2026-08-12T04:35:06.800+0000] {logging_mixin.py:190} INFO - [2026-08-12T04:35:06.800+0000] {dagbag.py:587} INFO - Filling up the DagBag from /home/airflow/.local/lib/python3.12/site-packages/airflow/example_dags/tutorial_dag.py
[2026-08-12T04:35:06.811+0000] {processor.py:925} INFO - DAG(s) 'tutorial_dag' retrieved from /home/airflow/.local/lib/python3.12/site-packages/airflow/example_dags/tutorial_dag.py
[2026-08-12T04:35:06.834+0000] {logging_mixin.py:190} INFO - [2026-08-12T04:35:06.833+0000] {dag.py:3211} INFO - Sync 1 DAGs
[2026-08-12T04:35:06.854+0000] {logging_mixin.py:190} INFO - [2026-08-12T04:35:06.853+0000] {dag.py:4138} INFO - Setting next_dagrun for tutorial_dag to None, run_after=None
[2026-08-12T04:35:06.880+0000] {processor.py:208} INFO - Processing /home/airflow/.local/lib/python3.12/site-packages/airflow/example_dags/tutorial_dag.py took 0.091 seconds
[2026-08-12T04:35:37.185+0000] {processor.py:186} INFO - Started process (PID=538) to work on /home/airflow/.local/lib/python3.12/site-packages/airflow/example_dags/tutorial_dag.py
[2026-08-12T04:35:37.187+0000] {processor.py:914} INFO - Processing file /home/airflow/.local/lib/python3.12/site-packages/airflow/example_dags/tutorial_dag.py for tasks to queue
[2026-08-12T04:35:37.190+0000] {logging_mixin.py:190} INFO - [2026-08-12T04:35:37.189+0000] {dagbag.py:587} INFO - Filling up the DagBag from /home/airflow/.local/lib/python3.12/site-packages/airflow/example_dags/tutorial_dag.py
[2026-08-12T04:35:37.198+0000] {processor.py:925} INFO - DAG(s) 'tutorial_dag' retrieved from /home/airflow/.local/lib/python3.12/site-packages/airflow/example_dags/tutorial_dag.py
[2026-08-12T04:35:37.223+0000] {logging_mixin.py:190} INFO - [2026-08-12T04:35:37.222+0000] {dag.py:3211} INFO - Sync 1 DAGs
[2026-08-12T04:35:37.241+0000] {logging_mixin.py:190} INFO - [2026-08-12T04:35:37.241+0000] {dag.py:4138} INFO - Setting next_dagrun for tutorial_dag to None, run_after=None
[2026-08-12T04:35:37.266+0000] {processor.py:208} INFO - Processing /home/airflow/.local/lib/python3.12/site-packages/airflow/example_dags/tutorial_dag.py took 0.088 seconds
[2026-08-12T04:36:07.552+0000] {processor.py:186} INFO - Started process (PID=600) to work on /home/airflow/.local/lib/python3.12/site-packages/airflow/example_dags/tutorial_dag.py
[2026-08-12T04:36:07.554+0000] {processor.py:914} INFO - Processing file /home/airflow/.local/lib/python3.12/site-packages/airflow/example_dags/tutorial_dag.py for tasks to queue
[2026-08-12T04:36:07.557+0000] {logging_mixin.py:190} INFO - [2026-08-12T04:36:07.556+0000] {dagbag.py:587} INFO - Filling up the DagBag from /home/airflow/.local/lib/python3.12/site-packages/airflow/example_dags/tutorial_dag.py
[2026-08-12T04:36:07.564+0000] {processor.py:925} INFO - DAG(s) 'tutorial_dag' retrieved from /home/airflow/.local/lib/python3.12/site-packages/airflow/example_dags/tutorial_dag.py
[2026-08-12T04:36:07.585+0000] {logging_mixin.py:190} INFO - [2026-08-12T04:36:07.584+0000] {dag.py:3211} INFO - Sync 1 DAGs
[2026-08-12T04:36:07.612+0000] {logging_mixin.py:190} INFO - [2026-08-12T04:36:07.612+0000] {dag.py:4138} INFO - Setting next_dagrun for tutorial_dag to None, run_after=None
[2026-08-12T04:36:07.632+0000] {processor.py:208} INFO - Processing /home/airflow/.local/lib/python3.12/site-packages/airflow/example_dags/tutorial_dag.py took 0.085 seconds
[2026-08-12T04:36:37.932+0000] {processor.py:186} INFO - Started process (PID=661) to work on /home/airflow/.local/lib/python3.12/site-packages/airflow/example_dags/tutorial_dag.py
[2026-08-12T04:36:37.933+0000] {processor.py:914} INFO - Processing file /home/airflow/.local/lib/python3.12/site-packages/airflow/example_dags/tutorial_dag.py for tasks to queue
[2026-08-12T04:36:37.936+0000] {logging_mixin.py:190} INFO - [2026-08-12T04:36:37.936+0000] {dagbag.py:587} INFO - Filling up the DagBag from /home/airflow/.local/lib/python3.12/site-packages/airflow/example_dags/tutorial_dag.py
[2026-08-12T04:36:37.945+0000] {processor.py:925} INFO - DAG(s) 'tutorial_dag' retrieved from /home/airflow/.local/lib/python3.12/site-packages/airflow/example_dags/tutorial_dag.py
[2026-08-12T04:36:37.967+0000] {logging_mixin.py:190} INFO - [2026-08-12T04:36:37.967+0000] {dag.py:3211} INFO - Sync 1 DAGs
[2026-08-12T04:36:37.982+0000] {logging_mixin.py:190} INFO - [2026-08-12T04:36:37.982+0000] {dag.py:4138} INFO - Setting next_dagrun for tutorial_dag to None, run_after=None
[2026-08-12T04:36:38.003+0000] {processor.py:208} INFO - Processing /home/airflow/.local/lib/python3.12/site-packages/airflow/example_dags/tutorial_dag.py took 0.078 seconds
[2026-08-12T04:37:08.648+0000] {processor.py:186} INFO - Started process (PID=722) to work on /home/airflow/.local/lib/python3.12/site-packages/airflow/example_dags/tutorial_dag.py
[2026-08-12T04:37:08.650+0000] {processor.py:914} INFO - Processing file /home/airflow/.local/lib/python3.12/site-packages/airflow/example_dags/tutorial_dag.py for tasks to queue
[2026-08-12T04:37:08.653+0000] {logging_mixin.py:190} INFO - [2026-08-12T04:37:08.653+0000] {dagbag.py:587} INFO - Filling up the DagBag from /home/airflow/.local/lib/python3.12/site-packages/airflow/example_dags/tutorial_dag.py
[2026-08-12T04:37:08.661+0000] {processor.py:925} INFO - DAG(s) 'tutorial_dag' retrieved from /home/airflow/.local/lib/python3.12/site-packages/airflow/example_dags/tutorial_dag.py
[2026-08-12T04:37:08.683+0000] {logging_mixin.py:190} INFO - [2026-08-12T04:37:08.683+0000] {dag.py:3211} INFO - Sync 1 DAGs
[2026-08-12T04:37:08.699+0000] {logging_mixin.py:190} INFO - [2026-08-12T04:37:08.698+0000] {dag.py:4138} INFO - Setting next_dagrun for tutorial_dag to None, run_after=None
[2026-08-12T04:37:08.720+0000] {processor.py:208} INFO - Processing /home/airflow/.local/lib/python3.12/site-packages/airflow/example_dags/tutorial_dag.py took 0.077 seconds
[2026-08-12T04:37:38.963+0000] {processor.py:186} INFO - Started process (PID=784) to work on /home/airflow/.local/lib/python3.12/site-packages/airflow/example_dags/tutorial_dag.py
[2026-08-12T04:37:38.965+0000] {processor.py:914} INFO - Processing file /home/airflow/.local/lib/python3.12/site-packages/airflow/example_dags/tutorial_dag.py for tasks to queue
[2026-08-12T04:37:38.968+0000] {logging_mixin.py:190} INFO - [2026-08-12T04:37:38.967+0000] {dagbag.py:587} INFO - Filling up the DagBag from /home/airflow/.local/lib/python3.12/site-packages/airflow/example_dags/tutorial_dag.py
[2026-08-12T04:37:38.977+0000] {processor.py:925} INFO - DAG(s) 'tutorial_dag' retrieved from /home/airflow/.local/lib/python3.12/site-packages/airflow/example_dags/tutorial_dag.py
[2026-08-12T04:37:39.006+0000] {logging_mixin.py:190} INFO - [2026-08-12T04:37:39.006+0000] {dag.py:3211} INFO - Sync 1 DAGs
[2026-08-12T04:37:39.024+0000] {logging_mixin.py:190} INFO - [2026-08-12T04:37:39.024+0000] {dag.py:4138} INFO - Setting next_dagrun for tutorial_dag to None, run_after=None
[2026-08-12T04:37:39.059+0000] {processor.py:208} INFO - Processing /home/airflow/.local/lib/python3.12/site-packages/airflow/example_dags/tutorial_dag.py took 0.104 seconds
[2026-08-12T04:38:09.905+0000] {processor.py:186} INFO - Started process (PID=846) to work on /home/airflow/.local/lib/python3.12/site-packages/airflow/example_dags/tutorial_dag.py
[2026-08-12T04:38:09.920+0000] {processor.py:914} INFO - Processing file /home/airflow/.local/lib/python3.12/site-packages/airflow/example_dags/tutorial_dag.py for tasks to queue
[2026-08-12T04:38:09.924+0000] {logging_mixin.py:190} INFO - [2026-08-12T04:38:09.924+0000] {dagbag.py:587} INFO - Filling up the DagBag from /home/airflow/.local/lib/python3.12/site-packages/airflow/example_dags/tutorial_dag.py
[2026-08-12T04:38:09.933+0000] {processor.py:925} INFO - DAG(s) 'tutorial_dag' retrieved from /home/airflow/.local/lib/python3.12/site-packages/airflow/example_dags/tutorial_dag.py
[2026-08-12T04:38:09.957+0000] {logging_mixin.py:190} INFO - [2026-08-12T04:38:09.957+0000] {dag.py:3211} INFO - Sync 1 DAGs
[2026-08-12T04:38:09.975+0000] {logging_mixin.py:190} INFO - [2026-08-12T04:38:09.975+0000] {dag.py:4138} INFO - Setting next_dagrun for tutorial_dag to None, run_after=None
[2026-08-12T04:38:10.000+0000] {processor.py:208} INFO - Processing /home/airflow/.local/lib/python3.12/site-packages/airflow/example_dags/tutorial_dag.py took 0.100 seconds
[2026-08-12T04:38:40.650+0000] {processor.py:186} INFO - Started process (PID=909) to work on /home/airflow/.local/lib/python3.12/site-packages/airflow/example_dags/tutorial_dag.py
[2026-08-12T04:38:40.652+0000] {processor.py:914} INFO - Processing file /home/airflow/.local/lib/python3.12/site-packages/airflow/example_dags/tutorial_dag.py for tasks to queue
[2026-08-12T04:38:40.655+0000] {logging_mixin.py:190} INFO - [2026-08-12T04:38:40.655+0000] {dagbag.py:587} INFO - Filling up the DagBag from /home/airflow/.local/lib/python3.12/site-packages/airflow/example_dags/tutorial_dag.py
[2026-08-12T04:38:40.663+0000] {processor.py:925} INFO - DAG(s) 'tutorial_dag' retrieved from /home/airflow/.local/lib/python3.12/site-packages/airflow/example_dags/tutorial_dag.py
[2026-08-12T04:38:40.687+0000] {logging_mixin.py:190} INFO - [2026-08-12T04:38:40.686+0000] {dag.py:3211} INFO - Sync 1 DAGs
[2026-08-12T04:38:40.706+0000] {logging_mixin.py:190} INFO - [2026-08-12T04:38:40.706+0000] {dag.py:4138} INFO - Setting next_dagrun for tutorial_dag to None, run_after=None
[2026-08-12T04:38:40.737+0000] {processor.py:208} INFO - Processing /home/airflow/.local/lib/python3.12/site-packages/airflow/example_dags/tutorial_dag.py took 0.096 seconds
[2026-08-12T04:39:11.611+0000] {processor.py:186} INFO - Started process (PID=971) to work on /home/airflow/.local/lib/python3.12/site-packages/airflow/example_dags/tutorial_dag.py
[2026-08-12T04:39:11.621+0000] {processor.py:914} INFO - Processing file /home/airflow/.local/lib/python3.12/site-packages/airflow/example_dags/tutorial_dag.py for tasks to queue
[2026-08-12T04:39:11.631+0000] {logging_mixin.py:190} INFO - [2026-08-12T04:39:11.630+0000] {dagbag.py:587} INFO - Filling up the DagBag from /home/airflow/.local/lib/python3.12/site-packages/airflow/example_dags/tutorial_dag.py
[2026-08-12T04:39:11.641+0000] {processor.py:925} INFO - DAG(s) 'tutorial_dag' retrieved from /home/airflow/.local/lib/python3.12/site-packages/airflow/example_dags/tutorial_dag.py
[2026-08-12T04:39:11.667+0000] {logging_mixin.py:190} INFO - [2026-08-12T04:39:11.667+0000] {dag.py:3211} INFO - Sync 1 DAGs
[2026-08-12T04:39:11.689+0000] {logging_mixin.py:190} INFO - [2026-08-12T04:39:11.689+0000] {dag.py:4138} INFO - Setting next_dagrun for tutorial_dag to None, run_after=None
[2026-08-12T04:39:11.711+0000] {processor.py:208} INFO - Processing /home/airflow/.local/lib/python3.12/site-packages/airflow/example_dags/tutorial_dag.py took 0.107 seconds
[2026-08-12T04:39:42.800+0000] {processor.py:186} INFO - Started process (PID=1034) to work on /home/airflow/.local/lib/python3.12/site-packages/airflow/example_dags/tutorial_dag.py
[2026-08-12T04:39:42.801+0000] {processor.py:914} INFO - Processing file /home/airflow/.local/lib/python3.12/site-packages/airflow/example_dags/tutorial_dag.py for tasks to queue
[2026-08-12T04:39:42.805+0000] {logging_mixin.py:190} INFO - [2026-08-12T04:39:42.804+0000] {dagbag.py:587} INFO - Filling up the DagBag from /home/airflow/.local/lib/python3.12/site-packages/airflow/example_dags/tutorial_dag.py
[2026-08-12T04:39:42.817+0000] {processor.py:925} INFO - DAG(s) 'tutorial_dag' retrieved from /home/airflow/.local/lib/python3.12/site-packages/airflow/example_dags/tutorial_dag.py
[2026-08-12T04:39:42.841+0000] {logging_mixin.py:190} INFO - [2026-08-12T04:39:42.841+0000] {dag.py:3211} INFO - Sync 1 DAGs
[2026-08-12T04:39:42.857+0000] {logging_mixin.py:190} INFO - [2026-08-12T04:39:42.856+0000] {dag.py:4138} INFO - Setting next_dagrun for tutorial_dag to None, run_after=None
[2026-08-12T04:39:42.905+0000] {processor.py:208} INFO - Processing /home/airflow/.local/lib/python3.12/site-packages/airflow/example_dags/tutorial_dag.py took 0.111 seconds
[2026-08-12T04:40:13.221+0000] {processor.py:186} INFO - Started process (PID=1096) to work on /home/airflow/.local/lib/python3.12/site-packages/airflow/example_dags/tutorial_dag.py
[2026-08-12T04:40:13.222+0000] {processor.py:914} INFO - Processing file /home/airflow/.local/lib/python3.12/site-packages/airflow/example_dags/tutorial_dag.py for tasks to queue
[2026-08-12T04:40:13.225+0000] {logging_mixin.py:190} INFO - [2026-08-12T04:40:13.225+0000] {dagbag.py:587} INFO - Filling up the DagBag from /home/airflow/.local/lib/python3.12/site-packages/airflow/example_dags/tutorial_dag.py
[2026-08-12T04:40:13.232+0000] {processor.py:925} INFO - DAG(s) 'tutorial_dag' retrieved from /home/airflow/.local/lib/python3.12/site-packages/airflow/example_dags/tutorial_dag.py
[2026-08-12T04:40:13.256+0000] {logging_mixin.py:190} INFO - [2026-08-12T04:40:13.255+0000] {dag.py:3211} INFO - Sync 1 DAGs
[2026-08-12T04:40:13.270+0000] {logging_mixin.py:190} INFO - [2026-08-12T04:40:13.270+0000] {dag.py:4138} INFO - Setting next_dagrun for tutorial_dag to None, run_after=None
[2026-08-12T04:40:13.291+0000] {processor.py:208} INFO - Processing /home/airflow/.local/lib/python3.12/site-packages/airflow/example_dags/tutorial_dag.py took 0.078 seconds
[2026-08-12T04:40:43.933+0000] {processor.py:186} INFO - Started process (PID=1158) to work on /home/airflow/.local/lib/python3.12/site-packages/airflow/example_dags/tutorial_dag.py
[2026-08-12T04:40:43.935+0000] {processor.py:914} INFO - Processing file /home/airflow/.local/lib/python3.12/site-packages/airflow/example_dags/tutorial_dag.py for tasks to queue
[2026-08-12T04:40:43.938+0000] {logging_mixin.py:190} INFO - [2026-08-12T04:40:43.937+0000] {dagbag.py:587} INFO - Filling up the DagBag from /home/airflow/.local/lib/python3.12/site-packages/airflow/example_dags/tutorial_dag.py
[2026-08-12T04:40:43.946+0000] {processor.py:925} INFO - DAG(s) 'tutorial_dag' retrieved from /home/airflow/.local/lib/python3.12/site-packages/airflow/example_dags/tutorial_dag.py
[2026-08-12T04:40:43.968+0000] {logging_mixin.py:190} INFO - [2026-08-12T04:40:43.968+0000] {dag.py:3211} INFO - Sync 1 DAGs
[2026-08-12T04:40:43.990+0000] {logging_mixin.py:190} INFO - [2026-08-12T04:40:43.990+0000] {dag.py:4138} INFO - Setting next_dagrun for tutorial_dag to None, run_after=None
[2026-08-12T04:40:44.018+0000] {processor.py:208} INFO - Processing /home/airflow/.local/lib/python3.12/site-packages/airflow/example_dags/tutorial_dag.py took 0.092 seconds
[2026-08-12T04:41:15.230+0000] {processor.py:186} INFO - Started process (PID=1220) to work on /home/airflow/.local/lib/python3.12/site-packages/airflow/example_dags/tutorial_dag.py
[2026-08-12T04:41:15.232+0000] {processor.py:914} INFO - Processing file /home/airflow/.local/lib/python3.12/site-packages/airflow/example_dags/tutorial_dag.py for tasks to queue
[2026-08-12T04:41:15.235+0000] {logging_mixin.py:190} INFO - [2026-08-12T04:41:15.235+0000] {dagbag.py:587} INFO - Filling up the DagBag from /home/airflow/.local/lib/python3.12/site-packages/airflow/example_dags/tutorial_dag.py
[2026-08-12T04:41:15.244+0000] {processor.py:925} INFO - DAG(s) 'tutorial_dag' retrieved from /home/airflow/.local/lib/python3.12/site-packages/airflow/example_dags/tutorial_dag.py
[2026-08-12T04:41:15.268+0000] {logging_mixin.py:190} INFO - [2026-08-12T04:41:15.268+0000] {dag.py:3211} INFO - Sync 1 DAGs
[2026-08-12T04:41:15.285+0000] {logging_mixin.py:190} INFO - [2026-08-12T04:41:15.285+0000] {dag.py:4138} INFO - Setting next_dagrun for tutorial_dag to None, run_after=None
[2026-08-12T04:41:15.309+0000] {processor.py:208} INFO - Processing /home/airflow/.local/lib/python3.12/site-packages/airflow/example_dags/tutorial_dag.py took 0.086 seconds
[2026-08-12T04:41:46.172+0000] {processor.py:186} INFO - Started process (PID=1282) to work on /home/airflow/.local/lib/python3.12/site-packages/airflow/example_dags/tutorial_dag.py
[2026-08-12T04:41:46.174+0000] {processor.py:914} INFO - Processing file /home/airflow/.local/lib/python3.12/site-packages/airflow/example_dags/tutorial_dag.py for tasks to queue
[2026-08-12T04:41:46.177+0000] {logging_mixin.py:190} INFO - [2026-08-12T04:41:46.177+0000] {dagbag.py:587} INFO - Filling up the DagBag from /home/airflow/.local/lib/python3.12/site-packages/airflow/example_dags/tutorial_dag.py
[2026-08-12T04:41:46.187+0000] {processor.py:925} INFO - DAG(s) 'tutorial_dag' retrieved from /home/airflow/.local/lib/python3.12/site-packages/airflow/example_dags/tutorial_dag.py
[2026-08-12T04:41:46.218+0000] {logging_mixin.py:190} INFO - [2026-08-12T04:41:46.217+0000] {dag.py:3211} INFO - Sync 1 DAGs
[2026-08-12T04:41:46.246+0000] {logging_mixin.py:190} INFO - [2026-08-12T04:41:46.246+0000] {dag.py:4138} INFO - Setting next_dagrun for tutorial_dag to None, run_after=None
[2026-08-12T04:41:46.275+0000] {processor.py:208} INFO - Processing /home/airflow/.local/lib/python3.12/site-packages/airflow/example_dags/tutorial_dag.py took 0.110 seconds
[2026-08-12T04:42:16.776+0000] {processor.py:186} INFO - Started process (PID=1344) to work on /home/airflow/.local/lib/python3.12/site-packages/airflow/example_dags/tutorial_dag.py
[2026-08-12T04:42:16.777+0000] {processor.py:914} INFO - Processing file /home/airflow/.local/lib/python3.12/site-packages/airflow/example_dags/tutorial_dag.py for tasks to queue
[2026-08-12T04:42:16.782+0000] {logging_mixin.py:190} INFO - [2026-08-12T04:42:16.781+0000] {dagbag.py:587} INFO - Filling up the DagBag from /home/airflow/.local/lib/python3.12/site-packages/airflow/example_dags/tutorial_dag.py
[2026-08-12T04:42:16.791+0000] {processor.py:925} INFO - DAG(s) 'tutorial_dag' retrieved from /home/airflow/.local/lib/python3.12/site-packages/airflow/example_dags/tutorial_dag.py
[2026-08-12T04:42:16.817+0000] {logging_mixin.py:190} INFO - [2026-08-12T04:42:16.816+0000] {dag.py:3211} INFO - Sync 1 DAGs
[2026-08-12T04:42:16.852+0000] {logging_mixin.py:190} INFO - [2026-08-12T04:42:16.852+0000] {dag.py:4138} INFO - Setting next_dagrun for tutorial_dag to None, run_after=None
[2026-08-12T04:42:16.879+0000] {processor.py:208} INFO - Processing /home/airflow/.local/lib/python3.12/site-packages/airflow/example_dags/tutorial_dag.py took 0.112 seconds
[2026-08-12T04:42:47.402+0000] {processor.py:186} INFO - Started process (PID=1406) to work on /home/airflow/.local/lib/python3.12/site-packages/airflow/example_dags/tutorial_dag.py
[2026-08-12T04:42:47.404+0000] {processor.py:914} INFO - Processing file /home/airflow/.local/lib/python3.12/site-packages/airflow/example_dags/tutorial_dag.py for tasks to queue
[2026-08-12T04:42:47.407+0000] {logging_mixin.py:190} INFO - [2026-08-12T04:42:47.406+0000] {dagbag.py:587} INFO - Filling up the DagBag from /home/airflow/.local/lib/python3.12/site-packages/airflow/example_dags/tutorial_dag.py
[2026-08-12T04:42:47.417+0000] {processor.py:925} INFO - DAG(s) 'tutorial_dag' retrieved from /home/airflow/.local/lib/python3.12/site-packages/airflow/example_dags/tutorial_dag.py
[2026-08-12T04:42:47.446+0000] {logging_mixin.py:190} INFO - [2026-08-12T04:42:47.446+0000] {dag.py:3211} INFO - Sync 1 DAGs
[2026-08-12T04:42:47.469+0000] {logging_mixin.py:190} INFO - [2026-08-12T04:42:47.469+0000] {dag.py:4138} INFO - Setting next_dagrun for tutorial_dag to None, run_after=None
[2026-08-12T04:42:47.498+0000] {processor.py:208} INFO - Processing /home/airflow/.local/lib/python3.12/site-packages/airflow/example_dags/tutorial_dag.py took 0.103 seconds
[2026-08-12T04:43:18.414+0000] {processor.py:186} INFO - Started process (PID=1468) to work on /home/airflow/.local/lib/python3.12/site-packages/airflow/example_dags/tutorial_dag.py
[2026-08-12T04:43:18.416+0000] {processor.py:914} INFO - Processing file /home/airflow/.local/lib/python3.12/site-packages/airflow/example_dags/tutorial_dag.py for tasks to queue
[2026-08-12T04:43:18.419+0000] {logging_mixin.py:190} INFO - [2026-08-12T04:43:18.419+0000] {dagbag.py:587} INFO - Filling up the DagBag from /home/airflow/.local/lib/python3.12/site-packages/airflow/example_dags/tutorial_dag.py
[2026-08-12T04:43:18.426+0000] {processor.py:925} INFO - DAG(s) 'tutorial_dag' retrieved from /home/airflow/.local/lib/python3.12/site-packages/airflow/example_dags/tutorial_dag.py
[2026-08-12T04:43:18.447+0000] {logging_mixin.py:190} INFO - [2026-08-12T04:43:18.447+0000] {dag.py:3211} INFO - Sync 1 DAGs
[2026-08-12T04:43:18.461+0000] {logging_mixin.py:190} INFO - [2026-08-12T04:43:18.461+0000] {dag.py:4138} INFO - Setting next_dagrun for tutorial_dag to None, run_after=None
[2026-08-12T04:43:18.482+0000] {processor.py:208} INFO - Processing /home/airflow/.local/lib/python3.12/site-packages/airflow/example_dags/tutorial_dag.py took 0.073 seconds
[2026-08-12T04:43:49.139+0000] {processor.py:186} INFO - Started process (PID=1530) to work on /home/airflow/.local/lib/python3.12/site-packages/airflow/example_dags/tutorial_dag.py
[2026-08-12T04:43:49.141+0000] {processor.py:914} INFO - Processing file /home/airflow/.local/lib/python3.12/site-packages/airflow/example_dags/tutorial_dag.py for tasks to queue
[2026-08-12T04:43:49.144+0000] {logging_mixin.py:190} INFO - [2026-08-12T04:43:49.144+0000] {dagbag.py:587} INFO - Filling up the DagBag from /home/airflow/.local/lib/python3.12/site-packages/airflow/example_dags/tutorial_dag.py
[2026-08-12T04:43:49.153+0000] {processor.py:925} INFO - DAG(s) 'tutorial_dag' retrieved from /home/airflow/.local/lib/python3.12/site-packages/airflow/example_dags/tutorial_dag.py
[2026-08-12T04:43:49.178+0000] {logging_mixin.py:190} INFO - [2026-08-12T04:43:49.178+0000] {dag.py:3211} INFO - Sync 1 DAGs
[2026-08-12T04:43:49.193+0000] {logging_mixin.py:190} INFO - [2026-08-12T04:43:49.192+0000] {dag.py:4138} INFO - Setting next_dagrun for tutorial_dag to None, run_after=None
[2026-08-12T04:43:49.216+0000] {processor.py:208} INFO - Processing /home/airflow/.local/lib/python3.12/site-packages/airflow/example_dags/tutorial_dag.py took 0.084 seconds
[2026-08-12T04:44:19.315+0000] {processor.py:186} INFO - Started process (PID=1591) to work on /home/airflow/.local/lib/python3.12/site-packages/airflow/example_dags/tutorial_dag.py
[2026-08-12T04:44:19.317+0000] {processor.py:914} INFO - Processing file /home/airflow/.local/lib/python3.12/site-packages/airflow/example_dags/tutorial_dag.py for tasks to queue
[2026-08-12T04:44:19.319+0000] {logging_mixin.py:190} INFO - [2026-08-12T04:44:19.319+0000] {dagbag.py:587} INFO - Filling up the DagBag from /home/airflow/.local/lib/python3.12/site-packages/airflow/example_dags/tutorial_dag.py
[2026-08-12T04:44:19.326+0000] {processor.py:925} INFO - DAG(s) 'tutorial_dag' retrieved from /home/airflow/.local/lib/python3.12/site-packages/airflow/example_dags/tutorial_dag.py
[2026-08-12T04:44:19.347+0000] {logging_mixin.py:190} INFO - [2026-08-12T04:44:19.346+0000] {dag.py:3211} INFO - Sync 1 DAGs
[2026-08-12T04:44:19.361+0000] {logging_mixin.py:190} INFO - [2026-08-12T04:44:19.361+0000] {dag.py:4138} INFO - Setting next_dagrun for tutorial_dag to None, run_after=None
[2026-08-12T04:44:19.382+0000] {processor.py:208} INFO - Processing /home/airflow/.local/lib/python3.12/site-packages/airflow/example_dags/tutorial_dag.py took 0.072 seconds
[2026-08-12T04:44:49.576+0000] {processor.py:186} INFO - Started process (PID=1653) to work on /home/airflow/.local/lib/python3.12/site-packages/airflow/example_dags/tutorial_dag.py
[2026-08-12T04:44:49.577+0000] {processor.py:914} INFO - Processing file /home/airflow/.local/lib/python3.12/site-packages/airflow/example_dags/tutorial_dag.py for tasks to queue
[2026-08-12T04:44:49.580+0000] {logging_mixin.py:190} INFO - [2026-08-12T04:44:49.580+0000] {dagbag.py:587} INFO - Filling up the DagBag from /home/airflow/.local/lib/python3.12/site-packages/airflow/example_dags/tutorial_dag.py
[2026-08-12T04:44:49.588+0000] {processor.py:925} INFO - DAG(s) 'tutorial_dag' retrieved from /home/airflow/.local/lib/python3.12/site-packages/airflow/example_dags/tutorial_dag.py
[2026-08-12T04:44:49.609+0000] {logging_mixin.py:190} INFO - [2026-08-12T04:44:49.608+0000] {dag.py:3211} INFO - Sync 1 DAGs
[2026-08-12T04:44:49.622+0000] {logging_mixin.py:190} INFO - [2026-08-12T04:44:49.621+0000] {dag.py:4138} INFO - Setting next_dagrun for tutorial_dag to None, run_after=None
[2026-08-12T04:44:49.641+0000] {processor.py:208} INFO - Processing /home/airflow/.local/lib/python3.12/site-packages/airflow/example_dags/tutorial_dag.py took 0.072 seconds
[2026-08-12T04:45:20.264+0000] {processor.py:186} INFO - Started process (PID=1715) to work on /home/airflow/.local/lib/python3.12/site-packages/airflow/example_dags/tutorial_dag.py
[2026-08-12T04:45:20.265+0000] {processor.py:914} INFO - Processing file /home/airflow/.local/lib/python3.12/site-packages/airflow/example_dags/tutorial_dag.py for tasks to queue
[2026-08-12T04:45:20.268+0000] {logging_mixin.py:190} INFO - [2026-08-12T04:45:20.268+0000] {dagbag.py:587} INFO - Filling up the DagBag from /home/airflow/.local/lib/python3.12/site-packages/airflow/example_dags/tutorial_dag.py
[2026-08-12T04:45:20.275+0000] {processor.py:925} INFO - DAG(s) 'tutorial_dag' retrieved from /home/airflow/.local/lib/python3.12/site-packages/airflow/example_dags/tutorial_dag.py
[2026-08-12T04:45:20.296+0000] {logging_mixin.py:190} INFO - [2026-08-12T04:45:20.296+0000] {dag.py:3211} INFO - Sync 1 DAGs
[2026-08-12T04:45:20.314+0000] {logging_mixin.py:190} INFO - [2026-08-12T04:45:20.314+0000] {dag.py:4138} INFO - Setting next_dagrun for tutorial_dag to None, run_after=None
[2026-08-12T04:45:20.339+0000] {processor.py:208} INFO - Processing /home/airflow/.local/lib/python3.12/site-packages/airflow/example_dags/tutorial_dag.py took 0.080 seconds
[2026-08-12T04:45:51.178+0000] {processor.py:186} INFO - Started process (PID=1777) to work on /home/airflow/.local/lib/python3.12/site-packages/airflow/example_dags/tutorial_dag.py
[2026-08-12T04:45:51.180+0000] {processor.py:914} INFO - Processing file /home/airflow/.local/lib/python3.12/site-packages/airflow/example_dags/tutorial_dag.py for tasks to queue
[2026-08-12T04:45:51.184+0000] {logging_mixin.py:190} INFO - [2026-08-12T04:45:51.184+0000] {dagbag.py:587} INFO - Filling up the DagBag from /home/airflow/.local/lib/python3.12/site-packages/airflow/example_dags/tutorial_dag.py
[2026-08-12T04:45:51.196+0000] {processor.py:925} INFO - DAG(s) 'tutorial_dag' retrieved from /home/airflow/.local/lib/python3.12/site-packages/airflow/example_dags/tutorial_dag.py
[2026-08-12T04:45:51.222+0000] {logging_mixin.py:190} INFO - [2026-08-12T04:45:51.222+0000] {dag.py:3211} INFO - Sync 1 DAGs
[2026-08-12T04:45:51.242+0000] {logging_mixin.py:190} INFO - [2026-08-12T04:45:51.242+0000] {dag.py:4138} INFO - Setting next_dagrun for tutorial_dag to None, run_after=None
[2026-08-12T04:45:51.273+0000] {processor.py:208} INFO - Processing /home/airflow/.local/lib/python3.12/site-packages/airflow/example_dags/tutorial_dag.py took 0.104 seconds
[2026-08-12T04:46:21.846+0000] {processor.py:186} INFO - Started process (PID=1839) to work on /home/airflow/.local/lib/python3.12/site-packages/airflow/example_dags/tutorial_dag.py
[2026-08-12T04:46:21.847+0000] {processor.py:914} INFO - Processing file /home/airflow/.local/lib/python3.12/site-packages/airflow/example_dags/tutorial_dag.py for tasks to queue
[2026-08-12T04:46:21.851+0000] {logging_mixin.py:190} INFO - [2026-08-12T04:46:21.851+0000] {dagbag.py:587} INFO - Filling up the DagBag from /home/airflow/.local/lib/python3.12/site-packages/airflow/example_dags/tutorial_dag.py
[2026-08-12T04:46:21.863+0000] {processor.py:925} INFO - DAG(s) 'tutorial_dag' retrieved from /home/airflow/.local/lib/python3.12/site-packages/airflow/example_dags/tutorial_dag.py
[2026-08-12T04:46:21.886+0000] {logging_mixin.py:190} INFO - [2026-08-12T04:46:21.885+0000] {dag.py:3211} INFO - Sync 1 DAGs
[2026-08-12T04:46:21.901+0000] {logging_mixin.py:190} INFO - [2026-08-12T04:46:21.901+0000] {dag.py:4138} INFO - Setting next_dagrun for tutorial_dag to None, run_after=None
[2026-08-12T04:46:21.934+0000] {processor.py:208} INFO - Processing /home/airflow/.local/lib/python3.12/site-packages/airflow/example_dags/tutorial_dag.py took 0.095 seconds
[2026-08-12T04:46:52.114+0000] {processor.py:186} INFO - Started process (PID=1901) to work on /home/airflow/.local/lib/python3.12/site-packages/airflow/example_dags/tutorial_dag.py
[2026-08-12T04:46:52.115+0000] {processor.py:914} INFO - Processing file /home/airflow/.local/lib/python3.12/site-packages/airflow/example_dags/tutorial_dag.py for tasks to queue
[2026-08-12T04:46:52.118+0000] {logging_mixin.py:190} INFO - [2026-08-12T04:46:52.118+0000] {dagbag.py:587} INFO - Filling up the DagBag from /home/airflow/.local/lib/python3.12/site-packages/airflow/example_dags/tutorial_dag.py
[2026-08-12T04:46:52.126+0000] {processor.py:925} INFO - DAG(s) 'tutorial_dag' retrieved from /home/airflow/.local/lib/python3.12/site-packages/airflow/example_dags/tutorial_dag.py
[2026-08-12T04:46:52.148+0000] {logging_mixin.py:190} INFO - [2026-08-12T04:46:52.147+0000] {dag.py:3211} INFO - Sync 1 DAGs
[2026-08-12T04:46:52.161+0000] {logging_mixin.py:190} INFO - [2026-08-12T04:46:52.161+0000] {dag.py:4138} INFO - Setting next_dagrun for tutorial_dag to None, run_after=None
[2026-08-12T04:46:52.185+0000] {processor.py:208} INFO - Processing /home/airflow/.local/lib/python3.12/site-packages/airflow/example_dags/tutorial_dag.py took 0.077 seconds
[2026-08-12T04:47:22.909+0000] {processor.py:186} INFO - Started process (PID=1963) to work on /home/airflow/.local/lib/python3.12/site-packages/airflow/example_dags/tutorial_dag.py
[2026-08-12T04:47:22.910+0000] {processor.py:914} INFO - Processing file /home/airflow/.local/lib/python3.12/site-packages/airflow/example_dags/tutorial_dag.py for tasks to queue
[2026-08-12T04:47:22.914+0000] {logging_mixin.py:190} INFO - [2026-08-12T04:47:22.913+0000] {dagbag.py:587} INFO - Filling up the DagBag from /home/airflow/.local/lib/python3.12/site-packages/airflow/example_dags/tutorial_dag.py
[2026-08-12T04:47:22.922+0000] {processor.py:925} INFO - DAG(s) 'tutorial_dag' retrieved from /home/airflow/.local/lib/python3.12/site-packages/airflow/example_dags/tutorial_dag.py
[2026-08-12T04:47:22.944+0000] {logging_mixin.py:190} INFO - [2026-08-12T04:47:22.943+0000] {dag.py:3211} INFO - Sync 1 DAGs
[2026-08-12T04:47:22.963+0000] {logging_mixin.py:190} INFO - [2026-08-12T04:47:22.963+0000] {dag.py:4138} INFO - Setting next_dagrun for tutorial_dag to None, run_after=None
[2026-08-12T04:47:22.999+0000] {processor.py:208} INFO - Processing /home/airflow/.local/lib/python3.12/site-packages/airflow/example_dags/tutorial_dag.py took 0.096 seconds
[2026-08-12T04:47:53.568+0000] {processor.py:186} INFO - Started process (PID=2025) to work on /home/airflow/.local/lib/python3.12/site-packages/airflow/example_dags/tutorial_dag.py
[2026-08-12T04:47:53.570+0000] {processor.py:914} INFO - Processing file /home/airflow/.local/lib/python3.12/site-packages/airflow/example_dags/tutorial_dag.py for tasks to queue
[2026-08-12T04:47:53.573+0000] {logging_mixin.py:190} INFO - [2026-08-12T04:47:53.572+0000] {dagbag.py:587} INFO - Filling up the DagBag from /home/airflow/.local/lib/python3.12/site-packages/airflow/example_dags/tutorial_dag.py
[2026-08-12T04:47:53.582+0000] {processor.py:925} INFO - DAG(s) 'tutorial_dag' retrieved from /home/airflow/.local/lib/python3.12/site-packages/airflow/example_dags/tutorial_dag.py
[2026-08-12T04:47:53.603+0000] {logging_mixin.py:190} INFO - [2026-08-12T04:47:53.603+0000] {dag.py:3211} INFO - Sync 1 DAGs
[2026-08-12T04:47:53.617+0000] {logging_mixin.py:190} INFO - [2026-08-12T04:47:53.617+0000] {dag.py:4138} INFO - Setting next_dagrun for tutorial_dag to None, run_after=None
[2026-08-12T04:47:53.641+0000] {processor.py:208} INFO - Processing /home/airflow/.local/lib/python3.12/site-packages/airflow/example_dags/tutorial_dag.py took 0.081 seconds
[2026-08-12T04:48:23.960+0000] {processor.py:186} INFO - Started process (PID=2087) to work on /home/airflow/.local/lib/python3.12/site-packages/airflow/example_dags/tutorial_dag.py
[2026-08-12T04:48:23.962+0000] {processor.py:914} INFO - Processing file /home/airflow/.local/lib/python3.12/site-packages/airflow/example_dags/tutorial_dag.py for tasks to queue
[2026-08-12T04:48:23.966+0000] {logging_mixin.py:190} INFO - [2026-08-12T04:48:23.965+0000] {dagbag.py:587} INFO - Filling up the DagBag from /home/airflow/.local/lib/python3.12/site-packages/airflow/example_dags/tutorial_dag.py
[2026-08-12T04:48:23.975+0000] {processor.py:925} INFO - DAG(s) 'tutorial_dag' retrieved from /home/airflow/.local/lib/python3.12/site-packages/airflow/example_dags/tutorial_dag.py
[2026-08-12T04:48:23.997+0000] {logging_mixin.py:190} INFO - [2026-08-12T04:48:23.996+0000] {dag.py:3211} INFO - Sync 1 DAGs
[2026-08-12T04:48:24.011+0000] {logging_mixin.py:190} INFO - [2026-08-12T04:48:24.011+0000] {dag.py:4138} INFO - Setting next_dagrun for tutorial_dag to None, run_after=None
[2026-08-12T04:48:24.031+0000] {processor.py:208} INFO - Processing /home/airflow/.local/lib/python3.12/site-packages/airflow/example_dags/tutorial_dag.py took 0.077 seconds
