[2026-08-12T04:31:55.643+0000] {processor.py:186} INFO - Started process (PID=62) to work on /home/airflow/.local/lib/python3.12/site-packages/airflow/example_dags/tutorial_objectstorage.py
[2026-08-12T04:31:55.646+0000] {processor.py:914} INFO - Processing file /home/airflow/.local/lib/python3.12/site-packages/airflow/example_dags/tutorial_objectstorage.py for tasks to queue
[2026-08-12T04:31:55.653+0000] {logging_mixin.py:190} INFO - [2026-08-12T04:31:55.652+0000] {dagbag.py:587} INFO - Filling up the DagBag from /home/airflow/.local/lib/python3.12/site-packages/airflow/example_dags/tutorial_objectstorage.py
[2026-08-12T04:31:55.692+0000] {processor.py:925} INFO - DAG(s) 'tutorial_objectstorage' retrieved from /home/airflow/.local/lib/python3.12/site-packages/airflow/example_dags/tutorial_objectstorage.py
[2026-08-12T04:31:56.150+0000] {logging_mixin.py:190} INFO - [2026-08-12T04:31:56.146+0000] {override.py:1858} INFO - Created Permission View: can read on DAG:tutorial_objectstorage
[2026-08-12T04:31:56.167+0000] {logging_mixin.py:190} INFO - [2026-08-12T04:31:56.166+0000] {override.py:1858} INFO - Created Permission View: can delete on DAG:tutorial_objectstorage
[2026-08-12T04:31:56.185+0000] {logging_mixin.py:190} INFO - [2026-08-12T04:31:56.181+0000] {override.py:1858} INFO - Created Permission View: can edit on DAG:tutorial_objectstorage
[2026-08-12T04:31:56.190+0000] {logging_mixin.py:190} INFO - [2026-08-12T04:31:56.189+0000] {dag.py:3211} INFO - Sync 1 DAGs
[2026-08-12T04:31:56.216+0000] {logging_mixin.py:190} INFO - [2026-08-12T04:31:56.216+0000] {dag.py:3234} INFO - Creating ORM DAG for tutorial_objectstorage
[2026-08-12T04:31:56.218+0000] {logging_mixin.py:190} INFO - [2026-08-12T04:31:56.218+0000] {dag.py:4138} INFO - Setting next_dagrun for tutorial_objectstorage to None, run_after=None
[2026-08-12T04:31:56.253+0000] {processor.py:208} INFO - Processing /home/airflow/.local/lib/python3.12/site-packages/airflow/example_dags/tutorial_objectstorage.py took 0.623 seconds
[2026-08-12T04:32:26.624+0000] {processor.py:186} INFO - Started process (PID=124) to work on /home/airflow/.local/lib/python3.12/site-packages/airflow/example_dags/tutorial_objectstorage.py
[2026-08-12T04:32:26.626+0000] {processor.py:914} INFO - Processing file /home/airflow/.local/lib/python3.12/site-packages/airflow/example_dags/tutorial_objectstorage.py for tasks to queue
[2026-08-12T04:32:26.629+0000] {logging_mixin.py:190} INFO - [2026-08-12T04:32:26.629+0000] {dagbag.py:587} INFO - Filling up the DagBag from /home/airflow/.local/lib/python3.12/site-packages/airflow/example_dags/tutorial_objectstorage.py
[2026-08-12T04:32:26.640+0000] {processor.py:925} INFO - DAG(s) 'tutorial_objectstorage' retrieved from /home/airflow/.local/lib/python3.12/site-packages/airflow/example_dags/tutorial_objectstorage.py
[2026-08-12T04:32:26.668+0000] {logging_mixin.py:190} INFO - [2026-08-12T04:32:26.667+0000] {dag.py:3211} INFO - Sync 1 DAGs
[2026-08-12T04:32:26.685+0000] {logging_mixin.py:190} INFO - [2026-08-12T04:32:26.685+0000] {dag.py:4138} INFO - Setting next_dagrun for tutorial_objectstorage to None, run_after=None
[2026-08-12T04:32:26.708+0000] {processor.py:208} INFO - Processing /home/airflow/.local/lib/python3.12/site-packages/airflow/example_dags/tutorial_objectstorage.py took 0.090 seconds
[2026-08-12T04:32:57.484+0000] {processor.py:186} INFO - Started process (PID=186) to work on /home/airflow/.local/lib/python3.12/site-packages/airflow/example_dags/tutorial_objectstorage.py
[2026-08-12T04:32:57.486+0000] {processor.py:914} INFO - Processing file /home/airflow/.local/lib/python3.12/site-packages/airflow/example_dags/tutorial_objectstorage.py for tasks to queue
[2026-08-12T04:32:57.492+0000] {logging_mixin.py:190} INFO - [2026-08-12T04:32:57.491+0000] {dagbag.py:587} INFO - Filling up the DagBag from /home/airflow/.local/lib/python3.12/site-packages/airflow/example_dags/tutorial_objectstorage.py
[2026-08-12T04:32:57.501+0000] {processor.py:925} INFO - DAG(s) 'tutorial_objectstorage' retrieved from /home/airflow/.local/lib/python3.12/site-packages/airflow/example_dags/tutorial_objectstorage.py
[2026-08-12T04:32:57.525+0000] {logging_mixin.py:190} INFO - [2026-08-12T04:32:57.524+0000] {dag.py:3211} INFO - Sync 1 DAGs
[2026-08-12T04:32:57.540+0000] {logging_mixin.py:190} INFO - [2026-08-12T04:32:57.540+0000] {dag.py:4138} INFO - Setting next_dagrun for tutorial_objectstorage to None, run_after=None
[2026-08-12T04:32:57.588+0000] {processor.py:208} INFO - Processing /home/airflow/.local/lib/python3.12/site-packages/airflow/example_dags/tutorial_objectstorage.py took 0.111 seconds
[2026-08-12T04:33:28.054+0000] {processor.py:186} INFO - Started process (PID=248) to work on /home/airflow/.local/lib/python3.12/site-packages/airflow/example_dags/tutorial_objectstorage.py
[2026-08-12T04:33:28.055+0000] {processor.py:914} INFO - Processing file /home/airflow/.local/lib/python3.12/site-packages/airflow/example_dags/tutorial_objectstorage.py for tasks to queue
[2026-08-12T04:33:28.060+0000] {logging_mixin.py:190} INFO - [2026-08-12T04:33:28.059+0000] {dagbag.py:587} INFO - Filling up the DagBag from /home/airflow/.local/lib/python3.12/site-packages/airflow/example_dags/tutorial_objectstorage.py
[2026-08-12T04:33:28.073+0000] {processor.py:925} INFO - DAG(s) 'tutorial_objectstorage' retrieved from /home/airflow/.local/lib/python3.12/site-packages/airflow/example_dags/tutorial_objectstorage.py
[2026-08-12T04:33:28.098+0000] {logging_mixin.py:190} INFO - [2026-08-12T04:33:28.098+0000] {dag.py:3211} INFO - Sync 1 DAGs
[2026-08-12T04:33:28.116+0000] {logging_mixin.py:190} INFO - [2026-08-12T04:33:28.115+0000] {dag.py:4138} INFO - Setting next_dagrun for tutorial_objectstorage to None, run_after=None
[2026-08-12T04:33:28.142+0000] {processor.py:208} INFO - Processing /home/airflow/.local/lib/python3.12/site-packages/airflow/example_dags/tutorial_objectstorage.py took 0.095 seconds
[2026-08-12T04:33:58.546+0000] {processor.py:186} INFO - Started process (PID=316) to work on /home/airflow/.local/lib/python3.12/site-packages/airflow/example_dags/tutorial_objectstorage.py
[2026-08-12T04:33:58.548+0000] {processor.py:914} INFO - Processing file /home/airflow/.local/lib/python3.12/site-packages/airflow/example_dags/tutorial_objectstorage.py for tasks to queue
[2026-08-12T04:33:58.551+0000] {logging_mixin.py:190} INFO - [2026-08-12T04:33:58.550+0000] {dagbag.py:587} INFO - Filling up the DagBag from /home/airflow/.local/lib/python3.12/site-packages/airflow/example_dags/tutorial_objectstorage.py
[2026-08-12T04:33:58.561+0000] {processor.py:925} INFO - DAG(s) 'tutorial_objectstorage' retrieved from /home/airflow/.local/lib/python3.12/site-packages/airflow/example_dags/tutorial_objectstorage.py
[2026-08-12T04:33:58.596+0000] {logging_mixin.py:190} INFO - [2026-08-12T04:33:58.595+0000] {dag.py:3211} INFO - Sync 1 DAGs
[2026-08-12T04:33:58.620+0000] {logging_mixin.py:190} INFO - [2026-08-12T04:33:58.620+0000] {dag.py:4138} INFO - Setting next_dagrun for tutorial_objectstorage to None, run_after=None
[2026-08-12T04:33:58.645+0000] {processor.py:208} INFO - Processing /home/airflow/.local/lib/python3.12/site-packages/airflow/example_dags/tutorial_objectstorage.py took 0.108 seconds
[2026-08-12T04:34:29.489+0000] {processor.py:186} INFO - Started process (PID=378) to work on /home/airflow/.local/lib/python3.12/site-packages/airflow/example_dags/tutorial_objectstorage.py
[2026-08-12T04:34:29.490+0000] {processor.py:914} INFO - Processing file /home/airflow/.local/lib/python3.12/site-packages/airflow/example_dags/tutorial_objectstorage.py for tasks to queue
[2026-08-12T04:34:29.494+0000] {logging_mixin.py:190} INFO - [2026-08-12T04:34:29.494+0000] {dagbag.py:587} INFO - Filling up the DagBag from /home/airflow/.local/lib/python3.12/site-packages/airflow/example_dags/tutorial_objectstorage.py
[2026-08-12T04:34:29.503+0000] {processor.py:925} INFO - DAG(s) 'tutorial_objectstorage' retrieved from /home/airflow/.local/lib/python3.12/site-packages/airflow/example_dags/tutorial_objectstorage.py
[2026-08-12T04:34:29.527+0000] {logging_mixin.py:190} INFO - [2026-08-12T04:34:29.526+0000] {dag.py:3211} INFO - Sync 1 DAGs
[2026-08-12T04:34:29.541+0000] {logging_mixin.py:190} INFO - [2026-08-12T04:34:29.541+0000] {dag.py:4138} INFO - Setting next_dagrun for tutorial_objectstorage to None, run_after=None
[2026-08-12T04:34:29.563+0000] {processor.py:208} INFO - Processing /home/airflow/.local/lib/python3.12/site-packages/airflow/example_dags/tutorial_objectstorage.py took 0.083 seconds
[2026-08-12T04:34:59.799+0000] {processor.py:186} INFO - Started process (PID=440) to work on /home/airflow/.local/lib/python3.12/site-packages/airflow/example_dags/tutorial_objectstorage.py
[2026-08-12T04:34:59.801+0000] {processor.py:914} INFO - Processing file /home/airflow/.local/lib/python3.12/site-packages/airflow/example_dags/tutorial_objectstorage.py for tasks to queue
[2026-08-12T04:34:59.805+0000] {logging_mixin.py:190} INFO - [2026-08-12T04:34:59.805+0000] {dagbag.py:587} INFO - Filling up the DagBag from /home/airflow/.local/lib/python3.12/site-packages/airflow/example_dags/tutorial_objectstorage.py
[2026-08-12T04:34:59.816+0000] {processor.py:925} INFO - DAG(s) 'tutorial_objectstorage' retrieved from /home/airflow/.local/lib/python3.12/site-packages/airflow/example_dags/tutorial_objectstorage.py
[2026-08-12T04:34:59.837+0000] {logging_mixin.py:190} INFO - [2026-08-12T04:34:59.837+0000] {dag.py:3211} INFO - Sync 1 DAGs
[2026-08-12T04:34:59.854+0000] {logging_mixin.py:190} INFO - [2026-08-12T04:34:59.853+0000] {dag.py:4138} INFO - Setting next_dagrun for tutorial_objectstorage to None, run_after=None
[2026-08-12T04:34:59.875+0000] {processor.py:208} INFO - Processing /home/airflow/.local/lib/python3.12/site-packages/airflow/example_dags/tutorial_objectstorage.py took 0.083 seconds
[2026-08-12T04:35:30.170+0000] {processor.py:186} INFO - Started process (PID=502) to work on /home/airflow/.local/lib/python3.12/site-packages/airflow/example_dags/tutorial_objectstorage.py
[2026-08-12T04:35:30.171+0000] {processor.py:914} INFO - Processing file /home/airflow/.local/lib/python3.12/site-packages/airflow/example_dags/tutorial_objectstorage.py for tasks to queue
[2026-08-12T04:35:30.174+0000] {logging_mixin.py:190} INFO - [2026-08-12T04:35:30.174+0000] {dagbag.py:587} INFO - Filling up the DagBag from /home/airflow/.local/lib/python3.12/site-packages/airflow/example_dags/tutorial_objectstorage.py
[2026-08-12T04:35:30.185+0000] {processor.py:925} INFO - DAG(s) 'tutorial_objectstorage' retrieved from /home/airflow/.local/lib/python3.12/site-packages/airflow/example_dags/tutorial_objectstorage.py
[2026-08-12T04:35:30.208+0000] {logging_mixin.py:190} INFO - [2026-08-12T04:35:30.208+0000] {dag.py:3211} INFO - Sync 1 DAGs
[2026-08-12T04:35:30.223+0000] {logging_mixin.py:190} INFO - [2026-08-12T04:35:30.223+0000] {dag.py:4138} INFO - Setting next_dagrun for tutorial_objectstorage to None, run_after=None
[2026-08-12T04:35:30.244+0000] {processor.py:208} INFO - Processing /home/airflow/.local/lib/python3.12/site-packages/airflow/example_dags/tutorial_objectstorage.py took 0.083 seconds
[2026-08-12T04:36:00.557+0000] {processor.py:186} INFO - Started process (PID=564) to work on /home/airflow/.local/lib/python3.12/site-packages/airflow/example_dags/tutorial_objectstorage.py
[2026-08-12T04:36:00.559+0000] {processor.py:914} INFO - Processing file /home/airflow/.local/lib/python3.12/site-packages/airflow/example_dags/tutorial_objectstorage.py for tasks to queue
[2026-08-12T04:36:00.563+0000] {logging_mixin.py:190} INFO - [2026-08-12T04:36:00.563+0000] {dagbag.py:587} INFO - Filling up the DagBag from /home/airflow/.local/lib/python3.12/site-packages/airflow/example_dags/tutorial_objectstorage.py
[2026-08-12T04:36:00.576+0000] {processor.py:925} INFO - DAG(s) 'tutorial_objectstorage' retrieved from /home/airflow/.local/lib/python3.12/site-packages/airflow/example_dags/tutorial_objectstorage.py
[2026-08-12T04:36:00.600+0000] {logging_mixin.py:190} INFO - [2026-08-12T04:36:00.599+0000] {dag.py:3211} INFO - Sync 1 DAGs
[2026-08-12T04:36:00.616+0000] {logging_mixin.py:190} INFO - [2026-08-12T04:36:00.616+0000] {dag.py:4138} INFO - Setting next_dagrun for tutorial_objectstorage to None, run_after=None
[2026-08-12T04:36:00.637+0000] {processor.py:208} INFO - Processing /home/airflow/.local/lib/python3.12/site-packages/airflow/example_dags/tutorial_objectstorage.py took 0.087 seconds
[2026-08-12T04:36:31.086+0000] {processor.py:186} INFO - Started process (PID=626) to work on /home/airflow/.local/lib/python3.12/site-packages/airflow/example_dags/tutorial_objectstorage.py
[2026-08-12T04:36:31.087+0000] {processor.py:914} INFO - Processing file /home/airflow/.local/lib/python3.12/site-packages/airflow/example_dags/tutorial_objectstorage.py for tasks to queue
[2026-08-12T04:36:31.091+0000] {logging_mixin.py:190} INFO - [2026-08-12T04:36:31.091+0000] {dagbag.py:587} INFO - Filling up the DagBag from /home/airflow/.local/lib/python3.12/site-packages/airflow/example_dags/tutorial_objectstorage.py
[2026-08-12T04:36:31.102+0000] {processor.py:925} INFO - DAG(s) 'tutorial_objectstorage' retrieved from /home/airflow/.local/lib/python3.12/site-packages/airflow/example_dags/tutorial_objectstorage.py
[2026-08-12T04:36:31.124+0000] {logging_mixin.py:190} INFO - [2026-08-12T04:36:31.124+0000] {dag.py:3211} INFO - Sync 1 DAGs
[2026-08-12T04:36:31.139+0000] {logging_mixin.py:190} INFO - [2026-08-12T04:36:31.138+0000] {dag.py:4138} INFO - Setting next_dagrun for tutorial_objectstorage to None, run_after=None
[2026-08-12T04:36:31.174+0000] {processor.py:208} INFO - Processing /home/airflow/.local/lib/python3.12/site-packages/airflow/example_dags/tutorial_objectstorage.py took 0.094 seconds
[2026-08-12T04:37:01.888+0000] {processor.py:186} INFO - Started process (PID=688) to work on /home/airflow/.local/lib/python3.12/site-packages/airflow/example_dags/tutorial_objectstorage.py
[2026-08-12T04:37:01.889+0000] {processor.py:914} INFO - Processing file /home/airflow/.local/lib/python3.12/site-packages/airflow/example_dags/tutorial_objectstorage.py for tasks to queue
[2026-08-12T04:37:01.892+0000] {logging_mixin.py:190} INFO - [2026-08-12T04:37:01.892+0000] {dagbag.py:587} INFO - Filling up the DagBag from /home/airflow/.local/lib/python3.12/site-packages/airflow/example_dags/tutorial_objectstorage.py
[2026-08-12T04:37:01.902+0000] {processor.py:925} INFO - DAG(s) 'tutorial_objectstorage' retrieved from /home/airflow/.local/lib/python3.12/site-packages/airflow/example_dags/tutorial_objectstorage.py
[2026-08-12T04:37:01.925+0000] {logging_mixin.py:190} INFO - [2026-08-12T04:37:01.924+0000] {dag.py:3211} INFO - Sync 1 DAGs
[2026-08-12T04:37:01.939+0000] {logging_mixin.py:190} INFO - [2026-08-12T04:37:01.939+0000] {dag.py:4138} INFO - Setting next_dagrun for tutorial_objectstorage to None, run_after=None
[2026-08-12T04:37:01.960+0000] {processor.py:208} INFO - Processing /home/airflow/.local/lib/python3.12/site-packages/airflow/example_dags/tutorial_objectstorage.py took 0.078 seconds
[2026-08-12T04:37:32.106+0000] {processor.py:186} INFO - Started process (PID=750) to work on /home/airflow/.local/lib/python3.12/site-packages/airflow/example_dags/tutorial_objectstorage.py
[2026-08-12T04:37:32.107+0000] {processor.py:914} INFO - Processing file /home/airflow/.local/lib/python3.12/site-packages/airflow/example_dags/tutorial_objectstorage.py for tasks to queue
[2026-08-12T04:37:32.110+0000] {logging_mixin.py:190} INFO - [2026-08-12T04:37:32.110+0000] {dagbag.py:587} INFO - Filling up the DagBag from /home/airflow/.local/lib/python3.12/site-packages/airflow/example_dags/tutorial_objectstorage.py
[2026-08-12T04:37:32.120+0000] {processor.py:925} INFO - DAG(s) 'tutorial_objectstorage' retrieved from /home/airflow/.local/lib/python3.12/site-packages/airflow/example_dags/tutorial_objectstorage.py
[2026-08-12T04:37:32.144+0000] {logging_mixin.py:190} INFO - [2026-08-12T04:37:32.143+0000] {dag.py:3211} INFO - Sync 1 DAGs
[2026-08-12T04:37:32.158+0000] {logging_mixin.py:190} INFO - [2026-08-12T04:37:32.158+0000] {dag.py:4138} INFO - Setting next_dagrun for tutorial_objectstorage to None, run_after=None
[2026-08-12T04:37:32.179+0000] {processor.py:208} INFO - Processing /home/airflow/.local/lib/python3.12/site-packages/airflow/example_dags/tutorial_objectstorage.py took 0.080 seconds
[2026-08-12T04:38:02.764+0000] {processor.py:186} INFO - Started process (PID=812) to work on /home/airflow/.local/lib/python3.12/site-packages/airflow/example_dags/tutorial_objectstorage.py
[2026-08-12T04:38:02.766+0000] {processor.py:914} INFO - Processing file /home/airflow/.local/lib/python3.12/site-packages/airflow/example_dags/tutorial_objectstorage.py for tasks to queue
[2026-08-12T04:38:02.770+0000] {logging_mixin.py:190} INFO - [2026-08-12T04:38:02.769+0000] {dagbag.py:587} INFO - Filling up the DagBag from /home/airflow/.local/lib/python3.12/site-packages/airflow/example_dags/tutorial_objectstorage.py
[2026-08-12T04:38:02.781+0000] {processor.py:925} INFO - DAG(s) 'tutorial_objectstorage' retrieved from /home/airflow/.local/lib/python3.12/site-packages/airflow/example_dags/tutorial_objectstorage.py
[2026-08-12T04:38:02.807+0000] {logging_mixin.py:190} INFO - [2026-08-12T04:38:02.807+0000] {dag.py:3211} INFO - Sync 1 DAGs
[2026-08-12T04:38:02.823+0000] {logging_mixin.py:190} INFO - [2026-08-12T04:38:02.823+0000] {dag.py:4138} INFO - Setting next_dagrun for tutorial_objectstorage to None, run_after=None
[2026-08-12T04:38:02.859+0000] {processor.py:208} INFO - Processing /home/airflow/.local/lib/python3.12/site-packages/airflow/example_dags/tutorial_objectstorage.py took 0.100 seconds
[2026-08-12T04:38:33.763+0000] {processor.py:186} INFO - Started process (PID=874) to work on /home/airflow/.local/lib/python3.12/site-packages/airflow/example_dags/tutorial_objectstorage.py
[2026-08-12T04:38:33.765+0000] {processor.py:914} INFO - Processing file /home/airflow/.local/lib/python3.12/site-packages/airflow/example_dags/tutorial_objectstorage.py for tasks to queue
[2026-08-12T04:38:33.770+0000] {logging_mixin.py:190} INFO - [2026-08-12T04:38:33.770+0000] {dagbag.py:587} INFO - Filling up the DagBag from /home/airflow/.local/lib/python3.12/site-packages/airflow/example_dags/tutorial_objectstorage.py
[2026-08-12T04:38:33.780+0000] {processor.py:925} INFO - DAG(s) 'tutorial_objectstorage' retrieved from /home/airflow/.local/lib/python3.12/site-packages/airflow/example_dags/tutorial_objectstorage.py
[2026-08-12T04:38:33.803+0000] {logging_mixin.py:190} INFO - [2026-08-12T04:38:33.803+0000] {dag.py:3211} INFO - Sync 1 DAGs
[2026-08-12T04:38:33.818+0000] {logging_mixin.py:190} INFO - [2026-08-12T04:38:33.818+0000] {dag.py:4138} INFO - Setting next_dagrun for tutorial_objectstorage to None, run_after=None
[2026-08-12T04:38:33.853+0000] {processor.py:208} INFO - Processing /home/airflow/.local/lib/python3.12/site-packages/airflow/example_dags/tutorial_objectstorage.py took 0.098 seconds
[2026-08-12T04:39:04.430+0000] {processor.py:186} INFO - Started process (PID=936) to work on /home/airflow/.local/lib/python3.12/site-packages/airflow/example_dags/tutorial_objectstorage.py
[2026-08-12T04:39:04.431+0000] {processor.py:914} INFO - Processing file /home/airflow/.local/lib/python3.12/site-packages/airflow/example_dags/tutorial_objectstorage.py for tasks to queue
[2026-08-12T04:39:04.435+0000] {logging_mixin.py:190} INFO - [2026-08-12T04:39:04.435+0000] {dagbag.py:587} INFO - Filling up the DagBag from /home/airflow/.local/lib/python3.12/site-packages/airflow/example_dags/tutorial_objectstorage.py
[2026-08-12T04:39:04.450+0000] {processor.py:925} INFO - DAG(s) 'tutorial_objectstorage' retrieved from /home/airflow/.local/lib/python3.12/site-packages/airflow/example_dags/tutorial_objectstorage.py
[2026-08-12T04:39:04.480+0000] {logging_mixin.py:190} INFO - [2026-08-12T04:39:04.480+0000] {dag.py:3211} INFO - Sync 1 DAGs
[2026-08-12T04:39:04.500+0000] {logging_mixin.py:190} INFO - [2026-08-12T04:39:04.500+0000] {dag.py:4138} INFO - Setting next_dagrun for tutorial_objectstorage to None, run_after=None
[2026-08-12T04:39:04.542+0000] {processor.py:208} INFO - Processing /home/airflow/.local/lib/python3.12/site-packages/airflow/example_dags/tutorial_objectstorage.py took 0.122 seconds
[2026-08-12T04:39:35.431+0000] {processor.py:186} INFO - Started process (PID=998) to work on /home/airflow/.local/lib/python3.12/site-packages/airflow/example_dags/tutorial_objectstorage.py
[2026-08-12T04:39:35.433+0000] {processor.py:914} INFO - Processing file /home/airflow/.local/lib/python3.12/site-packages/airflow/example_dags/tutorial_objectstorage.py for tasks to queue
[2026-08-12T04:39:35.436+0000] {logging_mixin.py:190} INFO - [2026-08-12T04:39:35.436+0000] {dagbag.py:587} INFO - Filling up the DagBag from /home/airflow/.local/lib/python3.12/site-packages/airflow/example_dags/tutorial_objectstorage.py
[2026-08-12T04:39:35.450+0000] {processor.py:925} INFO - DAG(s) 'tutorial_objectstorage' retrieved from /home/airflow/.local/lib/python3.12/site-packages/airflow/example_dags/tutorial_objectstorage.py
[2026-08-12T04:39:35.476+0000] {logging_mixin.py:190} INFO - [2026-08-12T04:39:35.475+0000] {dag.py:3211} INFO - Sync 1 DAGs
[2026-08-12T04:39:35.492+0000] {logging_mixin.py:190} INFO - [2026-08-12T04:39:35.491+0000] {dag.py:4138} INFO - Setting next_dagrun for tutorial_objectstorage to None, run_after=None
[2026-08-12T04:39:35.529+0000] {processor.py:208} INFO - Processing /home/airflow/.local/lib/python3.12/site-packages/airflow/example_dags/tutorial_objectstorage.py took 0.104 seconds
[2026-08-12T04:40:05.652+0000] {processor.py:186} INFO - Started process (PID=1060) to work on /home/airflow/.local/lib/python3.12/site-packages/airflow/example_dags/tutorial_objectstorage.py
[2026-08-12T04:40:05.653+0000] {processor.py:914} INFO - Processing file /home/airflow/.local/lib/python3.12/site-packages/airflow/example_dags/tutorial_objectstorage.py for tasks to queue
[2026-08-12T04:40:05.656+0000] {logging_mixin.py:190} INFO - [2026-08-12T04:40:05.656+0000] {dagbag.py:587} INFO - Filling up the DagBag from /home/airflow/.local/lib/python3.12/site-packages/airflow/example_dags/tutorial_objectstorage.py
[2026-08-12T04:40:05.670+0000] {processor.py:925} INFO - DAG(s) 'tutorial_objectstorage' retrieved from /home/airflow/.local/lib/python3.12/site-packages/airflow/example_dags/tutorial_objectstorage.py
[2026-08-12T04:40:05.695+0000] {logging_mixin.py:190} INFO - [2026-08-12T04:40:05.695+0000] {dag.py:3211} INFO - Sync 1 DAGs
[2026-08-12T04:40:05.711+0000] {logging_mixin.py:190} INFO - [2026-08-12T04:40:05.710+0000] {dag.py:4138} INFO - Setting next_dagrun for tutorial_objectstorage to None, run_after=None
[2026-08-12T04:40:05.745+0000] {processor.py:208} INFO - Processing /home/airflow/.local/lib/python3.12/site-packages/airflow/example_dags/tutorial_objectstorage.py took 0.100 seconds
[2026-08-12T04:40:35.954+0000] {processor.py:186} INFO - Started process (PID=1122) to work on /home/airflow/.local/lib/python3.12/site-packages/airflow/example_dags/tutorial_objectstorage.py
[2026-08-12T04:40:35.956+0000] {processor.py:914} INFO - Processing file /home/airflow/.local/lib/python3.12/site-packages/airflow/example_dags/tutorial_objectstorage.py for tasks to queue
[2026-08-12T04:40:35.959+0000] {logging_mixin.py:190} INFO - [2026-08-12T04:40:35.959+0000] {dagbag.py:587} INFO - Filling up the DagBag from /home/airflow/.local/lib/python3.12/site-packages/airflow/example_dags/tutorial_objectstorage.py
[2026-08-12T04:40:35.972+0000] {processor.py:925} INFO - DAG(s) 'tutorial_objectstorage' retrieved from /home/airflow/.local/lib/python3.12/site-packages/airflow/example_dags/tutorial_objectstorage.py
[2026-08-12T04:40:36.002+0000] {logging_mixin.py:190} INFO - [2026-08-12T04:40:36.001+0000] {dag.py:3211} INFO - Sync 1 DAGs
[2026-08-12T04:40:36.018+0000] {logging_mixin.py:190} INFO - [2026-08-12T04:40:36.017+0000] {dag.py:4138} INFO - Setting next_dagrun for tutorial_objectstorage to None, run_after=None
[2026-08-12T04:40:36.040+0000] {processor.py:208} INFO - Processing /home/airflow/.local/lib/python3.12/site-packages/airflow/example_dags/tutorial_objectstorage.py took 0.091 seconds
[2026-08-12T04:41:06.561+0000] {processor.py:186} INFO - Started process (PID=1184) to work on /home/airflow/.local/lib/python3.12/site-packages/airflow/example_dags/tutorial_objectstorage.py
[2026-08-12T04:41:06.563+0000] {processor.py:914} INFO - Processing file /home/airflow/.local/lib/python3.12/site-packages/airflow/example_dags/tutorial_objectstorage.py for tasks to queue
[2026-08-12T04:41:06.567+0000] {logging_mixin.py:190} INFO - [2026-08-12T04:41:06.567+0000] {dagbag.py:587} INFO - Filling up the DagBag from /home/airflow/.local/lib/python3.12/site-packages/airflow/example_dags/tutorial_objectstorage.py
[2026-08-12T04:41:06.581+0000] {processor.py:925} INFO - DAG(s) 'tutorial_objectstorage' retrieved from /home/airflow/.local/lib/python3.12/site-packages/airflow/example_dags/tutorial_objectstorage.py
[2026-08-12T04:41:06.606+0000] {logging_mixin.py:190} INFO - [2026-08-12T04:41:06.605+0000] {dag.py:3211} INFO - Sync 1 DAGs
[2026-08-12T04:41:06.623+0000] {logging_mixin.py:190} INFO - [2026-08-12T04:41:06.623+0000] {dag.py:4138} INFO - Setting next_dagrun for tutorial_objectstorage to None, run_after=None
[2026-08-12T04:41:06.670+0000] {processor.py:208} INFO - Processing /home/airflow/.local/lib/python3.12/site-packages/airflow/example_dags/tutorial_objectstorage.py took 0.118 seconds
[2026-08-12T04:41:37.031+0000] {processor.py:186} INFO - Started process (PID=1246) to work on /home/airflow/.local/lib/python3.12/site-packages/airflow/example_dags/tutorial_objectstorage.py
[2026-08-12T04:41:37.032+0000] {processor.py:914} INFO - Processing file /home/airflow/.local/lib/python3.12/site-packages/airflow/example_dags/tutorial_objectstorage.py for tasks to queue
[2026-08-12T04:41:37.035+0000] {logging_mixin.py:190} INFO - [2026-08-12T04:41:37.035+0000] {dagbag.py:587} INFO - Filling up the DagBag from /home/airflow/.local/lib/python3.12/site-packages/airflow/example_dags/tutorial_objectstorage.py
[2026-08-12T04:41:37.045+0000] {processor.py:925} INFO - DAG(s) 'tutorial_objectstorage' retrieved from /home/airflow/.local/lib/python3.12/site-packages/airflow/example_dags/tutorial_objectstorage.py
[2026-08-12T04:41:37.080+0000] {logging_mixin.py:190} INFO - [2026-08-12T04:41:37.080+0000] {dag.py:3211} INFO - Sync 1 DAGs
[2026-08-12T04:41:37.096+0000] {logging_mixin.py:190} INFO - [2026-08-12T04:41:37.096+0000] {dag.py:4138} INFO - Setting next_dagrun for tutorial_objectstorage to None, run_after=None
[2026-08-12T04:41:37.132+0000] {processor.py:208} INFO - Processing /home/airflow/.local/lib/python3.12/site-packages/airflow/example_dags/tutorial_objectstorage.py took 0.108 seconds
[2026-08-12T04:42:07.494+0000] {processor.py:186} INFO - Started process (PID=1308) to work on /home/airflow/.local/lib/python3.12/site-packages/airflow/example_dags/tutorial_objectstorage.py
[2026-08-12T04:42:07.496+0000] {processor.py:914} INFO - Processing file /home/airflow/.local/lib/python3.12/site-packages/airflow/example_dags/tutorial_objectstorage.py for tasks to queue
[2026-08-12T04:42:07.500+0000] {logging_mixin.py:190} INFO - [2026-08-12T04:42:07.499+0000] {dagbag.py:587} INFO - Filling up the DagBag from /home/airflow/.local/lib/python3.12/site-packages/airflow/example_dags/tutorial_objectstorage.py
[2026-08-12T04:42:07.510+0000] {processor.py:925} INFO - DAG(s) 'tutorial_objectstorage' retrieved from /home/airflow/.local/lib/python3.12/site-packages/airflow/example_dags/tutorial_objectstorage.py
[2026-08-12T04:42:07.535+0000] {logging_mixin.py:190} INFO - [2026-08-12T04:42:07.535+0000] {dag.py:3211} INFO - Sync 1 DAGs
[2026-08-12T04:42:07.553+0000] {logging_mixin.py:190} INFO - [2026-08-12T04:42:07.552+0000] {dag.py:4138} INFO - Setting next_dagrun for tutorial_objectstorage to None, run_after=None
[2026-08-12T04:42:07.574+0000] {processor.py:208} INFO - Processing /home/airflow/.local/lib/python3.12/site-packages/airflow/example_dags/tutorial_objectstorage.py took 0.085 seconds
[2026-08-12T04:42:38.402+0000] {processor.py:186} INFO - Started process (PID=1370) to work on /home/airflow/.local/lib/python3.12/site-packages/airflow/example_dags/tutorial_objectstorage.py
[2026-08-12T04:42:38.403+0000] {processor.py:914} INFO - Processing file /home/airflow/.local/lib/python3.12/site-packages/airflow/example_dags/tutorial_objectstorage.py for tasks to queue
[2026-08-12T04:42:38.406+0000] {logging_mixin.py:190} INFO - [2026-08-12T04:42:38.406+0000] {dagbag.py:587} INFO - Filling up the DagBag from /home/airflow/.local/lib/python3.12/site-packages/airflow/example_dags/tutorial_objectstorage.py
[2026-08-12T04:42:38.417+0000] {processor.py:925} INFO - DAG(s) 'tutorial_objectstorage' retrieved from /home/airflow/.local/lib/python3.12/site-packages/airflow/example_dags/tutorial_objectstorage.py
[2026-08-12T04:42:38.441+0000] {logging_mixin.py:190} INFO - [2026-08-12T04:42:38.440+0000] {dag.py:3211} INFO - Sync 1 DAGs
[2026-08-12T04:42:38.455+0000] {logging_mixin.py:190} INFO - [2026-08-12T04:42:38.454+0000] {dag.py:4138} INFO - Setting next_dagrun for tutorial_objectstorage to None, run_after=None
[2026-08-12T04:42:38.477+0000] {processor.py:208} INFO - Processing /home/airflow/.local/lib/python3.12/site-packages/airflow/example_dags/tutorial_objectstorage.py took 0.081 seconds
[2026-08-12T04:43:08.767+0000] {processor.py:186} INFO - Started process (PID=1432) to work on /home/airflow/.local/lib/python3.12/site-packages/airflow/example_dags/tutorial_objectstorage.py
[2026-08-12T04:43:08.769+0000] {processor.py:914} INFO - Processing file /home/airflow/.local/lib/python3.12/site-packages/airflow/example_dags/tutorial_objectstorage.py for tasks to queue
[2026-08-12T04:43:08.772+0000] {logging_mixin.py:190} INFO - [2026-08-12T04:43:08.772+0000] {dagbag.py:587} INFO - Filling up the DagBag from /home/airflow/.local/lib/python3.12/site-packages/airflow/example_dags/tutorial_objectstorage.py
[2026-08-12T04:43:08.786+0000] {processor.py:925} INFO - DAG(s) 'tutorial_objectstorage' retrieved from /home/airflow/.local/lib/python3.12/site-packages/airflow/example_dags/tutorial_objectstorage.py
[2026-08-12T04:43:08.826+0000] {logging_mixin.py:190} INFO - [2026-08-12T04:43:08.826+0000] {dag.py:3211} INFO - Sync 1 DAGs
[2026-08-12T04:43:08.844+0000] {logging_mixin.py:190} INFO - [2026-08-12T04:43:08.844+0000] {dag.py:4138} INFO - Setting next_dagrun for tutorial_objectstorage to None, run_after=None
[2026-08-12T04:43:08.878+0000] {processor.py:208} INFO - Processing /home/airflow/.local/lib/python3.12/site-packages/airflow/example_dags/tutorial_objectstorage.py took 0.117 seconds
[2026-08-12T04:43:39.760+0000] {processor.py:186} INFO - Started process (PID=1494) to work on /home/airflow/.local/lib/python3.12/site-packages/airflow/example_dags/tutorial_objectstorage.py
[2026-08-12T04:43:39.761+0000] {processor.py:914} INFO - Processing file /home/airflow/.local/lib/python3.12/site-packages/airflow/example_dags/tutorial_objectstorage.py for tasks to queue
[2026-08-12T04:43:39.764+0000] {logging_mixin.py:190} INFO - [2026-08-12T04:43:39.763+0000] {dagbag.py:587} INFO - Filling up the DagBag from /home/airflow/.local/lib/python3.12/site-packages/airflow/example_dags/tutorial_objectstorage.py
[2026-08-12T04:43:39.772+0000] {processor.py:925} INFO - DAG(s) 'tutorial_objectstorage' retrieved from /home/airflow/.local/lib/python3.12/site-packages/airflow/example_dags/tutorial_objectstorage.py
[2026-08-12T04:43:39.792+0000] {logging_mixin.py:190} INFO - [2026-08-12T04:43:39.792+0000] {dag.py:3211} INFO - Sync 1 DAGs
[2026-08-12T04:43:39.805+0000] {logging_mixin.py:190} INFO - [2026-08-12T04:43:39.805+0000] {dag.py:4138} INFO - Setting next_dagrun for tutorial_objectstorage to None, run_after=None
[2026-08-12T04:43:39.839+0000] {processor.py:208} INFO - Processing /home/airflow/.local/lib/python3.12/site-packages/airflow/example_dags/tutorial_objectstorage.py took 0.084 seconds
[2026-08-12T04:44:10.714+0000] {processor.py:186} INFO - Started process (PID=1556) to work on /home/airflow/.local/lib/python3.12/site-packages/airflow/example_dags/tutorial_objectstorage.py
[2026-08-12T04:44:10.716+0000] {processor.py:914} INFO - Processing file /home/airflow/.local/lib/python3.12/site-packages/airflow/example_dags/tutorial_objectstorage.py for tasks to queue
[2026-08-12T04:44:10.719+0000] {logging_mixin.py:190} INFO - [2026-08-12T04:44:10.719+0000] {dagbag.py:587} INFO - Filling up the DagBag from /home/airflow/.local/lib/python3.12/site-packages/airflow/example_dags/tutorial_objectstorage.py
[2026-08-12T04:44:10.731+0000] {processor.py:925} INFO - DAG(s) 'tutorial_objectstorage' retrieved from /home/airflow/.local/lib/python3.12/site-packages/airflow/example_dags/tutorial_objectstorage.py
[2026-08-12T04:44:10.755+0000] {logging_mixin.py:190} INFO - [2026-08-12T04:44:10.755+0000] {dag.py:3211} INFO - Sync 1 DAGs
[2026-08-12T04:44:10.771+0000] {logging_mixin.py:190} INFO - [2026-08-12T04:44:10.770+0000] {dag.py:4138} INFO - Setting next_dagrun for tutorial_objectstorage to None, run_after=None
[2026-08-12T04:44:10.806+0000] {processor.py:208} INFO - Processing /home/airflow/.local/lib/python3.12/site-packages/airflow/example_dags/tutorial_objectstorage.py took 0.099 seconds
[2026-08-12T04:44:41.002+0000] {processor.py:186} INFO - Started process (PID=1618) to work on /home/airflow/.local/lib/python3.12/site-packages/airflow/example_dags/tutorial_objectstorage.py
[2026-08-12T04:44:41.004+0000] {processor.py:914} INFO - Processing file /home/airflow/.local/lib/python3.12/site-packages/airflow/example_dags/tutorial_objectstorage.py for tasks to queue
[2026-08-12T04:44:41.007+0000] {logging_mixin.py:190} INFO - [2026-08-12T04:44:41.007+0000] {dagbag.py:587} INFO - Filling up the DagBag from /home/airflow/.local/lib/python3.12/site-packages/airflow/example_dags/tutorial_objectstorage.py
[2026-08-12T04:44:41.017+0000] {processor.py:925} INFO - DAG(s) 'tutorial_objectstorage' retrieved from /home/airflow/.local/lib/python3.12/site-packages/airflow/example_dags/tutorial_objectstorage.py
[2026-08-12T04:44:41.049+0000] {logging_mixin.py:190} INFO - [2026-08-12T04:44:41.049+0000] {dag.py:3211} INFO - Sync 1 DAGs
[2026-08-12T04:44:41.065+0000] {logging_mixin.py:190} INFO - [2026-08-12T04:44:41.065+0000] {dag.py:4138} INFO - Setting next_dagrun for tutorial_objectstorage to None, run_after=None
[2026-08-12T04:44:41.101+0000] {processor.py:208} INFO - Processing /home/airflow/.local/lib/python3.12/site-packages/airflow/example_dags/tutorial_objectstorage.py took 0.106 seconds
[2026-08-12T04:45:11.211+0000] {processor.py:186} INFO - Started process (PID=1680) to work on /home/airflow/.local/lib/python3.12/site-packages/airflow/example_dags/tutorial_objectstorage.py
[2026-08-12T04:45:11.213+0000] {processor.py:914} INFO - Processing file /home/airflow/.local/lib/python3.12/site-packages/airflow/example_dags/tutorial_objectstorage.py for tasks to queue
[2026-08-12T04:45:11.220+0000] {logging_mixin.py:190} INFO - [2026-08-12T04:45:11.219+0000] {dagbag.py:587} INFO - Filling up the DagBag from /home/airflow/.local/lib/python3.12/site-packages/airflow/example_dags/tutorial_objectstorage.py
[2026-08-12T04:45:11.237+0000] {processor.py:925} INFO - DAG(s) 'tutorial_objectstorage' retrieved from /home/airflow/.local/lib/python3.12/site-packages/airflow/example_dags/tutorial_objectstorage.py
[2026-08-12T04:45:11.264+0000] {logging_mixin.py:190} INFO - [2026-08-12T04:45:11.263+0000] {dag.py:3211} INFO - Sync 1 DAGs
[2026-08-12T04:45:11.282+0000] {logging_mixin.py:190} INFO - [2026-08-12T04:45:11.281+0000] {dag.py:4138} INFO - Setting next_dagrun for tutorial_objectstorage to None, run_after=None
[2026-08-12T04:45:11.318+0000] {processor.py:208} INFO - Processing /home/airflow/.local/lib/python3.12/site-packages/airflow/example_dags/tutorial_objectstorage.py took 0.115 seconds
[2026-08-12T04:45:42.192+0000] {processor.py:186} INFO - Started process (PID=1742) to work on /home/airflow/.local/lib/python3.12/site-packages/airflow/example_dags/tutorial_objectstorage.py
[2026-08-12T04:45:42.194+0000] {processor.py:914} INFO - Processing file /home/airflow/.local/lib/python3.12/site-packages/airflow/example_dags/tutorial_objectstorage.py for tasks to queue
[2026-08-12T04:45:42.198+0000] {logging_mixin.py:190} INFO - [2026-08-12T04:45:42.198+0000] {dagbag.py:587} INFO - Filling up the DagBag from /home/airflow/.local/lib/python3.12/site-packages/airflow/example_dags/tutorial_objectstorage.py
[2026-08-12T04:45:42.208+0000] {processor.py:925} INFO - DAG(s) 'tutorial_objectstorage' retrieved from /home/airflow/.local/lib/python3.12/site-packages/airflow/example_dags/tutorial_objectstorage.py
[2026-08-12T04:45:42.246+0000] {logging_mixin.py:190} INFO - [2026-08-12T04:45:42.246+0000] {dag.py:3211} INFO - Sync 1 DAGs
[2026-08-12T04:45:42.263+0000] {logging_mixin.py:190} INFO - [2026-08-12T04:45:42.262+0000] {dag.py:4138} INFO - Setting next_dagrun for tutorial_objectstorage to None, run_after=None
[2026-08-12T04:45:42.289+0000] {processor.py:208} INFO - Processing /home/airflow/.local/lib/python3.12/site-packages/airflow/example_dags/tutorial_objectstorage.py took 0.104 seconds
[2026-08-12T04:46:12.899+0000] {processor.py:186} INFO - Started process (PID=1804) to work on /home/airflow/.local/lib/python3.12/site-packages/airflow/example_dags/tutorial_objectstorage.py
[2026-08-12T04:46:12.902+0000] {processor.py:914} INFO - Processing file /home/airflow/.local/lib/python3.12/site-packages/airflow/example_dags/tutorial_objectstorage.py for tasks to queue
[2026-08-12T04:46:12.908+0000] {logging_mixin.py:190} INFO - [2026-08-12T04:46:12.907+0000] {dagbag.py:587} INFO - Filling up the DagBag from /home/airflow/.local/lib/python3.12/site-packages/airflow/example_dags/tutorial_objectstorage.py
[2026-08-12T04:46:12.923+0000] {processor.py:925} INFO - DAG(s) 'tutorial_objectstorage' retrieved from /home/airflow/.local/lib/python3.12/site-packages/airflow/example_dags/tutorial_objectstorage.py
[2026-08-12T04:46:12.948+0000] {logging_mixin.py:190} INFO - [2026-08-12T04:46:12.948+0000] {dag.py:3211} INFO - Sync 1 DAGs
[2026-08-12T04:46:12.969+0000] {logging_mixin.py:190} INFO - [2026-08-12T04:46:12.968+0000] {dag.py:4138} INFO - Setting next_dagrun for tutorial_objectstorage to None, run_after=None
[2026-08-12T04:46:12.991+0000] {processor.py:208} INFO - Processing /home/airflow/.local/lib/python3.12/site-packages/airflow/example_dags/tutorial_objectstorage.py took 0.101 seconds
[2026-08-12T04:46:43.261+0000] {processor.py:186} INFO - Started process (PID=1866) to work on /home/airflow/.local/lib/python3.12/site-packages/airflow/example_dags/tutorial_objectstorage.py
[2026-08-12T04:46:43.263+0000] {processor.py:914} INFO - Processing file /home/airflow/.local/lib/python3.12/site-packages/airflow/example_dags/tutorial_objectstorage.py for tasks to queue
[2026-08-12T04:46:43.267+0000] {logging_mixin.py:190} INFO - [2026-08-12T04:46:43.266+0000] {dagbag.py:587} INFO - Filling up the DagBag from /home/airflow/.local/lib/python3.12/site-packages/airflow/example_dags/tutorial_objectstorage.py
[2026-08-12T04:46:43.277+0000] {processor.py:925} INFO - DAG(s) 'tutorial_objectstorage' retrieved from /home/airflow/.local/lib/python3.12/site-packages/airflow/example_dags/tutorial_objectstorage.py
[2026-08-12T04:46:43.306+0000] {logging_mixin.py:190} INFO - [2026-08-12T04:46:43.306+0000] {dag.py:3211} INFO - Sync 1 DAGs
[2026-08-12T04:46:43.325+0000] {logging_mixin.py:190} INFO - [2026-08-12T04:46:43.325+0000] {dag.py:4138} INFO - Setting next_dagrun for tutorial_objectstorage to None, run_after=None
[2026-08-12T04:46:43.362+0000] {processor.py:208} INFO - Processing /home/airflow/.local/lib/python3.12/site-packages/airflow/example_dags/tutorial_objectstorage.py took 0.108 seconds
[2026-08-12T04:47:13.963+0000] {processor.py:186} INFO - Started process (PID=1928) to work on /home/airflow/.local/lib/python3.12/site-packages/airflow/example_dags/tutorial_objectstorage.py
[2026-08-12T04:47:13.965+0000] {processor.py:914} INFO - Processing file /home/airflow/.local/lib/python3.12/site-packages/airflow/example_dags/tutorial_objectstorage.py for tasks to queue
[2026-08-12T04:47:13.969+0000] {logging_mixin.py:190} INFO - [2026-08-12T04:47:13.968+0000] {dagbag.py:587} INFO - Filling up the DagBag from /home/airflow/.local/lib/python3.12/site-packages/airflow/example_dags/tutorial_objectstorage.py
[2026-08-12T04:47:13.980+0000] {processor.py:925} INFO - DAG(s) 'tutorial_objectstorage' retrieved from /home/airflow/.local/lib/python3.12/site-packages/airflow/example_dags/tutorial_objectstorage.py
[2026-08-12T04:47:14.020+0000] {logging_mixin.py:190} INFO - [2026-08-12T04:47:14.020+0000] {dag.py:3211} INFO - Sync 1 DAGs
[2026-08-12T04:47:14.054+0000] {logging_mixin.py:190} INFO - [2026-08-12T04:47:14.053+0000] {dag.py:4138} INFO - Setting next_dagrun for tutorial_objectstorage to None, run_after=None
[2026-08-12T04:47:14.091+0000] {processor.py:208} INFO - Processing /home/airflow/.local/lib/python3.12/site-packages/airflow/example_dags/tutorial_objectstorage.py took 0.135 seconds
[2026-08-12T04:47:44.624+0000] {processor.py:186} INFO - Started process (PID=1990) to work on /home/airflow/.local/lib/python3.12/site-packages/airflow/example_dags/tutorial_objectstorage.py
[2026-08-12T04:47:44.627+0000] {processor.py:914} INFO - Processing file /home/airflow/.local/lib/python3.12/site-packages/airflow/example_dags/tutorial_objectstorage.py for tasks to queue
[2026-08-12T04:47:44.630+0000] {logging_mixin.py:190} INFO - [2026-08-12T04:47:44.629+0000] {dagbag.py:587} INFO - Filling up the DagBag from /home/airflow/.local/lib/python3.12/site-packages/airflow/example_dags/tutorial_objectstorage.py
[2026-08-12T04:47:44.640+0000] {processor.py:925} INFO - DAG(s) 'tutorial_objectstorage' retrieved from /home/airflow/.local/lib/python3.12/site-packages/airflow/example_dags/tutorial_objectstorage.py
[2026-08-12T04:47:44.665+0000] {logging_mixin.py:190} INFO - [2026-08-12T04:47:44.664+0000] {dag.py:3211} INFO - Sync 1 DAGs
[2026-08-12T04:47:44.684+0000] {logging_mixin.py:190} INFO - [2026-08-12T04:47:44.684+0000] {dag.py:4138} INFO - Setting next_dagrun for tutorial_objectstorage to None, run_after=None
[2026-08-12T04:47:44.708+0000] {processor.py:208} INFO - Processing /home/airflow/.local/lib/python3.12/site-packages/airflow/example_dags/tutorial_objectstorage.py took 0.092 seconds
[2026-08-12T04:48:15.225+0000] {processor.py:186} INFO - Started process (PID=2052) to work on /home/airflow/.local/lib/python3.12/site-packages/airflow/example_dags/tutorial_objectstorage.py
[2026-08-12T04:48:15.227+0000] {processor.py:914} INFO - Processing file /home/airflow/.local/lib/python3.12/site-packages/airflow/example_dags/tutorial_objectstorage.py for tasks to queue
[2026-08-12T04:48:15.230+0000] {logging_mixin.py:190} INFO - [2026-08-12T04:48:15.230+0000] {dagbag.py:587} INFO - Filling up the DagBag from /home/airflow/.local/lib/python3.12/site-packages/airflow/example_dags/tutorial_objectstorage.py
[2026-08-12T04:48:15.240+0000] {processor.py:925} INFO - DAG(s) 'tutorial_objectstorage' retrieved from /home/airflow/.local/lib/python3.12/site-packages/airflow/example_dags/tutorial_objectstorage.py
[2026-08-12T04:48:15.260+0000] {logging_mixin.py:190} INFO - [2026-08-12T04:48:15.260+0000] {dag.py:3211} INFO - Sync 1 DAGs
[2026-08-12T04:48:15.274+0000] {logging_mixin.py:190} INFO - [2026-08-12T04:48:15.274+0000] {dag.py:4138} INFO - Setting next_dagrun for tutorial_objectstorage to None, run_after=None
[2026-08-12T04:48:15.298+0000] {processor.py:208} INFO - Processing /home/airflow/.local/lib/python3.12/site-packages/airflow/example_dags/tutorial_objectstorage.py took 0.078 seconds
